Command line invocation:
    /Applications/Xcode_26.6.app/Contents/Developer/usr/bin/xcodebuild test -project Familienplaner.xcodeproj -scheme Familienplaner -destination id=5FEB61C5-E3F5-471D-AE23-8A07438D5E92 -resultBundlePath TestResults.xcresult -parallel-testing-enabled NO CODE_SIGNING_ALLOWED=NO

Build settings from command line:
    CODE_SIGNING_ALLOWED = NO

Writing result bundle at path:
	/Users/runner/work/familienplaner/familienplaner/TestResults.xcresult

--- xcodebuild: WARNING: Using the first of multiple matching destinations:
{ platform:iOS Simulator, arch:arm64, id:5FEB61C5-E3F5-471D-AE23-8A07438D5E92, OS:26.2, name:iPhone 17 Pro }
{ platform:iOS Simulator, arch:x86_64, id:5FEB61C5-E3F5-471D-AE23-8A07438D5E92, OS:26.2, name:iPhone 17 Pro }
ComputePackagePrebuildTargetDependencyGraph

Prepare packages

CreateBuildRequest

SendProjectDescription

CreateBuildOperation

ComputeTargetDependencyGraph
note: Building targets in dependency order
note: Target dependency graph (7 targets)
    Target 'FamilienplanerUITests' in project 'Familienplaner'
        ➜ Explicit dependency on target 'Familienplaner' in project 'Familienplaner'
    Target 'FamilienplanerTests' in project 'Familienplaner'
        ➜ Explicit dependency on target 'Familienplaner' in project 'Familienplaner'
    Target 'Familienplaner' in project 'Familienplaner'
        ➜ Explicit dependency on target 'FamilienplanerWatch' in project 'Familienplaner'
        ➜ Explicit dependency on target 'FamilienplanerWidgets' in project 'Familienplaner'
        ➜ Explicit dependency on target 'FamilienplanerShare' in project 'Familienplaner'
    Target 'FamilienplanerShare' in project 'Familienplaner' (no dependencies)
    Target 'FamilienplanerWidgets' in project 'Familienplaner' (no dependencies)
    Target 'FamilienplanerWatch' in project 'Familienplaner'
        ➜ Explicit dependency on target 'FamilienplanerWatchWidgets' in project 'Familienplaner'
    Target 'FamilienplanerWatchWidgets' in project 'Familienplaner' (no dependencies)

GatherProvisioningInputs

CreateBuildDescription

ExecuteExternalTool /Applications/Xcode_26.6.app/Contents/Developer/Toolchains/XcodeDefault.xctoolchain/usr/bin/swiftc --version

ExecuteExternalTool /Applications/Xcode_26.6.app/Contents/Developer/usr/bin/actool --print-asset-tag-combinations --output-format xml1 /Users/runner/work/familienplaner/familienplaner/Watch/Assets.xcassets

ExecuteExternalTool /Applications/Xcode_26.6.app/Contents/Developer/usr/bin/momc --dry-run --action generate --swift-version 5.0 --sdkroot /Applications/Xcode_26.6.app/Contents/Developer/Platforms/iPhoneSimulator.platform/Developer/SDKs/iPhoneSimulator26.5.sdk --iphonesimulator-deployment-target 26.0 --module Familienplaner /Users/runner/work/familienplaner/familienplaner/Sources/Persistence/Familienplaner.xcdatamodeld /Users/runner/Library/Developer/Xcode/DerivedData/Familienplaner-dmcrrzfthkjbwogvslwbznxtcpok/Build/Intermediates.noindex/Familienplaner.build/Debug-iphonesimulator/Familienplaner.build/DerivedSources/CoreDataGenerated/Familienplaner

ExecuteExternalTool /Applications/Xcode_26.6.app/Contents/Developer/Toolchains/XcodeDefault.xctoolchain/usr/bin/clang -v -E -dM -isysroot /Applications/Xcode_26.6.app/Contents/Developer/Platforms/WatchSimulator.platform/Developer/SDKs/WatchSimulator26.5.sdk -x c -c /dev/null

ExecuteExternalTool /Applications/Xcode_26.6.app/Contents/Developer/usr/bin/actool --print-asset-tag-combinations --output-format xml1 /Users/runner/work/familienplaner/familienplaner/Assets/Assets.xcassets

ExecuteExternalTool /Applications/Xcode_26.6.app/Contents/Developer/Toolchains/XcodeDefault.xctoolchain/usr/bin/clang -v -E -dM -isysroot /Applications/Xcode_26.6.app/Contents/Developer/Platforms/iPhoneSimulator.platform/Developer/SDKs/iPhoneSimulator26.5.sdk -x c -c /dev/null

ExecuteExternalTool /Applications/Xcode_26.6.app/Contents/Developer/Toolchains/XcodeDefault.xctoolchain/usr/bin/ld -version_details

ExecuteExternalTool /Applications/Xcode_26.6.app/Contents/Developer/usr/bin/actool --version --output-format xml1

Build description signature: 5e02666362591d23aa9f37a46de5d92d
Build description path: /Users/runner/Library/Developer/Xcode/DerivedData/Familienplaner-dmcrrzfthkjbwogvslwbznxtcpok/Build/Intermediates.noindex/XCBuildData/5e02666362591d23aa9f37a46de5d92d.xcbuilddata
CreateBuildDirectory /Users/runner/Library/Developer/Xcode/DerivedData/Familienplaner-dmcrrzfthkjbwogvslwbznxtcpok/Build/Products
    cd /Users/runner/work/familienplaner/familienplaner/Familienplaner.xcodeproj
    builtin-create-build-directory /Users/runner/Library/Developer/Xcode/DerivedData/Familienplaner-dmcrrzfthkjbwogvslwbznxtcpok/Build/Products

CreateBuildDirectory /Users/runner/Library/Developer/Xcode/DerivedData/Familienplaner-dmcrrzfthkjbwogvslwbznxtcpok/Build/Intermediates.noindex
    cd /Users/runner/work/familienplaner/familienplaner/Familienplaner.xcodeproj
    builtin-create-build-directory /Users/runner/Library/Developer/Xcode/DerivedData/Familienplaner-dmcrrzfthkjbwogvslwbznxtcpok/Build/Intermediates.noindex

ClangStatCache /Applications/Xcode_26.6.app/Contents/Developer/Toolchains/XcodeDefault.xctoolchain/usr/bin/clang-stat-cache /Applications/Xcode_26.6.app/Contents/Developer/Platforms/iPhoneSimulator.platform/Developer/SDKs/iPhoneSimulator26.5.sdk /Users/runner/Library/Developer/Xcode/DerivedData/SDKStatCaches.noindex/iphonesimulator26.5-23F81a-688ef53f1462e2c8f657fdc38a81448ff45c64a1807a658693f2a61704f17a36.sdkstatcache
    cd /Users/runner/work/familienplaner/familienplaner/Familienplaner.xcodeproj
    /Applications/Xcode_26.6.app/Contents/Developer/Toolchains/XcodeDefault.xctoolchain/usr/bin/clang-stat-cache /Applications/Xcode_26.6.app/Contents/Developer/Platforms/iPhoneSimulator.platform/Developer/SDKs/iPhoneSimulator26.5.sdk -o /Users/runner/Library/Developer/Xcode/DerivedData/SDKStatCaches.noindex/iphonesimulator26.5-23F81a-688ef53f1462e2c8f657fdc38a81448ff45c64a1807a658693f2a61704f17a36.sdkstatcache

ClangStatCache /Applications/Xcode_26.6.app/Contents/Developer/Toolchains/XcodeDefault.xctoolchain/usr/bin/clang-stat-cache /Applications/Xcode_26.6.app/Contents/Developer/Platforms/WatchSimulator.platform/Developer/SDKs/WatchSimulator26.5.sdk /Users/runner/Library/Developer/Xcode/DerivedData/SDKStatCaches.noindex/watchsimulator26.5-23T570-688ef53f1462e2c8f657fdc38a81448f4ff5b3021fd2b02f145790f94936b2db.sdkstatcache
    cd /Users/runner/work/familienplaner/familienplaner/Familienplaner.xcodeproj
    /Applications/Xcode_26.6.app/Contents/Developer/Toolchains/XcodeDefault.xctoolchain/usr/bin/clang-stat-cache /Applications/Xcode_26.6.app/Contents/Developer/Platforms/WatchSimulator.platform/Developer/SDKs/WatchSimulator26.5.sdk -o /Users/runner/Library/Developer/Xcode/DerivedData/SDKStatCaches.noindex/watchsimulator26.5-23T570-688ef53f1462e2c8f657fdc38a81448f4ff5b3021fd2b02f145790f94936b2db.sdkstatcache

CreateBuildDirectory /Users/runner/Library/Developer/Xcode/DerivedData/Familienplaner-dmcrrzfthkjbwogvslwbznxtcpok/Build/Products/Debug-watchsimulator
    cd /Users/runner/work/familienplaner/familienplaner/Familienplaner.xcodeproj
    builtin-create-build-directory /Users/runner/Library/Developer/Xcode/DerivedData/Familienplaner-dmcrrzfthkjbwogvslwbznxtcpok/Build/Products/Debug-watchsimulator

CreateBuildDirectory /Users/runner/Library/Developer/Xcode/DerivedData/Familienplaner-dmcrrzfthkjbwogvslwbznxtcpok/Build/Products/Debug-iphonesimulator
    cd /Users/runner/work/familienplaner/familienplaner/Familienplaner.xcodeproj
    builtin-create-build-directory /Users/runner/Library/Developer/Xcode/DerivedData/Familienplaner-dmcrrzfthkjbwogvslwbznxtcpok/Build/Products/Debug-iphonesimulator

WriteAuxiliaryFile /Users/runner/Library/Developer/Xcode/DerivedData/Familienplaner-dmcrrzfthkjbwogvslwbznxtcpok/Build/Intermediates.noindex/Familienplaner.build/Debug-watchsimulator/Familienplaner-b8fda7acccebca4cd45f8325569eae6f-VFS-watchsimulator/all-product-headers.yaml
    cd /Users/runner/work/familienplaner/familienplaner/Familienplaner.xcodeproj
    write-file /Users/runner/Library/Developer/Xcode/DerivedData/Familienplaner-dmcrrzfthkjbwogvslwbznxtcpok/Build/Intermediates.noindex/Familienplaner.build/Debug-watchsimulator/Familienplaner-b8fda7acccebca4cd45f8325569eae6f-VFS-watchsimulator/all-product-headers.yaml

WriteAuxiliaryFile /Users/runner/Library/Developer/Xcode/DerivedData/Familienplaner-dmcrrzfthkjbwogvslwbznxtcpok/Build/Intermediates.noindex/Familienplaner.build/Debug-iphonesimulator/Familienplaner-b8fda7acccebca4cd45f8325569eae6f-VFS-iphonesimulator/all-product-headers.yaml
    cd /Users/runner/work/familienplaner/familienplaner/Familienplaner.xcodeproj
    write-file /Users/runner/Library/Developer/Xcode/DerivedData/Familienplaner-dmcrrzfthkjbwogvslwbznxtcpok/Build/Intermediates.noindex/Familienplaner.build/Debug-iphonesimulator/Familienplaner-b8fda7acccebca4cd45f8325569eae6f-VFS-iphonesimulator/all-product-headers.yaml

CreateBuildDirectory /Users/runner/Library/Developer/Xcode/DerivedData/Familienplaner-dmcrrzfthkjbwogvslwbznxtcpok/Build/Intermediates.noindex/SwiftExplicitPrecompiledModules
    cd /Users/runner/work/familienplaner/familienplaner/Familienplaner.xcodeproj
    builtin-create-build-directory /Users/runner/Library/Developer/Xcode/DerivedData/Familienplaner-dmcrrzfthkjbwogvslwbznxtcpok/Build/Intermediates.noindex/SwiftExplicitPrecompiledModules

CreateBuildDirectory /Users/runner/Library/Developer/Xcode/DerivedData/Familienplaner-dmcrrzfthkjbwogvslwbznxtcpok/Build/Intermediates.noindex/ExplicitPrecompiledModules
    cd /Users/runner/work/familienplaner/familienplaner/Familienplaner.xcodeproj
    builtin-create-build-directory /Users/runner/Library/Developer/Xcode/DerivedData/Familienplaner-dmcrrzfthkjbwogvslwbznxtcpok/Build/Intermediates.noindex/ExplicitPrecompiledModules

CreateBuildDirectory /Users/runner/Library/Developer/Xcode/DerivedData/Familienplaner-dmcrrzfthkjbwogvslwbznxtcpok/Build/Intermediates.noindex/EagerLinkingTBDs/Debug-watchsimulator
    cd /Users/runner/work/familienplaner/familienplaner/Familienplaner.xcodeproj
    builtin-create-build-directory /Users/runner/Library/Developer/Xcode/DerivedData/Familienplaner-dmcrrzfthkjbwogvslwbznxtcpok/Build/Intermediates.noindex/EagerLinkingTBDs/Debug-watchsimulator

CreateBuildDirectory /Users/runner/Library/Developer/Xcode/DerivedData/Familienplaner-dmcrrzfthkjbwogvslwbznxtcpok/Build/Intermediates.noindex/EagerLinkingTBDs/Debug-iphonesimulator
    cd /Users/runner/work/familienplaner/familienplaner/Familienplaner.xcodeproj
    builtin-create-build-directory /Users/runner/Library/Developer/Xcode/DerivedData/Familienplaner-dmcrrzfthkjbwogvslwbznxtcpok/Build/Intermediates.noindex/EagerLinkingTBDs/Debug-iphonesimulator

WriteAuxiliaryFile /Users/runner/Library/Developer/Xcode/DerivedData/Familienplaner-dmcrrzfthkjbwogvslwbznxtcpok/Build/Intermediates.noindex/Familienplaner.build/Debug-iphonesimulator/FamilienplanerWidgets.build/Objects-normal/arm64/FamilienplanerWidgets_const_extract_protocols.json (in target 'FamilienplanerWidgets' from project 'Familienplaner')
    cd /Users/runner/work/familienplaner/familienplaner
    write-file /Users/runner/Library/Developer/Xcode/DerivedData/Familienplaner-dmcrrzfthkjbwogvslwbznxtcpok/Build/Intermediates.noindex/Familienplaner.build/Debug-iphonesimulator/FamilienplanerWidgets.build/Objects-normal/arm64/FamilienplanerWidgets_const_extract_protocols.json

WriteAuxiliaryFile /Users/runner/Library/Developer/Xcode/DerivedData/Familienplaner-dmcrrzfthkjbwogvslwbznxtcpok/Build/Intermediates.noindex/Familienplaner.build/Debug-iphonesimulator/FamilienplanerWidgets.build/Objects-normal/arm64/FamilienplanerWidgets.SwiftFileList (in target 'FamilienplanerWidgets' from project 'Familienplaner')
    cd /Users/runner/work/familienplaner/familienplaner
    write-file /Users/runner/Library/Developer/Xcode/DerivedData/Familienplaner-dmcrrzfthkjbwogvslwbznxtcpok/Build/Intermediates.noindex/Familienplaner.build/Debug-iphonesimulator/FamilienplanerWidgets.build/Objects-normal/arm64/FamilienplanerWidgets.SwiftFileList

WriteAuxiliaryFile /Users/runner/Library/Developer/Xcode/DerivedData/Familienplaner-dmcrrzfthkjbwogvslwbznxtcpok/Build/Intermediates.noindex/Familienplaner.build/Debug-iphonesimulator/FamilienplanerWidgets.build/Objects-normal/arm64/FamilienplanerWidgets.SwiftConstValuesFileList (in target 'FamilienplanerWidgets' from project 'Familienplaner')
    cd /Users/runner/work/familienplaner/familienplaner
    write-file /Users/runner/Library/Developer/Xcode/DerivedData/Familienplaner-dmcrrzfthkjbwogvslwbznxtcpok/Build/Intermediates.noindex/Familienplaner.build/Debug-iphonesimulator/FamilienplanerWidgets.build/Objects-normal/arm64/FamilienplanerWidgets.SwiftConstValuesFileList

WriteAuxiliaryFile /Users/runner/Library/Developer/Xcode/DerivedData/Familienplaner-dmcrrzfthkjbwogvslwbznxtcpok/Build/Intermediates.noindex/Familienplaner.build/Debug-iphonesimulator/FamilienplanerWidgets.build/Objects-normal/arm64/FamilienplanerWidgets.LinkFileList (in target 'FamilienplanerWidgets' from project 'Familienplaner')
    cd /Users/runner/work/familienplaner/familienplaner
    write-file /Users/runner/Library/Developer/Xcode/DerivedData/Familienplaner-dmcrrzfthkjbwogvslwbznxtcpok/Build/Intermediates.noindex/Familienplaner.build/Debug-iphonesimulator/FamilienplanerWidgets.build/Objects-normal/arm64/FamilienplanerWidgets.LinkFileList

WriteAuxiliaryFile /Users/runner/Library/Developer/Xcode/DerivedData/Familienplaner-dmcrrzfthkjbwogvslwbznxtcpok/Build/Intermediates.noindex/Familienplaner.build/Debug-iphonesimulator/FamilienplanerWidgets.build/Objects-normal/arm64/FamilienplanerWidgets-OutputFileMap.json (in target 'FamilienplanerWidgets' from project 'Familienplaner')
    cd /Users/runner/work/familienplaner/familienplaner
    write-file /Users/runner/Library/Developer/Xcode/DerivedData/Familienplaner-dmcrrzfthkjbwogvslwbznxtcpok/Build/Intermediates.noindex/Familienplaner.build/Debug-iphonesimulator/FamilienplanerWidgets.build/Objects-normal/arm64/FamilienplanerWidgets-OutputFileMap.json

WriteAuxiliaryFile /Users/runner/Library/Developer/Xcode/DerivedData/Familienplaner-dmcrrzfthkjbwogvslwbznxtcpok/Build/Intermediates.noindex/Familienplaner.build/Debug-iphonesimulator/FamilienplanerWidgets.build/FamilienplanerWidgets.hmap (in target 'FamilienplanerWidgets' from project 'Familienplaner')
    cd /Users/runner/work/familienplaner/familienplaner
    write-file /Users/runner/Library/Developer/Xcode/DerivedData/Familienplaner-dmcrrzfthkjbwogvslwbznxtcpok/Build/Intermediates.noindex/Familienplaner.build/Debug-iphonesimulator/FamilienplanerWidgets.build/FamilienplanerWidgets.hmap

WriteAuxiliaryFile /Users/runner/Library/Developer/Xcode/DerivedData/Familienplaner-dmcrrzfthkjbwogvslwbznxtcpok/Build/Intermediates.noindex/Familienplaner.build/Debug-iphonesimulator/FamilienplanerWidgets.build/FamilienplanerWidgets.DependencyStaticMetadataFileList (in target 'FamilienplanerWidgets' from project 'Familienplaner')
    cd /Users/runner/work/familienplaner/familienplaner
    write-file /Users/runner/Library/Developer/Xcode/DerivedData/Familienplaner-dmcrrzfthkjbwogvslwbznxtcpok/Build/Intermediates.noindex/Familienplaner.build/Debug-iphonesimulator/FamilienplanerWidgets.build/FamilienplanerWidgets.DependencyStaticMetadataFileList

WriteAuxiliaryFile /Users/runner/Library/Developer/Xcode/DerivedData/Familienplaner-dmcrrzfthkjbwogvslwbznxtcpok/Build/Intermediates.noindex/Familienplaner.build/Debug-iphonesimulator/FamilienplanerWidgets.build/FamilienplanerWidgets.DependencyMetadataFileList (in target 'FamilienplanerWidgets' from project 'Familienplaner')
    cd /Users/runner/work/familienplaner/familienplaner
    write-file /Users/runner/Library/Developer/Xcode/DerivedData/Familienplaner-dmcrrzfthkjbwogvslwbznxtcpok/Build/Intermediates.noindex/Familienplaner.build/Debug-iphonesimulator/FamilienplanerWidgets.build/FamilienplanerWidgets.DependencyMetadataFileList

WriteAuxiliaryFile /Users/runner/Library/Developer/Xcode/DerivedData/Familienplaner-dmcrrzfthkjbwogvslwbznxtcpok/Build/Intermediates.noindex/Familienplaner.build/Debug-iphonesimulator/FamilienplanerWidgets.build/FamilienplanerWidgets-project-headers.hmap (in target 'FamilienplanerWidgets' from project 'Familienplaner')
    cd /Users/runner/work/familienplaner/familienplaner
    write-file /Users/runner/Library/Developer/Xcode/DerivedData/Familienplaner-dmcrrzfthkjbwogvslwbznxtcpok/Build/Intermediates.noindex/Familienplaner.build/Debug-iphonesimulator/FamilienplanerWidgets.build/FamilienplanerWidgets-project-headers.hmap

WriteAuxiliaryFile /Users/runner/Library/Developer/Xcode/DerivedData/Familienplaner-dmcrrzfthkjbwogvslwbznxtcpok/Build/Intermediates.noindex/Familienplaner.build/Debug-iphonesimulator/FamilienplanerWidgets.build/FamilienplanerWidgets-own-target-headers.hmap (in target 'FamilienplanerWidgets' from project 'Familienplaner')
    cd /Users/runner/work/familienplaner/familienplaner
    write-file /Users/runner/Library/Developer/Xcode/DerivedData/Familienplaner-dmcrrzfthkjbwogvslwbznxtcpok/Build/Intermediates.noindex/Familienplaner.build/Debug-iphonesimulator/FamilienplanerWidgets.build/FamilienplanerWidgets-own-target-headers.hmap

WriteAuxiliaryFile /Users/runner/Library/Developer/Xcode/DerivedData/Familienplaner-dmcrrzfthkjbwogvslwbznxtcpok/Build/Intermediates.noindex/Familienplaner.build/Debug-iphonesimulator/FamilienplanerWidgets.build/FamilienplanerWidgets-generated-files.hmap (in target 'FamilienplanerWidgets' from project 'Familienplaner')
    cd /Users/runner/work/familienplaner/familienplaner
    write-file /Users/runner/Library/Developer/Xcode/DerivedData/Familienplaner-dmcrrzfthkjbwogvslwbznxtcpok/Build/Intermediates.noindex/Familienplaner.build/Debug-iphonesimulator/FamilienplanerWidgets.build/FamilienplanerWidgets-generated-files.hmap

WriteAuxiliaryFile /Users/runner/Library/Developer/Xcode/DerivedData/Familienplaner-dmcrrzfthkjbwogvslwbznxtcpok/Build/Intermediates.noindex/Familienplaner.build/Debug-iphonesimulator/FamilienplanerWidgets.build/FamilienplanerWidgets-all-target-headers.hmap (in target 'FamilienplanerWidgets' from project 'Familienplaner')
    cd /Users/runner/work/familienplaner/familienplaner
    write-file /Users/runner/Library/Developer/Xcode/DerivedData/Familienplaner-dmcrrzfthkjbwogvslwbznxtcpok/Build/Intermediates.noindex/Familienplaner.build/Debug-iphonesimulator/FamilienplanerWidgets.build/FamilienplanerWidgets-all-target-headers.hmap

WriteAuxiliaryFile /Users/runner/Library/Developer/Xcode/DerivedData/Familienplaner-dmcrrzfthkjbwogvslwbznxtcpok/Build/Intermediates.noindex/Familienplaner.build/Debug-iphonesimulator/FamilienplanerWidgets.build/FamilienplanerWidgets-all-non-framework-target-headers.hmap (in target 'FamilienplanerWidgets' from project 'Familienplaner')
    cd /Users/runner/work/familienplaner/familienplaner
    write-file /Users/runner/Library/Developer/Xcode/DerivedData/Familienplaner-dmcrrzfthkjbwogvslwbznxtcpok/Build/Intermediates.noindex/Familienplaner.build/Debug-iphonesimulator/FamilienplanerWidgets.build/FamilienplanerWidgets-all-non-framework-target-headers.hmap

WriteAuxiliaryFile /Users/runner/Library/Developer/Xcode/DerivedData/Familienplaner-dmcrrzfthkjbwogvslwbznxtcpok/Build/Intermediates.noindex/Familienplaner.build/Debug-iphonesimulator/FamilienplanerWidgets.build/FamilienplanerWidgets-DebugEntryPoint-normal-arm64.txt (in target 'FamilienplanerWidgets' from project 'Familienplaner')
    cd /Users/runner/work/familienplaner/familienplaner
    write-file /Users/runner/Library/Developer/Xcode/DerivedData/Familienplaner-dmcrrzfthkjbwogvslwbznxtcpok/Build/Intermediates.noindex/Familienplaner.build/Debug-iphonesimulator/FamilienplanerWidgets.build/FamilienplanerWidgets-DebugEntryPoint-normal-arm64.txt

WriteAuxiliaryFile /Users/runner/Library/Developer/Xcode/DerivedData/Familienplaner-dmcrrzfthkjbwogvslwbznxtcpok/Build/Intermediates.noindex/Familienplaner.build/Debug-iphonesimulator/FamilienplanerWidgets.build/FamilienplanerWidgets-DebugDylibPath-normal-arm64.txt (in target 'FamilienplanerWidgets' from project 'Familienplaner')
    cd /Users/runner/work/familienplaner/familienplaner
    write-file /Users/runner/Library/Developer/Xcode/DerivedData/Familienplaner-dmcrrzfthkjbwogvslwbznxtcpok/Build/Intermediates.noindex/Familienplaner.build/Debug-iphonesimulator/FamilienplanerWidgets.build/FamilienplanerWidgets-DebugDylibPath-normal-arm64.txt

WriteAuxiliaryFile /Users/runner/Library/Developer/Xcode/DerivedData/Familienplaner-dmcrrzfthkjbwogvslwbznxtcpok/Build/Intermediates.noindex/Familienplaner.build/Debug-iphonesimulator/FamilienplanerWidgets.build/FamilienplanerWidgets-DebugDylibInstallName-normal-arm64.txt (in target 'FamilienplanerWidgets' from project 'Familienplaner')
    cd /Users/runner/work/familienplaner/familienplaner
    write-file /Users/runner/Library/Developer/Xcode/DerivedData/Familienplaner-dmcrrzfthkjbwogvslwbznxtcpok/Build/Intermediates.noindex/Familienplaner.build/Debug-iphonesimulator/FamilienplanerWidgets.build/FamilienplanerWidgets-DebugDylibInstallName-normal-arm64.txt

MkDir /Users/runner/Library/Developer/Xcode/DerivedData/Familienplaner-dmcrrzfthkjbwogvslwbznxtcpok/Build/Products/Debug-iphonesimulator/FamilienplanerWidgets.appex (in target 'FamilienplanerWidgets' from project 'Familienplaner')
    cd /Users/runner/work/familienplaner/familienplaner
    /bin/mkdir -p /Users/runner/Library/Developer/Xcode/DerivedData/Familienplaner-dmcrrzfthkjbwogvslwbznxtcpok/Build/Products/Debug-iphonesimulator/FamilienplanerWidgets.appex

WriteAuxiliaryFile /Users/runner/Library/Developer/Xcode/DerivedData/Familienplaner-dmcrrzfthkjbwogvslwbznxtcpok/Build/Intermediates.noindex/Familienplaner.build/Debug-watchsimulator/FamilienplanerWatchWidgets.build/Objects-normal/x86_64/FamilienplanerWatchWidgets_const_extract_protocols.json (in target 'FamilienplanerWatchWidgets' from project 'Familienplaner')
    cd /Users/runner/work/familienplaner/familienplaner
    write-file /Users/runner/Library/Developer/Xcode/DerivedData/Familienplaner-dmcrrzfthkjbwogvslwbznxtcpok/Build/Intermediates.noindex/Familienplaner.build/Debug-watchsimulator/FamilienplanerWatchWidgets.build/Objects-normal/x86_64/FamilienplanerWatchWidgets_const_extract_protocols.json

WriteAuxiliaryFile /Users/runner/Library/Developer/Xcode/DerivedData/Familienplaner-dmcrrzfthkjbwogvslwbznxtcpok/Build/Intermediates.noindex/Familienplaner.build/Debug-watchsimulator/FamilienplanerWatchWidgets.build/Objects-normal/x86_64/FamilienplanerWatchWidgets.SwiftFileList (in target 'FamilienplanerWatchWidgets' from project 'Familienplaner')
    cd /Users/runner/work/familienplaner/familienplaner
    write-file /Users/runner/Library/Developer/Xcode/DerivedData/Familienplaner-dmcrrzfthkjbwogvslwbznxtcpok/Build/Intermediates.noindex/Familienplaner.build/Debug-watchsimulator/FamilienplanerWatchWidgets.build/Objects-normal/x86_64/FamilienplanerWatchWidgets.SwiftFileList

WriteAuxiliaryFile /Users/runner/Library/Developer/Xcode/DerivedData/Familienplaner-dmcrrzfthkjbwogvslwbznxtcpok/Build/Intermediates.noindex/Familienplaner.build/Debug-watchsimulator/FamilienplanerWatchWidgets.build/Objects-normal/x86_64/FamilienplanerWatchWidgets.SwiftConstValuesFileList (in target 'FamilienplanerWatchWidgets' from project 'Familienplaner')
    cd /Users/runner/work/familienplaner/familienplaner
    write-file /Users/runner/Library/Developer/Xcode/DerivedData/Familienplaner-dmcrrzfthkjbwogvslwbznxtcpok/Build/Intermediates.noindex/Familienplaner.build/Debug-watchsimulator/FamilienplanerWatchWidgets.build/Objects-normal/x86_64/FamilienplanerWatchWidgets.SwiftConstValuesFileList

WriteAuxiliaryFile /Users/runner/Library/Developer/Xcode/DerivedData/Familienplaner-dmcrrzfthkjbwogvslwbznxtcpok/Build/Intermediates.noindex/Familienplaner.build/Debug-watchsimulator/FamilienplanerWatchWidgets.build/Objects-normal/x86_64/FamilienplanerWatchWidgets.LinkFileList (in target 'FamilienplanerWatchWidgets' from project 'Familienplaner')
    cd /Users/runner/work/familienplaner/familienplaner
    write-file /Users/runner/Library/Developer/Xcode/DerivedData/Familienplaner-dmcrrzfthkjbwogvslwbznxtcpok/Build/Intermediates.noindex/Familienplaner.build/Debug-watchsimulator/FamilienplanerWatchWidgets.build/Objects-normal/x86_64/FamilienplanerWatchWidgets.LinkFileList

WriteAuxiliaryFile /Users/runner/Library/Developer/Xcode/DerivedData/Familienplaner-dmcrrzfthkjbwogvslwbznxtcpok/Build/Intermediates.noindex/Familienplaner.build/Debug-watchsimulator/FamilienplanerWatchWidgets.build/Objects-normal/x86_64/FamilienplanerWatchWidgets-OutputFileMap.json (in target 'FamilienplanerWatchWidgets' from project 'Familienplaner')
    cd /Users/runner/work/familienplaner/familienplaner
    write-file /Users/runner/Library/Developer/Xcode/DerivedData/Familienplaner-dmcrrzfthkjbwogvslwbznxtcpok/Build/Intermediates.noindex/Familienplaner.build/Debug-watchsimulator/FamilienplanerWatchWidgets.build/Objects-normal/x86_64/FamilienplanerWatchWidgets-OutputFileMap.json

WriteAuxiliaryFile /Users/runner/Library/Developer/Xcode/DerivedData/Familienplaner-dmcrrzfthkjbwogvslwbznxtcpok/Build/Intermediates.noindex/Familienplaner.build/Debug-watchsimulator/FamilienplanerWatchWidgets.build/Objects-normal/arm64/FamilienplanerWatchWidgets_const_extract_protocols.json (in target 'FamilienplanerWatchWidgets' from project 'Familienplaner')
    cd /Users/runner/work/familienplaner/familienplaner
    write-file /Users/runner/Library/Developer/Xcode/DerivedData/Familienplaner-dmcrrzfthkjbwogvslwbznxtcpok/Build/Intermediates.noindex/Familienplaner.build/Debug-watchsimulator/FamilienplanerWatchWidgets.build/Objects-normal/arm64/FamilienplanerWatchWidgets_const_extract_protocols.json

WriteAuxiliaryFile /Users/runner/Library/Developer/Xcode/DerivedData/Familienplaner-dmcrrzfthkjbwogvslwbznxtcpok/Build/Intermediates.noindex/Familienplaner.build/Debug-watchsimulator/FamilienplanerWatchWidgets.build/Objects-normal/arm64/FamilienplanerWatchWidgets.SwiftFileList (in target 'FamilienplanerWatchWidgets' from project 'Familienplaner')
    cd /Users/runner/work/familienplaner/familienplaner
    write-file /Users/runner/Library/Developer/Xcode/DerivedData/Familienplaner-dmcrrzfthkjbwogvslwbznxtcpok/Build/Intermediates.noindex/Familienplaner.build/Debug-watchsimulator/FamilienplanerWatchWidgets.build/Objects-normal/arm64/FamilienplanerWatchWidgets.SwiftFileList

WriteAuxiliaryFile /Users/runner/Library/Developer/Xcode/DerivedData/Familienplaner-dmcrrzfthkjbwogvslwbznxtcpok/Build/Intermediates.noindex/Familienplaner.build/Debug-watchsimulator/FamilienplanerWatchWidgets.build/Objects-normal/arm64/FamilienplanerWatchWidgets.SwiftConstValuesFileList (in target 'FamilienplanerWatchWidgets' from project 'Familienplaner')
    cd /Users/runner/work/familienplaner/familienplaner
    write-file /Users/runner/Library/Developer/Xcode/DerivedData/Familienplaner-dmcrrzfthkjbwogvslwbznxtcpok/Build/Intermediates.noindex/Familienplaner.build/Debug-watchsimulator/FamilienplanerWatchWidgets.build/Objects-normal/arm64/FamilienplanerWatchWidgets.SwiftConstValuesFileList

WriteAuxiliaryFile /Users/runner/Library/Developer/Xcode/DerivedData/Familienplaner-dmcrrzfthkjbwogvslwbznxtcpok/Build/Intermediates.noindex/Familienplaner.build/Debug-watchsimulator/FamilienplanerWatchWidgets.build/Objects-normal/arm64/FamilienplanerWatchWidgets.LinkFileList (in target 'FamilienplanerWatchWidgets' from project 'Familienplaner')
    cd /Users/runner/work/familienplaner/familienplaner
    write-file /Users/runner/Library/Developer/Xcode/DerivedData/Familienplaner-dmcrrzfthkjbwogvslwbznxtcpok/Build/Intermediates.noindex/Familienplaner.build/Debug-watchsimulator/FamilienplanerWatchWidgets.build/Objects-normal/arm64/FamilienplanerWatchWidgets.LinkFileList

WriteAuxiliaryFile /Users/runner/Library/Developer/Xcode/DerivedData/Familienplaner-dmcrrzfthkjbwogvslwbznxtcpok/Build/Intermediates.noindex/Familienplaner.build/Debug-watchsimulator/FamilienplanerWatchWidgets.build/Objects-normal/arm64/FamilienplanerWatchWidgets-OutputFileMap.json (in target 'FamilienplanerWatchWidgets' from project 'Familienplaner')
    cd /Users/runner/work/familienplaner/familienplaner
    write-file /Users/runner/Library/Developer/Xcode/DerivedData/Familienplaner-dmcrrzfthkjbwogvslwbznxtcpok/Build/Intermediates.noindex/Familienplaner.build/Debug-watchsimulator/FamilienplanerWatchWidgets.build/Objects-normal/arm64/FamilienplanerWatchWidgets-OutputFileMap.json

WriteAuxiliaryFile /Users/runner/Library/Developer/Xcode/DerivedData/Familienplaner-dmcrrzfthkjbwogvslwbznxtcpok/Build/Intermediates.noindex/Familienplaner.build/Debug-watchsimulator/FamilienplanerWatchWidgets.build/FamilienplanerWatchWidgets.hmap (in target 'FamilienplanerWatchWidgets' from project 'Familienplaner')
    cd /Users/runner/work/familienplaner/familienplaner
    write-file /Users/runner/Library/Developer/Xcode/DerivedData/Familienplaner-dmcrrzfthkjbwogvslwbznxtcpok/Build/Intermediates.noindex/Familienplaner.build/Debug-watchsimulator/FamilienplanerWatchWidgets.build/FamilienplanerWatchWidgets.hmap

WriteAuxiliaryFile /Users/runner/Library/Developer/Xcode/DerivedData/Familienplaner-dmcrrzfthkjbwogvslwbznxtcpok/Build/Intermediates.noindex/Familienplaner.build/Debug-watchsimulator/FamilienplanerWatchWidgets.build/FamilienplanerWatchWidgets.DependencyStaticMetadataFileList (in target 'FamilienplanerWatchWidgets' from project 'Familienplaner')
    cd /Users/runner/work/familienplaner/familienplaner
    write-file /Users/runner/Library/Developer/Xcode/DerivedData/Familienplaner-dmcrrzfthkjbwogvslwbznxtcpok/Build/Intermediates.noindex/Familienplaner.build/Debug-watchsimulator/FamilienplanerWatchWidgets.build/FamilienplanerWatchWidgets.DependencyStaticMetadataFileList

WriteAuxiliaryFile /Users/runner/Library/Developer/Xcode/DerivedData/Familienplaner-dmcrrzfthkjbwogvslwbznxtcpok/Build/Intermediates.noindex/Familienplaner.build/Debug-watchsimulator/FamilienplanerWatchWidgets.build/FamilienplanerWatchWidgets.DependencyMetadataFileList (in target 'FamilienplanerWatchWidgets' from project 'Familienplaner')
    cd /Users/runner/work/familienplaner/familienplaner
    write-file /Users/runner/Library/Developer/Xcode/DerivedData/Familienplaner-dmcrrzfthkjbwogvslwbznxtcpok/Build/Intermediates.noindex/Familienplaner.build/Debug-watchsimulator/FamilienplanerWatchWidgets.build/FamilienplanerWatchWidgets.DependencyMetadataFileList

WriteAuxiliaryFile /Users/runner/Library/Developer/Xcode/DerivedData/Familienplaner-dmcrrzfthkjbwogvslwbznxtcpok/Build/Intermediates.noindex/Familienplaner.build/Debug-watchsimulator/FamilienplanerWatchWidgets.build/FamilienplanerWatchWidgets-project-headers.hmap (in target 'FamilienplanerWatchWidgets' from project 'Familienplaner')
    cd /Users/runner/work/familienplaner/familienplaner
    write-file /Users/runner/Library/Developer/Xcode/DerivedData/Familienplaner-dmcrrzfthkjbwogvslwbznxtcpok/Build/Intermediates.noindex/Familienplaner.build/Debug-watchsimulator/FamilienplanerWatchWidgets.build/FamilienplanerWatchWidgets-project-headers.hmap

WriteAuxiliaryFile /Users/runner/Library/Developer/Xcode/DerivedData/Familienplaner-dmcrrzfthkjbwogvslwbznxtcpok/Build/Intermediates.noindex/Familienplaner.build/Debug-watchsimulator/FamilienplanerWatchWidgets.build/FamilienplanerWatchWidgets-own-target-headers.hmap (in target 'FamilienplanerWatchWidgets' from project 'Familienplaner')
    cd /Users/runner/work/familienplaner/familienplaner
    write-file /Users/runner/Library/Developer/Xcode/DerivedData/Familienplaner-dmcrrzfthkjbwogvslwbznxtcpok/Build/Intermediates.noindex/Familienplaner.build/Debug-watchsimulator/FamilienplanerWatchWidgets.build/FamilienplanerWatchWidgets-own-target-headers.hmap

WriteAuxiliaryFile /Users/runner/Library/Developer/Xcode/DerivedData/Familienplaner-dmcrrzfthkjbwogvslwbznxtcpok/Build/Intermediates.noindex/Familienplaner.build/Debug-watchsimulator/FamilienplanerWatchWidgets.build/FamilienplanerWatchWidgets-generated-files.hmap (in target 'FamilienplanerWatchWidgets' from project 'Familienplaner')
    cd /Users/runner/work/familienplaner/familienplaner
    write-file /Users/runner/Library/Developer/Xcode/DerivedData/Familienplaner-dmcrrzfthkjbwogvslwbznxtcpok/Build/Intermediates.noindex/Familienplaner.build/Debug-watchsimulator/FamilienplanerWatchWidgets.build/FamilienplanerWatchWidgets-generated-files.hmap

WriteAuxiliaryFile /Users/runner/Library/Developer/Xcode/DerivedData/Familienplaner-dmcrrzfthkjbwogvslwbznxtcpok/Build/Intermediates.noindex/Familienplaner.build/Debug-watchsimulator/FamilienplanerWatchWidgets.build/FamilienplanerWatchWidgets-all-target-headers.hmap (in target 'FamilienplanerWatchWidgets' from project 'Familienplaner')
    cd /Users/runner/work/familienplaner/familienplaner
    write-file /Users/runner/Library/Developer/Xcode/DerivedData/Familienplaner-dmcrrzfthkjbwogvslwbznxtcpok/Build/Intermediates.noindex/Familienplaner.build/Debug-watchsimulator/FamilienplanerWatchWidgets.build/FamilienplanerWatchWidgets-all-target-headers.hmap

WriteAuxiliaryFile /Users/runner/Library/Developer/Xcode/DerivedData/Familienplaner-dmcrrzfthkjbwogvslwbznxtcpok/Build/Intermediates.noindex/Familienplaner.build/Debug-watchsimulator/FamilienplanerWatchWidgets.build/FamilienplanerWatchWidgets-all-non-framework-target-headers.hmap (in target 'FamilienplanerWatchWidgets' from project 'Familienplaner')
    cd /Users/runner/work/familienplaner/familienplaner
    write-file /Users/runner/Library/Developer/Xcode/DerivedData/Familienplaner-dmcrrzfthkjbwogvslwbznxtcpok/Build/Intermediates.noindex/Familienplaner.build/Debug-watchsimulator/FamilienplanerWatchWidgets.build/FamilienplanerWatchWidgets-all-non-framework-target-headers.hmap

WriteAuxiliaryFile /Users/runner/Library/Developer/Xcode/DerivedData/Familienplaner-dmcrrzfthkjbwogvslwbznxtcpok/Build/Intermediates.noindex/Familienplaner.build/Debug-watchsimulator/FamilienplanerWatchWidgets.build/FamilienplanerWatchWidgets-DebugEntryPoint-normal-x86_64.txt (in target 'FamilienplanerWatchWidgets' from project 'Familienplaner')
    cd /Users/runner/work/familienplaner/familienplaner
    write-file /Users/runner/Library/Developer/Xcode/DerivedData/Familienplaner-dmcrrzfthkjbwogvslwbznxtcpok/Build/Intermediates.noindex/Familienplaner.build/Debug-watchsimulator/FamilienplanerWatchWidgets.build/FamilienplanerWatchWidgets-DebugEntryPoint-normal-x86_64.txt

WriteAuxiliaryFile /Users/runner/Library/Developer/Xcode/DerivedData/Familienplaner-dmcrrzfthkjbwogvslwbznxtcpok/Build/Intermediates.noindex/Familienplaner.build/Debug-watchsimulator/FamilienplanerWatchWidgets.build/FamilienplanerWatchWidgets-DebugEntryPoint-normal-arm64.txt (in target 'FamilienplanerWatchWidgets' from project 'Familienplaner')
    cd /Users/runner/work/familienplaner/familienplaner
    write-file /Users/runner/Library/Developer/Xcode/DerivedData/Familienplaner-dmcrrzfthkjbwogvslwbznxtcpok/Build/Intermediates.noindex/Familienplaner.build/Debug-watchsimulator/FamilienplanerWatchWidgets.build/FamilienplanerWatchWidgets-DebugEntryPoint-normal-arm64.txt

WriteAuxiliaryFile /Users/runner/Library/Developer/Xcode/DerivedData/Familienplaner-dmcrrzfthkjbwogvslwbznxtcpok/Build/Intermediates.noindex/Familienplaner.build/Debug-watchsimulator/FamilienplanerWatchWidgets.build/FamilienplanerWatchWidgets-DebugDylibPath-normal-x86_64.txt (in target 'FamilienplanerWatchWidgets' from project 'Familienplaner')
    cd /Users/runner/work/familienplaner/familienplaner
    write-file /Users/runner/Library/Developer/Xcode/DerivedData/Familienplaner-dmcrrzfthkjbwogvslwbznxtcpok/Build/Intermediates.noindex/Familienplaner.build/Debug-watchsimulator/FamilienplanerWatchWidgets.build/FamilienplanerWatchWidgets-DebugDylibPath-normal-x86_64.txt

WriteAuxiliaryFile /Users/runner/Library/Developer/Xcode/DerivedData/Familienplaner-dmcrrzfthkjbwogvslwbznxtcpok/Build/Intermediates.noindex/Familienplaner.build/Debug-watchsimulator/FamilienplanerWatchWidgets.build/FamilienplanerWatchWidgets-DebugDylibPath-normal-arm64.txt (in target 'FamilienplanerWatchWidgets' from project 'Familienplaner')
    cd /Users/runner/work/familienplaner/familienplaner
    write-file /Users/runner/Library/Developer/Xcode/DerivedData/Familienplaner-dmcrrzfthkjbwogvslwbznxtcpok/Build/Intermediates.noindex/Familienplaner.build/Debug-watchsimulator/FamilienplanerWatchWidgets.build/FamilienplanerWatchWidgets-DebugDylibPath-normal-arm64.txt

WriteAuxiliaryFile /Users/runner/Library/Developer/Xcode/DerivedData/Familienplaner-dmcrrzfthkjbwogvslwbznxtcpok/Build/Intermediates.noindex/Familienplaner.build/Debug-watchsimulator/FamilienplanerWatchWidgets.build/FamilienplanerWatchWidgets-DebugDylibInstallName-normal-x86_64.txt (in target 'FamilienplanerWatchWidgets' from project 'Familienplaner')
    cd /Users/runner/work/familienplaner/familienplaner
    write-file /Users/runner/Library/Developer/Xcode/DerivedData/Familienplaner-dmcrrzfthkjbwogvslwbznxtcpok/Build/Intermediates.noindex/Familienplaner.build/Debug-watchsimulator/FamilienplanerWatchWidgets.build/FamilienplanerWatchWidgets-DebugDylibInstallName-normal-x86_64.txt

WriteAuxiliaryFile /Users/runner/Library/Developer/Xcode/DerivedData/Familienplaner-dmcrrzfthkjbwogvslwbznxtcpok/Build/Intermediates.noindex/Familienplaner.build/Debug-watchsimulator/FamilienplanerWatchWidgets.build/FamilienplanerWatchWidgets-DebugDylibInstallName-normal-arm64.txt (in target 'FamilienplanerWatchWidgets' from project 'Familienplaner')
    cd /Users/runner/work/familienplaner/familienplaner
    write-file /Users/runner/Library/Developer/Xcode/DerivedData/Familienplaner-dmcrrzfthkjbwogvslwbznxtcpok/Build/Intermediates.noindex/Familienplaner.build/Debug-watchsimulator/FamilienplanerWatchWidgets.build/FamilienplanerWatchWidgets-DebugDylibInstallName-normal-arm64.txt

WriteAuxiliaryFile /Users/runner/Library/Developer/Xcode/DerivedData/Familienplaner-dmcrrzfthkjbwogvslwbznxtcpok/Build/Intermediates.noindex/Familienplaner.build/Debug-watchsimulator/FamilienplanerWatch.build/Objects-normal/x86_64/FamilienplanerWatch_const_extract_protocols.json (in target 'FamilienplanerWatch' from project 'Familienplaner')
    cd /Users/runner/work/familienplaner/familienplaner
    write-file /Users/runner/Library/Developer/Xcode/DerivedData/Familienplaner-dmcrrzfthkjbwogvslwbznxtcpok/Build/Intermediates.noindex/Familienplaner.build/Debug-watchsimulator/FamilienplanerWatch.build/Objects-normal/x86_64/FamilienplanerWatch_const_extract_protocols.json

WriteAuxiliaryFile /Users/runner/Library/Developer/Xcode/DerivedData/Familienplaner-dmcrrzfthkjbwogvslwbznxtcpok/Build/Intermediates.noindex/Familienplaner.build/Debug-watchsimulator/FamilienplanerWatch.build/Objects-normal/x86_64/FamilienplanerWatch.SwiftFileList (in target 'FamilienplanerWatch' from project 'Familienplaner')
    cd /Users/runner/work/familienplaner/familienplaner
    write-file /Users/runner/Library/Developer/Xcode/DerivedData/Familienplaner-dmcrrzfthkjbwogvslwbznxtcpok/Build/Intermediates.noindex/Familienplaner.build/Debug-watchsimulator/FamilienplanerWatch.build/Objects-normal/x86_64/FamilienplanerWatch.SwiftFileList

WriteAuxiliaryFile /Users/runner/Library/Developer/Xcode/DerivedData/Familienplaner-dmcrrzfthkjbwogvslwbznxtcpok/Build/Intermediates.noindex/Familienplaner.build/Debug-watchsimulator/FamilienplanerWatch.build/Objects-normal/x86_64/FamilienplanerWatch.SwiftConstValuesFileList (in target 'FamilienplanerWatch' from project 'Familienplaner')
    cd /Users/runner/work/familienplaner/familienplaner
    write-file /Users/runner/Library/Developer/Xcode/DerivedData/Familienplaner-dmcrrzfthkjbwogvslwbznxtcpok/Build/Intermediates.noindex/Familienplaner.build/Debug-watchsimulator/FamilienplanerWatch.build/Objects-normal/x86_64/FamilienplanerWatch.SwiftConstValuesFileList

WriteAuxiliaryFile /Users/runner/Library/Developer/Xcode/DerivedData/Familienplaner-dmcrrzfthkjbwogvslwbznxtcpok/Build/Intermediates.noindex/Familienplaner.build/Debug-watchsimulator/FamilienplanerWatch.build/Objects-normal/x86_64/FamilienplanerWatch.LinkFileList (in target 'FamilienplanerWatch' from project 'Familienplaner')
    cd /Users/runner/work/familienplaner/familienplaner
    write-file /Users/runner/Library/Developer/Xcode/DerivedData/Familienplaner-dmcrrzfthkjbwogvslwbznxtcpok/Build/Intermediates.noindex/Familienplaner.build/Debug-watchsimulator/FamilienplanerWatch.build/Objects-normal/x86_64/FamilienplanerWatch.LinkFileList

WriteAuxiliaryFile /Users/runner/Library/Developer/Xcode/DerivedData/Familienplaner-dmcrrzfthkjbwogvslwbznxtcpok/Build/Intermediates.noindex/Familienplaner.build/Debug-watchsimulator/FamilienplanerWatch.build/Objects-normal/x86_64/FamilienplanerWatch-OutputFileMap.json (in target 'FamilienplanerWatch' from project 'Familienplaner')
    cd /Users/runner/work/familienplaner/familienplaner
    write-file /Users/runner/Library/Developer/Xcode/DerivedData/Familienplaner-dmcrrzfthkjbwogvslwbznxtcpok/Build/Intermediates.noindex/Familienplaner.build/Debug-watchsimulator/FamilienplanerWatch.build/Objects-normal/x86_64/FamilienplanerWatch-OutputFileMap.json

WriteAuxiliaryFile /Users/runner/Library/Developer/Xcode/DerivedData/Familienplaner-dmcrrzfthkjbwogvslwbznxtcpok/Build/Intermediates.noindex/Familienplaner.build/Debug-watchsimulator/FamilienplanerWatch.build/Objects-normal/arm64/FamilienplanerWatch_const_extract_protocols.json (in target 'FamilienplanerWatch' from project 'Familienplaner')
    cd /Users/runner/work/familienplaner/familienplaner
    write-file /Users/runner/Library/Developer/Xcode/DerivedData/Familienplaner-dmcrrzfthkjbwogvslwbznxtcpok/Build/Intermediates.noindex/Familienplaner.build/Debug-watchsimulator/FamilienplanerWatch.build/Objects-normal/arm64/FamilienplanerWatch_const_extract_protocols.json

WriteAuxiliaryFile /Users/runner/Library/Developer/Xcode/DerivedData/Familienplaner-dmcrrzfthkjbwogvslwbznxtcpok/Build/Intermediates.noindex/Familienplaner.build/Debug-watchsimulator/FamilienplanerWatch.build/Objects-normal/arm64/FamilienplanerWatch.SwiftFileList (in target 'FamilienplanerWatch' from project 'Familienplaner')
    cd /Users/runner/work/familienplaner/familienplaner
    write-file /Users/runner/Library/Developer/Xcode/DerivedData/Familienplaner-dmcrrzfthkjbwogvslwbznxtcpok/Build/Intermediates.noindex/Familienplaner.build/Debug-watchsimulator/FamilienplanerWatch.build/Objects-normal/arm64/FamilienplanerWatch.SwiftFileList

WriteAuxiliaryFile /Users/runner/Library/Developer/Xcode/DerivedData/Familienplaner-dmcrrzfthkjbwogvslwbznxtcpok/Build/Intermediates.noindex/Familienplaner.build/Debug-watchsimulator/FamilienplanerWatch.build/Objects-normal/arm64/FamilienplanerWatch.SwiftConstValuesFileList (in target 'FamilienplanerWatch' from project 'Familienplaner')
    cd /Users/runner/work/familienplaner/familienplaner
    write-file /Users/runner/Library/Developer/Xcode/DerivedData/Familienplaner-dmcrrzfthkjbwogvslwbznxtcpok/Build/Intermediates.noindex/Familienplaner.build/Debug-watchsimulator/FamilienplanerWatch.build/Objects-normal/arm64/FamilienplanerWatch.SwiftConstValuesFileList

WriteAuxiliaryFile /Users/runner/Library/Developer/Xcode/DerivedData/Familienplaner-dmcrrzfthkjbwogvslwbznxtcpok/Build/Intermediates.noindex/Familienplaner.build/Debug-watchsimulator/FamilienplanerWatch.build/Objects-normal/arm64/FamilienplanerWatch.LinkFileList (in target 'FamilienplanerWatch' from project 'Familienplaner')
    cd /Users/runner/work/familienplaner/familienplaner
    write-file /Users/runner/Library/Developer/Xcode/DerivedData/Familienplaner-dmcrrzfthkjbwogvslwbznxtcpok/Build/Intermediates.noindex/Familienplaner.build/Debug-watchsimulator/FamilienplanerWatch.build/Objects-normal/arm64/FamilienplanerWatch.LinkFileList

WriteAuxiliaryFile /Users/runner/Library/Developer/Xcode/DerivedData/Familienplaner-dmcrrzfthkjbwogvslwbznxtcpok/Build/Intermediates.noindex/Familienplaner.build/Debug-watchsimulator/FamilienplanerWatch.build/Objects-normal/arm64/FamilienplanerWatch-OutputFileMap.json (in target 'FamilienplanerWatch' from project 'Familienplaner')
    cd /Users/runner/work/familienplaner/familienplaner
    write-file /Users/runner/Library/Developer/Xcode/DerivedData/Familienplaner-dmcrrzfthkjbwogvslwbznxtcpok/Build/Intermediates.noindex/Familienplaner.build/Debug-watchsimulator/FamilienplanerWatch.build/Objects-normal/arm64/FamilienplanerWatch-OutputFileMap.json

WriteAuxiliaryFile /Users/runner/Library/Developer/Xcode/DerivedData/Familienplaner-dmcrrzfthkjbwogvslwbznxtcpok/Build/Intermediates.noindex/Familienplaner.build/Debug-watchsimulator/FamilienplanerWatch.build/FamilienplanerWatch.hmap (in target 'FamilienplanerWatch' from project 'Familienplaner')
    cd /Users/runner/work/familienplaner/familienplaner
    write-file /Users/runner/Library/Developer/Xcode/DerivedData/Familienplaner-dmcrrzfthkjbwogvslwbznxtcpok/Build/Intermediates.noindex/Familienplaner.build/Debug-watchsimulator/FamilienplanerWatch.build/FamilienplanerWatch.hmap

WriteAuxiliaryFile /Users/runner/Library/Developer/Xcode/DerivedData/Familienplaner-dmcrrzfthkjbwogvslwbznxtcpok/Build/Intermediates.noindex/Familienplaner.build/Debug-watchsimulator/FamilienplanerWatch.build/FamilienplanerWatch.DependencyStaticMetadataFileList (in target 'FamilienplanerWatch' from project 'Familienplaner')
    cd /Users/runner/work/familienplaner/familienplaner
    write-file /Users/runner/Library/Developer/Xcode/DerivedData/Familienplaner-dmcrrzfthkjbwogvslwbznxtcpok/Build/Intermediates.noindex/Familienplaner.build/Debug-watchsimulator/FamilienplanerWatch.build/FamilienplanerWatch.DependencyStaticMetadataFileList

WriteAuxiliaryFile /Users/runner/Library/Developer/Xcode/DerivedData/Familienplaner-dmcrrzfthkjbwogvslwbznxtcpok/Build/Intermediates.noindex/Familienplaner.build/Debug-watchsimulator/FamilienplanerWatch.build/FamilienplanerWatch.DependencyMetadataFileList (in target 'FamilienplanerWatch' from project 'Familienplaner')
    cd /Users/runner/work/familienplaner/familienplaner
    write-file /Users/runner/Library/Developer/Xcode/DerivedData/Familienplaner-dmcrrzfthkjbwogvslwbznxtcpok/Build/Intermediates.noindex/Familienplaner.build/Debug-watchsimulator/FamilienplanerWatch.build/FamilienplanerWatch.DependencyMetadataFileList

WriteAuxiliaryFile /Users/runner/Library/Developer/Xcode/DerivedData/Familienplaner-dmcrrzfthkjbwogvslwbznxtcpok/Build/Intermediates.noindex/Familienplaner.build/Debug-watchsimulator/FamilienplanerWatch.build/FamilienplanerWatch-project-headers.hmap (in target 'FamilienplanerWatch' from project 'Familienplaner')
    cd /Users/runner/work/familienplaner/familienplaner
    write-file /Users/runner/Library/Developer/Xcode/DerivedData/Familienplaner-dmcrrzfthkjbwogvslwbznxtcpok/Build/Intermediates.noindex/Familienplaner.build/Debug-watchsimulator/FamilienplanerWatch.build/FamilienplanerWatch-project-headers.hmap

WriteAuxiliaryFile /Users/runner/Library/Developer/Xcode/DerivedData/Familienplaner-dmcrrzfthkjbwogvslwbznxtcpok/Build/Intermediates.noindex/Familienplaner.build/Debug-watchsimulator/FamilienplanerWatch.build/FamilienplanerWatch-own-target-headers.hmap (in target 'FamilienplanerWatch' from project 'Familienplaner')
    cd /Users/runner/work/familienplaner/familienplaner
    write-file /Users/runner/Library/Developer/Xcode/DerivedData/Familienplaner-dmcrrzfthkjbwogvslwbznxtcpok/Build/Intermediates.noindex/Familienplaner.build/Debug-watchsimulator/FamilienplanerWatch.build/FamilienplanerWatch-own-target-headers.hmap

WriteAuxiliaryFile /Users/runner/Library/Developer/Xcode/DerivedData/Familienplaner-dmcrrzfthkjbwogvslwbznxtcpok/Build/Intermediates.noindex/Familienplaner.build/Debug-watchsimulator/FamilienplanerWatch.build/FamilienplanerWatch-generated-files.hmap (in target 'FamilienplanerWatch' from project 'Familienplaner')
    cd /Users/runner/work/familienplaner/familienplaner
    write-file /Users/runner/Library/Developer/Xcode/DerivedData/Familienplaner-dmcrrzfthkjbwogvslwbznxtcpok/Build/Intermediates.noindex/Familienplaner.build/Debug-watchsimulator/FamilienplanerWatch.build/FamilienplanerWatch-generated-files.hmap

WriteAuxiliaryFile /Users/runner/Library/Developer/Xcode/DerivedData/Familienplaner-dmcrrzfthkjbwogvslwbznxtcpok/Build/Intermediates.noindex/Familienplaner.build/Debug-watchsimulator/FamilienplanerWatch.build/FamilienplanerWatch-all-target-headers.hmap (in target 'FamilienplanerWatch' from project 'Familienplaner')
    cd /Users/runner/work/familienplaner/familienplaner
    write-file /Users/runner/Library/Developer/Xcode/DerivedData/Familienplaner-dmcrrzfthkjbwogvslwbznxtcpok/Build/Intermediates.noindex/Familienplaner.build/Debug-watchsimulator/FamilienplanerWatch.build/FamilienplanerWatch-all-target-headers.hmap

WriteAuxiliaryFile /Users/runner/Library/Developer/Xcode/DerivedData/Familienplaner-dmcrrzfthkjbwogvslwbznxtcpok/Build/Intermediates.noindex/Familienplaner.build/Debug-watchsimulator/FamilienplanerWatch.build/FamilienplanerWatch-all-non-framework-target-headers.hmap (in target 'FamilienplanerWatch' from project 'Familienplaner')
    cd /Users/runner/work/familienplaner/familienplaner
    write-file /Users/runner/Library/Developer/Xcode/DerivedData/Familienplaner-dmcrrzfthkjbwogvslwbznxtcpok/Build/Intermediates.noindex/Familienplaner.build/Debug-watchsimulator/FamilienplanerWatch.build/FamilienplanerWatch-all-non-framework-target-headers.hmap

WriteAuxiliaryFile /Users/runner/Library/Developer/Xcode/DerivedData/Familienplaner-dmcrrzfthkjbwogvslwbznxtcpok/Build/Intermediates.noindex/Familienplaner.build/Debug-watchsimulator/FamilienplanerWatch.build/FamilienplanerWatch-DebugDylibPath-normal-x86_64.txt (in target 'FamilienplanerWatch' from project 'Familienplaner')
    cd /Users/runner/work/familienplaner/familienplaner
    write-file /Users/runner/Library/Developer/Xcode/DerivedData/Familienplaner-dmcrrzfthkjbwogvslwbznxtcpok/Build/Intermediates.noindex/Familienplaner.build/Debug-watchsimulator/FamilienplanerWatch.build/FamilienplanerWatch-DebugDylibPath-normal-x86_64.txt

WriteAuxiliaryFile /Users/runner/Library/Developer/Xcode/DerivedData/Familienplaner-dmcrrzfthkjbwogvslwbznxtcpok/Build/Intermediates.noindex/Familienplaner.build/Debug-watchsimulator/FamilienplanerWatch.build/FamilienplanerWatch-DebugDylibPath-normal-arm64.txt (in target 'FamilienplanerWatch' from project 'Familienplaner')
    cd /Users/runner/work/familienplaner/familienplaner
    write-file /Users/runner/Library/Developer/Xcode/DerivedData/Familienplaner-dmcrrzfthkjbwogvslwbznxtcpok/Build/Intermediates.noindex/Familienplaner.build/Debug-watchsimulator/FamilienplanerWatch.build/FamilienplanerWatch-DebugDylibPath-normal-arm64.txt

WriteAuxiliaryFile /Users/runner/Library/Developer/Xcode/DerivedData/Familienplaner-dmcrrzfthkjbwogvslwbznxtcpok/Build/Intermediates.noindex/Familienplaner.build/Debug-watchsimulator/FamilienplanerWatch.build/FamilienplanerWatch-DebugDylibInstallName-normal-x86_64.txt (in target 'FamilienplanerWatch' from project 'Familienplaner')
    cd /Users/runner/work/familienplaner/familienplaner
    write-file /Users/runner/Library/Developer/Xcode/DerivedData/Familienplaner-dmcrrzfthkjbwogvslwbznxtcpok/Build/Intermediates.noindex/Familienplaner.build/Debug-watchsimulator/FamilienplanerWatch.build/FamilienplanerWatch-DebugDylibInstallName-normal-x86_64.txt

WriteAuxiliaryFile /Users/runner/Library/Developer/Xcode/DerivedData/Familienplaner-dmcrrzfthkjbwogvslwbznxtcpok/Build/Intermediates.noindex/Familienplaner.build/Debug-watchsimulator/FamilienplanerWatch.build/FamilienplanerWatch-DebugDylibInstallName-normal-arm64.txt (in target 'FamilienplanerWatch' from project 'Familienplaner')
    cd /Users/runner/work/familienplaner/familienplaner
    write-file /Users/runner/Library/Developer/Xcode/DerivedData/Familienplaner-dmcrrzfthkjbwogvslwbznxtcpok/Build/Intermediates.noindex/Familienplaner.build/Debug-watchsimulator/FamilienplanerWatch.build/FamilienplanerWatch-DebugDylibInstallName-normal-arm64.txt

MkDir /Users/runner/Library/Developer/Xcode/DerivedData/Familienplaner-dmcrrzfthkjbwogvslwbznxtcpok/Build/Products/Debug-watchsimulator/FamilienplanerWatchWidgets.appex (in target 'FamilienplanerWatchWidgets' from project 'Familienplaner')
    cd /Users/runner/work/familienplaner/familienplaner
    /bin/mkdir -p /Users/runner/Library/Developer/Xcode/DerivedData/Familienplaner-dmcrrzfthkjbwogvslwbznxtcpok/Build/Products/Debug-watchsimulator/FamilienplanerWatchWidgets.appex

MkDir /Users/runner/Library/Developer/Xcode/DerivedData/Familienplaner-dmcrrzfthkjbwogvslwbznxtcpok/Build/Products/Debug-watchsimulator/FamilienplanerWatch.app/PlugIns (in target 'FamilienplanerWatch' from project 'Familienplaner')
    cd /Users/runner/work/familienplaner/familienplaner
    /bin/mkdir -p /Users/runner/Library/Developer/Xcode/DerivedData/Familienplaner-dmcrrzfthkjbwogvslwbznxtcpok/Build/Products/Debug-watchsimulator/FamilienplanerWatch.app/PlugIns

MkDir /Users/runner/Library/Developer/Xcode/DerivedData/Familienplaner-dmcrrzfthkjbwogvslwbznxtcpok/Build/Products/Debug-watchsimulator/FamilienplanerWatch.app (in target 'FamilienplanerWatch' from project 'Familienplaner')
    cd /Users/runner/work/familienplaner/familienplaner
    /bin/mkdir -p /Users/runner/Library/Developer/Xcode/DerivedData/Familienplaner-dmcrrzfthkjbwogvslwbznxtcpok/Build/Products/Debug-watchsimulator/FamilienplanerWatch.app

WriteAuxiliaryFile /Users/runner/Library/Developer/Xcode/DerivedData/Familienplaner-dmcrrzfthkjbwogvslwbznxtcpok/Build/Intermediates.noindex/Familienplaner.build/Debug-iphonesimulator/FamilienplanerUITests.build/empty-FamilienplanerUITests.plist (in target 'FamilienplanerUITests' from project 'Familienplaner')
    cd /Users/runner/work/familienplaner/familienplaner
    write-file /Users/runner/Library/Developer/Xcode/DerivedData/Familienplaner-dmcrrzfthkjbwogvslwbznxtcpok/Build/Intermediates.noindex/Familienplaner.build/Debug-iphonesimulator/FamilienplanerUITests.build/empty-FamilienplanerUITests.plist

WriteAuxiliaryFile /Users/runner/Library/Developer/Xcode/DerivedData/Familienplaner-dmcrrzfthkjbwogvslwbznxtcpok/Build/Intermediates.noindex/Familienplaner.build/Debug-iphonesimulator/FamilienplanerUITests.build/ProductTypeInfoPlistAdditions.plist (in target 'FamilienplanerUITests' from project 'Familienplaner')
    cd /Users/runner/work/familienplaner/familienplaner
    write-file /Users/runner/Library/Developer/Xcode/DerivedData/Familienplaner-dmcrrzfthkjbwogvslwbznxtcpok/Build/Intermediates.noindex/Familienplaner.build/Debug-iphonesimulator/FamilienplanerUITests.build/ProductTypeInfoPlistAdditions.plist

WriteAuxiliaryFile /Users/runner/Library/Developer/Xcode/DerivedData/Familienplaner-dmcrrzfthkjbwogvslwbznxtcpok/Build/Intermediates.noindex/Familienplaner.build/Debug-iphonesimulator/FamilienplanerUITests.build/Objects-normal/arm64/FamilienplanerUITests_const_extract_protocols.json (in target 'FamilienplanerUITests' from project 'Familienplaner')
    cd /Users/runner/work/familienplaner/familienplaner
    write-file /Users/runner/Library/Developer/Xcode/DerivedData/Familienplaner-dmcrrzfthkjbwogvslwbznxtcpok/Build/Intermediates.noindex/Familienplaner.build/Debug-iphonesimulator/FamilienplanerUITests.build/Objects-normal/arm64/FamilienplanerUITests_const_extract_protocols.json

WriteAuxiliaryFile /Users/runner/Library/Developer/Xcode/DerivedData/Familienplaner-dmcrrzfthkjbwogvslwbznxtcpok/Build/Intermediates.noindex/Familienplaner.build/Debug-iphonesimulator/FamilienplanerUITests.build/Objects-normal/arm64/FamilienplanerUITests.SwiftFileList (in target 'FamilienplanerUITests' from project 'Familienplaner')
    cd /Users/runner/work/familienplaner/familienplaner
    write-file /Users/runner/Library/Developer/Xcode/DerivedData/Familienplaner-dmcrrzfthkjbwogvslwbznxtcpok/Build/Intermediates.noindex/Familienplaner.build/Debug-iphonesimulator/FamilienplanerUITests.build/Objects-normal/arm64/FamilienplanerUITests.SwiftFileList

WriteAuxiliaryFile /Users/runner/Library/Developer/Xcode/DerivedData/Familienplaner-dmcrrzfthkjbwogvslwbznxtcpok/Build/Intermediates.noindex/Familienplaner.build/Debug-iphonesimulator/FamilienplanerUITests.build/Objects-normal/arm64/FamilienplanerUITests.SwiftConstValuesFileList (in target 'FamilienplanerUITests' from project 'Familienplaner')
    cd /Users/runner/work/familienplaner/familienplaner
    write-file /Users/runner/Library/Developer/Xcode/DerivedData/Familienplaner-dmcrrzfthkjbwogvslwbznxtcpok/Build/Intermediates.noindex/Familienplaner.build/Debug-iphonesimulator/FamilienplanerUITests.build/Objects-normal/arm64/FamilienplanerUITests.SwiftConstValuesFileList

WriteAuxiliaryFile /Users/runner/Library/Developer/Xcode/DerivedData/Familienplaner-dmcrrzfthkjbwogvslwbznxtcpok/Build/Intermediates.noindex/Familienplaner.build/Debug-iphonesimulator/FamilienplanerUITests.build/Objects-normal/arm64/FamilienplanerUITests.LinkFileList (in target 'FamilienplanerUITests' from project 'Familienplaner')
    cd /Users/runner/work/familienplaner/familienplaner
    write-file /Users/runner/Library/Developer/Xcode/DerivedData/Familienplaner-dmcrrzfthkjbwogvslwbznxtcpok/Build/Intermediates.noindex/Familienplaner.build/Debug-iphonesimulator/FamilienplanerUITests.build/Objects-normal/arm64/FamilienplanerUITests.LinkFileList

WriteAuxiliaryFile /Users/runner/Library/Developer/Xcode/DerivedData/Familienplaner-dmcrrzfthkjbwogvslwbznxtcpok/Build/Intermediates.noindex/Familienplaner.build/Debug-iphonesimulator/FamilienplanerUITests.build/Objects-normal/arm64/FamilienplanerUITests-OutputFileMap.json (in target 'FamilienplanerUITests' from project 'Familienplaner')
    cd /Users/runner/work/familienplaner/familienplaner
    write-file /Users/runner/Library/Developer/Xcode/DerivedData/Familienplaner-dmcrrzfthkjbwogvslwbznxtcpok/Build/Intermediates.noindex/Familienplaner.build/Debug-iphonesimulator/FamilienplanerUITests.build/Objects-normal/arm64/FamilienplanerUITests-OutputFileMap.json

WriteAuxiliaryFile /Users/runner/Library/Developer/Xcode/DerivedData/Familienplaner-dmcrrzfthkjbwogvslwbznxtcpok/Build/Intermediates.noindex/Familienplaner.build/Debug-iphonesimulator/FamilienplanerUITests.build/FamilienplanerUITests.hmap (in target 'FamilienplanerUITests' from project 'Familienplaner')
    cd /Users/runner/work/familienplaner/familienplaner
    write-file /Users/runner/Library/Developer/Xcode/DerivedData/Familienplaner-dmcrrzfthkjbwogvslwbznxtcpok/Build/Intermediates.noindex/Familienplaner.build/Debug-iphonesimulator/FamilienplanerUITests.build/FamilienplanerUITests.hmap

WriteAuxiliaryFile /Users/runner/Library/Developer/Xcode/DerivedData/Familienplaner-dmcrrzfthkjbwogvslwbznxtcpok/Build/Intermediates.noindex/Familienplaner.build/Debug-iphonesimulator/FamilienplanerUITests.build/FamilienplanerUITests.DependencyStaticMetadataFileList (in target 'FamilienplanerUITests' from project 'Familienplaner')
    cd /Users/runner/work/familienplaner/familienplaner
    write-file /Users/runner/Library/Developer/Xcode/DerivedData/Familienplaner-dmcrrzfthkjbwogvslwbznxtcpok/Build/Intermediates.noindex/Familienplaner.build/Debug-iphonesimulator/FamilienplanerUITests.build/FamilienplanerUITests.DependencyStaticMetadataFileList

WriteAuxiliaryFile /Users/runner/Library/Developer/Xcode/DerivedData/Familienplaner-dmcrrzfthkjbwogvslwbznxtcpok/Build/Intermediates.noindex/Familienplaner.build/Debug-iphonesimulator/FamilienplanerUITests.build/FamilienplanerUITests.DependencyMetadataFileList (in target 'FamilienplanerUITests' from project 'Familienplaner')
    cd /Users/runner/work/familienplaner/familienplaner
    write-file /Users/runner/Library/Developer/Xcode/DerivedData/Familienplaner-dmcrrzfthkjbwogvslwbznxtcpok/Build/Intermediates.noindex/Familienplaner.build/Debug-iphonesimulator/FamilienplanerUITests.build/FamilienplanerUITests.DependencyMetadataFileList

WriteAuxiliaryFile /Users/runner/Library/Developer/Xcode/DerivedData/Familienplaner-dmcrrzfthkjbwogvslwbznxtcpok/Build/Intermediates.noindex/Familienplaner.build/Debug-iphonesimulator/FamilienplanerUITests.build/FamilienplanerUITests-project-headers.hmap (in target 'FamilienplanerUITests' from project 'Familienplaner')
    cd /Users/runner/work/familienplaner/familienplaner
    write-file /Users/runner/Library/Developer/Xcode/DerivedData/Familienplaner-dmcrrzfthkjbwogvslwbznxtcpok/Build/Intermediates.noindex/Familienplaner.build/Debug-iphonesimulator/FamilienplanerUITests.build/FamilienplanerUITests-project-headers.hmap

WriteAuxiliaryFile /Users/runner/Library/Developer/Xcode/DerivedData/Familienplaner-dmcrrzfthkjbwogvslwbznxtcpok/Build/Intermediates.noindex/Familienplaner.build/Debug-iphonesimulator/FamilienplanerUITests.build/FamilienplanerUITests-own-target-headers.hmap (in target 'FamilienplanerUITests' from project 'Familienplaner')
    cd /Users/runner/work/familienplaner/familienplaner
    write-file /Users/runner/Library/Developer/Xcode/DerivedData/Familienplaner-dmcrrzfthkjbwogvslwbznxtcpok/Build/Intermediates.noindex/Familienplaner.build/Debug-iphonesimulator/FamilienplanerUITests.build/FamilienplanerUITests-own-target-headers.hmap

WriteAuxiliaryFile /Users/runner/Library/Developer/Xcode/DerivedData/Familienplaner-dmcrrzfthkjbwogvslwbznxtcpok/Build/Intermediates.noindex/Familienplaner.build/Debug-iphonesimulator/FamilienplanerUITests.build/FamilienplanerUITests-generated-files.hmap (in target 'FamilienplanerUITests' from project 'Familienplaner')
    cd /Users/runner/work/familienplaner/familienplaner
    write-file /Users/runner/Library/Developer/Xcode/DerivedData/Familienplaner-dmcrrzfthkjbwogvslwbznxtcpok/Build/Intermediates.noindex/Familienplaner.build/Debug-iphonesimulator/FamilienplanerUITests.build/FamilienplanerUITests-generated-files.hmap

WriteAuxiliaryFile /Users/runner/Library/Developer/Xcode/DerivedData/Familienplaner-dmcrrzfthkjbwogvslwbznxtcpok/Build/Intermediates.noindex/Familienplaner.build/Debug-iphonesimulator/FamilienplanerUITests.build/FamilienplanerUITests-all-target-headers.hmap (in target 'FamilienplanerUITests' from project 'Familienplaner')
    cd /Users/runner/work/familienplaner/familienplaner
    write-file /Users/runner/Library/Developer/Xcode/DerivedData/Familienplaner-dmcrrzfthkjbwogvslwbznxtcpok/Build/Intermediates.noindex/Familienplaner.build/Debug-iphonesimulator/FamilienplanerUITests.build/FamilienplanerUITests-all-target-headers.hmap

WriteAuxiliaryFile /Users/runner/Library/Developer/Xcode/DerivedData/Familienplaner-dmcrrzfthkjbwogvslwbznxtcpok/Build/Intermediates.noindex/Familienplaner.build/Debug-iphonesimulator/FamilienplanerUITests.build/FamilienplanerUITests-all-non-framework-target-headers.hmap (in target 'FamilienplanerUITests' from project 'Familienplaner')
    cd /Users/runner/work/familienplaner/familienplaner
    write-file /Users/runner/Library/Developer/Xcode/DerivedData/Familienplaner-dmcrrzfthkjbwogvslwbznxtcpok/Build/Intermediates.noindex/Familienplaner.build/Debug-iphonesimulator/FamilienplanerUITests.build/FamilienplanerUITests-all-non-framework-target-headers.hmap

WriteAuxiliaryFile /Users/runner/Library/Developer/Xcode/DerivedData/Familienplaner-dmcrrzfthkjbwogvslwbznxtcpok/Build/Intermediates.noindex/Familienplaner.build/Debug-iphonesimulator/FamilienplanerTests.build/empty-FamilienplanerTests.plist (in target 'FamilienplanerTests' from project 'Familienplaner')
    cd /Users/runner/work/familienplaner/familienplaner
    write-file /Users/runner/Library/Developer/Xcode/DerivedData/Familienplaner-dmcrrzfthkjbwogvslwbznxtcpok/Build/Intermediates.noindex/Familienplaner.build/Debug-iphonesimulator/FamilienplanerTests.build/empty-FamilienplanerTests.plist

WriteAuxiliaryFile /Users/runner/Library/Developer/Xcode/DerivedData/Familienplaner-dmcrrzfthkjbwogvslwbznxtcpok/Build/Intermediates.noindex/Familienplaner.build/Debug-iphonesimulator/FamilienplanerTests.build/Objects-normal/arm64/FamilienplanerTests_const_extract_protocols.json (in target 'FamilienplanerTests' from project 'Familienplaner')
    cd /Users/runner/work/familienplaner/familienplaner
    write-file /Users/runner/Library/Developer/Xcode/DerivedData/Familienplaner-dmcrrzfthkjbwogvslwbznxtcpok/Build/Intermediates.noindex/Familienplaner.build/Debug-iphonesimulator/FamilienplanerTests.build/Objects-normal/arm64/FamilienplanerTests_const_extract_protocols.json

WriteAuxiliaryFile /Users/runner/Library/Developer/Xcode/DerivedData/Familienplaner-dmcrrzfthkjbwogvslwbznxtcpok/Build/Intermediates.noindex/Familienplaner.build/Debug-iphonesimulator/FamilienplanerTests.build/Objects-normal/arm64/FamilienplanerTests.SwiftFileList (in target 'FamilienplanerTests' from project 'Familienplaner')
    cd /Users/runner/work/familienplaner/familienplaner
    write-file /Users/runner/Library/Developer/Xcode/DerivedData/Familienplaner-dmcrrzfthkjbwogvslwbznxtcpok/Build/Intermediates.noindex/Familienplaner.build/Debug-iphonesimulator/FamilienplanerTests.build/Objects-normal/arm64/FamilienplanerTests.SwiftFileList

WriteAuxiliaryFile /Users/runner/Library/Developer/Xcode/DerivedData/Familienplaner-dmcrrzfthkjbwogvslwbznxtcpok/Build/Intermediates.noindex/Familienplaner.build/Debug-iphonesimulator/FamilienplanerTests.build/Objects-normal/arm64/FamilienplanerTests.SwiftConstValuesFileList (in target 'FamilienplanerTests' from project 'Familienplaner')
    cd /Users/runner/work/familienplaner/familienplaner
    write-file /Users/runner/Library/Developer/Xcode/DerivedData/Familienplaner-dmcrrzfthkjbwogvslwbznxtcpok/Build/Intermediates.noindex/Familienplaner.build/Debug-iphonesimulator/FamilienplanerTests.build/Objects-normal/arm64/FamilienplanerTests.SwiftConstValuesFileList

WriteAuxiliaryFile /Users/runner/Library/Developer/Xcode/DerivedData/Familienplaner-dmcrrzfthkjbwogvslwbznxtcpok/Build/Intermediates.noindex/Familienplaner.build/Debug-iphonesimulator/FamilienplanerTests.build/Objects-normal/arm64/FamilienplanerTests.LinkFileList (in target 'FamilienplanerTests' from project 'Familienplaner')
    cd /Users/runner/work/familienplaner/familienplaner
    write-file /Users/runner/Library/Developer/Xcode/DerivedData/Familienplaner-dmcrrzfthkjbwogvslwbznxtcpok/Build/Intermediates.noindex/Familienplaner.build/Debug-iphonesimulator/FamilienplanerTests.build/Objects-normal/arm64/FamilienplanerTests.LinkFileList

WriteAuxiliaryFile /Users/runner/Library/Developer/Xcode/DerivedData/Familienplaner-dmcrrzfthkjbwogvslwbznxtcpok/Build/Intermediates.noindex/Familienplaner.build/Debug-iphonesimulator/FamilienplanerTests.build/Objects-normal/arm64/FamilienplanerTests-OutputFileMap.json (in target 'FamilienplanerTests' from project 'Familienplaner')
    cd /Users/runner/work/familienplaner/familienplaner
    write-file /Users/runner/Library/Developer/Xcode/DerivedData/Familienplaner-dmcrrzfthkjbwogvslwbznxtcpok/Build/Intermediates.noindex/Familienplaner.build/Debug-iphonesimulator/FamilienplanerTests.build/Objects-normal/arm64/FamilienplanerTests-OutputFileMap.json

WriteAuxiliaryFile /Users/runner/Library/Developer/Xcode/DerivedData/Familienplaner-dmcrrzfthkjbwogvslwbznxtcpok/Build/Intermediates.noindex/Familienplaner.build/Debug-iphonesimulator/FamilienplanerTests.build/FamilienplanerTests.hmap (in target 'FamilienplanerTests' from project 'Familienplaner')
    cd /Users/runner/work/familienplaner/familienplaner
    write-file /Users/runner/Library/Developer/Xcode/DerivedData/Familienplaner-dmcrrzfthkjbwogvslwbznxtcpok/Build/Intermediates.noindex/Familienplaner.build/Debug-iphonesimulator/FamilienplanerTests.build/FamilienplanerTests.hmap

WriteAuxiliaryFile /Users/runner/Library/Developer/Xcode/DerivedData/Familienplaner-dmcrrzfthkjbwogvslwbznxtcpok/Build/Intermediates.noindex/Familienplaner.build/Debug-iphonesimulator/FamilienplanerTests.build/FamilienplanerTests.DependencyStaticMetadataFileList (in target 'FamilienplanerTests' from project 'Familienplaner')
    cd /Users/runner/work/familienplaner/familienplaner
    write-file /Users/runner/Library/Developer/Xcode/DerivedData/Familienplaner-dmcrrzfthkjbwogvslwbznxtcpok/Build/Intermediates.noindex/Familienplaner.build/Debug-iphonesimulator/FamilienplanerTests.build/FamilienplanerTests.DependencyStaticMetadataFileList

WriteAuxiliaryFile /Users/runner/Library/Developer/Xcode/DerivedData/Familienplaner-dmcrrzfthkjbwogvslwbznxtcpok/Build/Intermediates.noindex/Familienplaner.build/Debug-iphonesimulator/FamilienplanerTests.build/FamilienplanerTests.DependencyMetadataFileList (in target 'FamilienplanerTests' from project 'Familienplaner')
    cd /Users/runner/work/familienplaner/familienplaner
    write-file /Users/runner/Library/Developer/Xcode/DerivedData/Familienplaner-dmcrrzfthkjbwogvslwbznxtcpok/Build/Intermediates.noindex/Familienplaner.build/Debug-iphonesimulator/FamilienplanerTests.build/FamilienplanerTests.DependencyMetadataFileList

WriteAuxiliaryFile /Users/runner/Library/Developer/Xcode/DerivedData/Familienplaner-dmcrrzfthkjbwogvslwbznxtcpok/Build/Intermediates.noindex/Familienplaner.build/Debug-iphonesimulator/FamilienplanerTests.build/FamilienplanerTests-project-headers.hmap (in target 'FamilienplanerTests' from project 'Familienplaner')
    cd /Users/runner/work/familienplaner/familienplaner
    write-file /Users/runner/Library/Developer/Xcode/DerivedData/Familienplaner-dmcrrzfthkjbwogvslwbznxtcpok/Build/Intermediates.noindex/Familienplaner.build/Debug-iphonesimulator/FamilienplanerTests.build/FamilienplanerTests-project-headers.hmap

WriteAuxiliaryFile /Users/runner/Library/Developer/Xcode/DerivedData/Familienplaner-dmcrrzfthkjbwogvslwbznxtcpok/Build/Intermediates.noindex/Familienplaner.build/Debug-iphonesimulator/FamilienplanerTests.build/FamilienplanerTests-own-target-headers.hmap (in target 'FamilienplanerTests' from project 'Familienplaner')
    cd /Users/runner/work/familienplaner/familienplaner
    write-file /Users/runner/Library/Developer/Xcode/DerivedData/Familienplaner-dmcrrzfthkjbwogvslwbznxtcpok/Build/Intermediates.noindex/Familienplaner.build/Debug-iphonesimulator/FamilienplanerTests.build/FamilienplanerTests-own-target-headers.hmap

WriteAuxiliaryFile /Users/runner/Library/Developer/Xcode/DerivedData/Familienplaner-dmcrrzfthkjbwogvslwbznxtcpok/Build/Intermediates.noindex/Familienplaner.build/Debug-iphonesimulator/FamilienplanerTests.build/FamilienplanerTests-generated-files.hmap (in target 'FamilienplanerTests' from project 'Familienplaner')
    cd /Users/runner/work/familienplaner/familienplaner
    write-file /Users/runner/Library/Developer/Xcode/DerivedData/Familienplaner-dmcrrzfthkjbwogvslwbznxtcpok/Build/Intermediates.noindex/Familienplaner.build/Debug-iphonesimulator/FamilienplanerTests.build/FamilienplanerTests-generated-files.hmap

WriteAuxiliaryFile /Users/runner/Library/Developer/Xcode/DerivedData/Familienplaner-dmcrrzfthkjbwogvslwbznxtcpok/Build/Intermediates.noindex/Familienplaner.build/Debug-iphonesimulator/FamilienplanerTests.build/FamilienplanerTests-all-target-headers.hmap (in target 'FamilienplanerTests' from project 'Familienplaner')
    cd /Users/runner/work/familienplaner/familienplaner
    write-file /Users/runner/Library/Developer/Xcode/DerivedData/Familienplaner-dmcrrzfthkjbwogvslwbznxtcpok/Build/Intermediates.noindex/Familienplaner.build/Debug-iphonesimulator/FamilienplanerTests.build/FamilienplanerTests-all-target-headers.hmap

WriteAuxiliaryFile /Users/runner/Library/Developer/Xcode/DerivedData/Familienplaner-dmcrrzfthkjbwogvslwbznxtcpok/Build/Intermediates.noindex/Familienplaner.build/Debug-iphonesimulator/FamilienplanerTests.build/FamilienplanerTests-all-non-framework-target-headers.hmap (in target 'FamilienplanerTests' from project 'Familienplaner')
    cd /Users/runner/work/familienplaner/familienplaner
    write-file /Users/runner/Library/Developer/Xcode/DerivedData/Familienplaner-dmcrrzfthkjbwogvslwbznxtcpok/Build/Intermediates.noindex/Familienplaner.build/Debug-iphonesimulator/FamilienplanerTests.build/FamilienplanerTests-all-non-framework-target-headers.hmap

MkDir /Users/runner/Library/Developer/Xcode/DerivedData/Familienplaner-dmcrrzfthkjbwogvslwbznxtcpok/Build/Products/Debug-iphonesimulator/FamilienplanerUITests-Runner.app/PlugIns/FamilienplanerUITests.xctest (in target 'FamilienplanerUITests' from project 'Familienplaner')
    cd /Users/runner/work/familienplaner/familienplaner
    /bin/mkdir -p /Users/runner/Library/Developer/Xcode/DerivedData/Familienplaner-dmcrrzfthkjbwogvslwbznxtcpok/Build/Products/Debug-iphonesimulator/FamilienplanerUITests-Runner.app/PlugIns/FamilienplanerUITests.xctest

MkDir /Users/runner/Library/Developer/Xcode/DerivedData/Familienplaner-dmcrrzfthkjbwogvslwbznxtcpok/Build/Products/Debug-iphonesimulator/Familienplaner.app/PlugIns/FamilienplanerTests.xctest (in target 'FamilienplanerTests' from project 'Familienplaner')
    cd /Users/runner/work/familienplaner/familienplaner
    /bin/mkdir -p /Users/runner/Library/Developer/Xcode/DerivedData/Familienplaner-dmcrrzfthkjbwogvslwbznxtcpok/Build/Products/Debug-iphonesimulator/Familienplaner.app/PlugIns/FamilienplanerTests.xctest

WriteAuxiliaryFile /Users/runner/Library/Developer/Xcode/DerivedData/Familienplaner-dmcrrzfthkjbwogvslwbznxtcpok/Build/Intermediates.noindex/Familienplaner.build/Debug-iphonesimulator/FamilienplanerShare.build/Objects-normal/arm64/FamilienplanerShare_const_extract_protocols.json (in target 'FamilienplanerShare' from project 'Familienplaner')
    cd /Users/runner/work/familienplaner/familienplaner
    write-file /Users/runner/Library/Developer/Xcode/DerivedData/Familienplaner-dmcrrzfthkjbwogvslwbznxtcpok/Build/Intermediates.noindex/Familienplaner.build/Debug-iphonesimulator/FamilienplanerShare.build/Objects-normal/arm64/FamilienplanerShare_const_extract_protocols.json

WriteAuxiliaryFile /Users/runner/Library/Developer/Xcode/DerivedData/Familienplaner-dmcrrzfthkjbwogvslwbznxtcpok/Build/Intermediates.noindex/Familienplaner.build/Debug-iphonesimulator/FamilienplanerShare.build/Objects-normal/arm64/FamilienplanerShare.SwiftFileList (in target 'FamilienplanerShare' from project 'Familienplaner')
    cd /Users/runner/work/familienplaner/familienplaner
    write-file /Users/runner/Library/Developer/Xcode/DerivedData/Familienplaner-dmcrrzfthkjbwogvslwbznxtcpok/Build/Intermediates.noindex/Familienplaner.build/Debug-iphonesimulator/FamilienplanerShare.build/Objects-normal/arm64/FamilienplanerShare.SwiftFileList

WriteAuxiliaryFile /Users/runner/Library/Developer/Xcode/DerivedData/Familienplaner-dmcrrzfthkjbwogvslwbznxtcpok/Build/Intermediates.noindex/Familienplaner.build/Debug-iphonesimulator/FamilienplanerShare.build/Objects-normal/arm64/FamilienplanerShare.SwiftConstValuesFileList (in target 'FamilienplanerShare' from project 'Familienplaner')
    cd /Users/runner/work/familienplaner/familienplaner
    write-file /Users/runner/Library/Developer/Xcode/DerivedData/Familienplaner-dmcrrzfthkjbwogvslwbznxtcpok/Build/Intermediates.noindex/Familienplaner.build/Debug-iphonesimulator/FamilienplanerShare.build/Objects-normal/arm64/FamilienplanerShare.SwiftConstValuesFileList

WriteAuxiliaryFile /Users/runner/Library/Developer/Xcode/DerivedData/Familienplaner-dmcrrzfthkjbwogvslwbznxtcpok/Build/Intermediates.noindex/Familienplaner.build/Debug-iphonesimulator/FamilienplanerShare.build/Objects-normal/arm64/FamilienplanerShare.LinkFileList (in target 'FamilienplanerShare' from project 'Familienplaner')
    cd /Users/runner/work/familienplaner/familienplaner
    write-file /Users/runner/Library/Developer/Xcode/DerivedData/Familienplaner-dmcrrzfthkjbwogvslwbznxtcpok/Build/Intermediates.noindex/Familienplaner.build/Debug-iphonesimulator/FamilienplanerShare.build/Objects-normal/arm64/FamilienplanerShare.LinkFileList

WriteAuxiliaryFile /Users/runner/Library/Developer/Xcode/DerivedData/Familienplaner-dmcrrzfthkjbwogvslwbznxtcpok/Build/Intermediates.noindex/Familienplaner.build/Debug-iphonesimulator/FamilienplanerShare.build/Objects-normal/arm64/FamilienplanerShare-OutputFileMap.json (in target 'FamilienplanerShare' from project 'Familienplaner')
    cd /Users/runner/work/familienplaner/familienplaner
    write-file /Users/runner/Library/Developer/Xcode/DerivedData/Familienplaner-dmcrrzfthkjbwogvslwbznxtcpok/Build/Intermediates.noindex/Familienplaner.build/Debug-iphonesimulator/FamilienplanerShare.build/Objects-normal/arm64/FamilienplanerShare-OutputFileMap.json

WriteAuxiliaryFile /Users/runner/Library/Developer/Xcode/DerivedData/Familienplaner-dmcrrzfthkjbwogvslwbznxtcpok/Build/Intermediates.noindex/Familienplaner.build/Debug-iphonesimulator/FamilienplanerShare.build/FamilienplanerShare.hmap (in target 'FamilienplanerShare' from project 'Familienplaner')
    cd /Users/runner/work/familienplaner/familienplaner
    write-file /Users/runner/Library/Developer/Xcode/DerivedData/Familienplaner-dmcrrzfthkjbwogvslwbznxtcpok/Build/Intermediates.noindex/Familienplaner.build/Debug-iphonesimulator/FamilienplanerShare.build/FamilienplanerShare.hmap

WriteAuxiliaryFile /Users/runner/Library/Developer/Xcode/DerivedData/Familienplaner-dmcrrzfthkjbwogvslwbznxtcpok/Build/Intermediates.noindex/Familienplaner.build/Debug-iphonesimulator/FamilienplanerShare.build/FamilienplanerShare.DependencyStaticMetadataFileList (in target 'FamilienplanerShare' from project 'Familienplaner')
    cd /Users/runner/work/familienplaner/familienplaner
    write-file /Users/runner/Library/Developer/Xcode/DerivedData/Familienplaner-dmcrrzfthkjbwogvslwbznxtcpok/Build/Intermediates.noindex/Familienplaner.build/Debug-iphonesimulator/FamilienplanerShare.build/FamilienplanerShare.DependencyStaticMetadataFileList

WriteAuxiliaryFile /Users/runner/Library/Developer/Xcode/DerivedData/Familienplaner-dmcrrzfthkjbwogvslwbznxtcpok/Build/Intermediates.noindex/Familienplaner.build/Debug-iphonesimulator/FamilienplanerShare.build/FamilienplanerShare.DependencyMetadataFileList (in target 'FamilienplanerShare' from project 'Familienplaner')
    cd /Users/runner/work/familienplaner/familienplaner
    write-file /Users/runner/Library/Developer/Xcode/DerivedData/Familienplaner-dmcrrzfthkjbwogvslwbznxtcpok/Build/Intermediates.noindex/Familienplaner.build/Debug-iphonesimulator/FamilienplanerShare.build/FamilienplanerShare.DependencyMetadataFileList

WriteAuxiliaryFile /Users/runner/Library/Developer/Xcode/DerivedData/Familienplaner-dmcrrzfthkjbwogvslwbznxtcpok/Build/Intermediates.noindex/Familienplaner.build/Debug-iphonesimulator/FamilienplanerShare.build/FamilienplanerShare-project-headers.hmap (in target 'FamilienplanerShare' from project 'Familienplaner')
    cd /Users/runner/work/familienplaner/familienplaner
    write-file /Users/runner/Library/Developer/Xcode/DerivedData/Familienplaner-dmcrrzfthkjbwogvslwbznxtcpok/Build/Intermediates.noindex/Familienplaner.build/Debug-iphonesimulator/FamilienplanerShare.build/FamilienplanerShare-project-headers.hmap

WriteAuxiliaryFile /Users/runner/Library/Developer/Xcode/DerivedData/Familienplaner-dmcrrzfthkjbwogvslwbznxtcpok/Build/Intermediates.noindex/Familienplaner.build/Debug-iphonesimulator/FamilienplanerShare.build/FamilienplanerShare-own-target-headers.hmap (in target 'FamilienplanerShare' from project 'Familienplaner')
    cd /Users/runner/work/familienplaner/familienplaner
    write-file /Users/runner/Library/Developer/Xcode/DerivedData/Familienplaner-dmcrrzfthkjbwogvslwbznxtcpok/Build/Intermediates.noindex/Familienplaner.build/Debug-iphonesimulator/FamilienplanerShare.build/FamilienplanerShare-own-target-headers.hmap

WriteAuxiliaryFile /Users/runner/Library/Developer/Xcode/DerivedData/Familienplaner-dmcrrzfthkjbwogvslwbznxtcpok/Build/Intermediates.noindex/Familienplaner.build/Debug-iphonesimulator/FamilienplanerShare.build/FamilienplanerShare-generated-files.hmap (in target 'FamilienplanerShare' from project 'Familienplaner')
    cd /Users/runner/work/familienplaner/familienplaner
    write-file /Users/runner/Library/Developer/Xcode/DerivedData/Familienplaner-dmcrrzfthkjbwogvslwbznxtcpok/Build/Intermediates.noindex/Familienplaner.build/Debug-iphonesimulator/FamilienplanerShare.build/FamilienplanerShare-generated-files.hmap

WriteAuxiliaryFile /Users/runner/Library/Developer/Xcode/DerivedData/Familienplaner-dmcrrzfthkjbwogvslwbznxtcpok/Build/Intermediates.noindex/Familienplaner.build/Debug-iphonesimulator/FamilienplanerShare.build/FamilienplanerShare-all-target-headers.hmap (in target 'FamilienplanerShare' from project 'Familienplaner')
    cd /Users/runner/work/familienplaner/familienplaner
    write-file /Users/runner/Library/Developer/Xcode/DerivedData/Familienplaner-dmcrrzfthkjbwogvslwbznxtcpok/Build/Intermediates.noindex/Familienplaner.build/Debug-iphonesimulator/FamilienplanerShare.build/FamilienplanerShare-all-target-headers.hmap

WriteAuxiliaryFile /Users/runner/Library/Developer/Xcode/DerivedData/Familienplaner-dmcrrzfthkjbwogvslwbznxtcpok/Build/Intermediates.noindex/Familienplaner.build/Debug-iphonesimulator/FamilienplanerShare.build/FamilienplanerShare-all-non-framework-target-headers.hmap (in target 'FamilienplanerShare' from project 'Familienplaner')
    cd /Users/runner/work/familienplaner/familienplaner
    write-file /Users/runner/Library/Developer/Xcode/DerivedData/Familienplaner-dmcrrzfthkjbwogvslwbznxtcpok/Build/Intermediates.noindex/Familienplaner.build/Debug-iphonesimulator/FamilienplanerShare.build/FamilienplanerShare-all-non-framework-target-headers.hmap

WriteAuxiliaryFile /Users/runner/Library/Developer/Xcode/DerivedData/Familienplaner-dmcrrzfthkjbwogvslwbznxtcpok/Build/Intermediates.noindex/Familienplaner.build/Debug-iphonesimulator/FamilienplanerShare.build/FamilienplanerShare-DebugEntryPoint-normal-arm64.txt (in target 'FamilienplanerShare' from project 'Familienplaner')
    cd /Users/runner/work/familienplaner/familienplaner
    write-file /Users/runner/Library/Developer/Xcode/DerivedData/Familienplaner-dmcrrzfthkjbwogvslwbznxtcpok/Build/Intermediates.noindex/Familienplaner.build/Debug-iphonesimulator/FamilienplanerShare.build/FamilienplanerShare-DebugEntryPoint-normal-arm64.txt

WriteAuxiliaryFile /Users/runner/Library/Developer/Xcode/DerivedData/Familienplaner-dmcrrzfthkjbwogvslwbznxtcpok/Build/Intermediates.noindex/Familienplaner.build/Debug-iphonesimulator/FamilienplanerShare.build/FamilienplanerShare-DebugDylibPath-normal-arm64.txt (in target 'FamilienplanerShare' from project 'Familienplaner')
    cd /Users/runner/work/familienplaner/familienplaner
    write-file /Users/runner/Library/Developer/Xcode/DerivedData/Familienplaner-dmcrrzfthkjbwogvslwbznxtcpok/Build/Intermediates.noindex/Familienplaner.build/Debug-iphonesimulator/FamilienplanerShare.build/FamilienplanerShare-DebugDylibPath-normal-arm64.txt

WriteAuxiliaryFile /Users/runner/Library/Developer/Xcode/DerivedData/Familienplaner-dmcrrzfthkjbwogvslwbznxtcpok/Build/Intermediates.noindex/Familienplaner.build/Debug-iphonesimulator/FamilienplanerShare.build/FamilienplanerShare-DebugDylibInstallName-normal-arm64.txt (in target 'FamilienplanerShare' from project 'Familienplaner')
    cd /Users/runner/work/familienplaner/familienplaner
    write-file /Users/runner/Library/Developer/Xcode/DerivedData/Familienplaner-dmcrrzfthkjbwogvslwbznxtcpok/Build/Intermediates.noindex/Familienplaner.build/Debug-iphonesimulator/FamilienplanerShare.build/FamilienplanerShare-DebugDylibInstallName-normal-arm64.txt

MkDir /Users/runner/Library/Developer/Xcode/DerivedData/Familienplaner-dmcrrzfthkjbwogvslwbznxtcpok/Build/Products/Debug-iphonesimulator/FamilienplanerShare.appex (in target 'FamilienplanerShare' from project 'Familienplaner')
    cd /Users/runner/work/familienplaner/familienplaner
    /bin/mkdir -p /Users/runner/Library/Developer/Xcode/DerivedData/Familienplaner-dmcrrzfthkjbwogvslwbznxtcpok/Build/Products/Debug-iphonesimulator/FamilienplanerShare.appex

WriteAuxiliaryFile /Users/runner/Library/Developer/Xcode/DerivedData/Familienplaner-dmcrrzfthkjbwogvslwbznxtcpok/Build/Intermediates.noindex/Familienplaner.build/Debug-iphonesimulator/Familienplaner.build/Objects-normal/arm64/Familienplaner_const_extract_protocols.json (in target 'Familienplaner' from project 'Familienplaner')
    cd /Users/runner/work/familienplaner/familienplaner
    write-file /Users/runner/Library/Developer/Xcode/DerivedData/Familienplaner-dmcrrzfthkjbwogvslwbznxtcpok/Build/Intermediates.noindex/Familienplaner.build/Debug-iphonesimulator/Familienplaner.build/Objects-normal/arm64/Familienplaner_const_extract_protocols.json

WriteAuxiliaryFile /Users/runner/Library/Developer/Xcode/DerivedData/Familienplaner-dmcrrzfthkjbwogvslwbznxtcpok/Build/Intermediates.noindex/Familienplaner.build/Debug-iphonesimulator/Familienplaner.build/Objects-normal/arm64/Familienplaner.SwiftFileList (in target 'Familienplaner' from project 'Familienplaner')
    cd /Users/runner/work/familienplaner/familienplaner
    write-file /Users/runner/Library/Developer/Xcode/DerivedData/Familienplaner-dmcrrzfthkjbwogvslwbznxtcpok/Build/Intermediates.noindex/Familienplaner.build/Debug-iphonesimulator/Familienplaner.build/Objects-normal/arm64/Familienplaner.SwiftFileList

WriteAuxiliaryFile /Users/runner/Library/Developer/Xcode/DerivedData/Familienplaner-dmcrrzfthkjbwogvslwbznxtcpok/Build/Intermediates.noindex/Familienplaner.build/Debug-iphonesimulator/Familienplaner.build/Objects-normal/arm64/Familienplaner.SwiftConstValuesFileList (in target 'Familienplaner' from project 'Familienplaner')
    cd /Users/runner/work/familienplaner/familienplaner
    write-file /Users/runner/Library/Developer/Xcode/DerivedData/Familienplaner-dmcrrzfthkjbwogvslwbznxtcpok/Build/Intermediates.noindex/Familienplaner.build/Debug-iphonesimulator/Familienplaner.build/Objects-normal/arm64/Familienplaner.SwiftConstValuesFileList

WriteAuxiliaryFile /Users/runner/Library/Developer/Xcode/DerivedData/Familienplaner-dmcrrzfthkjbwogvslwbznxtcpok/Build/Intermediates.noindex/Familienplaner.build/Debug-iphonesimulator/Familienplaner.build/Objects-normal/arm64/Familienplaner.LinkFileList (in target 'Familienplaner' from project 'Familienplaner')
    cd /Users/runner/work/familienplaner/familienplaner
    write-file /Users/runner/Library/Developer/Xcode/DerivedData/Familienplaner-dmcrrzfthkjbwogvslwbznxtcpok/Build/Intermediates.noindex/Familienplaner.build/Debug-iphonesimulator/Familienplaner.build/Objects-normal/arm64/Familienplaner.LinkFileList

WriteAuxiliaryFile /Users/runner/Library/Developer/Xcode/DerivedData/Familienplaner-dmcrrzfthkjbwogvslwbznxtcpok/Build/Intermediates.noindex/Familienplaner.build/Debug-iphonesimulator/Familienplaner.build/Objects-normal/arm64/Familienplaner-OutputFileMap.json (in target 'Familienplaner' from project 'Familienplaner')
    cd /Users/runner/work/familienplaner/familienplaner
    write-file /Users/runner/Library/Developer/Xcode/DerivedData/Familienplaner-dmcrrzfthkjbwogvslwbznxtcpok/Build/Intermediates.noindex/Familienplaner.build/Debug-iphonesimulator/Familienplaner.build/Objects-normal/arm64/Familienplaner-OutputFileMap.json

WriteAuxiliaryFile /Users/runner/Library/Developer/Xcode/DerivedData/Familienplaner-dmcrrzfthkjbwogvslwbznxtcpok/Build/Intermediates.noindex/Familienplaner.build/Debug-iphonesimulator/Familienplaner.build/Familienplaner.hmap (in target 'Familienplaner' from project 'Familienplaner')
    cd /Users/runner/work/familienplaner/familienplaner
    write-file /Users/runner/Library/Developer/Xcode/DerivedData/Familienplaner-dmcrrzfthkjbwogvslwbznxtcpok/Build/Intermediates.noindex/Familienplaner.build/Debug-iphonesimulator/Familienplaner.build/Familienplaner.hmap

WriteAuxiliaryFile /Users/runner/Library/Developer/Xcode/DerivedData/Familienplaner-dmcrrzfthkjbwogvslwbznxtcpok/Build/Intermediates.noindex/Familienplaner.build/Debug-iphonesimulator/Familienplaner.build/Familienplaner.DependencyStaticMetadataFileList (in target 'Familienplaner' from project 'Familienplaner')
    cd /Users/runner/work/familienplaner/familienplaner
    write-file /Users/runner/Library/Developer/Xcode/DerivedData/Familienplaner-dmcrrzfthkjbwogvslwbznxtcpok/Build/Intermediates.noindex/Familienplaner.build/Debug-iphonesimulator/Familienplaner.build/Familienplaner.DependencyStaticMetadataFileList

WriteAuxiliaryFile /Users/runner/Library/Developer/Xcode/DerivedData/Familienplaner-dmcrrzfthkjbwogvslwbznxtcpok/Build/Intermediates.noindex/Familienplaner.build/Debug-iphonesimulator/Familienplaner.build/Familienplaner.DependencyMetadataFileList (in target 'Familienplaner' from project 'Familienplaner')
    cd /Users/runner/work/familienplaner/familienplaner
    write-file /Users/runner/Library/Developer/Xcode/DerivedData/Familienplaner-dmcrrzfthkjbwogvslwbznxtcpok/Build/Intermediates.noindex/Familienplaner.build/Debug-iphonesimulator/Familienplaner.build/Familienplaner.DependencyMetadataFileList

WriteAuxiliaryFile /Users/runner/Library/Developer/Xcode/DerivedData/Familienplaner-dmcrrzfthkjbwogvslwbznxtcpok/Build/Intermediates.noindex/Familienplaner.build/Debug-iphonesimulator/Familienplaner.build/Familienplaner-project-headers.hmap (in target 'Familienplaner' from project 'Familienplaner')
    cd /Users/runner/work/familienplaner/familienplaner
    write-file /Users/runner/Library/Developer/Xcode/DerivedData/Familienplaner-dmcrrzfthkjbwogvslwbznxtcpok/Build/Intermediates.noindex/Familienplaner.build/Debug-iphonesimulator/Familienplaner.build/Familienplaner-project-headers.hmap

WriteAuxiliaryFile /Users/runner/Library/Developer/Xcode/DerivedData/Familienplaner-dmcrrzfthkjbwogvslwbznxtcpok/Build/Intermediates.noindex/Familienplaner.build/Debug-iphonesimulator/Familienplaner.build/Familienplaner-own-target-headers.hmap (in target 'Familienplaner' from project 'Familienplaner')
    cd /Users/runner/work/familienplaner/familienplaner
    write-file /Users/runner/Library/Developer/Xcode/DerivedData/Familienplaner-dmcrrzfthkjbwogvslwbznxtcpok/Build/Intermediates.noindex/Familienplaner.build/Debug-iphonesimulator/Familienplaner.build/Familienplaner-own-target-headers.hmap

WriteAuxiliaryFile /Users/runner/Library/Developer/Xcode/DerivedData/Familienplaner-dmcrrzfthkjbwogvslwbznxtcpok/Build/Intermediates.noindex/Familienplaner.build/Debug-iphonesimulator/Familienplaner.build/Familienplaner-generated-files.hmap (in target 'Familienplaner' from project 'Familienplaner')
    cd /Users/runner/work/familienplaner/familienplaner
    write-file /Users/runner/Library/Developer/Xcode/DerivedData/Familienplaner-dmcrrzfthkjbwogvslwbznxtcpok/Build/Intermediates.noindex/Familienplaner.build/Debug-iphonesimulator/Familienplaner.build/Familienplaner-generated-files.hmap

WriteAuxiliaryFile /Users/runner/Library/Developer/Xcode/DerivedData/Familienplaner-dmcrrzfthkjbwogvslwbznxtcpok/Build/Intermediates.noindex/Familienplaner.build/Debug-iphonesimulator/Familienplaner.build/Familienplaner-all-target-headers.hmap (in target 'Familienplaner' from project 'Familienplaner')
    cd /Users/runner/work/familienplaner/familienplaner
    write-file /Users/runner/Library/Developer/Xcode/DerivedData/Familienplaner-dmcrrzfthkjbwogvslwbznxtcpok/Build/Intermediates.noindex/Familienplaner.build/Debug-iphonesimulator/Familienplaner.build/Familienplaner-all-target-headers.hmap

WriteAuxiliaryFile /Users/runner/Library/Developer/Xcode/DerivedData/Familienplaner-dmcrrzfthkjbwogvslwbznxtcpok/Build/Intermediates.noindex/Familienplaner.build/Debug-iphonesimulator/Familienplaner.build/Familienplaner-all-non-framework-target-headers.hmap (in target 'Familienplaner' from project 'Familienplaner')
    cd /Users/runner/work/familienplaner/familienplaner
    write-file /Users/runner/Library/Developer/Xcode/DerivedData/Familienplaner-dmcrrzfthkjbwogvslwbznxtcpok/Build/Intermediates.noindex/Familienplaner.build/Debug-iphonesimulator/Familienplaner.build/Familienplaner-all-non-framework-target-headers.hmap

WriteAuxiliaryFile /Users/runner/Library/Developer/Xcode/DerivedData/Familienplaner-dmcrrzfthkjbwogvslwbznxtcpok/Build/Intermediates.noindex/Familienplaner.build/Debug-iphonesimulator/Familienplaner.build/Familienplaner-DebugDylibPath-normal-arm64.txt (in target 'Familienplaner' from project 'Familienplaner')
    cd /Users/runner/work/familienplaner/familienplaner
    write-file /Users/runner/Library/Developer/Xcode/DerivedData/Familienplaner-dmcrrzfthkjbwogvslwbznxtcpok/Build/Intermediates.noindex/Familienplaner.build/Debug-iphonesimulator/Familienplaner.build/Familienplaner-DebugDylibPath-normal-arm64.txt

WriteAuxiliaryFile /Users/runner/Library/Developer/Xcode/DerivedData/Familienplaner-dmcrrzfthkjbwogvslwbznxtcpok/Build/Intermediates.noindex/Familienplaner.build/Debug-iphonesimulator/Familienplaner.build/Familienplaner-DebugDylibInstallName-normal-arm64.txt (in target 'Familienplaner' from project 'Familienplaner')
    cd /Users/runner/work/familienplaner/familienplaner
    write-file /Users/runner/Library/Developer/Xcode/DerivedData/Familienplaner-dmcrrzfthkjbwogvslwbznxtcpok/Build/Intermediates.noindex/Familienplaner.build/Debug-iphonesimulator/Familienplaner.build/Familienplaner-DebugDylibInstallName-normal-arm64.txt

MkDir /Users/runner/Library/Developer/Xcode/DerivedData/Familienplaner-dmcrrzfthkjbwogvslwbznxtcpok/Build/Products/Debug-iphonesimulator/Familienplaner.app/PlugIns (in target 'Familienplaner' from project 'Familienplaner')
    cd /Users/runner/work/familienplaner/familienplaner
    /bin/mkdir -p /Users/runner/Library/Developer/Xcode/DerivedData/Familienplaner-dmcrrzfthkjbwogvslwbznxtcpok/Build/Products/Debug-iphonesimulator/Familienplaner.app/PlugIns

MkDir /Users/runner/Library/Developer/Xcode/DerivedData/Familienplaner-dmcrrzfthkjbwogvslwbznxtcpok/Build/Products/Debug-iphonesimulator/Familienplaner.app/Frameworks (in target 'Familienplaner' from project 'Familienplaner')
    cd /Users/runner/work/familienplaner/familienplaner
    /bin/mkdir -p /Users/runner/Library/Developer/Xcode/DerivedData/Familienplaner-dmcrrzfthkjbwogvslwbznxtcpok/Build/Products/Debug-iphonesimulator/Familienplaner.app/Frameworks

MkDir /Users/runner/Library/Developer/Xcode/DerivedData/Familienplaner-dmcrrzfthkjbwogvslwbznxtcpok/Build/Products/Debug-iphonesimulator/Familienplaner.app (in target 'Familienplaner' from project 'Familienplaner')
    cd /Users/runner/work/familienplaner/familienplaner
    /bin/mkdir -p /Users/runner/Library/Developer/Xcode/DerivedData/Familienplaner-dmcrrzfthkjbwogvslwbznxtcpok/Build/Products/Debug-iphonesimulator/Familienplaner.app

Ld /Users/runner/Library/Developer/Xcode/DerivedData/Familienplaner-dmcrrzfthkjbwogvslwbznxtcpok/Build/Products/Debug-iphonesimulator/FamilienplanerWidgets.appex/__preview.dylib normal (in target 'FamilienplanerWidgets' from project 'Familienplaner')
    cd /Users/runner/work/familienplaner/familienplaner
    /Applications/Xcode_26.6.app/Contents/Developer/Toolchains/XcodeDefault.xctoolchain/usr/bin/clang -Xlinker -reproducible -target arm64-apple-ios26.0-simulator -dynamiclib -isysroot /Applications/Xcode_26.6.app/Contents/Developer/Platforms/iPhoneSimulator.platform/Developer/SDKs/iPhoneSimulator26.5.sdk -O0 -L/Users/runner/Library/Developer/Xcode/DerivedData/Familienplaner-dmcrrzfthkjbwogvslwbznxtcpok/Build/Products/Debug-iphonesimulator -F/Users/runner/Library/Developer/Xcode/DerivedData/Familienplaner-dmcrrzfthkjbwogvslwbznxtcpok/Build/Products/Debug-iphonesimulator -install_name @rpath/FamilienplanerWidgets.debug.dylib -Xlinker -dead_strip -rdynamic -Xlinker -no_deduplicate -Xlinker -objc_abi_version -Xlinker 2 -Xlinker -debug_variant -Xlinker -dependency_info -Xlinker /Users/runner/Library/Developer/Xcode/DerivedData/Familienplaner-dmcrrzfthkjbwogvslwbznxtcpok/Build/Intermediates.noindex/Familienplaner.build/Debug-iphonesimulator/FamilienplanerWidgets.build/Objects-normal/arm64/FamilienplanerWidgets_dependency_info.dat -o /Users/runner/Library/Developer/Xcode/DerivedData/Familienplaner-dmcrrzfthkjbwogvslwbznxtcpok/Build/Products/Debug-iphonesimulator/FamilienplanerWidgets.appex/__preview.dylib

ProcessInfoPlistFile /Users/runner/Library/Developer/Xcode/DerivedData/Familienplaner-dmcrrzfthkjbwogvslwbznxtcpok/Build/Products/Debug-iphonesimulator/FamilienplanerWidgets.appex/Info.plist /Users/runner/work/familienplaner/familienplaner/Widgets/Info.plist (in target 'FamilienplanerWidgets' from project 'Familienplaner')
    cd /Users/runner/work/familienplaner/familienplaner
    builtin-infoPlistUtility /Users/runner/work/familienplaner/familienplaner/Widgets/Info.plist -producttype com.apple.product-type.app-extension -expandbuildsettings -format binary -platform iphonesimulator -o /Users/runner/Library/Developer/Xcode/DerivedData/Familienplaner-dmcrrzfthkjbwogvslwbznxtcpok/Build/Products/Debug-iphonesimulator/FamilienplanerWidgets.appex/Info.plist

Ld /Users/runner/Library/Developer/Xcode/DerivedData/Familienplaner-dmcrrzfthkjbwogvslwbznxtcpok/Build/Intermediates.noindex/Familienplaner.build/Debug-watchsimulator/FamilienplanerWatchWidgets.build/Objects-normal/x86_64/Binary/__preview.dylib normal x86_64 (in target 'FamilienplanerWatchWidgets' from project 'Familienplaner')
    cd /Users/runner/work/familienplaner/familienplaner
    /Applications/Xcode_26.6.app/Contents/Developer/Toolchains/XcodeDefault.xctoolchain/usr/bin/clang -Xlinker -reproducible -target x86_64-apple-watchos26.0-simulator -dynamiclib -isysroot /Applications/Xcode_26.6.app/Contents/Developer/Platforms/WatchSimulator.platform/Developer/SDKs/WatchSimulator26.5.sdk -O0 -L/Users/runner/Library/Developer/Xcode/DerivedData/Familienplaner-dmcrrzfthkjbwogvslwbznxtcpok/Build/Products/Debug-watchsimulator -F/Users/runner/Library/Developer/Xcode/DerivedData/Familienplaner-dmcrrzfthkjbwogvslwbznxtcpok/Build/Products/Debug-watchsimulator -install_name @rpath/FamilienplanerWatchWidgets.debug.dylib -Xlinker -dead_strip -rdynamic -Xlinker -no_deduplicate -Xlinker -objc_abi_version -Xlinker 2 -Xlinker -debug_variant -Xlinker -dependency_info -Xlinker /Users/runner/Library/Developer/Xcode/DerivedData/Familienplaner-dmcrrzfthkjbwogvslwbznxtcpok/Build/Intermediates.noindex/Familienplaner.build/Debug-watchsimulator/FamilienplanerWatchWidgets.build/Objects-normal/x86_64/FamilienplanerWatchWidgets_dependency_info.dat -o /Users/runner/Library/Developer/Xcode/DerivedData/Familienplaner-dmcrrzfthkjbwogvslwbznxtcpok/Build/Intermediates.noindex/Familienplaner.build/Debug-watchsimulator/FamilienplanerWatchWidgets.build/Objects-normal/x86_64/Binary/__preview.dylib

Ld /Users/runner/Library/Developer/Xcode/DerivedData/Familienplaner-dmcrrzfthkjbwogvslwbznxtcpok/Build/Intermediates.noindex/Familienplaner.build/Debug-watchsimulator/FamilienplanerWatchWidgets.build/Objects-normal/arm64/Binary/__preview.dylib normal arm64 (in target 'FamilienplanerWatchWidgets' from project 'Familienplaner')
    cd /Users/runner/work/familienplaner/familienplaner
    /Applications/Xcode_26.6.app/Contents/Developer/Toolchains/XcodeDefault.xctoolchain/usr/bin/clang -Xlinker -reproducible -target arm64-apple-watchos26.0-simulator -dynamiclib -isysroot /Applications/Xcode_26.6.app/Contents/Developer/Platforms/WatchSimulator.platform/Developer/SDKs/WatchSimulator26.5.sdk -O0 -L/Users/runner/Library/Developer/Xcode/DerivedData/Familienplaner-dmcrrzfthkjbwogvslwbznxtcpok/Build/Products/Debug-watchsimulator -F/Users/runner/Library/Developer/Xcode/DerivedData/Familienplaner-dmcrrzfthkjbwogvslwbznxtcpok/Build/Products/Debug-watchsimulator -install_name @rpath/FamilienplanerWatchWidgets.debug.dylib -Xlinker -dead_strip -rdynamic -Xlinker -no_deduplicate -Xlinker -objc_abi_version -Xlinker 2 -Xlinker -debug_variant -Xlinker -dependency_info -Xlinker /Users/runner/Library/Developer/Xcode/DerivedData/Familienplaner-dmcrrzfthkjbwogvslwbznxtcpok/Build/Intermediates.noindex/Familienplaner.build/Debug-watchsimulator/FamilienplanerWatchWidgets.build/Objects-normal/arm64/FamilienplanerWatchWidgets_dependency_info.dat -o /Users/runner/Library/Developer/Xcode/DerivedData/Familienplaner-dmcrrzfthkjbwogvslwbznxtcpok/Build/Intermediates.noindex/Familienplaner.build/Debug-watchsimulator/FamilienplanerWatchWidgets.build/Objects-normal/arm64/Binary/__preview.dylib

ProcessInfoPlistFile /Users/runner/Library/Developer/Xcode/DerivedData/Familienplaner-dmcrrzfthkjbwogvslwbznxtcpok/Build/Products/Debug-watchsimulator/FamilienplanerWatchWidgets.appex/Info.plist /Users/runner/work/familienplaner/familienplaner/WatchWidgets/Info.plist (in target 'FamilienplanerWatchWidgets' from project 'Familienplaner')
    cd /Users/runner/work/familienplaner/familienplaner
    builtin-infoPlistUtility /Users/runner/work/familienplaner/familienplaner/WatchWidgets/Info.plist -producttype com.apple.product-type.app-extension -expandbuildsettings -format binary -platform watchsimulator -o /Users/runner/Library/Developer/Xcode/DerivedData/Familienplaner-dmcrrzfthkjbwogvslwbznxtcpok/Build/Products/Debug-watchsimulator/FamilienplanerWatchWidgets.appex/Info.plist

CreateUniversalBinary /Users/runner/Library/Developer/Xcode/DerivedData/Familienplaner-dmcrrzfthkjbwogvslwbznxtcpok/Build/Products/Debug-watchsimulator/FamilienplanerWatchWidgets.appex/__preview.dylib normal arm64\ x86_64 (in target 'FamilienplanerWatchWidgets' from project 'Familienplaner')
    cd /Users/runner/work/familienplaner/familienplaner
    /Applications/Xcode_26.6.app/Contents/Developer/Toolchains/XcodeDefault.xctoolchain/usr/bin/lipo -create /Users/runner/Library/Developer/Xcode/DerivedData/Familienplaner-dmcrrzfthkjbwogvslwbznxtcpok/Build/Intermediates.noindex/Familienplaner.build/Debug-watchsimulator/FamilienplanerWatchWidgets.build/Objects-normal/arm64/Binary/__preview.dylib /Users/runner/Library/Developer/Xcode/DerivedData/Familienplaner-dmcrrzfthkjbwogvslwbznxtcpok/Build/Intermediates.noindex/Familienplaner.build/Debug-watchsimulator/FamilienplanerWatchWidgets.build/Objects-normal/x86_64/Binary/__preview.dylib -output /Users/runner/Library/Developer/Xcode/DerivedData/Familienplaner-dmcrrzfthkjbwogvslwbznxtcpok/Build/Products/Debug-watchsimulator/FamilienplanerWatchWidgets.appex/__preview.dylib

Ld /Users/runner/Library/Developer/Xcode/DerivedData/Familienplaner-dmcrrzfthkjbwogvslwbznxtcpok/Build/Products/Debug-iphonesimulator/FamilienplanerShare.appex/__preview.dylib normal (in target 'FamilienplanerShare' from project 'Familienplaner')
    cd /Users/runner/work/familienplaner/familienplaner
    /Applications/Xcode_26.6.app/Contents/Developer/Toolchains/XcodeDefault.xctoolchain/usr/bin/clang -Xlinker -reproducible -target arm64-apple-ios26.0-simulator -dynamiclib -isysroot /Applications/Xcode_26.6.app/Contents/Developer/Platforms/iPhoneSimulator.platform/Developer/SDKs/iPhoneSimulator26.5.sdk -O0 -L/Users/runner/Library/Developer/Xcode/DerivedData/Familienplaner-dmcrrzfthkjbwogvslwbznxtcpok/Build/Products/Debug-iphonesimulator -F/Users/runner/Library/Developer/Xcode/DerivedData/Familienplaner-dmcrrzfthkjbwogvslwbznxtcpok/Build/Products/Debug-iphonesimulator -install_name @rpath/FamilienplanerShare.debug.dylib -Xlinker -dead_strip -rdynamic -Xlinker -no_deduplicate -Xlinker -objc_abi_version -Xlinker 2 -Xlinker -debug_variant -Xlinker -dependency_info -Xlinker /Users/runner/Library/Developer/Xcode/DerivedData/Familienplaner-dmcrrzfthkjbwogvslwbznxtcpok/Build/Intermediates.noindex/Familienplaner.build/Debug-iphonesimulator/FamilienplanerShare.build/Objects-normal/arm64/FamilienplanerShare_dependency_info.dat -o /Users/runner/Library/Developer/Xcode/DerivedData/Familienplaner-dmcrrzfthkjbwogvslwbznxtcpok/Build/Products/Debug-iphonesimulator/FamilienplanerShare.appex/__preview.dylib

ProcessInfoPlistFile /Users/runner/Library/Developer/Xcode/DerivedData/Familienplaner-dmcrrzfthkjbwogvslwbznxtcpok/Build/Products/Debug-iphonesimulator/FamilienplanerShare.appex/Info.plist /Users/runner/work/familienplaner/familienplaner/ShareExtension/Info.plist (in target 'FamilienplanerShare' from project 'Familienplaner')
    cd /Users/runner/work/familienplaner/familienplaner
    builtin-infoPlistUtility /Users/runner/work/familienplaner/familienplaner/ShareExtension/Info.plist -producttype com.apple.product-type.app-extension -expandbuildsettings -format binary -platform iphonesimulator -o /Users/runner/Library/Developer/Xcode/DerivedData/Familienplaner-dmcrrzfthkjbwogvslwbznxtcpok/Build/Products/Debug-iphonesimulator/FamilienplanerShare.appex/Info.plist

SwiftDriver FamilienplanerWatchWidgets normal arm64 com.apple.xcode.tools.swift.compiler (in target 'FamilienplanerWatchWidgets' from project 'Familienplaner')
    cd /Users/runner/work/familienplaner/familienplaner
    builtin-SwiftDriver -- /Applications/Xcode_26.6.app/Contents/Developer/Toolchains/XcodeDefault.xctoolchain/usr/bin/swiftc -module-name FamilienplanerWatchWidgets -Onone @/Users/runner/Library/Developer/Xcode/DerivedData/Familienplaner-dmcrrzfthkjbwogvslwbznxtcpok/Build/Intermediates.noindex/Familienplaner.build/Debug-watchsimulator/FamilienplanerWatchWidgets.build/Objects-normal/arm64/FamilienplanerWatchWidgets.SwiftFileList -DDEBUG -enable-bare-slash-regex -enable-experimental-feature DebugDescriptionMacro -sdk /Applications/Xcode_26.6.app/Contents/Developer/Platforms/WatchSimulator.platform/Developer/SDKs/WatchSimulator26.5.sdk -target arm64-apple-watchos26.0-simulator -g -module-cache-path /Users/runner/Library/Developer/Xcode/DerivedData/ModuleCache.noindex -Xfrontend -serialize-debugging-options -application-extension -profile-coverage-mapping -profile-generate -enable-testing -index-store-path /Users/runner/Library/Developer/Xcode/DerivedData/Familienplaner-dmcrrzfthkjbwogvslwbznxtcpok/Index.noindex/DataStore -Xcc -D_LIBCPP_HARDENING_MODE\=_LIBCPP_HARDENING_MODE_DEBUG -swift-version 5 -I /Users/runner/Library/Developer/Xcode/DerivedData/Familienplaner-dmcrrzfthkjbwogvslwbznxtcpok/Build/Products/Debug-watchsimulator -F /Users/runner/Library/Developer/Xcode/DerivedData/Familienplaner-dmcrrzfthkjbwogvslwbznxtcpok/Build/Products/Debug-watchsimulator -c -j3 -enable-batch-mode -incremental -Xcc -ivfsstatcache -Xcc /Users/runner/Library/Developer/Xcode/DerivedData/SDKStatCaches.noindex/watchsimulator26.5-23T570-688ef53f1462e2c8f657fdc38a81448f4ff5b3021fd2b02f145790f94936b2db.sdkstatcache -output-file-map /Users/runner/Library/Developer/Xcode/DerivedData/Familienplaner-dmcrrzfthkjbwogvslwbznxtcpok/Build/Intermediates.noindex/Familienplaner.build/Debug-watchsimulator/FamilienplanerWatchWidgets.build/Objects-normal/arm64/FamilienplanerWatchWidgets-OutputFileMap.json -use-frontend-parseable-output -save-temps -no-color-diagnostics -explicit-module-build -module-cache-path /Users/runner/Library/Developer/Xcode/DerivedData/Familienplaner-dmcrrzfthkjbwogvslwbznxtcpok/Build/Intermediates.noindex/SwiftExplicitPrecompiledModules -clang-scanner-module-cache-path /Users/runner/Library/Developer/Xcode/DerivedData/ModuleCache.noindex -sdk-module-cache-path /Users/runner/Library/Developer/Xcode/DerivedData/ModuleCache.noindex -serialize-diagnostics -emit-dependencies -emit-module -emit-module-path /Users/runner/Library/Developer/Xcode/DerivedData/Familienplaner-dmcrrzfthkjbwogvslwbznxtcpok/Build/Intermediates.noindex/Familienplaner.build/Debug-watchsimulator/FamilienplanerWatchWidgets.build/Objects-normal/arm64/FamilienplanerWatchWidgets.swiftmodule -validate-clang-modules-once -clang-build-session-file /Users/runner/Library/Developer/Xcode/DerivedData/ModuleCache.noindex/Session.modulevalidation -Xcc -I/Users/runner/Library/Developer/Xcode/DerivedData/Familienplaner-dmcrrzfthkjbwogvslwbznxtcpok/Build/Intermediates.noindex/Familienplaner.build/Debug-watchsimulator/FamilienplanerWatchWidgets.build/swift-overrides.hmap -emit-const-values -Xfrontend -const-gather-protocols-file -Xfrontend /Users/runner/Library/Developer/Xcode/DerivedData/Familienplaner-dmcrrzfthkjbwogvslwbznxtcpok/Build/Intermediates.noindex/Familienplaner.build/Debug-watchsimulator/FamilienplanerWatchWidgets.build/Objects-normal/arm64/FamilienplanerWatchWidgets_const_extract_protocols.json -Xcc -iquote -Xcc /Users/runner/Library/Developer/Xcode/DerivedData/Familienplaner-dmcrrzfthkjbwogvslwbznxtcpok/Build/Intermediates.noindex/Familienplaner.build/Debug-watchsimulator/FamilienplanerWatchWidgets.build/FamilienplanerWatchWidgets-generated-files.hmap -Xcc -I/Users/runner/Library/Developer/Xcode/DerivedData/Familienplaner-dmcrrzfthkjbwogvslwbznxtcpok/Build/Intermediates.noindex/Familienplaner.build/Debug-watchsimulator/FamilienplanerWatchWidgets.build/FamilienplanerWatchWidgets-own-target-headers.hmap -Xcc -I/Users/runner/Library/Developer/Xcode/DerivedData/Familienplaner-dmcrrzfthkjbwogvslwbznxtcpok/Build/Intermediates.noindex/Familienplaner.build/Debug-watchsimulator/FamilienplanerWatchWidgets.build/FamilienplanerWatchWidgets-all-target-headers.hmap -Xcc -iquote -Xcc /Users/runner/Library/Developer/Xcode/DerivedData/Familienplaner-dmcrrzfthkjbwogvslwbznxtcpok/Build/Intermediates.noindex/Familienplaner.build/Debug-watchsimulator/FamilienplanerWatchWidgets.build/FamilienplanerWatchWidgets-project-headers.hmap -Xcc -I/Users/runner/Library/Developer/Xcode/DerivedData/Familienplaner-dmcrrzfthkjbwogvslwbznxtcpok/Build/Products/Debug-watchsimulator/include -Xcc -I/Users/runner/Library/Developer/Xcode/DerivedData/Familienplaner-dmcrrzfthkjbwogvslwbznxtcpok/Build/Intermediates.noindex/Familienplaner.build/Debug-watchsimulator/FamilienplanerWatchWidgets.build/DerivedSources-normal/arm64 -Xcc -I/Users/runner/Library/Developer/Xcode/DerivedData/Familienplaner-dmcrrzfthkjbwogvslwbznxtcpok/Build/Intermediates.noindex/Familienplaner.build/Debug-watchsimulator/FamilienplanerWatchWidgets.build/DerivedSources/arm64 -Xcc -I/Users/runner/Library/Developer/Xcode/DerivedData/Familienplaner-dmcrrzfthkjbwogvslwbznxtcpok/Build/Intermediates.noindex/Familienplaner.build/Debug-watchsimulator/FamilienplanerWatchWidgets.build/DerivedSources -Xcc -DDEBUG\=1 -emit-objc-header -emit-objc-header-path /Users/runner/Library/Developer/Xcode/DerivedData/Familienplaner-dmcrrzfthkjbwogvslwbznxtcpok/Build/Intermediates.noindex/Familienplaner.build/Debug-watchsimulator/FamilienplanerWatchWidgets.build/Objects-normal/arm64/FamilienplanerWatchWidgets-Swift.h -working-directory /Users/runner/work/familienplaner/familienplaner -experimental-emit-module-separately -disable-cmo

SwiftDriver FamilienplanerWatchWidgets normal x86_64 com.apple.xcode.tools.swift.compiler (in target 'FamilienplanerWatchWidgets' from project 'Familienplaner')
    cd /Users/runner/work/familienplaner/familienplaner
    builtin-SwiftDriver -- /Applications/Xcode_26.6.app/Contents/Developer/Toolchains/XcodeDefault.xctoolchain/usr/bin/swiftc -module-name FamilienplanerWatchWidgets -Onone @/Users/runner/Library/Developer/Xcode/DerivedData/Familienplaner-dmcrrzfthkjbwogvslwbznxtcpok/Build/Intermediates.noindex/Familienplaner.build/Debug-watchsimulator/FamilienplanerWatchWidgets.build/Objects-normal/x86_64/FamilienplanerWatchWidgets.SwiftFileList -DDEBUG -enable-bare-slash-regex -enable-experimental-feature DebugDescriptionMacro -sdk /Applications/Xcode_26.6.app/Contents/Developer/Platforms/WatchSimulator.platform/Developer/SDKs/WatchSimulator26.5.sdk -target x86_64-apple-watchos26.0-simulator -g -module-cache-path /Users/runner/Library/Developer/Xcode/DerivedData/ModuleCache.noindex -Xfrontend -serialize-debugging-options -application-extension -profile-coverage-mapping -profile-generate -enable-testing -index-store-path /Users/runner/Library/Developer/Xcode/DerivedData/Familienplaner-dmcrrzfthkjbwogvslwbznxtcpok/Index.noindex/DataStore -Xcc -D_LIBCPP_HARDENING_MODE\=_LIBCPP_HARDENING_MODE_DEBUG -swift-version 5 -I /Users/runner/Library/Developer/Xcode/DerivedData/Familienplaner-dmcrrzfthkjbwogvslwbznxtcpok/Build/Products/Debug-watchsimulator -F /Users/runner/Library/Developer/Xcode/DerivedData/Familienplaner-dmcrrzfthkjbwogvslwbznxtcpok/Build/Products/Debug-watchsimulator -c -j3 -enable-batch-mode -incremental -Xcc -ivfsstatcache -Xcc /Users/runner/Library/Developer/Xcode/DerivedData/SDKStatCaches.noindex/watchsimulator26.5-23T570-688ef53f1462e2c8f657fdc38a81448f4ff5b3021fd2b02f145790f94936b2db.sdkstatcache -output-file-map /Users/runner/Library/Developer/Xcode/DerivedData/Familienplaner-dmcrrzfthkjbwogvslwbznxtcpok/Build/Intermediates.noindex/Familienplaner.build/Debug-watchsimulator/FamilienplanerWatchWidgets.build/Objects-normal/x86_64/FamilienplanerWatchWidgets-OutputFileMap.json -use-frontend-parseable-output -save-temps -no-color-diagnostics -explicit-module-build -module-cache-path /Users/runner/Library/Developer/Xcode/DerivedData/Familienplaner-dmcrrzfthkjbwogvslwbznxtcpok/Build/Intermediates.noindex/SwiftExplicitPrecompiledModules -clang-scanner-module-cache-path /Users/runner/Library/Developer/Xcode/DerivedData/ModuleCache.noindex -sdk-module-cache-path /Users/runner/Library/Developer/Xcode/DerivedData/ModuleCache.noindex -serialize-diagnostics -emit-dependencies -emit-module -emit-module-path /Users/runner/Library/Developer/Xcode/DerivedData/Familienplaner-dmcrrzfthkjbwogvslwbznxtcpok/Build/Intermediates.noindex/Familienplaner.build/Debug-watchsimulator/FamilienplanerWatchWidgets.build/Objects-normal/x86_64/FamilienplanerWatchWidgets.swiftmodule -validate-clang-modules-once -clang-build-session-file /Users/runner/Library/Developer/Xcode/DerivedData/ModuleCache.noindex/Session.modulevalidation -Xcc -I/Users/runner/Library/Developer/Xcode/DerivedData/Familienplaner-dmcrrzfthkjbwogvslwbznxtcpok/Build/Intermediates.noindex/Familienplaner.build/Debug-watchsimulator/FamilienplanerWatchWidgets.build/swift-overrides.hmap -emit-const-values -Xfrontend -const-gather-protocols-file -Xfrontend /Users/runner/Library/Developer/Xcode/DerivedData/Familienplaner-dmcrrzfthkjbwogvslwbznxtcpok/Build/Intermediates.noindex/Familienplaner.build/Debug-watchsimulator/FamilienplanerWatchWidgets.build/Objects-normal/x86_64/FamilienplanerWatchWidgets_const_extract_protocols.json -Xcc -iquote -Xcc /Users/runner/Library/Developer/Xcode/DerivedData/Familienplaner-dmcrrzfthkjbwogvslwbznxtcpok/Build/Intermediates.noindex/Familienplaner.build/Debug-watchsimulator/FamilienplanerWatchWidgets.build/FamilienplanerWatchWidgets-generated-files.hmap -Xcc -I/Users/runner/Library/Developer/Xcode/DerivedData/Familienplaner-dmcrrzfthkjbwogvslwbznxtcpok/Build/Intermediates.noindex/Familienplaner.build/Debug-watchsimulator/FamilienplanerWatchWidgets.build/FamilienplanerWatchWidgets-own-target-headers.hmap -Xcc -I/Users/runner/Library/Developer/Xcode/DerivedData/Familienplaner-dmcrrzfthkjbwogvslwbznxtcpok/Build/Intermediates.noindex/Familienplaner.build/Debug-watchsimulator/FamilienplanerWatchWidgets.build/FamilienplanerWatchWidgets-all-target-headers.hmap -Xcc -iquote -Xcc /Users/runner/Library/Developer/Xcode/DerivedData/Familienplaner-dmcrrzfthkjbwogvslwbznxtcpok/Build/Intermediates.noindex/Familienplaner.build/Debug-watchsimulator/FamilienplanerWatchWidgets.build/FamilienplanerWatchWidgets-project-headers.hmap -Xcc -I/Users/runner/Library/Developer/Xcode/DerivedData/Familienplaner-dmcrrzfthkjbwogvslwbznxtcpok/Build/Products/Debug-watchsimulator/include -Xcc -I/Users/runner/Library/Developer/Xcode/DerivedData/Familienplaner-dmcrrzfthkjbwogvslwbznxtcpok/Build/Intermediates.noindex/Familienplaner.build/Debug-watchsimulator/FamilienplanerWatchWidgets.build/DerivedSources-normal/x86_64 -Xcc -I/Users/runner/Library/Developer/Xcode/DerivedData/Familienplaner-dmcrrzfthkjbwogvslwbznxtcpok/Build/Intermediates.noindex/Familienplaner.build/Debug-watchsimulator/FamilienplanerWatchWidgets.build/DerivedSources/x86_64 -Xcc -I/Users/runner/Library/Developer/Xcode/DerivedData/Familienplaner-dmcrrzfthkjbwogvslwbznxtcpok/Build/Intermediates.noindex/Familienplaner.build/Debug-watchsimulator/FamilienplanerWatchWidgets.build/DerivedSources -Xcc -DDEBUG\=1 -emit-objc-header -emit-objc-header-path /Users/runner/Library/Developer/Xcode/DerivedData/Familienplaner-dmcrrzfthkjbwogvslwbznxtcpok/Build/Intermediates.noindex/Familienplaner.build/Debug-watchsimulator/FamilienplanerWatchWidgets.build/Objects-normal/x86_64/FamilienplanerWatchWidgets-Swift.h -working-directory /Users/runner/work/familienplaner/familienplaner -experimental-emit-module-separately -disable-cmo

SwiftDriver FamilienplanerWidgets normal arm64 com.apple.xcode.tools.swift.compiler (in target 'FamilienplanerWidgets' from project 'Familienplaner')
    cd /Users/runner/work/familienplaner/familienplaner
    builtin-SwiftDriver -- /Applications/Xcode_26.6.app/Contents/Developer/Toolchains/XcodeDefault.xctoolchain/usr/bin/swiftc -module-name FamilienplanerWidgets -Onone @/Users/runner/Library/Developer/Xcode/DerivedData/Familienplaner-dmcrrzfthkjbwogvslwbznxtcpok/Build/Intermediates.noindex/Familienplaner.build/Debug-iphonesimulator/FamilienplanerWidgets.build/Objects-normal/arm64/FamilienplanerWidgets.SwiftFileList -DDEBUG -enable-bare-slash-regex -enable-experimental-feature DebugDescriptionMacro -sdk /Applications/Xcode_26.6.app/Contents/Developer/Platforms/iPhoneSimulator.platform/Developer/SDKs/iPhoneSimulator26.5.sdk -target arm64-apple-ios26.0-simulator -g -module-cache-path /Users/runner/Library/Developer/Xcode/DerivedData/ModuleCache.noindex -Xfrontend -serialize-debugging-options -application-extension -profile-coverage-mapping -profile-generate -enable-testing -index-store-path /Users/runner/Library/Developer/Xcode/DerivedData/Familienplaner-dmcrrzfthkjbwogvslwbznxtcpok/Index.noindex/DataStore -Xcc -D_LIBCPP_HARDENING_MODE\=_LIBCPP_HARDENING_MODE_DEBUG -swift-version 5 -I /Users/runner/Library/Developer/Xcode/DerivedData/Familienplaner-dmcrrzfthkjbwogvslwbznxtcpok/Build/Products/Debug-iphonesimulator -F /Users/runner/Library/Developer/Xcode/DerivedData/Familienplaner-dmcrrzfthkjbwogvslwbznxtcpok/Build/Products/Debug-iphonesimulator -c -j3 -enable-batch-mode -incremental -Xcc -ivfsstatcache -Xcc /Users/runner/Library/Developer/Xcode/DerivedData/SDKStatCaches.noindex/iphonesimulator26.5-23F81a-688ef53f1462e2c8f657fdc38a81448ff45c64a1807a658693f2a61704f17a36.sdkstatcache -output-file-map /Users/runner/Library/Developer/Xcode/DerivedData/Familienplaner-dmcrrzfthkjbwogvslwbznxtcpok/Build/Intermediates.noindex/Familienplaner.build/Debug-iphonesimulator/FamilienplanerWidgets.build/Objects-normal/arm64/FamilienplanerWidgets-OutputFileMap.json -use-frontend-parseable-output -save-temps -no-color-diagnostics -explicit-module-build -module-cache-path /Users/runner/Library/Developer/Xcode/DerivedData/Familienplaner-dmcrrzfthkjbwogvslwbznxtcpok/Build/Intermediates.noindex/SwiftExplicitPrecompiledModules -clang-scanner-module-cache-path /Users/runner/Library/Developer/Xcode/DerivedData/ModuleCache.noindex -sdk-module-cache-path /Users/runner/Library/Developer/Xcode/DerivedData/ModuleCache.noindex -serialize-diagnostics -emit-dependencies -emit-module -emit-module-path /Users/runner/Library/Developer/Xcode/DerivedData/Familienplaner-dmcrrzfthkjbwogvslwbznxtcpok/Build/Intermediates.noindex/Familienplaner.build/Debug-iphonesimulator/FamilienplanerWidgets.build/Objects-normal/arm64/FamilienplanerWidgets.swiftmodule -validate-clang-modules-once -clang-build-session-file /Users/runner/Library/Developer/Xcode/DerivedData/ModuleCache.noindex/Session.modulevalidation -Xcc -I/Users/runner/Library/Developer/Xcode/DerivedData/Familienplaner-dmcrrzfthkjbwogvslwbznxtcpok/Build/Intermediates.noindex/Familienplaner.build/Debug-iphonesimulator/FamilienplanerWidgets.build/swift-overrides.hmap -emit-const-values -Xfrontend -const-gather-protocols-file -Xfrontend /Users/runner/Library/Developer/Xcode/DerivedData/Familienplaner-dmcrrzfthkjbwogvslwbznxtcpok/Build/Intermediates.noindex/Familienplaner.build/Debug-iphonesimulator/FamilienplanerWidgets.build/Objects-normal/arm64/FamilienplanerWidgets_const_extract_protocols.json -Xcc -iquote -Xcc /Users/runner/Library/Developer/Xcode/DerivedData/Familienplaner-dmcrrzfthkjbwogvslwbznxtcpok/Build/Intermediates.noindex/Familienplaner.build/Debug-iphonesimulator/FamilienplanerWidgets.build/FamilienplanerWidgets-generated-files.hmap -Xcc -I/Users/runner/Library/Developer/Xcode/DerivedData/Familienplaner-dmcrrzfthkjbwogvslwbznxtcpok/Build/Intermediates.noindex/Familienplaner.build/Debug-iphonesimulator/FamilienplanerWidgets.build/FamilienplanerWidgets-own-target-headers.hmap -Xcc -I/Users/runner/Library/Developer/Xcode/DerivedData/Familienplaner-dmcrrzfthkjbwogvslwbznxtcpok/Build/Intermediates.noindex/Familienplaner.build/Debug-iphonesimulator/FamilienplanerWidgets.build/FamilienplanerWidgets-all-target-headers.hmap -Xcc -iquote -Xcc /Users/runner/Library/Developer/Xcode/DerivedData/Familienplaner-dmcrrzfthkjbwogvslwbznxtcpok/Build/Intermediates.noindex/Familienplaner.build/Debug-iphonesimulator/FamilienplanerWidgets.build/FamilienplanerWidgets-project-headers.hmap -Xcc -I/Users/runner/Library/Developer/Xcode/DerivedData/Familienplaner-dmcrrzfthkjbwogvslwbznxtcpok/Build/Products/Debug-iphonesimulator/include -Xcc -I/Users/runner/Library/Developer/Xcode/DerivedData/Familienplaner-dmcrrzfthkjbwogvslwbznxtcpok/Build/Intermediates.noindex/Familienplaner.build/Debug-iphonesimulator/FamilienplanerWidgets.build/DerivedSources-normal/arm64 -Xcc -I/Users/runner/Library/Developer/Xcode/DerivedData/Familienplaner-dmcrrzfthkjbwogvslwbznxtcpok/Build/Intermediates.noindex/Familienplaner.build/Debug-iphonesimulator/FamilienplanerWidgets.build/DerivedSources/arm64 -Xcc -I/Users/runner/Library/Developer/Xcode/DerivedData/Familienplaner-dmcrrzfthkjbwogvslwbznxtcpok/Build/Intermediates.noindex/Familienplaner.build/Debug-iphonesimulator/FamilienplanerWidgets.build/DerivedSources -Xcc -DDEBUG\=1 -emit-objc-header -emit-objc-header-path /Users/runner/Library/Developer/Xcode/DerivedData/Familienplaner-dmcrrzfthkjbwogvslwbznxtcpok/Build/Intermediates.noindex/Familienplaner.build/Debug-iphonesimulator/FamilienplanerWidgets.build/Objects-normal/arm64/FamilienplanerWidgets-Swift.h -working-directory /Users/runner/work/familienplaner/familienplaner -experimental-emit-module-separately -disable-cmo

SwiftDriver FamilienplanerShare normal arm64 com.apple.xcode.tools.swift.compiler (in target 'FamilienplanerShare' from project 'Familienplaner')
    cd /Users/runner/work/familienplaner/familienplaner
    builtin-SwiftDriver -- /Applications/Xcode_26.6.app/Contents/Developer/Toolchains/XcodeDefault.xctoolchain/usr/bin/swiftc -module-name FamilienplanerShare -Onone @/Users/runner/Library/Developer/Xcode/DerivedData/Familienplaner-dmcrrzfthkjbwogvslwbznxtcpok/Build/Intermediates.noindex/Familienplaner.build/Debug-iphonesimulator/FamilienplanerShare.build/Objects-normal/arm64/FamilienplanerShare.SwiftFileList -DDEBUG -enable-bare-slash-regex -enable-experimental-feature DebugDescriptionMacro -sdk /Applications/Xcode_26.6.app/Contents/Developer/Platforms/iPhoneSimulator.platform/Developer/SDKs/iPhoneSimulator26.5.sdk -target arm64-apple-ios26.0-simulator -g -module-cache-path /Users/runner/Library/Developer/Xcode/DerivedData/ModuleCache.noindex -Xfrontend -serialize-debugging-options -application-extension -profile-coverage-mapping -profile-generate -enable-testing -index-store-path /Users/runner/Library/Developer/Xcode/DerivedData/Familienplaner-dmcrrzfthkjbwogvslwbznxtcpok/Index.noindex/DataStore -Xcc -D_LIBCPP_HARDENING_MODE\=_LIBCPP_HARDENING_MODE_DEBUG -swift-version 5 -I /Users/runner/Library/Developer/Xcode/DerivedData/Familienplaner-dmcrrzfthkjbwogvslwbznxtcpok/Build/Products/Debug-iphonesimulator -F /Users/runner/Library/Developer/Xcode/DerivedData/Familienplaner-dmcrrzfthkjbwogvslwbznxtcpok/Build/Products/Debug-iphonesimulator -c -j3 -enable-batch-mode -incremental -Xcc -ivfsstatcache -Xcc /Users/runner/Library/Developer/Xcode/DerivedData/SDKStatCaches.noindex/iphonesimulator26.5-23F81a-688ef53f1462e2c8f657fdc38a81448ff45c64a1807a658693f2a61704f17a36.sdkstatcache -output-file-map /Users/runner/Library/Developer/Xcode/DerivedData/Familienplaner-dmcrrzfthkjbwogvslwbznxtcpok/Build/Intermediates.noindex/Familienplaner.build/Debug-iphonesimulator/FamilienplanerShare.build/Objects-normal/arm64/FamilienplanerShare-OutputFileMap.json -use-frontend-parseable-output -save-temps -no-color-diagnostics -explicit-module-build -module-cache-path /Users/runner/Library/Developer/Xcode/DerivedData/Familienplaner-dmcrrzfthkjbwogvslwbznxtcpok/Build/Intermediates.noindex/SwiftExplicitPrecompiledModules -clang-scanner-module-cache-path /Users/runner/Library/Developer/Xcode/DerivedData/ModuleCache.noindex -sdk-module-cache-path /Users/runner/Library/Developer/Xcode/DerivedData/ModuleCache.noindex -serialize-diagnostics -emit-dependencies -emit-module -emit-module-path /Users/runner/Library/Developer/Xcode/DerivedData/Familienplaner-dmcrrzfthkjbwogvslwbznxtcpok/Build/Intermediates.noindex/Familienplaner.build/Debug-iphonesimulator/FamilienplanerShare.build/Objects-normal/arm64/FamilienplanerShare.swiftmodule -validate-clang-modules-once -clang-build-session-file /Users/runner/Library/Developer/Xcode/DerivedData/ModuleCache.noindex/Session.modulevalidation -Xcc -I/Users/runner/Library/Developer/Xcode/DerivedData/Familienplaner-dmcrrzfthkjbwogvslwbznxtcpok/Build/Intermediates.noindex/Familienplaner.build/Debug-iphonesimulator/FamilienplanerShare.build/swift-overrides.hmap -emit-const-values -Xfrontend -const-gather-protocols-file -Xfrontend /Users/runner/Library/Developer/Xcode/DerivedData/Familienplaner-dmcrrzfthkjbwogvslwbznxtcpok/Build/Intermediates.noindex/Familienplaner.build/Debug-iphonesimulator/FamilienplanerShare.build/Objects-normal/arm64/FamilienplanerShare_const_extract_protocols.json -Xcc -iquote -Xcc /Users/runner/Library/Developer/Xcode/DerivedData/Familienplaner-dmcrrzfthkjbwogvslwbznxtcpok/Build/Intermediates.noindex/Familienplaner.build/Debug-iphonesimulator/FamilienplanerShare.build/FamilienplanerShare-generated-files.hmap -Xcc -I/Users/runner/Library/Developer/Xcode/DerivedData/Familienplaner-dmcrrzfthkjbwogvslwbznxtcpok/Build/Intermediates.noindex/Familienplaner.build/Debug-iphonesimulator/FamilienplanerShare.build/FamilienplanerShare-own-target-headers.hmap -Xcc -I/Users/runner/Library/Developer/Xcode/DerivedData/Familienplaner-dmcrrzfthkjbwogvslwbznxtcpok/Build/Intermediates.noindex/Familienplaner.build/Debug-iphonesimulator/FamilienplanerShare.build/FamilienplanerShare-all-target-headers.hmap -Xcc -iquote -Xcc /Users/runner/Library/Developer/Xcode/DerivedData/Familienplaner-dmcrrzfthkjbwogvslwbznxtcpok/Build/Intermediates.noindex/Familienplaner.build/Debug-iphonesimulator/FamilienplanerShare.build/FamilienplanerShare-project-headers.hmap -Xcc -I/Users/runner/Library/Developer/Xcode/DerivedData/Familienplaner-dmcrrzfthkjbwogvslwbznxtcpok/Build/Products/Debug-iphonesimulator/include -Xcc -I/Users/runner/Library/Developer/Xcode/DerivedData/Familienplaner-dmcrrzfthkjbwogvslwbznxtcpok/Build/Intermediates.noindex/Familienplaner.build/Debug-iphonesimulator/FamilienplanerShare.build/DerivedSources-normal/arm64 -Xcc -I/Users/runner/Library/Developer/Xcode/DerivedData/Familienplaner-dmcrrzfthkjbwogvslwbznxtcpok/Build/Intermediates.noindex/Familienplaner.build/Debug-iphonesimulator/FamilienplanerShare.build/DerivedSources/arm64 -Xcc -I/Users/runner/Library/Developer/Xcode/DerivedData/Familienplaner-dmcrrzfthkjbwogvslwbznxtcpok/Build/Intermediates.noindex/Familienplaner.build/Debug-iphonesimulator/FamilienplanerShare.build/DerivedSources -Xcc -DDEBUG\=1 -emit-objc-header -emit-objc-header-path /Users/runner/Library/Developer/Xcode/DerivedData/Familienplaner-dmcrrzfthkjbwogvslwbznxtcpok/Build/Intermediates.noindex/Familienplaner.build/Debug-iphonesimulator/FamilienplanerShare.build/Objects-normal/arm64/FamilienplanerShare-Swift.h -working-directory /Users/runner/work/familienplaner/familienplaner -experimental-emit-module-separately -disable-cmo

SwiftExplicitDependencyGeneratePcm x86_64 /Users/runner/Library/Developer/Xcode/DerivedData/ModuleCache.noindex/_AvailabilityInternal-AT5LZXDIXOMOSCOFX7VTK6A5M.pcm

SwiftExplicitDependencyGeneratePcm x86_64 /Users/runner/Library/Developer/Xcode/DerivedData/ModuleCache.noindex/_Builtin_stdarg-4IGORNZEEYOEGR7YQESXPZSL7.pcm

SwiftExplicitDependencyGeneratePcm arm64 /Users/runner/Library/Developer/Xcode/DerivedData/ModuleCache.noindex/_Builtin_float-C8AMWUIBEVM2ZR1JTQEDU5YYY.pcm

SwiftExplicitDependencyGeneratePcm arm64 /Users/runner/Library/Developer/Xcode/DerivedData/ModuleCache.noindex/ptrauth-EC55GWNHFZCEKK5P13Y3X077V.pcm

SwiftExplicitDependencyGeneratePcm arm64 /Users/runner/Library/Developer/Xcode/DerivedData/ModuleCache.noindex/_Builtin_stdbool-374L4VLPNYPY0BO5BUUMTSKIW.pcm

SwiftExplicitDependencyGeneratePcm arm64 /Users/runner/Library/Developer/Xcode/DerivedData/ModuleCache.noindex/_Builtin_stdarg-C0FXGF7RT58MWBS1JJXZ492UW.pcm

SwiftExplicitDependencyGeneratePcm arm64 /Users/runner/Library/Developer/Xcode/DerivedData/ModuleCache.noindex/_AvailabilityInternal-1FCIIZFG9OPJU4R88CZOVYTPT.pcm

SwiftExplicitDependencyGeneratePcm arm64 /Users/runner/Library/Developer/Xcode/DerivedData/ModuleCache.noindex/SwiftShims-AWPE59EOHJP3BQ25C6HSBEI7C.pcm

SwiftExplicitDependencyGeneratePcm arm64 /Users/runner/Library/Developer/Xcode/DerivedData/ModuleCache.noindex/_Builtin_stdarg-7ZA5GXKE38COYGJAJIM1MKBID.pcm

SwiftExplicitDependencyGeneratePcm x86_64 /Users/runner/Library/Developer/Xcode/DerivedData/ModuleCache.noindex/_Builtin_stdbool-9CWGAJUHHLECWLHYWHIP5L70O.pcm

SwiftExplicitDependencyGeneratePcm arm64 /Users/runner/Library/Developer/Xcode/DerivedData/ModuleCache.noindex/SwiftShims-9EDGZJTYU1VIW80SRPTEBR8HW.pcm

SwiftExplicitDependencyGeneratePcm arm64 /Users/runner/Library/Developer/Xcode/DerivedData/ModuleCache.noindex/_SwiftConcurrencyShims-95L74DON0TWHDIKHQL5KSV9ME.pcm

SwiftExplicitDependencyGeneratePcm x86_64 /Users/runner/Library/Developer/Xcode/DerivedData/ModuleCache.noindex/SwiftShims-3N0RSO7BCFWXRRLJ0O2I4L78N.pcm

SwiftExplicitDependencyGeneratePcm arm64 /Users/runner/Library/Developer/Xcode/DerivedData/ModuleCache.noindex/DeveloperToolsSupport-B1ZFI2MTX049CMSYMR5BAWN54.pcm

SwiftExplicitDependencyGeneratePcm x86_64 /Users/runner/Library/Developer/Xcode/DerivedData/ModuleCache.noindex/ptrcheck-2OXAMAUSUDHKJROOQD6EPWA2X.pcm

SwiftExplicitDependencyGeneratePcm arm64 /Users/runner/Library/Developer/Xcode/DerivedData/ModuleCache.noindex/DeveloperToolsSupport-4GR8NA91UC6U75YCQTNID0NAC.pcm

SwiftExplicitDependencyGeneratePcm x86_64 /Users/runner/Library/Developer/Xcode/DerivedData/ModuleCache.noindex/_SwiftConcurrencyShims-4TRL1UOZ2T83BEY45J15XT40S.pcm

SwiftExplicitDependencyGeneratePcm arm64 /Users/runner/Library/Developer/Xcode/DerivedData/ModuleCache.noindex/ptrcheck-8RJGXYT2BEUZRQ2Y66L0AEZ9H.pcm

SwiftExplicitDependencyGeneratePcm arm64 /Users/runner/Library/Developer/Xcode/DerivedData/ModuleCache.noindex/ptrcheck-4XLTZ2WSDY4F1SZO30NR80DYD.pcm

SwiftExplicitDependencyGeneratePcm arm64 /Users/runner/Library/Developer/Xcode/DerivedData/ModuleCache.noindex/_Builtin_stdbool-CDSWRMERNUPVH3DA6TC3KV0PT.pcm

SwiftExplicitDependencyGeneratePcm arm64 /Users/runner/Library/Developer/Xcode/DerivedData/ModuleCache.noindex/_Builtin_stddef-DXXI2X1CQSR5U0VHRQQVGJV6L.pcm

SwiftExplicitDependencyGeneratePcm arm64 /Users/runner/Library/Developer/Xcode/DerivedData/ModuleCache.noindex/_Builtin_stddef-7X2XICKLUC4UEFHD9DRW4QXJ7.pcm

SwiftExplicitDependencyGeneratePcm arm64 /Users/runner/Library/Developer/Xcode/DerivedData/ModuleCache.noindex/ptrauth-B4NIY7DNL5FPZI2R3B18BIVET.pcm

SwiftExplicitDependencyGeneratePcm x86_64 /Users/runner/Library/Developer/Xcode/DerivedData/ModuleCache.noindex/DeveloperToolsSupport-4UTO6GF2RGED7T2X9POFQEUNH.pcm

SwiftExplicitDependencyGeneratePcm x86_64 /Users/runner/Library/Developer/Xcode/DerivedData/ModuleCache.noindex/ptrauth-88IFKXUANOZWS1IYJ9NMFKDXE.pcm

SwiftExplicitDependencyGeneratePcm x86_64 /Users/runner/Library/Developer/Xcode/DerivedData/ModuleCache.noindex/_Builtin_stddef-CQCS3PE0PTJKS5VZO2KGZY0JY.pcm

SwiftExplicitDependencyGeneratePcm arm64 /Users/runner/Library/Developer/Xcode/DerivedData/ModuleCache.noindex/_DarwinFoundation1-7O9KL0283HN784W1JHHYYUWH4.pcm

SwiftExplicitDependencyGeneratePcm x86_64 /Users/runner/Library/Developer/Xcode/DerivedData/ModuleCache.noindex/_DarwinFoundation1-A3A7N8UFUB8VJSVRI8C2J9EGC.pcm

SwiftExplicitDependencyGeneratePcm arm64 /Users/runner/Library/Developer/Xcode/DerivedData/ModuleCache.noindex/ActivityKit-CS53X07YWIB2U7MOIIRCY1YDK.pcm

SwiftExplicitDependencyGeneratePcm arm64 /Users/runner/Library/Developer/Xcode/DerivedData/ModuleCache.noindex/_Builtin_limits-DCYUDUMTK0UPQSXXZU5DB1C1Q.pcm

SwiftExplicitDependencyGeneratePcm arm64 /Users/runner/Library/Developer/Xcode/DerivedData/ModuleCache.noindex/ExtensionFoundation-8QC2HGJDV78OVHSHSJJTG2ED6.pcm

SwiftExplicitDependencyGeneratePcm x86_64 /Users/runner/Library/Developer/Xcode/DerivedData/ModuleCache.noindex/ExtensionFoundation-5J0XIX00HX7O1QSOB6CL23HJ8.pcm

SwiftExplicitDependencyGeneratePcm x86_64 /Users/runner/Library/Developer/Xcode/DerivedData/ModuleCache.noindex/_DarwinFoundation2-57PVVIOHIVNHQI2V2WCKSJMKD.pcm

SwiftExplicitDependencyGeneratePcm arm64 /Users/runner/Library/Developer/Xcode/DerivedData/ModuleCache.noindex/_DarwinFoundation2-5OWHAWKYLBE2PFH6GPZTCHZO.pcm

SwiftExplicitDependencyGeneratePcm x86_64 /Users/runner/Library/Developer/Xcode/DerivedData/ModuleCache.noindex/_Builtin_limits-5OK11PT5QTLRNUHTTAKXYQBAJ.pcm

SwiftExplicitDependencyGeneratePcm x86_64 /Users/runner/Library/Developer/Xcode/DerivedData/ModuleCache.noindex/_Builtin_float-3S1GB29MPRDNWVU4KF7RG65NC.pcm

SwiftExplicitDependencyGeneratePcm arm64 /Users/runner/Library/Developer/Xcode/DerivedData/ModuleCache.noindex/_Builtin_float-DMJDWXMN6H01YZ9NLVOKTE5G9.pcm

SwiftExplicitDependencyGeneratePcm arm64 /Users/runner/Library/Developer/Xcode/DerivedData/ModuleCache.noindex/_AvailabilityInternal-DJJER356QQ6T2HPSLXCFJ6UTF.pcm

SwiftExplicitDependencyGeneratePcm x86_64 /Users/runner/Library/Developer/Xcode/DerivedData/ModuleCache.noindex/_Builtin_stdint-8IWW94LB55K9J3YVKK3N10MOK.pcm

SwiftExplicitDependencyGeneratePcm x86_64 /Users/runner/Library/Developer/Xcode/DerivedData/ModuleCache.noindex/sys_types-86XPPYSE5EQISGIK3N1Q2UB3V.pcm

SwiftExplicitDependencyGeneratePcm arm64 /Users/runner/Library/Developer/Xcode/DerivedData/ModuleCache.noindex/sys_types-BUHC1XCQD0NMN6MYN1GFHX9HD.pcm

SwiftExplicitDependencyGeneratePcm arm64 /Users/runner/Library/Developer/Xcode/DerivedData/ModuleCache.noindex/_DarwinFoundation1-5EKN8MGJN89WT58FV34W2EAWV.pcm

SwiftExplicitDependencyGeneratePcm arm64 /Users/runner/Library/Developer/Xcode/DerivedData/ModuleCache.noindex/_Builtin_stdint-EC8IYVA1PEJQ1QJHH23VUHDDK.pcm

SwiftExplicitDependencyGeneratePcm x86_64 /Users/runner/Library/Developer/Xcode/DerivedData/ModuleCache.noindex/_Builtin_stdatomic-CB0PJBWGAS5WTFBZ2GOBDJFEO.pcm

SwiftExplicitDependencyGeneratePcm arm64 /Users/runner/Library/Developer/Xcode/DerivedData/ModuleCache.noindex/_Builtin_tgmath-DL703X4KKHC6T7HANHHAKSJJ1.pcm

SwiftExplicitDependencyGeneratePcm arm64 /Users/runner/Library/Developer/Xcode/DerivedData/ModuleCache.noindex/_DarwinFoundation3-6M8VTF3HPQPAR8A2RKNTMLDPC.pcm

SwiftExplicitDependencyGeneratePcm arm64 /Users/runner/Library/Developer/Xcode/DerivedData/ModuleCache.noindex/_Builtin_stdatomic-49DE46F7UYCY40BJ9C42D1NTN.pcm

SwiftExplicitDependencyGeneratePcm arm64 /Users/runner/Library/Developer/Xcode/DerivedData/ModuleCache.noindex/ExtensionFoundation-3H6NV5U9QT4YIAWAX8IK2GJS7.pcm

SwiftExplicitDependencyGeneratePcm arm64 /Users/runner/Library/Developer/Xcode/DerivedData/ModuleCache.noindex/_Builtin_intrinsics-EXQOB6R3IY2UP9TQUOUF39VTN.pcm

SwiftExplicitDependencyGeneratePcm arm64 /Users/runner/Library/Developer/Xcode/DerivedData/ModuleCache.noindex/_Builtin_limits-OJUNUN7JQRX30U6K7MPR2F85.pcm

SwiftExplicitDependencyGeneratePcm arm64 /Users/runner/Library/Developer/Xcode/DerivedData/ModuleCache.noindex/_DarwinFoundation2-AFPM3HN9RISV4R1SPDRL9TL33.pcm

SwiftExplicitDependencyGeneratePcm x86_64 /Users/runner/Library/Developer/Xcode/DerivedData/ModuleCache.noindex/_DarwinFoundation3-E1DEUM9ZYZT9FGLN56KNJ27WL.pcm

SwiftExplicitDependencyGeneratePcm arm64 /Users/runner/Library/Developer/Xcode/DerivedData/ModuleCache.noindex/_Builtin_inttypes-DIHOTPVNOUWZRAIZGOCIJWYJS.pcm

SwiftExplicitDependencyGeneratePcm arm64 /Users/runner/Library/Developer/Xcode/DerivedData/ModuleCache.noindex/_Builtin_tgmath-5LSEMKDGXURFJMYGK4N4POV56.pcm

SwiftExplicitDependencyGeneratePcm arm64 /Users/runner/Library/Developer/Xcode/DerivedData/ModuleCache.noindex/_Builtin_stdint-1FEXWYPXW1X57VJNR6Y1OZ7UQ.pcm

SwiftExplicitDependencyGeneratePcm arm64 /Users/runner/Library/Developer/Xcode/DerivedData/ModuleCache.noindex/Darwin-A3MV2DESPBW141NRTL0YTSV28.pcm

SwiftExplicitDependencyGeneratePcm x86_64 /Users/runner/Library/Developer/Xcode/DerivedData/ModuleCache.noindex/_Builtin_tgmath-8HV75BV6N2PJYOO5OV5F9ISNS.pcm

SwiftExplicitDependencyGeneratePcm arm64 /Users/runner/Library/Developer/Xcode/DerivedData/ModuleCache.noindex/_Builtin_intrinsics-8679WT85FZ1C733RS8SEDLTSY.pcm

SwiftExplicitDependencyGeneratePcm arm64 /Users/runner/Library/Developer/Xcode/DerivedData/ModuleCache.noindex/_DarwinFoundation3-8UR4755G5AJ94GE70YQM8DBI6.pcm

SwiftExplicitDependencyGeneratePcm arm64 /Users/runner/Library/Developer/Xcode/DerivedData/ModuleCache.noindex/simd-BS7TFX2F190OJ09XWJ8MJZ0Q4.pcm

SwiftExplicitDependencyGeneratePcm arm64 /Users/runner/Library/Developer/Xcode/DerivedData/ModuleCache.noindex/_Builtin_inttypes-1HA10AZDF6384ZJAYLJWIQ3FG.pcm

SwiftExplicitDependencyGeneratePcm arm64 /Users/runner/Library/Developer/Xcode/DerivedData/ModuleCache.noindex/simd-B7C9VAACAB5FKKHVESYRA0UQZ.pcm

SwiftExplicitDependencyGeneratePcm arm64 /Users/runner/Library/Developer/Xcode/DerivedData/ModuleCache.noindex/Darwin-D8ZHP35SM36MWV72WPL3ZDB4L.pcm

SwiftExplicitDependencyGeneratePcm arm64 /Users/runner/Library/Developer/Xcode/DerivedData/ModuleCache.noindex/ObjectiveC-9NMNMM296YRHL1V9ARW1246WU.pcm

SwiftExplicitDependencyGeneratePcm arm64 /Users/runner/Library/Developer/Xcode/DerivedData/ModuleCache.noindex/ObjectiveC-4TR4ALJH54G7I3QKYHR3JAY1K.pcm

SwiftExplicitDependencyGeneratePcm arm64 /Users/runner/Library/Developer/Xcode/DerivedData/ModuleCache.noindex/Spatial-2H9YD3KDDW1IJ33BRMGL94RT2.pcm

SwiftExplicitDependencyGeneratePcm arm64 /Users/runner/Library/Developer/Xcode/DerivedData/ModuleCache.noindex/MachO-7N61A88X6FUFIGA8CTH2CG2LP.pcm

SwiftExplicitDependencyGeneratePcm arm64 /Users/runner/Library/Developer/Xcode/DerivedData/ModuleCache.noindex/os_object-1WKXL6OU0L3H7Z996NW9V0X4O.pcm

SwiftExplicitDependencyGeneratePcm arm64 /Users/runner/Library/Developer/Xcode/DerivedData/ModuleCache.noindex/_Builtin_stdatomic-61VKYST5EJMGUMDS8V99LJX77.pcm

SwiftExplicitDependencyGeneratePcm arm64 /Users/runner/Library/Developer/Xcode/DerivedData/ModuleCache.noindex/MachO-DC987KWAKO3WAYHFEQN4D2220.pcm

SwiftExplicitDependencyGeneratePcm x86_64 /Users/runner/Library/Developer/Xcode/DerivedData/ModuleCache.noindex/_Builtin_inttypes-1NLUYPZD7UA87FSCPGVI9J473.pcm

SwiftExplicitDependencyGeneratePcm arm64 /Users/runner/Library/Developer/Xcode/DerivedData/ModuleCache.noindex/os_workgroup-COS0A2I6R9QXVATKUK4SG5GKP.pcm

SwiftExplicitDependencyGeneratePcm arm64 /Users/runner/Library/Developer/Xcode/DerivedData/ModuleCache.noindex/os_object-44OEM6P6QT6ESFMGHGPA2O4O6.pcm

SwiftExplicitDependencyGeneratePcm x86_64 /Users/runner/Library/Developer/Xcode/DerivedData/ModuleCache.noindex/Darwin-8AJGDD8J8FYEHC0CG5SYXM1RA.pcm

SwiftExplicitDependencyGeneratePcm arm64 /Users/runner/Library/Developer/Xcode/DerivedData/ModuleCache.noindex/Spatial-83Y6AEVVZHEHLD1TS3YN327PV.pcm

SwiftExplicitDependencyGeneratePcm arm64 /Users/runner/Library/Developer/Xcode/DerivedData/ModuleCache.noindex/Dispatch-A34PZPH6L41NTN73NJ1RZWVNI.pcm

SwiftExplicitDependencyGeneratePcm arm64 /Users/runner/Library/Developer/Xcode/DerivedData/ModuleCache.noindex/os_workgroup-1Z7X3ZHMUNFO2AD9A9L3AKY9O.pcm

SwiftExplicitDependencyGeneratePcm arm64 /Users/runner/Library/Developer/Xcode/DerivedData/ModuleCache.noindex/dnssd-ZECG5Z0568S0SKFDBIICSJFO.pcm

SwiftExplicitDependencyGeneratePcm arm64 /Users/runner/Library/Developer/Xcode/DerivedData/ModuleCache.noindex/Dispatch-BH195DMCXOXFAAQM7OJLJNF6R.pcm

SwiftExplicitDependencyGeneratePcm arm64 /Users/runner/Library/Developer/Xcode/DerivedData/ModuleCache.noindex/CoreFoundation-8BVKXEKFT3DJGRLJBPFZ3Z78W.pcm

SwiftExplicitDependencyGeneratePcm arm64 /Users/runner/Library/Developer/Xcode/DerivedData/ModuleCache.noindex/dnssd-7ZBZ60H5D2CZC8WZBJMX045OX.pcm

SwiftExplicitDependencyGeneratePcm arm64 /Users/runner/Library/Developer/Xcode/DerivedData/ModuleCache.noindex/XPC-C2KNQUN08IC7GC6GQG6VG4HB2.pcm

SwiftExplicitDependencyGeneratePcm arm64 /Users/runner/Library/Developer/Xcode/DerivedData/ModuleCache.noindex/sys_types-29W1EDOSQGQRADGCCDDNNNYXE.pcm

SwiftExplicitDependencyGeneratePcm arm64 /Users/runner/Library/Developer/Xcode/DerivedData/ModuleCache.noindex/CoreGraphics-C2SNHAMAMHZ1PULWC67VVGSPK.pcm

SwiftExplicitDependencyGeneratePcm arm64 /Users/runner/Library/Developer/Xcode/DerivedData/ModuleCache.noindex/Security-335088ESWDRPG0JNUJXVKKHSW.pcm

SwiftExplicitDependencyGeneratePcm x86_64 /Users/runner/Library/Developer/Xcode/DerivedData/ModuleCache.noindex/ObjectiveC-3ZC3A686VXAMVTWQVI60YWW0E.pcm

SwiftExplicitDependencyGeneratePcm x86_64 /Users/runner/Library/Developer/Xcode/DerivedData/ModuleCache.noindex/MachO-AA7AWGTALQWB3IZO44Q4U09E0.pcm

SwiftExplicitDependencyGeneratePcm x86_64 /Users/runner/Library/Developer/Xcode/DerivedData/ModuleCache.noindex/os_object-5L6MQADRZDRXM36ELC966T7UK.pcm

SwiftExplicitDependencyGeneratePcm arm64 /Users/runner/Library/Developer/Xcode/DerivedData/ModuleCache.noindex/CoreVideo-CXXKSHO4K5YLGZP81H11MJURB.pcm

SwiftExplicitDependencyGeneratePcm arm64 /Users/runner/Library/Developer/Xcode/DerivedData/ModuleCache.noindex/CoreText-C1P3KNCNK19ADKG4JWFOA5YUS.pcm

SwiftExplicitDependencyGeneratePcm x86_64 /Users/runner/Library/Developer/Xcode/DerivedData/ModuleCache.noindex/_Builtin_intrinsics-2VJNM9OX9OTJW26RCWDCQ4FZ4.pcm

SwiftExplicitDependencyGeneratePcm arm64 /Users/runner/Library/Developer/Xcode/DerivedData/ModuleCache.noindex/_SwiftConcurrencyShims-C8P4WXRKVQYT81JMUBIQSWMRW.pcm

SwiftExplicitDependencyGeneratePcm arm64 /Users/runner/Library/Developer/Xcode/DerivedData/ModuleCache.noindex/CoreFoundation-8I6I7TSTYRKUE4SRFXIONWEF0.pcm

SwiftExplicitDependencyGeneratePcm x86_64 /Users/runner/Library/Developer/Xcode/DerivedData/ModuleCache.noindex/os_workgroup-1Z3DT5OOLW0HD1KRYKYVYD5T8.pcm

SwiftExplicitDependencyGeneratePcm arm64 /Users/runner/Library/Developer/Xcode/DerivedData/ModuleCache.noindex/XPC-5P4PLAIAZVEG4K4EDALO8GQK8.pcm

SwiftExplicitDependencyGeneratePcm x86_64 /Users/runner/Library/Developer/Xcode/DerivedData/ModuleCache.noindex/Dispatch-9XGYD2CBASQAGKAPT2TDQK9EF.pcm

SwiftExplicitDependencyGeneratePcm arm64 /Users/runner/Library/Developer/Xcode/DerivedData/ModuleCache.noindex/Security-7MBCK92OU4YLY5WMS4DTZ08RN.pcm

SwiftExplicitDependencyGeneratePcm arm64 /Users/runner/Library/Developer/Xcode/DerivedData/ModuleCache.noindex/CFNetwork-8PJYFWVQT0M4ZWNH908FUJC1.pcm

SwiftExplicitDependencyGeneratePcm x86_64 /Users/runner/Library/Developer/Xcode/DerivedData/ModuleCache.noindex/CoreFoundation-70C9EB58IAKMZO15C85512KMN.pcm

SwiftExplicitDependencyGeneratePcm x86_64 /Users/runner/Library/Developer/Xcode/DerivedData/ModuleCache.noindex/dnssd-F18USZT9E4CMKBYGS9PUU1V3T.pcm

SwiftExplicitDependencyGeneratePcm arm64 /Users/runner/Library/Developer/Xcode/DerivedData/ModuleCache.noindex/CoreGraphics-1JP9R1PWB5EVV6V7QNUYBGUQJ.pcm

SwiftExplicitDependencyGeneratePcm arm64 /Users/runner/Library/Developer/Xcode/DerivedData/ModuleCache.noindex/os-7ZEUL2VS4MTYG0WK1XAWJ13QE.pcm

SwiftExplicitDependencyGeneratePcm x86_64 /Users/runner/Library/Developer/Xcode/DerivedData/ModuleCache.noindex/CoreGraphics-EGPIV1BUBYFMR3I4U24FF39QL.pcm

SwiftExplicitDependencyGeneratePcm x86_64 /Users/runner/Library/Developer/Xcode/DerivedData/ModuleCache.noindex/Security-4LWJLZYDGZITSZBW5AIUA1X1R.pcm

SwiftExplicitDependencyGeneratePcm arm64 /Users/runner/Library/Developer/Xcode/DerivedData/ModuleCache.noindex/Foundation-8JVQ5H9G624EBZ4MHD6298L1G.pcm

SwiftExplicitDependencyGeneratePcm arm64 /Users/runner/Library/Developer/Xcode/DerivedData/ModuleCache.noindex/Foundation-CMM3B33G0TPK7JPHIRMEEMPJF.pcm

SwiftExplicitDependencyGeneratePcm x86_64 /Users/runner/Library/Developer/Xcode/DerivedData/ModuleCache.noindex/CoreText-JZ1TJ84FZDX0MQS1L9739T3Z.pcm

SwiftExplicitDependencyGeneratePcm x86_64 /Users/runner/Library/Developer/Xcode/DerivedData/ModuleCache.noindex/simd-3MLXAEE8Y8GPH5RA1CBHX810K.pcm

SwiftExplicitDependencyGeneratePcm arm64 /Users/runner/Library/Developer/Xcode/DerivedData/ModuleCache.noindex/CoreText-EOZFFA9B82E9EJHPYBMP2WKT.pcm

SwiftExplicitDependencyGeneratePcm arm64 /Users/runner/Library/Developer/Xcode/DerivedData/ModuleCache.noindex/WidgetKit-55YMKQY8JYLXO7BIAWSKFF87.pcm

SwiftExplicitDependencyGeneratePcm arm64 /Users/runner/Library/Developer/Xcode/DerivedData/ModuleCache.noindex/Symbols-SZC8MO4S1YZTVK3ELPLF3S4U.pcm

SwiftExplicitDependencyGeneratePcm arm64 /Users/runner/Library/Developer/Xcode/DerivedData/ModuleCache.noindex/OpenGLES-82TWM7C0577BS2KVO8L16P27M.pcm

SwiftExplicitDependencyGeneratePcm arm64 /Users/runner/Library/Developer/Xcode/DerivedData/ModuleCache.noindex/DataDetection-BF040KNVI9FYJV24F8P6N0DCI.pcm

SwiftExplicitDependencyGeneratePcm arm64 /Users/runner/Library/Developer/Xcode/DerivedData/ModuleCache.noindex/RelevanceKit-8MUAFGI4WPSXDYGTOS3LQ02KM.pcm

SwiftExplicitDependencyGeneratePcm arm64 /Users/runner/Library/Developer/Xcode/DerivedData/ModuleCache.noindex/Accessibility-35TMIJGXKNLT4HO5AQ9UX5OPF.pcm

SwiftExplicitDependencyGeneratePcm arm64 /Users/runner/Library/Developer/Xcode/DerivedData/ModuleCache.noindex/WidgetKit-9LKLTKV6WAL0DLCW1XL1PFE4J.pcm

SwiftExplicitDependencyGeneratePcm arm64 /Users/runner/Library/Developer/Xcode/DerivedData/ModuleCache.noindex/UserNotifications-2HQ8XVH7IPX162JD1MQ5R7KAO.pcm

SwiftExplicitDependencyGeneratePcm arm64 /Users/runner/Library/Developer/Xcode/DerivedData/ModuleCache.noindex/UIUtilities-728VOWUFOTY6FOHT0CUV2IPBI.pcm

SwiftExplicitDependencyGeneratePcm arm64 /Users/runner/Library/Developer/Xcode/DerivedData/ModuleCache.noindex/Accessibility-2DIA3XDS7BMIH99L2CTTCU026.pcm

SwiftExplicitDependencyGeneratePcm arm64 /Users/runner/Library/Developer/Xcode/DerivedData/ModuleCache.noindex/RelevanceKit-CTJ4FBQ8KCHK2NPCBT6V3VAN6.pcm

SwiftExplicitDependencyGeneratePcm arm64 /Users/runner/Library/Developer/Xcode/DerivedData/ModuleCache.noindex/IOSurface-692WCWWT96RLWFNBYZ9AIDXR8.pcm

SwiftExplicitDependencyGeneratePcm arm64 /Users/runner/Library/Developer/Xcode/DerivedData/ModuleCache.noindex/CoreTransferable-8AQB1L5X7TM3MMZBIR34JOIMF.pcm

SwiftExplicitDependencyGeneratePcm arm64 /Users/runner/Library/Developer/Xcode/DerivedData/ModuleCache.noindex/FileProvider-2UEJUV9930UBEHC3NH79CX53R.pcm

SwiftExplicitDependencyGeneratePcm arm64 /Users/runner/Library/Developer/Xcode/DerivedData/ModuleCache.noindex/Symbols-9MH9V61DC6VFEQBE5PR5BDPEJ.pcm

SwiftExplicitDependencyGeneratePcm x86_64 /Users/runner/Library/Developer/Xcode/DerivedData/ModuleCache.noindex/Spatial-11ZRDGEK4GW448Q5M4W514U3O.pcm

SwiftExplicitDependencyGeneratePcm arm64 /Users/runner/Library/Developer/Xcode/DerivedData/ModuleCache.noindex/AppIntents-8SIO3E3RG3VA1MB3M24PVFOLB.pcm

SwiftExplicitDependencyGeneratePcm arm64 /Users/runner/Library/Developer/Xcode/DerivedData/ModuleCache.noindex/_LocationEssentials-4GPXR2K0FMAQCI5JI7NO7LZPO.pcm

SwiftExplicitDependencyGeneratePcm arm64 /Users/runner/Library/Developer/Xcode/DerivedData/ModuleCache.noindex/Metal-8D5GSTQ28D5OLRB1A8LRV59T0.pcm

SwiftExplicitDependencyGeneratePcm arm64 /Users/runner/Library/Developer/Xcode/DerivedData/ModuleCache.noindex/UserNotifications-QX4Y6N4R3ZICYY0IUN7FI8I9.pcm

SwiftExplicitDependencyGeneratePcm arm64 /Users/runner/Library/Developer/Xcode/DerivedData/ModuleCache.noindex/CoreLocation-5RVX10ZVM660N5EK9C0SV2EUG.pcm

SwiftExplicitDependencyGeneratePcm arm64 /Users/runner/Library/Developer/Xcode/DerivedData/ModuleCache.noindex/UniformTypeIdentifiers-7LDEJ3JSDDPD1LGCA39W7RIAK.pcm

SwiftExplicitDependencyGeneratePcm arm64 /Users/runner/Library/Developer/Xcode/DerivedData/ModuleCache.noindex/UIUtilities-5QVGQPVA8I1QUJ20GBK38IZE1.pcm

SwiftExplicitDependencyGeneratePcm arm64 /Users/runner/Library/Developer/Xcode/DerivedData/ModuleCache.noindex/DataDetection-1DKXR01OFHDX5Z08EGSB06SA4.pcm

SwiftExplicitDependencyGeneratePcm arm64 /Users/runner/Library/Developer/Xcode/DerivedData/ModuleCache.noindex/AppIntents-BRK9TMX0J7SUGIKRN3VMQOACV.pcm

SwiftExplicitDependencyGeneratePcm arm64 /Users/runner/Library/Developer/Xcode/DerivedData/ModuleCache.noindex/UniformTypeIdentifiers-7GLF8TVPX990TP1NH59Y4125K.pcm

SwiftExplicitDependencyGeneratePcm arm64 /Users/runner/Library/Developer/Xcode/DerivedData/ModuleCache.noindex/Network-9K0Q37VUKT4GT5X53OFT58RX5.pcm

SwiftExplicitDependencyGeneratePcm arm64 /Users/runner/Library/Developer/Xcode/DerivedData/ModuleCache.noindex/OSLog-9072FFWO1BOTJYU3GF5AIZG40.pcm

SwiftExplicitDependencyGeneratePcm arm64 /Users/runner/Library/Developer/Xcode/DerivedData/ModuleCache.noindex/SceneKit-DOOC5VG34O13KKDL5FOY7OVWW.pcm

SwiftExplicitDependencyGeneratePcm arm64 /Users/runner/Library/Developer/Xcode/DerivedData/ModuleCache.noindex/CoreSpotlight-BUB88ANTKMSQ0NUG35XEFO6WV.pcm

SwiftExplicitDependencyGeneratePcm arm64 /Users/runner/Library/Developer/Xcode/DerivedData/ModuleCache.noindex/QuartzCore-85A2MF1RZ1MFCL5X41AIR9RBQ.pcm

SwiftExplicitDependencyGeneratePcm x86_64 /Users/runner/Library/Developer/Xcode/DerivedData/ModuleCache.noindex/XPC-CUDA5Z1K05FKDHYR5UQVWM459.pcm

SwiftExplicitDependencyGeneratePcm arm64 /Users/runner/Library/Developer/Xcode/DerivedData/ModuleCache.noindex/Network-8D3QUQBXMLWVY3LVJM2AKS39F.pcm

SwiftExplicitDependencyGeneratePcm arm64 /Users/runner/Library/Developer/Xcode/DerivedData/ModuleCache.noindex/UIKit-A8T76UUDE881NGJYAIDGW6K7A.pcm

SwiftExplicitDependencyGeneratePcm arm64 /Users/runner/Library/Developer/Xcode/DerivedData/ModuleCache.noindex/SwiftUICore-BK62852TIH6XSAGXPQGU7EWTS.pcm

SwiftExplicitDependencyGeneratePcm x86_64 /Users/runner/Library/Developer/Xcode/DerivedData/ModuleCache.noindex/Foundation-97XS0R3LBJ0WBRI6QPR03U0KN.pcm

SwiftExplicitDependencyGeneratePcm x86_64 /Users/runner/Library/Developer/Xcode/DerivedData/ModuleCache.noindex/os-EDZ8ZW0R6B73KU0PJ5R2Z63BE.pcm

SwiftExplicitDependencyGeneratePcm arm64 /Users/runner/Library/Developer/Xcode/DerivedData/ModuleCache.noindex/CoreData-ERQDGV2IZLSHGOW8W6RF592VK.pcm

SwiftExplicitDependencyGeneratePcm arm64 /Users/runner/Library/Developer/Xcode/DerivedData/ModuleCache.noindex/CoreData-340SREAV1KKAZAHJLJ6FBS8IZ.pcm

SwiftExplicitDependencyGeneratePcm arm64 /Users/runner/Library/Developer/Xcode/DerivedData/ModuleCache.noindex/CoreVideo-2GZTAPJHMGAP8TDY3GKNKYPIB.pcm

SwiftExplicitDependencyGeneratePcm arm64 /Users/runner/Library/Developer/Xcode/DerivedData/ModuleCache.noindex/_LocationEssentials-3F2DRRNK3MELZKT4JVP3ZBRC3.pcm

SwiftExplicitDependencyGeneratePcm x86_64 /Users/runner/Library/Developer/Xcode/DerivedData/ModuleCache.noindex/DataDetection-6EXPROEEKFJ765XNSBFEAF0OL.pcm

SwiftExplicitDependencyGeneratePcm x86_64 /Users/runner/Library/Developer/Xcode/DerivedData/ModuleCache.noindex/AppIntents-275Z4D8BRMQJJT9AZ5D85RSPP.pcm

SwiftExplicitDependencyGeneratePcm x86_64 /Users/runner/Library/Developer/Xcode/DerivedData/ModuleCache.noindex/OSLog-7RJWQXGV7FSSIFYKB6QRFOBWA.pcm

SwiftExplicitDependencyGeneratePcm x86_64 /Users/runner/Library/Developer/Xcode/DerivedData/ModuleCache.noindex/SceneKit-76K8D2JIF9D49GT9FLUXXKLEX.pcm

SwiftExplicitDependencyGeneratePcm x86_64 /Users/runner/Library/Developer/Xcode/DerivedData/ModuleCache.noindex/UIUtilities-ENWDG04WPPIXWW158NBXSD2WI.pcm

SwiftExplicitDependencyGeneratePcm x86_64 /Users/runner/Library/Developer/Xcode/DerivedData/ModuleCache.noindex/Network-AIVL4286141APZHADY1114PMG.pcm

SwiftExplicitDependencyGeneratePcm x86_64 /Users/runner/Library/Developer/Xcode/DerivedData/ModuleCache.noindex/CoreData-4XVJA92CMHPFM96V6YXF3NLM0.pcm

SwiftExplicitDependencyGeneratePcm arm64 /Users/runner/Library/Developer/Xcode/DerivedData/ModuleCache.noindex/HomeKit-AUV4Y7BKP209GP9TKLADES6Q9.pcm

SwiftExplicitDependencyGeneratePcm arm64 /Users/runner/Library/Developer/Xcode/DerivedData/ModuleCache.noindex/QuartzCore-DBCTVOMP1GFBQ3SUEQ0YXCMNS.pcm

SwiftExplicitDependencyGeneratePcm x86_64 /Users/runner/Library/Developer/Xcode/DerivedData/ModuleCache.noindex/Accessibility-BETXKTLHPW9OG38XLCAKNPJGC.pcm

SwiftExplicitDependencyGeneratePcm x86_64 /Users/runner/Library/Developer/Xcode/DerivedData/ModuleCache.noindex/UserNotifications-559ZHG9TQKVF5PEVIFH5N3UIM.pcm

SwiftExplicitDependencyGeneratePcm x86_64 /Users/runner/Library/Developer/Xcode/DerivedData/ModuleCache.noindex/CoreTransferable-8C1ZL1DTJI4HAZV6N9FGP4IVS.pcm

SwiftExplicitDependencyGeneratePcm x86_64 /Users/runner/Library/Developer/Xcode/DerivedData/ModuleCache.noindex/_LocationEssentials-6FDDSGJG4F5NLTM4OIMTRD681.pcm

SwiftExplicitDependencyGeneratePcm arm64 /Users/runner/Library/Developer/Xcode/DerivedData/ModuleCache.noindex/SwiftUICore-8JGWCX777NM2MRX5FPJB7LFYP.pcm

SwiftExplicitDependencyGeneratePcm x86_64 /Users/runner/Library/Developer/Xcode/DerivedData/ModuleCache.noindex/Symbols-B0PUJ8NEK3MVWMZY75WPLPC1T.pcm

SwiftExplicitDependencyGeneratePcm x86_64 /Users/runner/Library/Developer/Xcode/DerivedData/ModuleCache.noindex/WidgetKit-E35BRNRGAYCKUI1KHABZ3FZUK.pcm

SwiftExplicitDependencyGeneratePcm x86_64 /Users/runner/Library/Developer/Xcode/DerivedData/ModuleCache.noindex/CoreLocation-9BYDC0VPRV2NJWRF75HXNJDGZ.pcm

SwiftExplicitDependencyGeneratePcm x86_64 /Users/runner/Library/Developer/Xcode/DerivedData/ModuleCache.noindex/UniformTypeIdentifiers-32CRQAGEST30ETDZ1EF85OWVL.pcm

SwiftExplicitDependencyGeneratePcm arm64 /Users/runner/Library/Developer/Xcode/DerivedData/ModuleCache.noindex/CoreLocation-RZ3D9OFM5XH9PXSO72REOA02.pcm

SwiftExplicitDependencyGeneratePcm x86_64 /Users/runner/Library/Developer/Xcode/DerivedData/ModuleCache.noindex/RelevanceKit-8PD3YU8R9O2ZJO6NUE9TUOWZJ.pcm

SwiftExplicitDependencyGeneratePcm x86_64 /Users/runner/Library/Developer/Xcode/DerivedData/ModuleCache.noindex/Intents-T3UF3A52ZKX8P442K3041CRM.pcm

SwiftExplicitDependencyGeneratePcm arm64 /Users/runner/Library/Developer/Xcode/DerivedData/ModuleCache.noindex/ImageIO-B4D3135LP88MF1GPBWRVS4PRX.pcm

SwiftExplicitDependencyGeneratePcm arm64 /Users/runner/Library/Developer/Xcode/DerivedData/ModuleCache.noindex/Intents-2E8J3QE2EAURHMKQPORCAGUO7.pcm

SwiftExplicitDependencyGeneratePcm arm64 /Users/runner/Library/Developer/Xcode/DerivedData/ModuleCache.noindex/MapKit-CH4LNSE17GN5MUFYA4KDPGCJ1.pcm

SwiftExplicitDependencyGeneratePcm arm64 /Users/runner/Library/Developer/Xcode/DerivedData/ModuleCache.noindex/CoreImage-6B1IANJZRAAZJ3RMVMPM7A62T.pcm

SwiftExplicitDependencyGeneratePcm arm64 /Users/runner/Library/Developer/Xcode/DerivedData/ModuleCache.noindex/Intents-75UWJ6OT28H3TIWL7LWFDMTZS.pcm

SwiftExplicitDependencyGeneratePcm arm64 /Users/runner/Library/Developer/Xcode/DerivedData/ModuleCache.noindex/WatchKit-2JQWEDDR9TEU6Y3NEZ08VTN62.pcm

SwiftExplicitDependencyGeneratePcm arm64 /Users/runner/Library/Developer/Xcode/DerivedData/ModuleCache.noindex/os-38HJ17PBTNJZKH3HBPJT2S0J2.pcm

SwiftExplicitDependencyGeneratePcm arm64 /Users/runner/Library/Developer/Xcode/DerivedData/ModuleCache.noindex/UIKit-5ILYXT9E620F1EXMCPRSZTI56.pcm

SwiftExplicitDependencyGeneratePcm arm64 /Users/runner/Library/Developer/Xcode/DerivedData/ModuleCache.noindex/SwiftUI-4WCP1EZ9FVWQLOY4RLV7B7D3S.pcm

SwiftExplicitDependencyGeneratePcm arm64 /Users/runner/Library/Developer/Xcode/DerivedData/ModuleCache.noindex/OSLog-3RLJ4NT5CDM5H90PZAZD08NVA.pcm

SwiftEmitModule normal arm64 Emitting\ module\ for\ FamilienplanerWatchWidgets (in target 'FamilienplanerWatchWidgets' from project 'Familienplaner')

EmitSwiftModule normal arm64 (in target 'FamilienplanerWatchWidgets' from project 'Familienplaner')
    cd /Users/runner/work/familienplaner/familienplaner
    

SwiftExplicitDependencyGeneratePcm x86_64 /Users/runner/Library/Developer/Xcode/DerivedData/ModuleCache.noindex/CoreVideo-2IP512HDCLU4MNWYQMPHIGTBL.pcm

SwiftExplicitDependencyGeneratePcm arm64 /Users/runner/Library/Developer/Xcode/DerivedData/ModuleCache.noindex/CoreTransferable-46DHIRC9H3QC86X1PAP6KYHFQ.pcm

SwiftExplicitDependencyGeneratePcm x86_64 /Users/runner/Library/Developer/Xcode/DerivedData/ModuleCache.noindex/QuartzCore-EGTX7N8Q5RXCTMXZWAGRZ6QQB.pcm

SwiftCompile normal arm64 Compiling\ WatchSnapshot.swift /Users/runner/work/familienplaner/familienplaner/Shared/WatchSnapshot.swift (in target 'FamilienplanerWatchWidgets' from project 'Familienplaner')
SwiftCompile normal arm64 /Users/runner/work/familienplaner/familienplaner/Shared/WatchSnapshot.swift (in target 'FamilienplanerWatchWidgets' from project 'Familienplaner')
    cd /Users/runner/work/familienplaner/familienplaner
    

SwiftExplicitDependencyGeneratePcm x86_64 /Users/runner/Library/Developer/Xcode/DerivedData/ModuleCache.noindex/UIKit-E0F6OQUCQP9ZK3PKF5P1NGX29.pcm

SwiftDriverJobDiscovery normal arm64 Emitting module for FamilienplanerWatchWidgets (in target 'FamilienplanerWatchWidgets' from project 'Familienplaner')

SwiftDriver\ Compilation\ Requirements FamilienplanerWatchWidgets normal arm64 com.apple.xcode.tools.swift.compiler (in target 'FamilienplanerWatchWidgets' from project 'Familienplaner')
    cd /Users/runner/work/familienplaner/familienplaner
    builtin-Swift-Compilation-Requirements -- /Applications/Xcode_26.6.app/Contents/Developer/Toolchains/XcodeDefault.xctoolchain/usr/bin/swiftc -module-name FamilienplanerWatchWidgets -Onone @/Users/runner/Library/Developer/Xcode/DerivedData/Familienplaner-dmcrrzfthkjbwogvslwbznxtcpok/Build/Intermediates.noindex/Familienplaner.build/Debug-watchsimulator/FamilienplanerWatchWidgets.build/Objects-normal/arm64/FamilienplanerWatchWidgets.SwiftFileList -DDEBUG -enable-bare-slash-regex -enable-experimental-feature DebugDescriptionMacro -sdk /Applications/Xcode_26.6.app/Contents/Developer/Platforms/WatchSimulator.platform/Developer/SDKs/WatchSimulator26.5.sdk -target arm64-apple-watchos26.0-simulator -g -module-cache-path /Users/runner/Library/Developer/Xcode/DerivedData/ModuleCache.noindex -Xfrontend -serialize-debugging-options -application-extension -profile-coverage-mapping -profile-generate -enable-testing -index-store-path /Users/runner/Library/Developer/Xcode/DerivedData/Familienplaner-dmcrrzfthkjbwogvslwbznxtcpok/Index.noindex/DataStore -Xcc -D_LIBCPP_HARDENING_MODE\=_LIBCPP_HARDENING_MODE_DEBUG -swift-version 5 -I /Users/runner/Library/Developer/Xcode/DerivedData/Familienplaner-dmcrrzfthkjbwogvslwbznxtcpok/Build/Products/Debug-watchsimulator -F /Users/runner/Library/Developer/Xcode/DerivedData/Familienplaner-dmcrrzfthkjbwogvslwbznxtcpok/Build/Products/Debug-watchsimulator -c -j3 -enable-batch-mode -incremental -Xcc -ivfsstatcache -Xcc /Users/runner/Library/Developer/Xcode/DerivedData/SDKStatCaches.noindex/watchsimulator26.5-23T570-688ef53f1462e2c8f657fdc38a81448f4ff5b3021fd2b02f145790f94936b2db.sdkstatcache -output-file-map /Users/runner/Library/Developer/Xcode/DerivedData/Familienplaner-dmcrrzfthkjbwogvslwbznxtcpok/Build/Intermediates.noindex/Familienplaner.build/Debug-watchsimulator/FamilienplanerWatchWidgets.build/Objects-normal/arm64/FamilienplanerWatchWidgets-OutputFileMap.json -use-frontend-parseable-output -save-temps -no-color-diagnostics -explicit-module-build -module-cache-path /Users/runner/Library/Developer/Xcode/DerivedData/Familienplaner-dmcrrzfthkjbwogvslwbznxtcpok/Build/Intermediates.noindex/SwiftExplicitPrecompiledModules -clang-scanner-module-cache-path /Users/runner/Library/Developer/Xcode/DerivedData/ModuleCache.noindex -sdk-module-cache-path /Users/runner/Library/Developer/Xcode/DerivedData/ModuleCache.noindex -serialize-diagnostics -emit-dependencies -emit-module -emit-module-path /Users/runner/Library/Developer/Xcode/DerivedData/Familienplaner-dmcrrzfthkjbwogvslwbznxtcpok/Build/Intermediates.noindex/Familienplaner.build/Debug-watchsimulator/FamilienplanerWatchWidgets.build/Objects-normal/arm64/FamilienplanerWatchWidgets.swiftmodule -validate-clang-modules-once -clang-build-session-file /Users/runner/Library/Developer/Xcode/DerivedData/ModuleCache.noindex/Session.modulevalidation -Xcc -I/Users/runner/Library/Developer/Xcode/DerivedData/Familienplaner-dmcrrzfthkjbwogvslwbznxtcpok/Build/Intermediates.noindex/Familienplaner.build/Debug-watchsimulator/FamilienplanerWatchWidgets.build/swift-overrides.hmap -emit-const-values -Xfrontend -const-gather-protocols-file -Xfrontend /Users/runner/Library/Developer/Xcode/DerivedData/Familienplaner-dmcrrzfthkjbwogvslwbznxtcpok/Build/Intermediates.noindex/Familienplaner.build/Debug-watchsimulator/FamilienplanerWatchWidgets.build/Objects-normal/arm64/FamilienplanerWatchWidgets_const_extract_protocols.json -Xcc -iquote -Xcc /Users/runner/Library/Developer/Xcode/DerivedData/Familienplaner-dmcrrzfthkjbwogvslwbznxtcpok/Build/Intermediates.noindex/Familienplaner.build/Debug-watchsimulator/FamilienplanerWatchWidgets.build/FamilienplanerWatchWidgets-generated-files.hmap -Xcc -I/Users/runner/Library/Developer/Xcode/DerivedData/Familienplaner-dmcrrzfthkjbwogvslwbznxtcpok/Build/Intermediates.noindex/Familienplaner.build/Debug-watchsimulator/FamilienplanerWatchWidgets.build/FamilienplanerWatchWidgets-own-target-headers.hmap -Xcc -I/Users/runner/Library/Developer/Xcode/DerivedData/Familienplaner-dmcrrzfthkjbwogvslwbznxtcpok/Build/Intermediates.noindex/Familienplaner.build/Debug-watchsimulator/FamilienplanerWatchWidgets.build/FamilienplanerWatchWidgets-all-target-headers.hmap -Xcc -iquote -Xcc /Users/runner/Library/Developer/Xcode/DerivedData/Familienplaner-dmcrrzfthkjbwogvslwbznxtcpok/Build/Intermediates.noindex/Familienplaner.build/Debug-watchsimulator/FamilienplanerWatchWidgets.build/FamilienplanerWatchWidgets-project-headers.hmap -Xcc -I/Users/runner/Library/Developer/Xcode/DerivedData/Familienplaner-dmcrrzfthkjbwogvslwbznxtcpok/Build/Products/Debug-watchsimulator/include -Xcc -I/Users/runner/Library/Developer/Xcode/DerivedData/Familienplaner-dmcrrzfthkjbwogvslwbznxtcpok/Build/Intermediates.noindex/Familienplaner.build/Debug-watchsimulator/FamilienplanerWatchWidgets.build/DerivedSources-normal/arm64 -Xcc -I/Users/runner/Library/Developer/Xcode/DerivedData/Familienplaner-dmcrrzfthkjbwogvslwbznxtcpok/Build/Intermediates.noindex/Familienplaner.build/Debug-watchsimulator/FamilienplanerWatchWidgets.build/DerivedSources/arm64 -Xcc -I/Users/runner/Library/Developer/Xcode/DerivedData/Familienplaner-dmcrrzfthkjbwogvslwbznxtcpok/Build/Intermediates.noindex/Familienplaner.build/Debug-watchsimulator/FamilienplanerWatchWidgets.build/DerivedSources -Xcc -DDEBUG\=1 -emit-objc-header -emit-objc-header-path /Users/runner/Library/Developer/Xcode/DerivedData/Familienplaner-dmcrrzfthkjbwogvslwbznxtcpok/Build/Intermediates.noindex/Familienplaner.build/Debug-watchsimulator/FamilienplanerWatchWidgets.build/Objects-normal/arm64/FamilienplanerWatchWidgets-Swift.h -working-directory /Users/runner/work/familienplaner/familienplaner -experimental-emit-module-separately -disable-cmo

SwiftExplicitDependencyGeneratePcm arm64 /Users/runner/Library/Developer/Xcode/DerivedData/ModuleCache.noindex/SwiftUI-DFGVQW06LIMJ0LJG8O3I4DU2I.pcm

Copy /Users/runner/Library/Developer/Xcode/DerivedData/Familienplaner-dmcrrzfthkjbwogvslwbznxtcpok/Build/Products/Debug-watchsimulator/FamilienplanerWatchWidgets.swiftmodule/arm64-apple-watchos-simulator.swiftmodule /Users/runner/Library/Developer/Xcode/DerivedData/Familienplaner-dmcrrzfthkjbwogvslwbznxtcpok/Build/Intermediates.noindex/Familienplaner.build/Debug-watchsimulator/FamilienplanerWatchWidgets.build/Objects-normal/arm64/FamilienplanerWatchWidgets.swiftmodule (in target 'FamilienplanerWatchWidgets' from project 'Familienplaner')
    cd /Users/runner/work/familienplaner/familienplaner
    builtin-copy -exclude .DS_Store -exclude CVS -exclude .svn -exclude .git -exclude .hg -resolve-src-symlinks -rename /Users/runner/Library/Developer/Xcode/DerivedData/Familienplaner-dmcrrzfthkjbwogvslwbznxtcpok/Build/Intermediates.noindex/Familienplaner.build/Debug-watchsimulator/FamilienplanerWatchWidgets.build/Objects-normal/arm64/FamilienplanerWatchWidgets.swiftmodule /Users/runner/Library/Developer/Xcode/DerivedData/Familienplaner-dmcrrzfthkjbwogvslwbznxtcpok/Build/Products/Debug-watchsimulator/FamilienplanerWatchWidgets.swiftmodule/arm64-apple-watchos-simulator.swiftmodule

SwiftEmitModule normal arm64 Emitting\ module\ for\ FamilienplanerWidgets (in target 'FamilienplanerWidgets' from project 'Familienplaner')

EmitSwiftModule normal arm64 (in target 'FamilienplanerWidgets' from project 'Familienplaner')
    cd /Users/runner/work/familienplaner/familienplaner
    

Copy /Users/runner/Library/Developer/Xcode/DerivedData/Familienplaner-dmcrrzfthkjbwogvslwbznxtcpok/Build/Products/Debug-watchsimulator/FamilienplanerWatchWidgets.swiftmodule/arm64-apple-watchos-simulator.swiftdoc /Users/runner/Library/Developer/Xcode/DerivedData/Familienplaner-dmcrrzfthkjbwogvslwbznxtcpok/Build/Intermediates.noindex/Familienplaner.build/Debug-watchsimulator/FamilienplanerWatchWidgets.build/Objects-normal/arm64/FamilienplanerWatchWidgets.swiftdoc (in target 'FamilienplanerWatchWidgets' from project 'Familienplaner')
    cd /Users/runner/work/familienplaner/familienplaner
    builtin-copy -exclude .DS_Store -exclude CVS -exclude .svn -exclude .git -exclude .hg -resolve-src-symlinks -rename /Users/runner/Library/Developer/Xcode/DerivedData/Familienplaner-dmcrrzfthkjbwogvslwbznxtcpok/Build/Intermediates.noindex/Familienplaner.build/Debug-watchsimulator/FamilienplanerWatchWidgets.build/Objects-normal/arm64/FamilienplanerWatchWidgets.swiftdoc /Users/runner/Library/Developer/Xcode/DerivedData/Familienplaner-dmcrrzfthkjbwogvslwbznxtcpok/Build/Products/Debug-watchsimulator/FamilienplanerWatchWidgets.swiftmodule/arm64-apple-watchos-simulator.swiftdoc

Copy /Users/runner/Library/Developer/Xcode/DerivedData/Familienplaner-dmcrrzfthkjbwogvslwbznxtcpok/Build/Products/Debug-watchsimulator/FamilienplanerWatchWidgets.swiftmodule/arm64-apple-watchos-simulator.abi.json /Users/runner/Library/Developer/Xcode/DerivedData/Familienplaner-dmcrrzfthkjbwogvslwbznxtcpok/Build/Intermediates.noindex/Familienplaner.build/Debug-watchsimulator/FamilienplanerWatchWidgets.build/Objects-normal/arm64/FamilienplanerWatchWidgets.abi.json (in target 'FamilienplanerWatchWidgets' from project 'Familienplaner')
    cd /Users/runner/work/familienplaner/familienplaner
    builtin-copy -exclude .DS_Store -exclude CVS -exclude .svn -exclude .git -exclude .hg -resolve-src-symlinks -rename /Users/runner/Library/Developer/Xcode/DerivedData/Familienplaner-dmcrrzfthkjbwogvslwbznxtcpok/Build/Intermediates.noindex/Familienplaner.build/Debug-watchsimulator/FamilienplanerWatchWidgets.build/Objects-normal/arm64/FamilienplanerWatchWidgets.abi.json /Users/runner/Library/Developer/Xcode/DerivedData/Familienplaner-dmcrrzfthkjbwogvslwbznxtcpok/Build/Products/Debug-watchsimulator/FamilienplanerWatchWidgets.swiftmodule/arm64-apple-watchos-simulator.abi.json

Copy /Users/runner/Library/Developer/Xcode/DerivedData/Familienplaner-dmcrrzfthkjbwogvslwbznxtcpok/Build/Products/Debug-watchsimulator/FamilienplanerWatchWidgets.swiftmodule/Project/arm64-apple-watchos-simulator.swiftsourceinfo /Users/runner/Library/Developer/Xcode/DerivedData/Familienplaner-dmcrrzfthkjbwogvslwbznxtcpok/Build/Intermediates.noindex/Familienplaner.build/Debug-watchsimulator/FamilienplanerWatchWidgets.build/Objects-normal/arm64/FamilienplanerWatchWidgets.swiftsourceinfo (in target 'FamilienplanerWatchWidgets' from project 'Familienplaner')
    cd /Users/runner/work/familienplaner/familienplaner
    builtin-copy -exclude .DS_Store -exclude CVS -exclude .svn -exclude .git -exclude .hg -resolve-src-symlinks -rename /Users/runner/Library/Developer/Xcode/DerivedData/Familienplaner-dmcrrzfthkjbwogvslwbznxtcpok/Build/Intermediates.noindex/Familienplaner.build/Debug-watchsimulator/FamilienplanerWatchWidgets.build/Objects-normal/arm64/FamilienplanerWatchWidgets.swiftsourceinfo /Users/runner/Library/Developer/Xcode/DerivedData/Familienplaner-dmcrrzfthkjbwogvslwbznxtcpok/Build/Products/Debug-watchsimulator/FamilienplanerWatchWidgets.swiftmodule/Project/arm64-apple-watchos-simulator.swiftsourceinfo

SwiftExplicitDependencyGeneratePcm x86_64 /Users/runner/Library/Developer/Xcode/DerivedData/ModuleCache.noindex/MapKit-13M1CSEAOWY2GB7V23S3ND8YW.pcm

SwiftExplicitDependencyGeneratePcm x86_64 /Users/runner/Library/Developer/Xcode/DerivedData/ModuleCache.noindex/SwiftUICore-1DDOOPELE82XKYDMJ38TT8RXP.pcm

SwiftDriverJobDiscovery normal arm64 Emitting module for FamilienplanerWidgets (in target 'FamilienplanerWidgets' from project 'Familienplaner')

SwiftDriver\ Compilation\ Requirements FamilienplanerWidgets normal arm64 com.apple.xcode.tools.swift.compiler (in target 'FamilienplanerWidgets' from project 'Familienplaner')
    cd /Users/runner/work/familienplaner/familienplaner
    builtin-Swift-Compilation-Requirements -- /Applications/Xcode_26.6.app/Contents/Developer/Toolchains/XcodeDefault.xctoolchain/usr/bin/swiftc -module-name FamilienplanerWidgets -Onone @/Users/runner/Library/Developer/Xcode/DerivedData/Familienplaner-dmcrrzfthkjbwogvslwbznxtcpok/Build/Intermediates.noindex/Familienplaner.build/Debug-iphonesimulator/FamilienplanerWidgets.build/Objects-normal/arm64/FamilienplanerWidgets.SwiftFileList -DDEBUG -enable-bare-slash-regex -enable-experimental-feature DebugDescriptionMacro -sdk /Applications/Xcode_26.6.app/Contents/Developer/Platforms/iPhoneSimulator.platform/Developer/SDKs/iPhoneSimulator26.5.sdk -target arm64-apple-ios26.0-simulator -g -module-cache-path /Users/runner/Library/Developer/Xcode/DerivedData/ModuleCache.noindex -Xfrontend -serialize-debugging-options -application-extension -profile-coverage-mapping -profile-generate -enable-testing -index-store-path /Users/runner/Library/Developer/Xcode/DerivedData/Familienplaner-dmcrrzfthkjbwogvslwbznxtcpok/Index.noindex/DataStore -Xcc -D_LIBCPP_HARDENING_MODE\=_LIBCPP_HARDENING_MODE_DEBUG -swift-version 5 -I /Users/runner/Library/Developer/Xcode/DerivedData/Familienplaner-dmcrrzfthkjbwogvslwbznxtcpok/Build/Products/Debug-iphonesimulator -F /Users/runner/Library/Developer/Xcode/DerivedData/Familienplaner-dmcrrzfthkjbwogvslwbznxtcpok/Build/Products/Debug-iphonesimulator -c -j3 -enable-batch-mode -incremental -Xcc -ivfsstatcache -Xcc /Users/runner/Library/Developer/Xcode/DerivedData/SDKStatCaches.noindex/iphonesimulator26.5-23F81a-688ef53f1462e2c8f657fdc38a81448ff45c64a1807a658693f2a61704f17a36.sdkstatcache -output-file-map /Users/runner/Library/Developer/Xcode/DerivedData/Familienplaner-dmcrrzfthkjbwogvslwbznxtcpok/Build/Intermediates.noindex/Familienplaner.build/Debug-iphonesimulator/FamilienplanerWidgets.build/Objects-normal/arm64/FamilienplanerWidgets-OutputFileMap.json -use-frontend-parseable-output -save-temps -no-color-diagnostics -explicit-module-build -module-cache-path /Users/runner/Library/Developer/Xcode/DerivedData/Familienplaner-dmcrrzfthkjbwogvslwbznxtcpok/Build/Intermediates.noindex/SwiftExplicitPrecompiledModules -clang-scanner-module-cache-path /Users/runner/Library/Developer/Xcode/DerivedData/ModuleCache.noindex -sdk-module-cache-path /Users/runner/Library/Developer/Xcode/DerivedData/ModuleCache.noindex -serialize-diagnostics -emit-dependencies -emit-module -emit-module-path /Users/runner/Library/Developer/Xcode/DerivedData/Familienplaner-dmcrrzfthkjbwogvslwbznxtcpok/Build/Intermediates.noindex/Familienplaner.build/Debug-iphonesimulator/FamilienplanerWidgets.build/Objects-normal/arm64/FamilienplanerWidgets.swiftmodule -validate-clang-modules-once -clang-build-session-file /Users/runner/Library/Developer/Xcode/DerivedData/ModuleCache.noindex/Session.modulevalidation -Xcc -I/Users/runner/Library/Developer/Xcode/DerivedData/Familienplaner-dmcrrzfthkjbwogvslwbznxtcpok/Build/Intermediates.noindex/Familienplaner.build/Debug-iphonesimulator/FamilienplanerWidgets.build/swift-overrides.hmap -emit-const-values -Xfrontend -const-gather-protocols-file -Xfrontend /Users/runner/Library/Developer/Xcode/DerivedData/Familienplaner-dmcrrzfthkjbwogvslwbznxtcpok/Build/Intermediates.noindex/Familienplaner.build/Debug-iphonesimulator/FamilienplanerWidgets.build/Objects-normal/arm64/FamilienplanerWidgets_const_extract_protocols.json -Xcc -iquote -Xcc /Users/runner/Library/Developer/Xcode/DerivedData/Familienplaner-dmcrrzfthkjbwogvslwbznxtcpok/Build/Intermediates.noindex/Familienplaner.build/Debug-iphonesimulator/FamilienplanerWidgets.build/FamilienplanerWidgets-generated-files.hmap -Xcc -I/Users/runner/Library/Developer/Xcode/DerivedData/Familienplaner-dmcrrzfthkjbwogvslwbznxtcpok/Build/Intermediates.noindex/Familienplaner.build/Debug-iphonesimulator/FamilienplanerWidgets.build/FamilienplanerWidgets-own-target-headers.hmap -Xcc -I/Users/runner/Library/Developer/Xcode/DerivedData/Familienplaner-dmcrrzfthkjbwogvslwbznxtcpok/Build/Intermediates.noindex/Familienplaner.build/Debug-iphonesimulator/FamilienplanerWidgets.build/FamilienplanerWidgets-all-target-headers.hmap -Xcc -iquote -Xcc /Users/runner/Library/Developer/Xcode/DerivedData/Familienplaner-dmcrrzfthkjbwogvslwbznxtcpok/Build/Intermediates.noindex/Familienplaner.build/Debug-iphonesimulator/FamilienplanerWidgets.build/FamilienplanerWidgets-project-headers.hmap -Xcc -I/Users/runner/Library/Developer/Xcode/DerivedData/Familienplaner-dmcrrzfthkjbwogvslwbznxtcpok/Build/Products/Debug-iphonesimulator/include -Xcc -I/Users/runner/Library/Developer/Xcode/DerivedData/Familienplaner-dmcrrzfthkjbwogvslwbznxtcpok/Build/Intermediates.noindex/Familienplaner.build/Debug-iphonesimulator/FamilienplanerWidgets.build/DerivedSources-normal/arm64 -Xcc -I/Users/runner/Library/Developer/Xcode/DerivedData/Familienplaner-dmcrrzfthkjbwogvslwbznxtcpok/Build/Intermediates.noindex/Familienplaner.build/Debug-iphonesimulator/FamilienplanerWidgets.build/DerivedSources/arm64 -Xcc -I/Users/runner/Library/Developer/Xcode/DerivedData/Familienplaner-dmcrrzfthkjbwogvslwbznxtcpok/Build/Intermediates.noindex/Familienplaner.build/Debug-iphonesimulator/FamilienplanerWidgets.build/DerivedSources -Xcc -DDEBUG\=1 -emit-objc-header -emit-objc-header-path /Users/runner/Library/Developer/Xcode/DerivedData/Familienplaner-dmcrrzfthkjbwogvslwbznxtcpok/Build/Intermediates.noindex/Familienplaner.build/Debug-iphonesimulator/FamilienplanerWidgets.build/Objects-normal/arm64/FamilienplanerWidgets-Swift.h -working-directory /Users/runner/work/familienplaner/familienplaner -experimental-emit-module-separately -disable-cmo

SwiftExplicitDependencyGeneratePcm arm64 /Users/runner/Library/Developer/Xcode/DerivedData/ModuleCache.noindex/PDFKit-DBB152GDJGWG0QC1407RBXY2.pcm

SwiftMergeGeneratedHeaders /Users/runner/Library/Developer/Xcode/DerivedData/Familienplaner-dmcrrzfthkjbwogvslwbznxtcpok/Build/Intermediates.noindex/Familienplaner.build/Debug-iphonesimulator/FamilienplanerWidgets.build/DerivedSources/FamilienplanerWidgets-Swift.h /Users/runner/Library/Developer/Xcode/DerivedData/Familienplaner-dmcrrzfthkjbwogvslwbznxtcpok/Build/Intermediates.noindex/Familienplaner.build/Debug-iphonesimulator/FamilienplanerWidgets.build/Objects-normal/arm64/FamilienplanerWidgets-Swift.h (in target 'FamilienplanerWidgets' from project 'Familienplaner')
    cd /Users/runner/work/familienplaner/familienplaner
    builtin-swiftHeaderTool -arch arm64 /Users/runner/Library/Developer/Xcode/DerivedData/Familienplaner-dmcrrzfthkjbwogvslwbznxtcpok/Build/Intermediates.noindex/Familienplaner.build/Debug-iphonesimulator/FamilienplanerWidgets.build/Objects-normal/arm64/FamilienplanerWidgets-Swift.h -o /Users/runner/Library/Developer/Xcode/DerivedData/Familienplaner-dmcrrzfthkjbwogvslwbznxtcpok/Build/Intermediates.noindex/Familienplaner.build/Debug-iphonesimulator/FamilienplanerWidgets.build/DerivedSources/FamilienplanerWidgets-Swift.h

Copy /Users/runner/Library/Developer/Xcode/DerivedData/Familienplaner-dmcrrzfthkjbwogvslwbznxtcpok/Build/Products/Debug-iphonesimulator/FamilienplanerWidgets.swiftmodule/arm64-apple-ios-simulator.swiftmodule /Users/runner/Library/Developer/Xcode/DerivedData/Familienplaner-dmcrrzfthkjbwogvslwbznxtcpok/Build/Intermediates.noindex/Familienplaner.build/Debug-iphonesimulator/FamilienplanerWidgets.build/Objects-normal/arm64/FamilienplanerWidgets.swiftmodule (in target 'FamilienplanerWidgets' from project 'Familienplaner')
    cd /Users/runner/work/familienplaner/familienplaner
    builtin-copy -exclude .DS_Store -exclude CVS -exclude .svn -exclude .git -exclude .hg -resolve-src-symlinks -rename /Users/runner/Library/Developer/Xcode/DerivedData/Familienplaner-dmcrrzfthkjbwogvslwbznxtcpok/Build/Intermediates.noindex/Familienplaner.build/Debug-iphonesimulator/FamilienplanerWidgets.build/Objects-normal/arm64/FamilienplanerWidgets.swiftmodule /Users/runner/Library/Developer/Xcode/DerivedData/Familienplaner-dmcrrzfthkjbwogvslwbznxtcpok/Build/Products/Debug-iphonesimulator/FamilienplanerWidgets.swiftmodule/arm64-apple-ios-simulator.swiftmodule

Copy /Users/runner/Library/Developer/Xcode/DerivedData/Familienplaner-dmcrrzfthkjbwogvslwbznxtcpok/Build/Products/Debug-iphonesimulator/FamilienplanerWidgets.swiftmodule/arm64-apple-ios-simulator.swiftdoc /Users/runner/Library/Developer/Xcode/DerivedData/Familienplaner-dmcrrzfthkjbwogvslwbznxtcpok/Build/Intermediates.noindex/Familienplaner.build/Debug-iphonesimulator/FamilienplanerWidgets.build/Objects-normal/arm64/FamilienplanerWidgets.swiftdoc (in target 'FamilienplanerWidgets' from project 'Familienplaner')
    cd /Users/runner/work/familienplaner/familienplaner
    builtin-copy -exclude .DS_Store -exclude CVS -exclude .svn -exclude .git -exclude .hg -resolve-src-symlinks -rename /Users/runner/Library/Developer/Xcode/DerivedData/Familienplaner-dmcrrzfthkjbwogvslwbznxtcpok/Build/Intermediates.noindex/Familienplaner.build/Debug-iphonesimulator/FamilienplanerWidgets.build/Objects-normal/arm64/FamilienplanerWidgets.swiftdoc /Users/runner/Library/Developer/Xcode/DerivedData/Familienplaner-dmcrrzfthkjbwogvslwbznxtcpok/Build/Products/Debug-iphonesimulator/FamilienplanerWidgets.swiftmodule/arm64-apple-ios-simulator.swiftdoc

Copy /Users/runner/Library/Developer/Xcode/DerivedData/Familienplaner-dmcrrzfthkjbwogvslwbznxtcpok/Build/Products/Debug-iphonesimulator/FamilienplanerWidgets.swiftmodule/arm64-apple-ios-simulator.abi.json /Users/runner/Library/Developer/Xcode/DerivedData/Familienplaner-dmcrrzfthkjbwogvslwbznxtcpok/Build/Intermediates.noindex/Familienplaner.build/Debug-iphonesimulator/FamilienplanerWidgets.build/Objects-normal/arm64/FamilienplanerWidgets.abi.json (in target 'FamilienplanerWidgets' from project 'Familienplaner')
    cd /Users/runner/work/familienplaner/familienplaner
    builtin-copy -exclude .DS_Store -exclude CVS -exclude .svn -exclude .git -exclude .hg -resolve-src-symlinks -rename /Users/runner/Library/Developer/Xcode/DerivedData/Familienplaner-dmcrrzfthkjbwogvslwbznxtcpok/Build/Intermediates.noindex/Familienplaner.build/Debug-iphonesimulator/FamilienplanerWidgets.build/Objects-normal/arm64/FamilienplanerWidgets.abi.json /Users/runner/Library/Developer/Xcode/DerivedData/Familienplaner-dmcrrzfthkjbwogvslwbznxtcpok/Build/Products/Debug-iphonesimulator/FamilienplanerWidgets.swiftmodule/arm64-apple-ios-simulator.abi.json

Copy /Users/runner/Library/Developer/Xcode/DerivedData/Familienplaner-dmcrrzfthkjbwogvslwbznxtcpok/Build/Products/Debug-iphonesimulator/FamilienplanerWidgets.swiftmodule/Project/arm64-apple-ios-simulator.swiftsourceinfo /Users/runner/Library/Developer/Xcode/DerivedData/Familienplaner-dmcrrzfthkjbwogvslwbznxtcpok/Build/Intermediates.noindex/Familienplaner.build/Debug-iphonesimulator/FamilienplanerWidgets.build/Objects-normal/arm64/FamilienplanerWidgets.swiftsourceinfo (in target 'FamilienplanerWidgets' from project 'Familienplaner')
    cd /Users/runner/work/familienplaner/familienplaner
    builtin-copy -exclude .DS_Store -exclude CVS -exclude .svn -exclude .git -exclude .hg -resolve-src-symlinks -rename /Users/runner/Library/Developer/Xcode/DerivedData/Familienplaner-dmcrrzfthkjbwogvslwbznxtcpok/Build/Intermediates.noindex/Familienplaner.build/Debug-iphonesimulator/FamilienplanerWidgets.build/Objects-normal/arm64/FamilienplanerWidgets.swiftsourceinfo /Users/runner/Library/Developer/Xcode/DerivedData/Familienplaner-dmcrrzfthkjbwogvslwbznxtcpok/Build/Products/Debug-iphonesimulator/FamilienplanerWidgets.swiftmodule/Project/arm64-apple-ios-simulator.swiftsourceinfo

SwiftExplicitDependencyGeneratePcm x86_64 /Users/runner/Library/Developer/Xcode/DerivedData/ModuleCache.noindex/HomeKit-26UPUH4M9XMLTBWAZSWLV6W8N.pcm

SwiftCompile normal arm64 Compiling\ FamilienplanerWidgets.swift,\ SharedInbox.swift /Users/runner/work/familienplaner/familienplaner/Widgets/FamilienplanerWidgets.swift /Users/runner/work/familienplaner/familienplaner/Shared/SharedInbox.swift (in target 'FamilienplanerWidgets' from project 'Familienplaner')
SwiftCompile normal arm64 /Users/runner/work/familienplaner/familienplaner/Widgets/FamilienplanerWidgets.swift (in target 'FamilienplanerWidgets' from project 'Familienplaner')
    cd /Users/runner/work/familienplaner/familienplaner
    

SwiftCompile normal arm64 /Users/runner/work/familienplaner/familienplaner/Shared/SharedInbox.swift (in target 'FamilienplanerWidgets' from project 'Familienplaner')
    cd /Users/runner/work/familienplaner/familienplaner
    

SwiftEmitModule normal arm64 Emitting\ module\ for\ FamilienplanerShare (in target 'FamilienplanerShare' from project 'Familienplaner')

EmitSwiftModule normal arm64 (in target 'FamilienplanerShare' from project 'Familienplaner')
    cd /Users/runner/work/familienplaner/familienplaner
    

SwiftExplicitDependencyGeneratePcm x86_64 /Users/runner/Library/Developer/Xcode/DerivedData/ModuleCache.noindex/WatchKit-DPNBSXHBFEQ3QPW950ZNOMD3X.pcm

SwiftDriverJobDiscovery normal arm64 Emitting module for FamilienplanerShare (in target 'FamilienplanerShare' from project 'Familienplaner')

SwiftDriver\ Compilation\ Requirements FamilienplanerShare normal arm64 com.apple.xcode.tools.swift.compiler (in target 'FamilienplanerShare' from project 'Familienplaner')
    cd /Users/runner/work/familienplaner/familienplaner
    builtin-Swift-Compilation-Requirements -- /Applications/Xcode_26.6.app/Contents/Developer/Toolchains/XcodeDefault.xctoolchain/usr/bin/swiftc -module-name FamilienplanerShare -Onone @/Users/runner/Library/Developer/Xcode/DerivedData/Familienplaner-dmcrrzfthkjbwogvslwbznxtcpok/Build/Intermediates.noindex/Familienplaner.build/Debug-iphonesimulator/FamilienplanerShare.build/Objects-normal/arm64/FamilienplanerShare.SwiftFileList -DDEBUG -enable-bare-slash-regex -enable-experimental-feature DebugDescriptionMacro -sdk /Applications/Xcode_26.6.app/Contents/Developer/Platforms/iPhoneSimulator.platform/Developer/SDKs/iPhoneSimulator26.5.sdk -target arm64-apple-ios26.0-simulator -g -module-cache-path /Users/runner/Library/Developer/Xcode/DerivedData/ModuleCache.noindex -Xfrontend -serialize-debugging-options -application-extension -profile-coverage-mapping -profile-generate -enable-testing -index-store-path /Users/runner/Library/Developer/Xcode/DerivedData/Familienplaner-dmcrrzfthkjbwogvslwbznxtcpok/Index.noindex/DataStore -Xcc -D_LIBCPP_HARDENING_MODE\=_LIBCPP_HARDENING_MODE_DEBUG -swift-version 5 -I /Users/runner/Library/Developer/Xcode/DerivedData/Familienplaner-dmcrrzfthkjbwogvslwbznxtcpok/Build/Products/Debug-iphonesimulator -F /Users/runner/Library/Developer/Xcode/DerivedData/Familienplaner-dmcrrzfthkjbwogvslwbznxtcpok/Build/Products/Debug-iphonesimulator -c -j3 -enable-batch-mode -incremental -Xcc -ivfsstatcache -Xcc /Users/runner/Library/Developer/Xcode/DerivedData/SDKStatCaches.noindex/iphonesimulator26.5-23F81a-688ef53f1462e2c8f657fdc38a81448ff45c64a1807a658693f2a61704f17a36.sdkstatcache -output-file-map /Users/runner/Library/Developer/Xcode/DerivedData/Familienplaner-dmcrrzfthkjbwogvslwbznxtcpok/Build/Intermediates.noindex/Familienplaner.build/Debug-iphonesimulator/FamilienplanerShare.build/Objects-normal/arm64/FamilienplanerShare-OutputFileMap.json -use-frontend-parseable-output -save-temps -no-color-diagnostics -explicit-module-build -module-cache-path /Users/runner/Library/Developer/Xcode/DerivedData/Familienplaner-dmcrrzfthkjbwogvslwbznxtcpok/Build/Intermediates.noindex/SwiftExplicitPrecompiledModules -clang-scanner-module-cache-path /Users/runner/Library/Developer/Xcode/DerivedData/ModuleCache.noindex -sdk-module-cache-path /Users/runner/Library/Developer/Xcode/DerivedData/ModuleCache.noindex -serialize-diagnostics -emit-dependencies -emit-module -emit-module-path /Users/runner/Library/Developer/Xcode/DerivedData/Familienplaner-dmcrrzfthkjbwogvslwbznxtcpok/Build/Intermediates.noindex/Familienplaner.build/Debug-iphonesimulator/FamilienplanerShare.build/Objects-normal/arm64/FamilienplanerShare.swiftmodule -validate-clang-modules-once -clang-build-session-file /Users/runner/Library/Developer/Xcode/DerivedData/ModuleCache.noindex/Session.modulevalidation -Xcc -I/Users/runner/Library/Developer/Xcode/DerivedData/Familienplaner-dmcrrzfthkjbwogvslwbznxtcpok/Build/Intermediates.noindex/Familienplaner.build/Debug-iphonesimulator/FamilienplanerShare.build/swift-overrides.hmap -emit-const-values -Xfrontend -const-gather-protocols-file -Xfrontend /Users/runner/Library/Developer/Xcode/DerivedData/Familienplaner-dmcrrzfthkjbwogvslwbznxtcpok/Build/Intermediates.noindex/Familienplaner.build/Debug-iphonesimulator/FamilienplanerShare.build/Objects-normal/arm64/FamilienplanerShare_const_extract_protocols.json -Xcc -iquote -Xcc /Users/runner/Library/Developer/Xcode/DerivedData/Familienplaner-dmcrrzfthkjbwogvslwbznxtcpok/Build/Intermediates.noindex/Familienplaner.build/Debug-iphonesimulator/FamilienplanerShare.build/FamilienplanerShare-generated-files.hmap -Xcc -I/Users/runner/Library/Developer/Xcode/DerivedData/Familienplaner-dmcrrzfthkjbwogvslwbznxtcpok/Build/Intermediates.noindex/Familienplaner.build/Debug-iphonesimulator/FamilienplanerShare.build/FamilienplanerShare-own-target-headers.hmap -Xcc -I/Users/runner/Library/Developer/Xcode/DerivedData/Familienplaner-dmcrrzfthkjbwogvslwbznxtcpok/Build/Intermediates.noindex/Familienplaner.build/Debug-iphonesimulator/FamilienplanerShare.build/FamilienplanerShare-all-target-headers.hmap -Xcc -iquote -Xcc /Users/runner/Library/Developer/Xcode/DerivedData/Familienplaner-dmcrrzfthkjbwogvslwbznxtcpok/Build/Intermediates.noindex/Familienplaner.build/Debug-iphonesimulator/FamilienplanerShare.build/FamilienplanerShare-project-headers.hmap -Xcc -I/Users/runner/Library/Developer/Xcode/DerivedData/Familienplaner-dmcrrzfthkjbwogvslwbznxtcpok/Build/Products/Debug-iphonesimulator/include -Xcc -I/Users/runner/Library/Developer/Xcode/DerivedData/Familienplaner-dmcrrzfthkjbwogvslwbznxtcpok/Build/Intermediates.noindex/Familienplaner.build/Debug-iphonesimulator/FamilienplanerShare.build/DerivedSources-normal/arm64 -Xcc -I/Users/runner/Library/Developer/Xcode/DerivedData/Familienplaner-dmcrrzfthkjbwogvslwbznxtcpok/Build/Intermediates.noindex/Familienplaner.build/Debug-iphonesimulator/FamilienplanerShare.build/DerivedSources/arm64 -Xcc -I/Users/runner/Library/Developer/Xcode/DerivedData/Familienplaner-dmcrrzfthkjbwogvslwbznxtcpok/Build/Intermediates.noindex/Familienplaner.build/Debug-iphonesimulator/FamilienplanerShare.build/DerivedSources -Xcc -DDEBUG\=1 -emit-objc-header -emit-objc-header-path /Users/runner/Library/Developer/Xcode/DerivedData/Familienplaner-dmcrrzfthkjbwogvslwbznxtcpok/Build/Intermediates.noindex/Familienplaner.build/Debug-iphonesimulator/FamilienplanerShare.build/Objects-normal/arm64/FamilienplanerShare-Swift.h -working-directory /Users/runner/work/familienplaner/familienplaner -experimental-emit-module-separately -disable-cmo

SwiftExplicitDependencyGeneratePcm x86_64 /Users/runner/Library/Developer/Xcode/DerivedData/ModuleCache.noindex/SwiftUI-8D1F9VWF7IC6BJ4K4UZ0H2D7O.pcm

SwiftMergeGeneratedHeaders /Users/runner/Library/Developer/Xcode/DerivedData/Familienplaner-dmcrrzfthkjbwogvslwbznxtcpok/Build/Intermediates.noindex/Familienplaner.build/Debug-iphonesimulator/FamilienplanerShare.build/DerivedSources/FamilienplanerShare-Swift.h /Users/runner/Library/Developer/Xcode/DerivedData/Familienplaner-dmcrrzfthkjbwogvslwbznxtcpok/Build/Intermediates.noindex/Familienplaner.build/Debug-iphonesimulator/FamilienplanerShare.build/Objects-normal/arm64/FamilienplanerShare-Swift.h (in target 'FamilienplanerShare' from project 'Familienplaner')
    cd /Users/runner/work/familienplaner/familienplaner
    builtin-swiftHeaderTool -arch arm64 /Users/runner/Library/Developer/Xcode/DerivedData/Familienplaner-dmcrrzfthkjbwogvslwbznxtcpok/Build/Intermediates.noindex/Familienplaner.build/Debug-iphonesimulator/FamilienplanerShare.build/Objects-normal/arm64/FamilienplanerShare-Swift.h -o /Users/runner/Library/Developer/Xcode/DerivedData/Familienplaner-dmcrrzfthkjbwogvslwbznxtcpok/Build/Intermediates.noindex/Familienplaner.build/Debug-iphonesimulator/FamilienplanerShare.build/DerivedSources/FamilienplanerShare-Swift.h

SwiftEmitModule normal x86_64 Emitting\ module\ for\ FamilienplanerWatchWidgets (in target 'FamilienplanerWatchWidgets' from project 'Familienplaner')

EmitSwiftModule normal x86_64 (in target 'FamilienplanerWatchWidgets' from project 'Familienplaner')
    cd /Users/runner/work/familienplaner/familienplaner
    

Copy /Users/runner/Library/Developer/Xcode/DerivedData/Familienplaner-dmcrrzfthkjbwogvslwbznxtcpok/Build/Products/Debug-iphonesimulator/FamilienplanerShare.swiftmodule/arm64-apple-ios-simulator.swiftmodule /Users/runner/Library/Developer/Xcode/DerivedData/Familienplaner-dmcrrzfthkjbwogvslwbznxtcpok/Build/Intermediates.noindex/Familienplaner.build/Debug-iphonesimulator/FamilienplanerShare.build/Objects-normal/arm64/FamilienplanerShare.swiftmodule (in target 'FamilienplanerShare' from project 'Familienplaner')
    cd /Users/runner/work/familienplaner/familienplaner
    builtin-copy -exclude .DS_Store -exclude CVS -exclude .svn -exclude .git -exclude .hg -resolve-src-symlinks -rename /Users/runner/Library/Developer/Xcode/DerivedData/Familienplaner-dmcrrzfthkjbwogvslwbznxtcpok/Build/Intermediates.noindex/Familienplaner.build/Debug-iphonesimulator/FamilienplanerShare.build/Objects-normal/arm64/FamilienplanerShare.swiftmodule /Users/runner/Library/Developer/Xcode/DerivedData/Familienplaner-dmcrrzfthkjbwogvslwbznxtcpok/Build/Products/Debug-iphonesimulator/FamilienplanerShare.swiftmodule/arm64-apple-ios-simulator.swiftmodule

SwiftDriverJobDiscovery normal arm64 Compiling WatchSnapshot.swift (in target 'FamilienplanerWatchWidgets' from project 'Familienplaner')

Copy /Users/runner/Library/Developer/Xcode/DerivedData/Familienplaner-dmcrrzfthkjbwogvslwbznxtcpok/Build/Products/Debug-iphonesimulator/FamilienplanerShare.swiftmodule/arm64-apple-ios-simulator.swiftdoc /Users/runner/Library/Developer/Xcode/DerivedData/Familienplaner-dmcrrzfthkjbwogvslwbznxtcpok/Build/Intermediates.noindex/Familienplaner.build/Debug-iphonesimulator/FamilienplanerShare.build/Objects-normal/arm64/FamilienplanerShare.swiftdoc (in target 'FamilienplanerShare' from project 'Familienplaner')
    cd /Users/runner/work/familienplaner/familienplaner
    builtin-copy -exclude .DS_Store -exclude CVS -exclude .svn -exclude .git -exclude .hg -resolve-src-symlinks -rename /Users/runner/Library/Developer/Xcode/DerivedData/Familienplaner-dmcrrzfthkjbwogvslwbznxtcpok/Build/Intermediates.noindex/Familienplaner.build/Debug-iphonesimulator/FamilienplanerShare.build/Objects-normal/arm64/FamilienplanerShare.swiftdoc /Users/runner/Library/Developer/Xcode/DerivedData/Familienplaner-dmcrrzfthkjbwogvslwbznxtcpok/Build/Products/Debug-iphonesimulator/FamilienplanerShare.swiftmodule/arm64-apple-ios-simulator.swiftdoc

Copy /Users/runner/Library/Developer/Xcode/DerivedData/Familienplaner-dmcrrzfthkjbwogvslwbznxtcpok/Build/Products/Debug-iphonesimulator/FamilienplanerShare.swiftmodule/arm64-apple-ios-simulator.abi.json /Users/runner/Library/Developer/Xcode/DerivedData/Familienplaner-dmcrrzfthkjbwogvslwbznxtcpok/Build/Intermediates.noindex/Familienplaner.build/Debug-iphonesimulator/FamilienplanerShare.build/Objects-normal/arm64/FamilienplanerShare.abi.json (in target 'FamilienplanerShare' from project 'Familienplaner')
    cd /Users/runner/work/familienplaner/familienplaner
    builtin-copy -exclude .DS_Store -exclude CVS -exclude .svn -exclude .git -exclude .hg -resolve-src-symlinks -rename /Users/runner/Library/Developer/Xcode/DerivedData/Familienplaner-dmcrrzfthkjbwogvslwbznxtcpok/Build/Intermediates.noindex/Familienplaner.build/Debug-iphonesimulator/FamilienplanerShare.build/Objects-normal/arm64/FamilienplanerShare.abi.json /Users/runner/Library/Developer/Xcode/DerivedData/Familienplaner-dmcrrzfthkjbwogvslwbznxtcpok/Build/Products/Debug-iphonesimulator/FamilienplanerShare.swiftmodule/arm64-apple-ios-simulator.abi.json

Copy /Users/runner/Library/Developer/Xcode/DerivedData/Familienplaner-dmcrrzfthkjbwogvslwbznxtcpok/Build/Products/Debug-iphonesimulator/FamilienplanerShare.swiftmodule/Project/arm64-apple-ios-simulator.swiftsourceinfo /Users/runner/Library/Developer/Xcode/DerivedData/Familienplaner-dmcrrzfthkjbwogvslwbznxtcpok/Build/Intermediates.noindex/Familienplaner.build/Debug-iphonesimulator/FamilienplanerShare.build/Objects-normal/arm64/FamilienplanerShare.swiftsourceinfo (in target 'FamilienplanerShare' from project 'Familienplaner')
    cd /Users/runner/work/familienplaner/familienplaner
    builtin-copy -exclude .DS_Store -exclude CVS -exclude .svn -exclude .git -exclude .hg -resolve-src-symlinks -rename /Users/runner/Library/Developer/Xcode/DerivedData/Familienplaner-dmcrrzfthkjbwogvslwbznxtcpok/Build/Intermediates.noindex/Familienplaner.build/Debug-iphonesimulator/FamilienplanerShare.build/Objects-normal/arm64/FamilienplanerShare.swiftsourceinfo /Users/runner/Library/Developer/Xcode/DerivedData/Familienplaner-dmcrrzfthkjbwogvslwbznxtcpok/Build/Products/Debug-iphonesimulator/FamilienplanerShare.swiftmodule/Project/arm64-apple-ios-simulator.swiftsourceinfo

SwiftCompile normal arm64 Compiling\ WidgetBridge.swift /Users/runner/work/familienplaner/familienplaner/Shared/WidgetBridge.swift (in target 'FamilienplanerWidgets' from project 'Familienplaner')

SwiftCompile normal arm64 /Users/runner/work/familienplaner/familienplaner/Shared/WidgetBridge.swift (in target 'FamilienplanerWidgets' from project 'Familienplaner')
    cd /Users/runner/work/familienplaner/familienplaner
    

SwiftDriverJobDiscovery normal x86_64 Emitting module for FamilienplanerWatchWidgets (in target 'FamilienplanerWatchWidgets' from project 'Familienplaner')

SwiftCompile normal arm64 Compiling\ Theme.swift,\ WatchSnapshot.swift /Users/runner/work/familienplaner/familienplaner/Sources/DesignSystem/Theme.swift /Users/runner/work/familienplaner/familienplaner/Shared/WatchSnapshot.swift (in target 'FamilienplanerWidgets' from project 'Familienplaner')

SwiftCompile normal arm64 /Users/runner/work/familienplaner/familienplaner/Sources/DesignSystem/Theme.swift (in target 'FamilienplanerWidgets' from project 'Familienplaner')
    cd /Users/runner/work/familienplaner/familienplaner
    

SwiftCompile normal arm64 /Users/runner/work/familienplaner/familienplaner/Shared/WatchSnapshot.swift (in target 'FamilienplanerWidgets' from project 'Familienplaner')
    cd /Users/runner/work/familienplaner/familienplaner
    

SwiftDriver\ Compilation\ Requirements FamilienplanerWatchWidgets normal x86_64 com.apple.xcode.tools.swift.compiler (in target 'FamilienplanerWatchWidgets' from project 'Familienplaner')
    cd /Users/runner/work/familienplaner/familienplaner
    builtin-Swift-Compilation-Requirements -- /Applications/Xcode_26.6.app/Contents/Developer/Toolchains/XcodeDefault.xctoolchain/usr/bin/swiftc -module-name FamilienplanerWatchWidgets -Onone @/Users/runner/Library/Developer/Xcode/DerivedData/Familienplaner-dmcrrzfthkjbwogvslwbznxtcpok/Build/Intermediates.noindex/Familienplaner.build/Debug-watchsimulator/FamilienplanerWatchWidgets.build/Objects-normal/x86_64/FamilienplanerWatchWidgets.SwiftFileList -DDEBUG -enable-bare-slash-regex -enable-experimental-feature DebugDescriptionMacro -sdk /Applications/Xcode_26.6.app/Contents/Developer/Platforms/WatchSimulator.platform/Developer/SDKs/WatchSimulator26.5.sdk -target x86_64-apple-watchos26.0-simulator -g -module-cache-path /Users/runner/Library/Developer/Xcode/DerivedData/ModuleCache.noindex -Xfrontend -serialize-debugging-options -application-extension -profile-coverage-mapping -profile-generate -enable-testing -index-store-path /Users/runner/Library/Developer/Xcode/DerivedData/Familienplaner-dmcrrzfthkjbwogvslwbznxtcpok/Index.noindex/DataStore -Xcc -D_LIBCPP_HARDENING_MODE\=_LIBCPP_HARDENING_MODE_DEBUG -swift-version 5 -I /Users/runner/Library/Developer/Xcode/DerivedData/Familienplaner-dmcrrzfthkjbwogvslwbznxtcpok/Build/Products/Debug-watchsimulator -F /Users/runner/Library/Developer/Xcode/DerivedData/Familienplaner-dmcrrzfthkjbwogvslwbznxtcpok/Build/Products/Debug-watchsimulator -c -j3 -enable-batch-mode -incremental -Xcc -ivfsstatcache -Xcc /Users/runner/Library/Developer/Xcode/DerivedData/SDKStatCaches.noindex/watchsimulator26.5-23T570-688ef53f1462e2c8f657fdc38a81448f4ff5b3021fd2b02f145790f94936b2db.sdkstatcache -output-file-map /Users/runner/Library/Developer/Xcode/DerivedData/Familienplaner-dmcrrzfthkjbwogvslwbznxtcpok/Build/Intermediates.noindex/Familienplaner.build/Debug-watchsimulator/FamilienplanerWatchWidgets.build/Objects-normal/x86_64/FamilienplanerWatchWidgets-OutputFileMap.json -use-frontend-parseable-output -save-temps -no-color-diagnostics -explicit-module-build -module-cache-path /Users/runner/Library/Developer/Xcode/DerivedData/Familienplaner-dmcrrzfthkjbwogvslwbznxtcpok/Build/Intermediates.noindex/SwiftExplicitPrecompiledModules -clang-scanner-module-cache-path /Users/runner/Library/Developer/Xcode/DerivedData/ModuleCache.noindex -sdk-module-cache-path /Users/runner/Library/Developer/Xcode/DerivedData/ModuleCache.noindex -serialize-diagnostics -emit-dependencies -emit-module -emit-module-path /Users/runner/Library/Developer/Xcode/DerivedData/Familienplaner-dmcrrzfthkjbwogvslwbznxtcpok/Build/Intermediates.noindex/Familienplaner.build/Debug-watchsimulator/FamilienplanerWatchWidgets.build/Objects-normal/x86_64/FamilienplanerWatchWidgets.swiftmodule -validate-clang-modules-once -clang-build-session-file /Users/runner/Library/Developer/Xcode/DerivedData/ModuleCache.noindex/Session.modulevalidation -Xcc -I/Users/runner/Library/Developer/Xcode/DerivedData/Familienplaner-dmcrrzfthkjbwogvslwbznxtcpok/Build/Intermediates.noindex/Familienplaner.build/Debug-watchsimulator/FamilienplanerWatchWidgets.build/swift-overrides.hmap -emit-const-values -Xfrontend -const-gather-protocols-file -Xfrontend /Users/runner/Library/Developer/Xcode/DerivedData/Familienplaner-dmcrrzfthkjbwogvslwbznxtcpok/Build/Intermediates.noindex/Familienplaner.build/Debug-watchsimulator/FamilienplanerWatchWidgets.build/Objects-normal/x86_64/FamilienplanerWatchWidgets_const_extract_protocols.json -Xcc -iquote -Xcc /Users/runner/Library/Developer/Xcode/DerivedData/Familienplaner-dmcrrzfthkjbwogvslwbznxtcpok/Build/Intermediates.noindex/Familienplaner.build/Debug-watchsimulator/FamilienplanerWatchWidgets.build/FamilienplanerWatchWidgets-generated-files.hmap -Xcc -I/Users/runner/Library/Developer/Xcode/DerivedData/Familienplaner-dmcrrzfthkjbwogvslwbznxtcpok/Build/Intermediates.noindex/Familienplaner.build/Debug-watchsimulator/FamilienplanerWatchWidgets.build/FamilienplanerWatchWidgets-own-target-headers.hmap -Xcc -I/Users/runner/Library/Developer/Xcode/DerivedData/Familienplaner-dmcrrzfthkjbwogvslwbznxtcpok/Build/Intermediates.noindex/Familienplaner.build/Debug-watchsimulator/FamilienplanerWatchWidgets.build/FamilienplanerWatchWidgets-all-target-headers.hmap -Xcc -iquote -Xcc /Users/runner/Library/Developer/Xcode/DerivedData/Familienplaner-dmcrrzfthkjbwogvslwbznxtcpok/Build/Intermediates.noindex/Familienplaner.build/Debug-watchsimulator/FamilienplanerWatchWidgets.build/FamilienplanerWatchWidgets-project-headers.hmap -Xcc -I/Users/runner/Library/Developer/Xcode/DerivedData/Familienplaner-dmcrrzfthkjbwogvslwbznxtcpok/Build/Products/Debug-watchsimulator/include -Xcc -I/Users/runner/Library/Developer/Xcode/DerivedData/Familienplaner-dmcrrzfthkjbwogvslwbznxtcpok/Build/Intermediates.noindex/Familienplaner.build/Debug-watchsimulator/FamilienplanerWatchWidgets.build/DerivedSources-normal/x86_64 -Xcc -I/Users/runner/Library/Developer/Xcode/DerivedData/Familienplaner-dmcrrzfthkjbwogvslwbznxtcpok/Build/Intermediates.noindex/Familienplaner.build/Debug-watchsimulator/FamilienplanerWatchWidgets.build/DerivedSources/x86_64 -Xcc -I/Users/runner/Library/Developer/Xcode/DerivedData/Familienplaner-dmcrrzfthkjbwogvslwbznxtcpok/Build/Intermediates.noindex/Familienplaner.build/Debug-watchsimulator/FamilienplanerWatchWidgets.build/DerivedSources -Xcc -DDEBUG\=1 -emit-objc-header -emit-objc-header-path /Users/runner/Library/Developer/Xcode/DerivedData/Familienplaner-dmcrrzfthkjbwogvslwbznxtcpok/Build/Intermediates.noindex/Familienplaner.build/Debug-watchsimulator/FamilienplanerWatchWidgets.build/Objects-normal/x86_64/FamilienplanerWatchWidgets-Swift.h -working-directory /Users/runner/work/familienplaner/familienplaner -experimental-emit-module-separately -disable-cmo

SwiftDriverJobDiscovery normal arm64 Compiling Theme.swift, WatchSnapshot.swift (in target 'FamilienplanerWidgets' from project 'Familienplaner')

SwiftCompile normal x86_64 Compiling\ WidgetBridge.swift /Users/runner/work/familienplaner/familienplaner/Shared/WidgetBridge.swift (in target 'FamilienplanerWatchWidgets' from project 'Familienplaner')
SwiftCompile normal x86_64 /Users/runner/work/familienplaner/familienplaner/Shared/WidgetBridge.swift (in target 'FamilienplanerWatchWidgets' from project 'Familienplaner')
    cd /Users/runner/work/familienplaner/familienplaner
    

SwiftMergeGeneratedHeaders /Users/runner/Library/Developer/Xcode/DerivedData/Familienplaner-dmcrrzfthkjbwogvslwbznxtcpok/Build/Intermediates.noindex/Familienplaner.build/Debug-watchsimulator/FamilienplanerWatchWidgets.build/DerivedSources/FamilienplanerWatchWidgets-Swift.h /Users/runner/Library/Developer/Xcode/DerivedData/Familienplaner-dmcrrzfthkjbwogvslwbznxtcpok/Build/Intermediates.noindex/Familienplaner.build/Debug-watchsimulator/FamilienplanerWatchWidgets.build/Objects-normal/arm64/FamilienplanerWatchWidgets-Swift.h /Users/runner/Library/Developer/Xcode/DerivedData/Familienplaner-dmcrrzfthkjbwogvslwbznxtcpok/Build/Intermediates.noindex/Familienplaner.build/Debug-watchsimulator/FamilienplanerWatchWidgets.build/Objects-normal/x86_64/FamilienplanerWatchWidgets-Swift.h (in target 'FamilienplanerWatchWidgets' from project 'Familienplaner')
    cd /Users/runner/work/familienplaner/familienplaner
    builtin-swiftHeaderTool -arch arm64 /Users/runner/Library/Developer/Xcode/DerivedData/Familienplaner-dmcrrzfthkjbwogvslwbznxtcpok/Build/Intermediates.noindex/Familienplaner.build/Debug-watchsimulator/FamilienplanerWatchWidgets.build/Objects-normal/arm64/FamilienplanerWatchWidgets-Swift.h -arch x86_64 /Users/runner/Library/Developer/Xcode/DerivedData/Familienplaner-dmcrrzfthkjbwogvslwbznxtcpok/Build/Intermediates.noindex/Familienplaner.build/Debug-watchsimulator/FamilienplanerWatchWidgets.build/Objects-normal/x86_64/FamilienplanerWatchWidgets-Swift.h -o /Users/runner/Library/Developer/Xcode/DerivedData/Familienplaner-dmcrrzfthkjbwogvslwbznxtcpok/Build/Intermediates.noindex/Familienplaner.build/Debug-watchsimulator/FamilienplanerWatchWidgets.build/DerivedSources/FamilienplanerWatchWidgets-Swift.h

SwiftDriverJobDiscovery normal arm64 Compiling WidgetBridge.swift (in target 'FamilienplanerWidgets' from project 'Familienplaner')

Copy /Users/runner/Library/Developer/Xcode/DerivedData/Familienplaner-dmcrrzfthkjbwogvslwbznxtcpok/Build/Products/Debug-watchsimulator/FamilienplanerWatchWidgets.swiftmodule/x86_64-apple-watchos-simulator.swiftmodule /Users/runner/Library/Developer/Xcode/DerivedData/Familienplaner-dmcrrzfthkjbwogvslwbznxtcpok/Build/Intermediates.noindex/Familienplaner.build/Debug-watchsimulator/FamilienplanerWatchWidgets.build/Objects-normal/x86_64/FamilienplanerWatchWidgets.swiftmodule (in target 'FamilienplanerWatchWidgets' from project 'Familienplaner')
    cd /Users/runner/work/familienplaner/familienplaner
    builtin-copy -exclude .DS_Store -exclude CVS -exclude .svn -exclude .git -exclude .hg -resolve-src-symlinks -rename /Users/runner/Library/Developer/Xcode/DerivedData/Familienplaner-dmcrrzfthkjbwogvslwbznxtcpok/Build/Intermediates.noindex/Familienplaner.build/Debug-watchsimulator/FamilienplanerWatchWidgets.build/Objects-normal/x86_64/FamilienplanerWatchWidgets.swiftmodule /Users/runner/Library/Developer/Xcode/DerivedData/Familienplaner-dmcrrzfthkjbwogvslwbznxtcpok/Build/Products/Debug-watchsimulator/FamilienplanerWatchWidgets.swiftmodule/x86_64-apple-watchos-simulator.swiftmodule

Copy /Users/runner/Library/Developer/Xcode/DerivedData/Familienplaner-dmcrrzfthkjbwogvslwbznxtcpok/Build/Products/Debug-watchsimulator/FamilienplanerWatchWidgets.swiftmodule/x86_64-apple-watchos-simulator.swiftdoc /Users/runner/Library/Developer/Xcode/DerivedData/Familienplaner-dmcrrzfthkjbwogvslwbznxtcpok/Build/Intermediates.noindex/Familienplaner.build/Debug-watchsimulator/FamilienplanerWatchWidgets.build/Objects-normal/x86_64/FamilienplanerWatchWidgets.swiftdoc (in target 'FamilienplanerWatchWidgets' from project 'Familienplaner')
    cd /Users/runner/work/familienplaner/familienplaner
    builtin-copy -exclude .DS_Store -exclude CVS -exclude .svn -exclude .git -exclude .hg -resolve-src-symlinks -rename /Users/runner/Library/Developer/Xcode/DerivedData/Familienplaner-dmcrrzfthkjbwogvslwbznxtcpok/Build/Intermediates.noindex/Familienplaner.build/Debug-watchsimulator/FamilienplanerWatchWidgets.build/Objects-normal/x86_64/FamilienplanerWatchWidgets.swiftdoc /Users/runner/Library/Developer/Xcode/DerivedData/Familienplaner-dmcrrzfthkjbwogvslwbznxtcpok/Build/Products/Debug-watchsimulator/FamilienplanerWatchWidgets.swiftmodule/x86_64-apple-watchos-simulator.swiftdoc

Copy /Users/runner/Library/Developer/Xcode/DerivedData/Familienplaner-dmcrrzfthkjbwogvslwbznxtcpok/Build/Products/Debug-watchsimulator/FamilienplanerWatchWidgets.swiftmodule/x86_64-apple-watchos-simulator.abi.json /Users/runner/Library/Developer/Xcode/DerivedData/Familienplaner-dmcrrzfthkjbwogvslwbznxtcpok/Build/Intermediates.noindex/Familienplaner.build/Debug-watchsimulator/FamilienplanerWatchWidgets.build/Objects-normal/x86_64/FamilienplanerWatchWidgets.abi.json (in target 'FamilienplanerWatchWidgets' from project 'Familienplaner')
    cd /Users/runner/work/familienplaner/familienplaner
    builtin-copy -exclude .DS_Store -exclude CVS -exclude .svn -exclude .git -exclude .hg -resolve-src-symlinks -rename /Users/runner/Library/Developer/Xcode/DerivedData/Familienplaner-dmcrrzfthkjbwogvslwbznxtcpok/Build/Intermediates.noindex/Familienplaner.build/Debug-watchsimulator/FamilienplanerWatchWidgets.build/Objects-normal/x86_64/FamilienplanerWatchWidgets.abi.json /Users/runner/Library/Developer/Xcode/DerivedData/Familienplaner-dmcrrzfthkjbwogvslwbznxtcpok/Build/Products/Debug-watchsimulator/FamilienplanerWatchWidgets.swiftmodule/x86_64-apple-watchos-simulator.abi.json

Copy /Users/runner/Library/Developer/Xcode/DerivedData/Familienplaner-dmcrrzfthkjbwogvslwbznxtcpok/Build/Products/Debug-watchsimulator/FamilienplanerWatchWidgets.swiftmodule/Project/x86_64-apple-watchos-simulator.swiftsourceinfo /Users/runner/Library/Developer/Xcode/DerivedData/Familienplaner-dmcrrzfthkjbwogvslwbznxtcpok/Build/Intermediates.noindex/Familienplaner.build/Debug-watchsimulator/FamilienplanerWatchWidgets.build/Objects-normal/x86_64/FamilienplanerWatchWidgets.swiftsourceinfo (in target 'FamilienplanerWatchWidgets' from project 'Familienplaner')
    cd /Users/runner/work/familienplaner/familienplaner
    builtin-copy -exclude .DS_Store -exclude CVS -exclude .svn -exclude .git -exclude .hg -resolve-src-symlinks -rename /Users/runner/Library/Developer/Xcode/DerivedData/Familienplaner-dmcrrzfthkjbwogvslwbznxtcpok/Build/Intermediates.noindex/Familienplaner.build/Debug-watchsimulator/FamilienplanerWatchWidgets.build/Objects-normal/x86_64/FamilienplanerWatchWidgets.swiftsourceinfo /Users/runner/Library/Developer/Xcode/DerivedData/Familienplaner-dmcrrzfthkjbwogvslwbznxtcpok/Build/Products/Debug-watchsimulator/FamilienplanerWatchWidgets.swiftmodule/Project/x86_64-apple-watchos-simulator.swiftsourceinfo

SwiftCompile normal x86_64 Compiling\ WatchSnapshot.swift /Users/runner/work/familienplaner/familienplaner/Shared/WatchSnapshot.swift (in target 'FamilienplanerWatchWidgets' from project 'Familienplaner')

SwiftCompile normal x86_64 /Users/runner/work/familienplaner/familienplaner/Shared/WatchSnapshot.swift (in target 'FamilienplanerWatchWidgets' from project 'Familienplaner')
    cd /Users/runner/work/familienplaner/familienplaner
    

SwiftCompile normal arm64 Compiling\ FamilienplanerWatchWidgets.swift,\ SharedInbox.swift /Users/runner/work/familienplaner/familienplaner/WatchWidgets/FamilienplanerWatchWidgets.swift /Users/runner/work/familienplaner/familienplaner/Shared/SharedInbox.swift (in target 'FamilienplanerWatchWidgets' from project 'Familienplaner')

SwiftCompile normal arm64 /Users/runner/work/familienplaner/familienplaner/WatchWidgets/FamilienplanerWatchWidgets.swift (in target 'FamilienplanerWatchWidgets' from project 'Familienplaner')
    cd /Users/runner/work/familienplaner/familienplaner
    

SwiftCompile normal arm64 /Users/runner/work/familienplaner/familienplaner/Shared/SharedInbox.swift (in target 'FamilienplanerWatchWidgets' from project 'Familienplaner')
    cd /Users/runner/work/familienplaner/familienplaner
    

SwiftDriverJobDiscovery normal arm64 Compiling FamilienplanerWidgets.swift, SharedInbox.swift (in target 'FamilienplanerWidgets' from project 'Familienplaner')

SwiftDriver\ Compilation FamilienplanerWidgets normal arm64 com.apple.xcode.tools.swift.compiler (in target 'FamilienplanerWidgets' from project 'Familienplaner')
    cd /Users/runner/work/familienplaner/familienplaner
    builtin-Swift-Compilation -- /Applications/Xcode_26.6.app/Contents/Developer/Toolchains/XcodeDefault.xctoolchain/usr/bin/swiftc -module-name FamilienplanerWidgets -Onone @/Users/runner/Library/Developer/Xcode/DerivedData/Familienplaner-dmcrrzfthkjbwogvslwbznxtcpok/Build/Intermediates.noindex/Familienplaner.build/Debug-iphonesimulator/FamilienplanerWidgets.build/Objects-normal/arm64/FamilienplanerWidgets.SwiftFileList -DDEBUG -enable-bare-slash-regex -enable-experimental-feature DebugDescriptionMacro -sdk /Applications/Xcode_26.6.app/Contents/Developer/Platforms/iPhoneSimulator.platform/Developer/SDKs/iPhoneSimulator26.5.sdk -target arm64-apple-ios26.0-simulator -g -module-cache-path /Users/runner/Library/Developer/Xcode/DerivedData/ModuleCache.noindex -Xfrontend -serialize-debugging-options -application-extension -profile-coverage-mapping -profile-generate -enable-testing -index-store-path /Users/runner/Library/Developer/Xcode/DerivedData/Familienplaner-dmcrrzfthkjbwogvslwbznxtcpok/Index.noindex/DataStore -Xcc -D_LIBCPP_HARDENING_MODE\=_LIBCPP_HARDENING_MODE_DEBUG -swift-version 5 -I /Users/runner/Library/Developer/Xcode/DerivedData/Familienplaner-dmcrrzfthkjbwogvslwbznxtcpok/Build/Products/Debug-iphonesimulator -F /Users/runner/Library/Developer/Xcode/DerivedData/Familienplaner-dmcrrzfthkjbwogvslwbznxtcpok/Build/Products/Debug-iphonesimulator -c -j3 -enable-batch-mode -incremental -Xcc -ivfsstatcache -Xcc /Users/runner/Library/Developer/Xcode/DerivedData/SDKStatCaches.noindex/iphonesimulator26.5-23F81a-688ef53f1462e2c8f657fdc38a81448ff45c64a1807a658693f2a61704f17a36.sdkstatcache -output-file-map /Users/runner/Library/Developer/Xcode/DerivedData/Familienplaner-dmcrrzfthkjbwogvslwbznxtcpok/Build/Intermediates.noindex/Familienplaner.build/Debug-iphonesimulator/FamilienplanerWidgets.build/Objects-normal/arm64/FamilienplanerWidgets-OutputFileMap.json -use-frontend-parseable-output -save-temps -no-color-diagnostics -explicit-module-build -module-cache-path /Users/runner/Library/Developer/Xcode/DerivedData/Familienplaner-dmcrrzfthkjbwogvslwbznxtcpok/Build/Intermediates.noindex/SwiftExplicitPrecompiledModules -clang-scanner-module-cache-path /Users/runner/Library/Developer/Xcode/DerivedData/ModuleCache.noindex -sdk-module-cache-path /Users/runner/Library/Developer/Xcode/DerivedData/ModuleCache.noindex -serialize-diagnostics -emit-dependencies -emit-module -emit-module-path /Users/runner/Library/Developer/Xcode/DerivedData/Familienplaner-dmcrrzfthkjbwogvslwbznxtcpok/Build/Intermediates.noindex/Familienplaner.build/Debug-iphonesimulator/FamilienplanerWidgets.build/Objects-normal/arm64/FamilienplanerWidgets.swiftmodule -validate-clang-modules-once -clang-build-session-file /Users/runner/Library/Developer/Xcode/DerivedData/ModuleCache.noindex/Session.modulevalidation -Xcc -I/Users/runner/Library/Developer/Xcode/DerivedData/Familienplaner-dmcrrzfthkjbwogvslwbznxtcpok/Build/Intermediates.noindex/Familienplaner.build/Debug-iphonesimulator/FamilienplanerWidgets.build/swift-overrides.hmap -emit-const-values -Xfrontend -const-gather-protocols-file -Xfrontend /Users/runner/Library/Developer/Xcode/DerivedData/Familienplaner-dmcrrzfthkjbwogvslwbznxtcpok/Build/Intermediates.noindex/Familienplaner.build/Debug-iphonesimulator/FamilienplanerWidgets.build/Objects-normal/arm64/FamilienplanerWidgets_const_extract_protocols.json -Xcc -iquote -Xcc /Users/runner/Library/Developer/Xcode/DerivedData/Familienplaner-dmcrrzfthkjbwogvslwbznxtcpok/Build/Intermediates.noindex/Familienplaner.build/Debug-iphonesimulator/FamilienplanerWidgets.build/FamilienplanerWidgets-generated-files.hmap -Xcc -I/Users/runner/Library/Developer/Xcode/DerivedData/Familienplaner-dmcrrzfthkjbwogvslwbznxtcpok/Build/Intermediates.noindex/Familienplaner.build/Debug-iphonesimulator/FamilienplanerWidgets.build/FamilienplanerWidgets-own-target-headers.hmap -Xcc -I/Users/runner/Library/Developer/Xcode/DerivedData/Familienplaner-dmcrrzfthkjbwogvslwbznxtcpok/Build/Intermediates.noindex/Familienplaner.build/Debug-iphonesimulator/FamilienplanerWidgets.build/FamilienplanerWidgets-all-target-headers.hmap -Xcc -iquote -Xcc /Users/runner/Library/Developer/Xcode/DerivedData/Familienplaner-dmcrrzfthkjbwogvslwbznxtcpok/Build/Intermediates.noindex/Familienplaner.build/Debug-iphonesimulator/FamilienplanerWidgets.build/FamilienplanerWidgets-project-headers.hmap -Xcc -I/Users/runner/Library/Developer/Xcode/DerivedData/Familienplaner-dmcrrzfthkjbwogvslwbznxtcpok/Build/Products/Debug-iphonesimulator/include -Xcc -I/Users/runner/Library/Developer/Xcode/DerivedData/Familienplaner-dmcrrzfthkjbwogvslwbznxtcpok/Build/Intermediates.noindex/Familienplaner.build/Debug-iphonesimulator/FamilienplanerWidgets.build/DerivedSources-normal/arm64 -Xcc -I/Users/runner/Library/Developer/Xcode/DerivedData/Familienplaner-dmcrrzfthkjbwogvslwbznxtcpok/Build/Intermediates.noindex/Familienplaner.build/Debug-iphonesimulator/FamilienplanerWidgets.build/DerivedSources/arm64 -Xcc -I/Users/runner/Library/Developer/Xcode/DerivedData/Familienplaner-dmcrrzfthkjbwogvslwbznxtcpok/Build/Intermediates.noindex/Familienplaner.build/Debug-iphonesimulator/FamilienplanerWidgets.build/DerivedSources -Xcc -DDEBUG\=1 -emit-objc-header -emit-objc-header-path /Users/runner/Library/Developer/Xcode/DerivedData/Familienplaner-dmcrrzfthkjbwogvslwbznxtcpok/Build/Intermediates.noindex/Familienplaner.build/Debug-iphonesimulator/FamilienplanerWidgets.build/Objects-normal/arm64/FamilienplanerWidgets-Swift.h -working-directory /Users/runner/work/familienplaner/familienplaner -experimental-emit-module-separately -disable-cmo

SwiftDriverJobDiscovery normal x86_64 Compiling WatchSnapshot.swift (in target 'FamilienplanerWatchWidgets' from project 'Familienplaner')

SwiftCompile normal x86_64 Compiling\ FamilienplanerWatchWidgets.swift,\ SharedInbox.swift /Users/runner/work/familienplaner/familienplaner/WatchWidgets/FamilienplanerWatchWidgets.swift /Users/runner/work/familienplaner/familienplaner/Shared/SharedInbox.swift (in target 'FamilienplanerWatchWidgets' from project 'Familienplaner')

SwiftCompile normal x86_64 /Users/runner/work/familienplaner/familienplaner/WatchWidgets/FamilienplanerWatchWidgets.swift (in target 'FamilienplanerWatchWidgets' from project 'Familienplaner')
    cd /Users/runner/work/familienplaner/familienplaner
    

SwiftCompile normal x86_64 /Users/runner/work/familienplaner/familienplaner/Shared/SharedInbox.swift (in target 'FamilienplanerWatchWidgets' from project 'Familienplaner')
    cd /Users/runner/work/familienplaner/familienplaner
    

SwiftCompile normal arm64 Compiling\ WidgetBridge.swift /Users/runner/work/familienplaner/familienplaner/Shared/WidgetBridge.swift (in target 'FamilienplanerWatchWidgets' from project 'Familienplaner')

SwiftCompile normal arm64 /Users/runner/work/familienplaner/familienplaner/Shared/WidgetBridge.swift (in target 'FamilienplanerWatchWidgets' from project 'Familienplaner')
    cd /Users/runner/work/familienplaner/familienplaner
    

SwiftDriverJobDiscovery normal arm64 Compiling FamilienplanerWatchWidgets.swift, SharedInbox.swift (in target 'FamilienplanerWatchWidgets' from project 'Familienplaner')

SwiftDriverJobDiscovery normal arm64 Compiling WidgetBridge.swift (in target 'FamilienplanerWatchWidgets' from project 'Familienplaner')

SwiftCompile normal arm64 Compiling\ WatchSnapshot.swift /Users/runner/work/familienplaner/familienplaner/Shared/WatchSnapshot.swift (in target 'FamilienplanerShare' from project 'Familienplaner')
SwiftCompile normal arm64 /Users/runner/work/familienplaner/familienplaner/Shared/WatchSnapshot.swift (in target 'FamilienplanerShare' from project 'Familienplaner')
    cd /Users/runner/work/familienplaner/familienplaner
    

SwiftDriver\ Compilation FamilienplanerWatchWidgets normal arm64 com.apple.xcode.tools.swift.compiler (in target 'FamilienplanerWatchWidgets' from project 'Familienplaner')
    cd /Users/runner/work/familienplaner/familienplaner
    builtin-Swift-Compilation -- /Applications/Xcode_26.6.app/Contents/Developer/Toolchains/XcodeDefault.xctoolchain/usr/bin/swiftc -module-name FamilienplanerWatchWidgets -Onone @/Users/runner/Library/Developer/Xcode/DerivedData/Familienplaner-dmcrrzfthkjbwogvslwbznxtcpok/Build/Intermediates.noindex/Familienplaner.build/Debug-watchsimulator/FamilienplanerWatchWidgets.build/Objects-normal/arm64/FamilienplanerWatchWidgets.SwiftFileList -DDEBUG -enable-bare-slash-regex -enable-experimental-feature DebugDescriptionMacro -sdk /Applications/Xcode_26.6.app/Contents/Developer/Platforms/WatchSimulator.platform/Developer/SDKs/WatchSimulator26.5.sdk -target arm64-apple-watchos26.0-simulator -g -module-cache-path /Users/runner/Library/Developer/Xcode/DerivedData/ModuleCache.noindex -Xfrontend -serialize-debugging-options -application-extension -profile-coverage-mapping -profile-generate -enable-testing -index-store-path /Users/runner/Library/Developer/Xcode/DerivedData/Familienplaner-dmcrrzfthkjbwogvslwbznxtcpok/Index.noindex/DataStore -Xcc -D_LIBCPP_HARDENING_MODE\=_LIBCPP_HARDENING_MODE_DEBUG -swift-version 5 -I /Users/runner/Library/Developer/Xcode/DerivedData/Familienplaner-dmcrrzfthkjbwogvslwbznxtcpok/Build/Products/Debug-watchsimulator -F /Users/runner/Library/Developer/Xcode/DerivedData/Familienplaner-dmcrrzfthkjbwogvslwbznxtcpok/Build/Products/Debug-watchsimulator -c -j3 -enable-batch-mode -incremental -Xcc -ivfsstatcache -Xcc /Users/runner/Library/Developer/Xcode/DerivedData/SDKStatCaches.noindex/watchsimulator26.5-23T570-688ef53f1462e2c8f657fdc38a81448f4ff5b3021fd2b02f145790f94936b2db.sdkstatcache -output-file-map /Users/runner/Library/Developer/Xcode/DerivedData/Familienplaner-dmcrrzfthkjbwogvslwbznxtcpok/Build/Intermediates.noindex/Familienplaner.build/Debug-watchsimulator/FamilienplanerWatchWidgets.build/Objects-normal/arm64/FamilienplanerWatchWidgets-OutputFileMap.json -use-frontend-parseable-output -save-temps -no-color-diagnostics -explicit-module-build -module-cache-path /Users/runner/Library/Developer/Xcode/DerivedData/Familienplaner-dmcrrzfthkjbwogvslwbznxtcpok/Build/Intermediates.noindex/SwiftExplicitPrecompiledModules -clang-scanner-module-cache-path /Users/runner/Library/Developer/Xcode/DerivedData/ModuleCache.noindex -sdk-module-cache-path /Users/runner/Library/Developer/Xcode/DerivedData/ModuleCache.noindex -serialize-diagnostics -emit-dependencies -emit-module -emit-module-path /Users/runner/Library/Developer/Xcode/DerivedData/Familienplaner-dmcrrzfthkjbwogvslwbznxtcpok/Build/Intermediates.noindex/Familienplaner.build/Debug-watchsimulator/FamilienplanerWatchWidgets.build/Objects-normal/arm64/FamilienplanerWatchWidgets.swiftmodule -validate-clang-modules-once -clang-build-session-file /Users/runner/Library/Developer/Xcode/DerivedData/ModuleCache.noindex/Session.modulevalidation -Xcc -I/Users/runner/Library/Developer/Xcode/DerivedData/Familienplaner-dmcrrzfthkjbwogvslwbznxtcpok/Build/Intermediates.noindex/Familienplaner.build/Debug-watchsimulator/FamilienplanerWatchWidgets.build/swift-overrides.hmap -emit-const-values -Xfrontend -const-gather-protocols-file -Xfrontend /Users/runner/Library/Developer/Xcode/DerivedData/Familienplaner-dmcrrzfthkjbwogvslwbznxtcpok/Build/Intermediates.noindex/Familienplaner.build/Debug-watchsimulator/FamilienplanerWatchWidgets.build/Objects-normal/arm64/FamilienplanerWatchWidgets_const_extract_protocols.json -Xcc -iquote -Xcc /Users/runner/Library/Developer/Xcode/DerivedData/Familienplaner-dmcrrzfthkjbwogvslwbznxtcpok/Build/Intermediates.noindex/Familienplaner.build/Debug-watchsimulator/FamilienplanerWatchWidgets.build/FamilienplanerWatchWidgets-generated-files.hmap -Xcc -I/Users/runner/Library/Developer/Xcode/DerivedData/Familienplaner-dmcrrzfthkjbwogvslwbznxtcpok/Build/Intermediates.noindex/Familienplaner.build/Debug-watchsimulator/FamilienplanerWatchWidgets.build/FamilienplanerWatchWidgets-own-target-headers.hmap -Xcc -I/Users/runner/Library/Developer/Xcode/DerivedData/Familienplaner-dmcrrzfthkjbwogvslwbznxtcpok/Build/Intermediates.noindex/Familienplaner.build/Debug-watchsimulator/FamilienplanerWatchWidgets.build/FamilienplanerWatchWidgets-all-target-headers.hmap -Xcc -iquote -Xcc /Users/runner/Library/Developer/Xcode/DerivedData/Familienplaner-dmcrrzfthkjbwogvslwbznxtcpok/Build/Intermediates.noindex/Familienplaner.build/Debug-watchsimulator/FamilienplanerWatchWidgets.build/FamilienplanerWatchWidgets-project-headers.hmap -Xcc -I/Users/runner/Library/Developer/Xcode/DerivedData/Familienplaner-dmcrrzfthkjbwogvslwbznxtcpok/Build/Products/Debug-watchsimulator/include -Xcc -I/Users/runner/Library/Developer/Xcode/DerivedData/Familienplaner-dmcrrzfthkjbwogvslwbznxtcpok/Build/Intermediates.noindex/Familienplaner.build/Debug-watchsimulator/FamilienplanerWatchWidgets.build/DerivedSources-normal/arm64 -Xcc -I/Users/runner/Library/Developer/Xcode/DerivedData/Familienplaner-dmcrrzfthkjbwogvslwbznxtcpok/Build/Intermediates.noindex/Familienplaner.build/Debug-watchsimulator/FamilienplanerWatchWidgets.build/DerivedSources/arm64 -Xcc -I/Users/runner/Library/Developer/Xcode/DerivedData/Familienplaner-dmcrrzfthkjbwogvslwbznxtcpok/Build/Intermediates.noindex/Familienplaner.build/Debug-watchsimulator/FamilienplanerWatchWidgets.build/DerivedSources -Xcc -DDEBUG\=1 -emit-objc-header -emit-objc-header-path /Users/runner/Library/Developer/Xcode/DerivedData/Familienplaner-dmcrrzfthkjbwogvslwbznxtcpok/Build/Intermediates.noindex/Familienplaner.build/Debug-watchsimulator/FamilienplanerWatchWidgets.build/Objects-normal/arm64/FamilienplanerWatchWidgets-Swift.h -working-directory /Users/runner/work/familienplaner/familienplaner -experimental-emit-module-separately -disable-cmo

SwiftDriverJobDiscovery normal x86_64 Compiling FamilienplanerWatchWidgets.swift, SharedInbox.swift (in target 'FamilienplanerWatchWidgets' from project 'Familienplaner')

SwiftCompile normal arm64 Compiling\ WidgetBridge.swift /Users/runner/work/familienplaner/familienplaner/Shared/WidgetBridge.swift (in target 'FamilienplanerShare' from project 'Familienplaner')
SwiftCompile normal arm64 /Users/runner/work/familienplaner/familienplaner/Shared/WidgetBridge.swift (in target 'FamilienplanerShare' from project 'Familienplaner')
    cd /Users/runner/work/familienplaner/familienplaner
    

SwiftCompile normal arm64 Compiling\ ShareViewController.swift,\ SharedInbox.swift /Users/runner/work/familienplaner/familienplaner/ShareExtension/ShareViewController.swift /Users/runner/work/familienplaner/familienplaner/Shared/SharedInbox.swift (in target 'FamilienplanerShare' from project 'Familienplaner')
SwiftCompile normal arm64 /Users/runner/work/familienplaner/familienplaner/ShareExtension/ShareViewController.swift (in target 'FamilienplanerShare' from project 'Familienplaner')
    cd /Users/runner/work/familienplaner/familienplaner
    

SwiftCompile normal arm64 /Users/runner/work/familienplaner/familienplaner/Shared/SharedInbox.swift (in target 'FamilienplanerShare' from project 'Familienplaner')
    cd /Users/runner/work/familienplaner/familienplaner
    

SwiftDriverJobDiscovery normal x86_64 Compiling WidgetBridge.swift (in target 'FamilienplanerWatchWidgets' from project 'Familienplaner')

SwiftDriver\ Compilation FamilienplanerWatchWidgets normal x86_64 com.apple.xcode.tools.swift.compiler (in target 'FamilienplanerWatchWidgets' from project 'Familienplaner')
    cd /Users/runner/work/familienplaner/familienplaner
    builtin-Swift-Compilation -- /Applications/Xcode_26.6.app/Contents/Developer/Toolchains/XcodeDefault.xctoolchain/usr/bin/swiftc -module-name FamilienplanerWatchWidgets -Onone @/Users/runner/Library/Developer/Xcode/DerivedData/Familienplaner-dmcrrzfthkjbwogvslwbznxtcpok/Build/Intermediates.noindex/Familienplaner.build/Debug-watchsimulator/FamilienplanerWatchWidgets.build/Objects-normal/x86_64/FamilienplanerWatchWidgets.SwiftFileList -DDEBUG -enable-bare-slash-regex -enable-experimental-feature DebugDescriptionMacro -sdk /Applications/Xcode_26.6.app/Contents/Developer/Platforms/WatchSimulator.platform/Developer/SDKs/WatchSimulator26.5.sdk -target x86_64-apple-watchos26.0-simulator -g -module-cache-path /Users/runner/Library/Developer/Xcode/DerivedData/ModuleCache.noindex -Xfrontend -serialize-debugging-options -application-extension -profile-coverage-mapping -profile-generate -enable-testing -index-store-path /Users/runner/Library/Developer/Xcode/DerivedData/Familienplaner-dmcrrzfthkjbwogvslwbznxtcpok/Index.noindex/DataStore -Xcc -D_LIBCPP_HARDENING_MODE\=_LIBCPP_HARDENING_MODE_DEBUG -swift-version 5 -I /Users/runner/Library/Developer/Xcode/DerivedData/Familienplaner-dmcrrzfthkjbwogvslwbznxtcpok/Build/Products/Debug-watchsimulator -F /Users/runner/Library/Developer/Xcode/DerivedData/Familienplaner-dmcrrzfthkjbwogvslwbznxtcpok/Build/Products/Debug-watchsimulator -c -j3 -enable-batch-mode -incremental -Xcc -ivfsstatcache -Xcc /Users/runner/Library/Developer/Xcode/DerivedData/SDKStatCaches.noindex/watchsimulator26.5-23T570-688ef53f1462e2c8f657fdc38a81448f4ff5b3021fd2b02f145790f94936b2db.sdkstatcache -output-file-map /Users/runner/Library/Developer/Xcode/DerivedData/Familienplaner-dmcrrzfthkjbwogvslwbznxtcpok/Build/Intermediates.noindex/Familienplaner.build/Debug-watchsimulator/FamilienplanerWatchWidgets.build/Objects-normal/x86_64/FamilienplanerWatchWidgets-OutputFileMap.json -use-frontend-parseable-output -save-temps -no-color-diagnostics -explicit-module-build -module-cache-path /Users/runner/Library/Developer/Xcode/DerivedData/Familienplaner-dmcrrzfthkjbwogvslwbznxtcpok/Build/Intermediates.noindex/SwiftExplicitPrecompiledModules -clang-scanner-module-cache-path /Users/runner/Library/Developer/Xcode/DerivedData/ModuleCache.noindex -sdk-module-cache-path /Users/runner/Library/Developer/Xcode/DerivedData/ModuleCache.noindex -serialize-diagnostics -emit-dependencies -emit-module -emit-module-path /Users/runner/Library/Developer/Xcode/DerivedData/Familienplaner-dmcrrzfthkjbwogvslwbznxtcpok/Build/Intermediates.noindex/Familienplaner.build/Debug-watchsimulator/FamilienplanerWatchWidgets.build/Objects-normal/x86_64/FamilienplanerWatchWidgets.swiftmodule -validate-clang-modules-once -clang-build-session-file /Users/runner/Library/Developer/Xcode/DerivedData/ModuleCache.noindex/Session.modulevalidation -Xcc -I/Users/runner/Library/Developer/Xcode/DerivedData/Familienplaner-dmcrrzfthkjbwogvslwbznxtcpok/Build/Intermediates.noindex/Familienplaner.build/Debug-watchsimulator/FamilienplanerWatchWidgets.build/swift-overrides.hmap -emit-const-values -Xfrontend -const-gather-protocols-file -Xfrontend /Users/runner/Library/Developer/Xcode/DerivedData/Familienplaner-dmcrrzfthkjbwogvslwbznxtcpok/Build/Intermediates.noindex/Familienplaner.build/Debug-watchsimulator/FamilienplanerWatchWidgets.build/Objects-normal/x86_64/FamilienplanerWatchWidgets_const_extract_protocols.json -Xcc -iquote -Xcc /Users/runner/Library/Developer/Xcode/DerivedData/Familienplaner-dmcrrzfthkjbwogvslwbznxtcpok/Build/Intermediates.noindex/Familienplaner.build/Debug-watchsimulator/FamilienplanerWatchWidgets.build/FamilienplanerWatchWidgets-generated-files.hmap -Xcc -I/Users/runner/Library/Developer/Xcode/DerivedData/Familienplaner-dmcrrzfthkjbwogvslwbznxtcpok/Build/Intermediates.noindex/Familienplaner.build/Debug-watchsimulator/FamilienplanerWatchWidgets.build/FamilienplanerWatchWidgets-own-target-headers.hmap -Xcc -I/Users/runner/Library/Developer/Xcode/DerivedData/Familienplaner-dmcrrzfthkjbwogvslwbznxtcpok/Build/Intermediates.noindex/Familienplaner.build/Debug-watchsimulator/FamilienplanerWatchWidgets.build/FamilienplanerWatchWidgets-all-target-headers.hmap -Xcc -iquote -Xcc /Users/runner/Library/Developer/Xcode/DerivedData/Familienplaner-dmcrrzfthkjbwogvslwbznxtcpok/Build/Intermediates.noindex/Familienplaner.build/Debug-watchsimulator/FamilienplanerWatchWidgets.build/FamilienplanerWatchWidgets-project-headers.hmap -Xcc -I/Users/runner/Library/Developer/Xcode/DerivedData/Familienplaner-dmcrrzfthkjbwogvslwbznxtcpok/Build/Products/Debug-watchsimulator/include -Xcc -I/Users/runner/Library/Developer/Xcode/DerivedData/Familienplaner-dmcrrzfthkjbwogvslwbznxtcpok/Build/Intermediates.noindex/Familienplaner.build/Debug-watchsimulator/FamilienplanerWatchWidgets.build/DerivedSources-normal/x86_64 -Xcc -I/Users/runner/Library/Developer/Xcode/DerivedData/Familienplaner-dmcrrzfthkjbwogvslwbznxtcpok/Build/Intermediates.noindex/Familienplaner.build/Debug-watchsimulator/FamilienplanerWatchWidgets.build/DerivedSources/x86_64 -Xcc -I/Users/runner/Library/Developer/Xcode/DerivedData/Familienplaner-dmcrrzfthkjbwogvslwbznxtcpok/Build/Intermediates.noindex/Familienplaner.build/Debug-watchsimulator/FamilienplanerWatchWidgets.build/DerivedSources -Xcc -DDEBUG\=1 -emit-objc-header -emit-objc-header-path /Users/runner/Library/Developer/Xcode/DerivedData/Familienplaner-dmcrrzfthkjbwogvslwbznxtcpok/Build/Intermediates.noindex/Familienplaner.build/Debug-watchsimulator/FamilienplanerWatchWidgets.build/Objects-normal/x86_64/FamilienplanerWatchWidgets-Swift.h -working-directory /Users/runner/work/familienplaner/familienplaner -experimental-emit-module-separately -disable-cmo

SwiftDriverJobDiscovery normal arm64 Compiling WatchSnapshot.swift (in target 'FamilienplanerShare' from project 'Familienplaner')

Ld /Users/runner/Library/Developer/Xcode/DerivedData/Familienplaner-dmcrrzfthkjbwogvslwbznxtcpok/Build/Products/Debug-iphonesimulator/FamilienplanerWidgets.appex/FamilienplanerWidgets.debug.dylib normal (in target 'FamilienplanerWidgets' from project 'Familienplaner')
    cd /Users/runner/work/familienplaner/familienplaner
    /Applications/Xcode_26.6.app/Contents/Developer/Toolchains/XcodeDefault.xctoolchain/usr/bin/clang -Xlinker -reproducible -target arm64-apple-ios26.0-simulator -dynamiclib -isysroot /Applications/Xcode_26.6.app/Contents/Developer/Platforms/iPhoneSimulator.platform/Developer/SDKs/iPhoneSimulator26.5.sdk -O0 -L/Users/runner/Library/Developer/Xcode/DerivedData/Familienplaner-dmcrrzfthkjbwogvslwbznxtcpok/Build/Intermediates.noindex/EagerLinkingTBDs/Debug-iphonesimulator -L/Users/runner/Library/Developer/Xcode/DerivedData/Familienplaner-dmcrrzfthkjbwogvslwbznxtcpok/Build/Products/Debug-iphonesimulator -F/Users/runner/Library/Developer/Xcode/DerivedData/Familienplaner-dmcrrzfthkjbwogvslwbznxtcpok/Build/Intermediates.noindex/EagerLinkingTBDs/Debug-iphonesimulator -F/Users/runner/Library/Developer/Xcode/DerivedData/Familienplaner-dmcrrzfthkjbwogvslwbznxtcpok/Build/Products/Debug-iphonesimulator -filelist /Users/runner/Library/Developer/Xcode/DerivedData/Familienplaner-dmcrrzfthkjbwogvslwbznxtcpok/Build/Intermediates.noindex/Familienplaner.build/Debug-iphonesimulator/FamilienplanerWidgets.build/Objects-normal/arm64/FamilienplanerWidgets.LinkFileList -install_name @rpath/FamilienplanerWidgets.debug.dylib -Xlinker -rpath -Xlinker @executable_path/Frameworks -Xlinker -rpath -Xlinker @executable_path/../../Frameworks -Xlinker -dead_strip -Xlinker -object_path_lto -Xlinker /Users/runner/Library/Developer/Xcode/DerivedData/Familienplaner-dmcrrzfthkjbwogvslwbznxtcpok/Build/Intermediates.noindex/Familienplaner.build/Debug-iphonesimulator/FamilienplanerWidgets.build/Objects-normal/arm64/FamilienplanerWidgets_lto.o -rdynamic -Xlinker -no_deduplicate -Xlinker -objc_abi_version -Xlinker 2 -Xlinker -debug_variant -Xlinker -dependency_info -Xlinker /Users/runner/Library/Developer/Xcode/DerivedData/Familienplaner-dmcrrzfthkjbwogvslwbznxtcpok/Build/Intermediates.noindex/Familienplaner.build/Debug-iphonesimulator/FamilienplanerWidgets.build/Objects-normal/arm64/FamilienplanerWidgets_dependency_info.dat -fapplication-extension -fobjc-link-runtime -fprofile-instr-generate -L/Applications/Xcode_26.6.app/Contents/Developer/Toolchains/XcodeDefault.xctoolchain/usr/lib/swift/iphonesimulator -L/usr/lib/swift -Xlinker -add_ast_path -Xlinker /Users/runner/Library/Developer/Xcode/DerivedData/Familienplaner-dmcrrzfthkjbwogvslwbznxtcpok/Build/Intermediates.noindex/Familienplaner.build/Debug-iphonesimulator/FamilienplanerWidgets.build/Objects-normal/arm64/FamilienplanerWidgets.swiftmodule @/Users/runner/Library/Developer/Xcode/DerivedData/Familienplaner-dmcrrzfthkjbwogvslwbznxtcpok/Build/Intermediates.noindex/Familienplaner.build/Debug-iphonesimulator/FamilienplanerWidgets.build/Objects-normal/arm64/FamilienplanerWidgets-linker-args.resp -Xlinker -alias -Xlinker _NSExtensionMain -Xlinker ___debug_main_executable_dylib_entry_point -o /Users/runner/Library/Developer/Xcode/DerivedData/Familienplaner-dmcrrzfthkjbwogvslwbznxtcpok/Build/Products/Debug-iphonesimulator/FamilienplanerWidgets.appex/FamilienplanerWidgets.debug.dylib

Ld /Users/runner/Library/Developer/Xcode/DerivedData/Familienplaner-dmcrrzfthkjbwogvslwbznxtcpok/Build/Intermediates.noindex/Familienplaner.build/Debug-watchsimulator/FamilienplanerWatchWidgets.build/Objects-normal/x86_64/Binary/FamilienplanerWatchWidgets.debug.dylib normal x86_64 (in target 'FamilienplanerWatchWidgets' from project 'Familienplaner')
    cd /Users/runner/work/familienplaner/familienplaner
    /Applications/Xcode_26.6.app/Contents/Developer/Toolchains/XcodeDefault.xctoolchain/usr/bin/clang -Xlinker -reproducible -target x86_64-apple-watchos26.0-simulator -dynamiclib -isysroot /Applications/Xcode_26.6.app/Contents/Developer/Platforms/WatchSimulator.platform/Developer/SDKs/WatchSimulator26.5.sdk -O0 -L/Users/runner/Library/Developer/Xcode/DerivedData/Familienplaner-dmcrrzfthkjbwogvslwbznxtcpok/Build/Intermediates.noindex/EagerLinkingTBDs/Debug-watchsimulator -L/Users/runner/Library/Developer/Xcode/DerivedData/Familienplaner-dmcrrzfthkjbwogvslwbznxtcpok/Build/Products/Debug-watchsimulator -F/Users/runner/Library/Developer/Xcode/DerivedData/Familienplaner-dmcrrzfthkjbwogvslwbznxtcpok/Build/Intermediates.noindex/EagerLinkingTBDs/Debug-watchsimulator -F/Users/runner/Library/Developer/Xcode/DerivedData/Familienplaner-dmcrrzfthkjbwogvslwbznxtcpok/Build/Products/Debug-watchsimulator -filelist /Users/runner/Library/Developer/Xcode/DerivedData/Familienplaner-dmcrrzfthkjbwogvslwbznxtcpok/Build/Intermediates.noindex/Familienplaner.build/Debug-watchsimulator/FamilienplanerWatchWidgets.build/Objects-normal/x86_64/FamilienplanerWatchWidgets.LinkFileList -install_name @rpath/FamilienplanerWatchWidgets.debug.dylib -Xlinker -rpath -Xlinker @executable_path/Frameworks -Xlinker -rpath -Xlinker @executable_path/../../Frameworks -Xlinker -dead_strip -Xlinker -object_path_lto -Xlinker /Users/runner/Library/Developer/Xcode/DerivedData/Familienplaner-dmcrrzfthkjbwogvslwbznxtcpok/Build/Intermediates.noindex/Familienplaner.build/Debug-watchsimulator/FamilienplanerWatchWidgets.build/Objects-normal/x86_64/FamilienplanerWatchWidgets_lto.o -rdynamic -Xlinker -no_deduplicate -Xlinker -objc_abi_version -Xlinker 2 -Xlinker -debug_variant -Xlinker -dependency_info -Xlinker /Users/runner/Library/Developer/Xcode/DerivedData/Familienplaner-dmcrrzfthkjbwogvslwbznxtcpok/Build/Intermediates.noindex/Familienplaner.build/Debug-watchsimulator/FamilienplanerWatchWidgets.build/Objects-normal/x86_64/FamilienplanerWatchWidgets_dependency_info.dat -fapplication-extension -fobjc-link-runtime -fprofile-instr-generate -L/Applications/Xcode_26.6.app/Contents/Developer/Toolchains/XcodeDefault.xctoolchain/usr/lib/swift/watchsimulator -L/usr/lib/swift -Xlinker -add_ast_path -Xlinker /Users/runner/Library/Developer/Xcode/DerivedData/Familienplaner-dmcrrzfthkjbwogvslwbznxtcpok/Build/Intermediates.noindex/Familienplaner.build/Debug-watchsimulator/FamilienplanerWatchWidgets.build/Objects-normal/x86_64/FamilienplanerWatchWidgets.swiftmodule @/Users/runner/Library/Developer/Xcode/DerivedData/Familienplaner-dmcrrzfthkjbwogvslwbznxtcpok/Build/Intermediates.noindex/Familienplaner.build/Debug-watchsimulator/FamilienplanerWatchWidgets.build/Objects-normal/x86_64/FamilienplanerWatchWidgets-linker-args.resp -Xlinker -alias -Xlinker _NSExtensionMain -Xlinker ___debug_main_executable_dylib_entry_point -o /Users/runner/Library/Developer/Xcode/DerivedData/Familienplaner-dmcrrzfthkjbwogvslwbznxtcpok/Build/Intermediates.noindex/Familienplaner.build/Debug-watchsimulator/FamilienplanerWatchWidgets.build/Objects-normal/x86_64/Binary/FamilienplanerWatchWidgets.debug.dylib

SwiftDriverJobDiscovery normal arm64 Compiling WidgetBridge.swift (in target 'FamilienplanerShare' from project 'Familienplaner')

Ld /Users/runner/Library/Developer/Xcode/DerivedData/Familienplaner-dmcrrzfthkjbwogvslwbznxtcpok/Build/Intermediates.noindex/Familienplaner.build/Debug-watchsimulator/FamilienplanerWatchWidgets.build/Objects-normal/arm64/Binary/FamilienplanerWatchWidgets.debug.dylib normal arm64 (in target 'FamilienplanerWatchWidgets' from project 'Familienplaner')
    cd /Users/runner/work/familienplaner/familienplaner
    /Applications/Xcode_26.6.app/Contents/Developer/Toolchains/XcodeDefault.xctoolchain/usr/bin/clang -Xlinker -reproducible -target arm64-apple-watchos26.0-simulator -dynamiclib -isysroot /Applications/Xcode_26.6.app/Contents/Developer/Platforms/WatchSimulator.platform/Developer/SDKs/WatchSimulator26.5.sdk -O0 -L/Users/runner/Library/Developer/Xcode/DerivedData/Familienplaner-dmcrrzfthkjbwogvslwbznxtcpok/Build/Intermediates.noindex/EagerLinkingTBDs/Debug-watchsimulator -L/Users/runner/Library/Developer/Xcode/DerivedData/Familienplaner-dmcrrzfthkjbwogvslwbznxtcpok/Build/Products/Debug-watchsimulator -F/Users/runner/Library/Developer/Xcode/DerivedData/Familienplaner-dmcrrzfthkjbwogvslwbznxtcpok/Build/Intermediates.noindex/EagerLinkingTBDs/Debug-watchsimulator -F/Users/runner/Library/Developer/Xcode/DerivedData/Familienplaner-dmcrrzfthkjbwogvslwbznxtcpok/Build/Products/Debug-watchsimulator -filelist /Users/runner/Library/Developer/Xcode/DerivedData/Familienplaner-dmcrrzfthkjbwogvslwbznxtcpok/Build/Intermediates.noindex/Familienplaner.build/Debug-watchsimulator/FamilienplanerWatchWidgets.build/Objects-normal/arm64/FamilienplanerWatchWidgets.LinkFileList -install_name @rpath/FamilienplanerWatchWidgets.debug.dylib -Xlinker -rpath -Xlinker @executable_path/Frameworks -Xlinker -rpath -Xlinker @executable_path/../../Frameworks -Xlinker -dead_strip -Xlinker -object_path_lto -Xlinker /Users/runner/Library/Developer/Xcode/DerivedData/Familienplaner-dmcrrzfthkjbwogvslwbznxtcpok/Build/Intermediates.noindex/Familienplaner.build/Debug-watchsimulator/FamilienplanerWatchWidgets.build/Objects-normal/arm64/FamilienplanerWatchWidgets_lto.o -rdynamic -Xlinker -no_deduplicate -Xlinker -objc_abi_version -Xlinker 2 -Xlinker -debug_variant -Xlinker -dependency_info -Xlinker /Users/runner/Library/Developer/Xcode/DerivedData/Familienplaner-dmcrrzfthkjbwogvslwbznxtcpok/Build/Intermediates.noindex/Familienplaner.build/Debug-watchsimulator/FamilienplanerWatchWidgets.build/Objects-normal/arm64/FamilienplanerWatchWidgets_dependency_info.dat -fapplication-extension -fobjc-link-runtime -fprofile-instr-generate -L/Applications/Xcode_26.6.app/Contents/Developer/Toolchains/XcodeDefault.xctoolchain/usr/lib/swift/watchsimulator -L/usr/lib/swift -Xlinker -add_ast_path -Xlinker /Users/runner/Library/Developer/Xcode/DerivedData/Familienplaner-dmcrrzfthkjbwogvslwbznxtcpok/Build/Intermediates.noindex/Familienplaner.build/Debug-watchsimulator/FamilienplanerWatchWidgets.build/Objects-normal/arm64/FamilienplanerWatchWidgets.swiftmodule @/Users/runner/Library/Developer/Xcode/DerivedData/Familienplaner-dmcrrzfthkjbwogvslwbznxtcpok/Build/Intermediates.noindex/Familienplaner.build/Debug-watchsimulator/FamilienplanerWatchWidgets.build/Objects-normal/arm64/FamilienplanerWatchWidgets-linker-args.resp -Xlinker -alias -Xlinker _NSExtensionMain -Xlinker ___debug_main_executable_dylib_entry_point -o /Users/runner/Library/Developer/Xcode/DerivedData/Familienplaner-dmcrrzfthkjbwogvslwbznxtcpok/Build/Intermediates.noindex/Familienplaner.build/Debug-watchsimulator/FamilienplanerWatchWidgets.build/Objects-normal/arm64/Binary/FamilienplanerWatchWidgets.debug.dylib

ConstructStubExecutorLinkFileList /Users/runner/Library/Developer/Xcode/DerivedData/Familienplaner-dmcrrzfthkjbwogvslwbznxtcpok/Build/Intermediates.noindex/Familienplaner.build/Debug-iphonesimulator/FamilienplanerWidgets.build/FamilienplanerWidgets-ExecutorLinkFileList-normal-arm64.txt (in target 'FamilienplanerWidgets' from project 'Familienplaner')
    cd /Users/runner/work/familienplaner/familienplaner
    construct-stub-executor-link-file-list /Users/runner/Library/Developer/Xcode/DerivedData/Familienplaner-dmcrrzfthkjbwogvslwbznxtcpok/Build/Products/Debug-iphonesimulator/FamilienplanerWidgets.appex/FamilienplanerWidgets.debug.dylib /Applications/Xcode_26.6.app/Contents/Developer/Platforms/iPhoneSimulator.platform/Developer/usr/lib/libPreviewsJITStubExecutor_no_swift_entry_point.a /Applications/Xcode_26.6.app/Contents/Developer/Platforms/iPhoneSimulator.platform/Developer/usr/lib/libPreviewsJITStubExecutor.a --output /Users/runner/Library/Developer/Xcode/DerivedData/Familienplaner-dmcrrzfthkjbwogvslwbznxtcpok/Build/Intermediates.noindex/Familienplaner.build/Debug-iphonesimulator/FamilienplanerWidgets.build/FamilienplanerWidgets-ExecutorLinkFileList-normal-arm64.txt
note: Using stub executor library with Swift entry point. (in target 'FamilienplanerWidgets' from project 'Familienplaner')

ConstructStubExecutorLinkFileList /Users/runner/Library/Developer/Xcode/DerivedData/Familienplaner-dmcrrzfthkjbwogvslwbznxtcpok/Build/Intermediates.noindex/Familienplaner.build/Debug-watchsimulator/FamilienplanerWatchWidgets.build/FamilienplanerWatchWidgets-ExecutorLinkFileList-normal-x86_64.txt (in target 'FamilienplanerWatchWidgets' from project 'Familienplaner')
    cd /Users/runner/work/familienplaner/familienplaner
    construct-stub-executor-link-file-list /Users/runner/Library/Developer/Xcode/DerivedData/Familienplaner-dmcrrzfthkjbwogvslwbznxtcpok/Build/Intermediates.noindex/Familienplaner.build/Debug-watchsimulator/FamilienplanerWatchWidgets.build/Objects-normal/x86_64/Binary/FamilienplanerWatchWidgets.debug.dylib /Applications/Xcode_26.6.app/Contents/Developer/Platforms/WatchSimulator.platform/Developer/usr/lib/libPreviewsJITStubExecutor_no_swift_entry_point.a /Applications/Xcode_26.6.app/Contents/Developer/Platforms/WatchSimulator.platform/Developer/usr/lib/libPreviewsJITStubExecutor.a --output /Users/runner/Library/Developer/Xcode/DerivedData/Familienplaner-dmcrrzfthkjbwogvslwbznxtcpok/Build/Intermediates.noindex/Familienplaner.build/Debug-watchsimulator/FamilienplanerWatchWidgets.build/FamilienplanerWatchWidgets-ExecutorLinkFileList-normal-x86_64.txt
note: Using stub executor library with Swift entry point. (in target 'FamilienplanerWatchWidgets' from project 'Familienplaner')

Ld /Users/runner/Library/Developer/Xcode/DerivedData/Familienplaner-dmcrrzfthkjbwogvslwbznxtcpok/Build/Products/Debug-iphonesimulator/FamilienplanerWidgets.appex/FamilienplanerWidgets normal (in target 'FamilienplanerWidgets' from project 'Familienplaner')
    cd /Users/runner/work/familienplaner/familienplaner
    /Applications/Xcode_26.6.app/Contents/Developer/Toolchains/XcodeDefault.xctoolchain/usr/bin/clang -Xlinker -reproducible -target arm64-apple-ios26.0-simulator -isysroot /Applications/Xcode_26.6.app/Contents/Developer/Platforms/iPhoneSimulator.platform/Developer/SDKs/iPhoneSimulator26.5.sdk -O0 -L/Users/runner/Library/Developer/Xcode/DerivedData/Familienplaner-dmcrrzfthkjbwogvslwbznxtcpok/Build/Products/Debug-iphonesimulator -F/Users/runner/Library/Developer/Xcode/DerivedData/Familienplaner-dmcrrzfthkjbwogvslwbznxtcpok/Build/Products/Debug-iphonesimulator -Xlinker -rpath -Xlinker @executable_path -Xlinker -rpath -Xlinker @executable_path/Frameworks -Xlinker -rpath -Xlinker @executable_path/../../Frameworks -rdynamic -Xlinker -no_deduplicate -Xlinker -objc_abi_version -Xlinker 2 -Xlinker -debug_variant -e ___debug_blank_executor_main -Xlinker -sectcreate -Xlinker __TEXT -Xlinker __debug_dylib -Xlinker /Users/runner/Library/Developer/Xcode/DerivedData/Familienplaner-dmcrrzfthkjbwogvslwbznxtcpok/Build/Intermediates.noindex/Familienplaner.build/Debug-iphonesimulator/FamilienplanerWidgets.build/FamilienplanerWidgets-DebugDylibPath-normal-arm64.txt -Xlinker -sectcreate -Xlinker __TEXT -Xlinker __debug_entry -Xlinker /Users/runner/Library/Developer/Xcode/DerivedData/Familienplaner-dmcrrzfthkjbwogvslwbznxtcpok/Build/Intermediates.noindex/Familienplaner.build/Debug-iphonesimulator/FamilienplanerWidgets.build/FamilienplanerWidgets-DebugEntryPoint-normal-arm64.txt -Xlinker -sectcreate -Xlinker __TEXT -Xlinker __debug_instlnm -Xlinker /Users/runner/Library/Developer/Xcode/DerivedData/Familienplaner-dmcrrzfthkjbwogvslwbznxtcpok/Build/Intermediates.noindex/Familienplaner.build/Debug-iphonesimulator/FamilienplanerWidgets.build/FamilienplanerWidgets-DebugDylibInstallName-normal-arm64.txt -Xlinker -filelist -Xlinker /Users/runner/Library/Developer/Xcode/DerivedData/Familienplaner-dmcrrzfthkjbwogvslwbznxtcpok/Build/Intermediates.noindex/Familienplaner.build/Debug-iphonesimulator/FamilienplanerWidgets.build/FamilienplanerWidgets-ExecutorLinkFileList-normal-arm64.txt /Users/runner/Library/Developer/Xcode/DerivedData/Familienplaner-dmcrrzfthkjbwogvslwbznxtcpok/Build/Products/Debug-iphonesimulator/FamilienplanerWidgets.appex/FamilienplanerWidgets.debug.dylib -o /Users/runner/Library/Developer/Xcode/DerivedData/Familienplaner-dmcrrzfthkjbwogvslwbznxtcpok/Build/Products/Debug-iphonesimulator/FamilienplanerWidgets.appex/FamilienplanerWidgets

Ld /Users/runner/Library/Developer/Xcode/DerivedData/Familienplaner-dmcrrzfthkjbwogvslwbznxtcpok/Build/Intermediates.noindex/Familienplaner.build/Debug-watchsimulator/FamilienplanerWatchWidgets.build/Objects-normal/x86_64/Binary/FamilienplanerWatchWidgets normal x86_64 (in target 'FamilienplanerWatchWidgets' from project 'Familienplaner')
    cd /Users/runner/work/familienplaner/familienplaner
    /Applications/Xcode_26.6.app/Contents/Developer/Toolchains/XcodeDefault.xctoolchain/usr/bin/clang -Xlinker -reproducible -target x86_64-apple-watchos26.0-simulator -isysroot /Applications/Xcode_26.6.app/Contents/Developer/Platforms/WatchSimulator.platform/Developer/SDKs/WatchSimulator26.5.sdk -O0 -L/Users/runner/Library/Developer/Xcode/DerivedData/Familienplaner-dmcrrzfthkjbwogvslwbznxtcpok/Build/Products/Debug-watchsimulator -F/Users/runner/Library/Developer/Xcode/DerivedData/Familienplaner-dmcrrzfthkjbwogvslwbznxtcpok/Build/Products/Debug-watchsimulator -Xlinker -rpath -Xlinker @executable_path -Xlinker -rpath -Xlinker @executable_path/Frameworks -Xlinker -rpath -Xlinker @executable_path/../../Frameworks -rdynamic -Xlinker -no_deduplicate -Xlinker -objc_abi_version -Xlinker 2 -Xlinker -debug_variant -e ___debug_blank_executor_main -Xlinker -sectcreate -Xlinker __TEXT -Xlinker __debug_dylib -Xlinker /Users/runner/Library/Developer/Xcode/DerivedData/Familienplaner-dmcrrzfthkjbwogvslwbznxtcpok/Build/Intermediates.noindex/Familienplaner.build/Debug-watchsimulator/FamilienplanerWatchWidgets.build/FamilienplanerWatchWidgets-DebugDylibPath-normal-x86_64.txt -Xlinker -sectcreate -Xlinker __TEXT -Xlinker __debug_entry -Xlinker /Users/runner/Library/Developer/Xcode/DerivedData/Familienplaner-dmcrrzfthkjbwogvslwbznxtcpok/Build/Intermediates.noindex/Familienplaner.build/Debug-watchsimulator/FamilienplanerWatchWidgets.build/FamilienplanerWatchWidgets-DebugEntryPoint-normal-x86_64.txt -Xlinker -sectcreate -Xlinker __TEXT -Xlinker __debug_instlnm -Xlinker /Users/runner/Library/Developer/Xcode/DerivedData/Familienplaner-dmcrrzfthkjbwogvslwbznxtcpok/Build/Intermediates.noindex/Familienplaner.build/Debug-watchsimulator/FamilienplanerWatchWidgets.build/FamilienplanerWatchWidgets-DebugDylibInstallName-normal-x86_64.txt -Xlinker -filelist -Xlinker /Users/runner/Library/Developer/Xcode/DerivedData/Familienplaner-dmcrrzfthkjbwogvslwbznxtcpok/Build/Intermediates.noindex/Familienplaner.build/Debug-watchsimulator/FamilienplanerWatchWidgets.build/FamilienplanerWatchWidgets-ExecutorLinkFileList-normal-x86_64.txt /Users/runner/Library/Developer/Xcode/DerivedData/Familienplaner-dmcrrzfthkjbwogvslwbznxtcpok/Build/Intermediates.noindex/Familienplaner.build/Debug-watchsimulator/FamilienplanerWatchWidgets.build/Objects-normal/x86_64/Binary/FamilienplanerWatchWidgets.debug.dylib -o /Users/runner/Library/Developer/Xcode/DerivedData/Familienplaner-dmcrrzfthkjbwogvslwbznxtcpok/Build/Intermediates.noindex/Familienplaner.build/Debug-watchsimulator/FamilienplanerWatchWidgets.build/Objects-normal/x86_64/Binary/FamilienplanerWatchWidgets

ExtractAppIntentsMetadata (in target 'FamilienplanerWidgets' from project 'Familienplaner')
    cd /Users/runner/work/familienplaner/familienplaner
    /Applications/Xcode_26.6.app/Contents/Developer/Toolchains/XcodeDefault.xctoolchain/usr/bin/appintentsmetadataprocessor --toolchain-dir /var/run/com.apple.security.cryptexd/mnt/com.apple.MobileAsset.MetalToolchain-v17.6.109.0.SwB2QA/Metal.xctoolchain --module-name FamilienplanerWidgets --sdk-root /Applications/Xcode_26.6.app/Contents/Developer/Platforms/iPhoneSimulator.platform/Developer/SDKs/iPhoneSimulator26.5.sdk --xcode-version 17F113 --platform-family iOS --deployment-target 26.0 --bundle-identifier de.barg.familienplaner.widgets --output /Users/runner/Library/Developer/Xcode/DerivedData/Familienplaner-dmcrrzfthkjbwogvslwbznxtcpok/Build/Products/Debug-iphonesimulator/FamilienplanerWidgets.appex --target-triple arm64-apple-ios26.0-simulator --binary-file /Users/runner/Library/Developer/Xcode/DerivedData/Familienplaner-dmcrrzfthkjbwogvslwbznxtcpok/Build/Products/Debug-iphonesimulator/FamilienplanerWidgets.appex/FamilienplanerWidgets --dependency-file /Users/runner/Library/Developer/Xcode/DerivedData/Familienplaner-dmcrrzfthkjbwogvslwbznxtcpok/Build/Intermediates.noindex/Familienplaner.build/Debug-iphonesimulator/FamilienplanerWidgets.build/Objects-normal/arm64/FamilienplanerWidgets_dependency_info.dat --stringsdata-file /Users/runner/Library/Developer/Xcode/DerivedData/Familienplaner-dmcrrzfthkjbwogvslwbznxtcpok/Build/Intermediates.noindex/Familienplaner.build/Debug-iphonesimulator/FamilienplanerWidgets.build/Objects-normal/arm64/ExtractedAppShortcutsMetadata.stringsdata --source-file-list /Users/runner/Library/Developer/Xcode/DerivedData/Familienplaner-dmcrrzfthkjbwogvslwbznxtcpok/Build/Intermediates.noindex/Familienplaner.build/Debug-iphonesimulator/FamilienplanerWidgets.build/Objects-normal/arm64/FamilienplanerWidgets.SwiftFileList --metadata-file-list /Users/runner/Library/Developer/Xcode/DerivedData/Familienplaner-dmcrrzfthkjbwogvslwbznxtcpok/Build/Intermediates.noindex/Familienplaner.build/Debug-iphonesimulator/FamilienplanerWidgets.build/FamilienplanerWidgets.DependencyMetadataFileList --static-metadata-file-list /Users/runner/Library/Developer/Xcode/DerivedData/Familienplaner-dmcrrzfthkjbwogvslwbznxtcpok/Build/Intermediates.noindex/Familienplaner.build/Debug-iphonesimulator/FamilienplanerWidgets.build/FamilienplanerWidgets.DependencyStaticMetadataFileList --swift-const-vals-list /Users/runner/Library/Developer/Xcode/DerivedData/Familienplaner-dmcrrzfthkjbwogvslwbznxtcpok/Build/Intermediates.noindex/Familienplaner.build/Debug-iphonesimulator/FamilienplanerWidgets.build/Objects-normal/arm64/FamilienplanerWidgets.SwiftConstValuesFileList --compile-time-extraction --deployment-aware-processing --validate-assistant-intents --no-app-shortcuts-localization
2026-10-10 00:43:34.643 appintentsmetadataprocessor[2693:11356] Starting appintentsmetadataprocessor export
2026-10-10 00:43:34.688 appintentsmetadataprocessor[2693:11356] Extracted no relevant App Intents symbols, skipping writing output

AppIntentsSSUTraining (in target 'FamilienplanerWidgets' from project 'Familienplaner')
    cd /Users/runner/work/familienplaner/familienplaner
    /Applications/Xcode_26.6.app/Contents/Developer/Toolchains/XcodeDefault.xctoolchain/usr/bin/appintentsnltrainingprocessor --infoplist-path /Users/runner/Library/Developer/Xcode/DerivedData/Familienplaner-dmcrrzfthkjbwogvslwbznxtcpok/Build/Products/Debug-iphonesimulator/FamilienplanerWidgets.appex/Info.plist --temp-dir-path /Users/runner/Library/Developer/Xcode/DerivedData/Familienplaner-dmcrrzfthkjbwogvslwbznxtcpok/Build/Intermediates.noindex/Familienplaner.build/Debug-iphonesimulator/FamilienplanerWidgets.build/ssu --bundle-id de.barg.familienplaner.widgets --product-path /Users/runner/Library/Developer/Xcode/DerivedData/Familienplaner-dmcrrzfthkjbwogvslwbznxtcpok/Build/Products/Debug-iphonesimulator/FamilienplanerWidgets.appex --extracted-metadata-path /Users/runner/Library/Developer/Xcode/DerivedData/Familienplaner-dmcrrzfthkjbwogvslwbznxtcpok/Build/Products/Debug-iphonesimulator/FamilienplanerWidgets.appex/Metadata.appintents --metadata-file-list /Users/runner/Library/Developer/Xcode/DerivedData/Familienplaner-dmcrrzfthkjbwogvslwbznxtcpok/Build/Intermediates.noindex/Familienplaner.build/Debug-iphonesimulator/FamilienplanerWidgets.build/FamilienplanerWidgets.DependencyMetadataFileList --source-file /Users/runner/Library/Developer/Xcode/DerivedData/Familienplaner-dmcrrzfthkjbwogvslwbznxtcpok/Build/Products/Debug-iphonesimulator/FamilienplanerWidgets.appex/Info.plist --archive-ssu-assets
2026-10-10 00:43:34.743 appintentsnltrainingprocessor[2699:11371] Parsing options for appintentsnltrainingprocessor
2026-10-10 00:43:34.744 appintentsnltrainingprocessor[2699:11371] Starting AppIntents SSU YAML Generation
2026-10-10 00:43:34.749 appintentsnltrainingprocessor[2699:11371] No AppShortcuts found - Skipping.

SwiftDriverJobDiscovery normal arm64 Compiling ShareViewController.swift, SharedInbox.swift (in target 'FamilienplanerShare' from project 'Familienplaner')

CreateUniversalBinary /Users/runner/Library/Developer/Xcode/DerivedData/Familienplaner-dmcrrzfthkjbwogvslwbznxtcpok/Build/Products/Debug-watchsimulator/FamilienplanerWatchWidgets.appex/FamilienplanerWatchWidgets.debug.dylib normal arm64\ x86_64 (in target 'FamilienplanerWatchWidgets' from project 'Familienplaner')
    cd /Users/runner/work/familienplaner/familienplaner
    /Applications/Xcode_26.6.app/Contents/Developer/Toolchains/XcodeDefault.xctoolchain/usr/bin/lipo -create /Users/runner/Library/Developer/Xcode/DerivedData/Familienplaner-dmcrrzfthkjbwogvslwbznxtcpok/Build/Intermediates.noindex/Familienplaner.build/Debug-watchsimulator/FamilienplanerWatchWidgets.build/Objects-normal/arm64/Binary/FamilienplanerWatchWidgets.debug.dylib /Users/runner/Library/Developer/Xcode/DerivedData/Familienplaner-dmcrrzfthkjbwogvslwbznxtcpok/Build/Intermediates.noindex/Familienplaner.build/Debug-watchsimulator/FamilienplanerWatchWidgets.build/Objects-normal/x86_64/Binary/FamilienplanerWatchWidgets.debug.dylib -output /Users/runner/Library/Developer/Xcode/DerivedData/Familienplaner-dmcrrzfthkjbwogvslwbznxtcpok/Build/Products/Debug-watchsimulator/FamilienplanerWatchWidgets.appex/FamilienplanerWatchWidgets.debug.dylib

ConstructStubExecutorLinkFileList /Users/runner/Library/Developer/Xcode/DerivedData/Familienplaner-dmcrrzfthkjbwogvslwbznxtcpok/Build/Intermediates.noindex/Familienplaner.build/Debug-watchsimulator/FamilienplanerWatchWidgets.build/FamilienplanerWatchWidgets-ExecutorLinkFileList-normal-arm64.txt (in target 'FamilienplanerWatchWidgets' from project 'Familienplaner')
    cd /Users/runner/work/familienplaner/familienplaner
    construct-stub-executor-link-file-list /Users/runner/Library/Developer/Xcode/DerivedData/Familienplaner-dmcrrzfthkjbwogvslwbznxtcpok/Build/Intermediates.noindex/Familienplaner.build/Debug-watchsimulator/FamilienplanerWatchWidgets.build/Objects-normal/arm64/Binary/FamilienplanerWatchWidgets.debug.dylib /Applications/Xcode_26.6.app/Contents/Developer/Platforms/WatchSimulator.platform/Developer/usr/lib/libPreviewsJITStubExecutor_no_swift_entry_point.a /Applications/Xcode_26.6.app/Contents/Developer/Platforms/WatchSimulator.platform/Developer/usr/lib/libPreviewsJITStubExecutor.a --output /Users/runner/Library/Developer/Xcode/DerivedData/Familienplaner-dmcrrzfthkjbwogvslwbznxtcpok/Build/Intermediates.noindex/Familienplaner.build/Debug-watchsimulator/FamilienplanerWatchWidgets.build/FamilienplanerWatchWidgets-ExecutorLinkFileList-normal-arm64.txt
note: Using stub executor library with Swift entry point. (in target 'FamilienplanerWatchWidgets' from project 'Familienplaner')

SwiftDriver\ Compilation FamilienplanerShare normal arm64 com.apple.xcode.tools.swift.compiler (in target 'FamilienplanerShare' from project 'Familienplaner')
    cd /Users/runner/work/familienplaner/familienplaner
    builtin-Swift-Compilation -- /Applications/Xcode_26.6.app/Contents/Developer/Toolchains/XcodeDefault.xctoolchain/usr/bin/swiftc -module-name FamilienplanerShare -Onone @/Users/runner/Library/Developer/Xcode/DerivedData/Familienplaner-dmcrrzfthkjbwogvslwbznxtcpok/Build/Intermediates.noindex/Familienplaner.build/Debug-iphonesimulator/FamilienplanerShare.build/Objects-normal/arm64/FamilienplanerShare.SwiftFileList -DDEBUG -enable-bare-slash-regex -enable-experimental-feature DebugDescriptionMacro -sdk /Applications/Xcode_26.6.app/Contents/Developer/Platforms/iPhoneSimulator.platform/Developer/SDKs/iPhoneSimulator26.5.sdk -target arm64-apple-ios26.0-simulator -g -module-cache-path /Users/runner/Library/Developer/Xcode/DerivedData/ModuleCache.noindex -Xfrontend -serialize-debugging-options -application-extension -profile-coverage-mapping -profile-generate -enable-testing -index-store-path /Users/runner/Library/Developer/Xcode/DerivedData/Familienplaner-dmcrrzfthkjbwogvslwbznxtcpok/Index.noindex/DataStore -Xcc -D_LIBCPP_HARDENING_MODE\=_LIBCPP_HARDENING_MODE_DEBUG -swift-version 5 -I /Users/runner/Library/Developer/Xcode/DerivedData/Familienplaner-dmcrrzfthkjbwogvslwbznxtcpok/Build/Products/Debug-iphonesimulator -F /Users/runner/Library/Developer/Xcode/DerivedData/Familienplaner-dmcrrzfthkjbwogvslwbznxtcpok/Build/Products/Debug-iphonesimulator -c -j3 -enable-batch-mode -incremental -Xcc -ivfsstatcache -Xcc /Users/runner/Library/Developer/Xcode/DerivedData/SDKStatCaches.noindex/iphonesimulator26.5-23F81a-688ef53f1462e2c8f657fdc38a81448ff45c64a1807a658693f2a61704f17a36.sdkstatcache -output-file-map /Users/runner/Library/Developer/Xcode/DerivedData/Familienplaner-dmcrrzfthkjbwogvslwbznxtcpok/Build/Intermediates.noindex/Familienplaner.build/Debug-iphonesimulator/FamilienplanerShare.build/Objects-normal/arm64/FamilienplanerShare-OutputFileMap.json -use-frontend-parseable-output -save-temps -no-color-diagnostics -explicit-module-build -module-cache-path /Users/runner/Library/Developer/Xcode/DerivedData/Familienplaner-dmcrrzfthkjbwogvslwbznxtcpok/Build/Intermediates.noindex/SwiftExplicitPrecompiledModules -clang-scanner-module-cache-path /Users/runner/Library/Developer/Xcode/DerivedData/ModuleCache.noindex -sdk-module-cache-path /Users/runner/Library/Developer/Xcode/DerivedData/ModuleCache.noindex -serialize-diagnostics -emit-dependencies -emit-module -emit-module-path /Users/runner/Library/Developer/Xcode/DerivedData/Familienplaner-dmcrrzfthkjbwogvslwbznxtcpok/Build/Intermediates.noindex/Familienplaner.build/Debug-iphonesimulator/FamilienplanerShare.build/Objects-normal/arm64/FamilienplanerShare.swiftmodule -validate-clang-modules-once -clang-build-session-file /Users/runner/Library/Developer/Xcode/DerivedData/ModuleCache.noindex/Session.modulevalidation -Xcc -I/Users/runner/Library/Developer/Xcode/DerivedData/Familienplaner-dmcrrzfthkjbwogvslwbznxtcpok/Build/Intermediates.noindex/Familienplaner.build/Debug-iphonesimulator/FamilienplanerShare.build/swift-overrides.hmap -emit-const-values -Xfrontend -const-gather-protocols-file -Xfrontend /Users/runner/Library/Developer/Xcode/DerivedData/Familienplaner-dmcrrzfthkjbwogvslwbznxtcpok/Build/Intermediates.noindex/Familienplaner.build/Debug-iphonesimulator/FamilienplanerShare.build/Objects-normal/arm64/FamilienplanerShare_const_extract_protocols.json -Xcc -iquote -Xcc /Users/runner/Library/Developer/Xcode/DerivedData/Familienplaner-dmcrrzfthkjbwogvslwbznxtcpok/Build/Intermediates.noindex/Familienplaner.build/Debug-iphonesimulator/FamilienplanerShare.build/FamilienplanerShare-generated-files.hmap -Xcc -I/Users/runner/Library/Developer/Xcode/DerivedData/Familienplaner-dmcrrzfthkjbwogvslwbznxtcpok/Build/Intermediates.noindex/Familienplaner.build/Debug-iphonesimulator/FamilienplanerShare.build/FamilienplanerShare-own-target-headers.hmap -Xcc -I/Users/runner/Library/Developer/Xcode/DerivedData/Familienplaner-dmcrrzfthkjbwogvslwbznxtcpok/Build/Intermediates.noindex/Familienplaner.build/Debug-iphonesimulator/FamilienplanerShare.build/FamilienplanerShare-all-target-headers.hmap -Xcc -iquote -Xcc /Users/runner/Library/Developer/Xcode/DerivedData/Familienplaner-dmcrrzfthkjbwogvslwbznxtcpok/Build/Intermediates.noindex/Familienplaner.build/Debug-iphonesimulator/FamilienplanerShare.build/FamilienplanerShare-project-headers.hmap -Xcc -I/Users/runner/Library/Developer/Xcode/DerivedData/Familienplaner-dmcrrzfthkjbwogvslwbznxtcpok/Build/Products/Debug-iphonesimulator/include -Xcc -I/Users/runner/Library/Developer/Xcode/DerivedData/Familienplaner-dmcrrzfthkjbwogvslwbznxtcpok/Build/Intermediates.noindex/Familienplaner.build/Debug-iphonesimulator/FamilienplanerShare.build/DerivedSources-normal/arm64 -Xcc -I/Users/runner/Library/Developer/Xcode/DerivedData/Familienplaner-dmcrrzfthkjbwogvslwbznxtcpok/Build/Intermediates.noindex/Familienplaner.build/Debug-iphonesimulator/FamilienplanerShare.build/DerivedSources/arm64 -Xcc -I/Users/runner/Library/Developer/Xcode/DerivedData/Familienplaner-dmcrrzfthkjbwogvslwbznxtcpok/Build/Intermediates.noindex/Familienplaner.build/Debug-iphonesimulator/FamilienplanerShare.build/DerivedSources -Xcc -DDEBUG\=1 -emit-objc-header -emit-objc-header-path /Users/runner/Library/Developer/Xcode/DerivedData/Familienplaner-dmcrrzfthkjbwogvslwbznxtcpok/Build/Intermediates.noindex/Familienplaner.build/Debug-iphonesimulator/FamilienplanerShare.build/Objects-normal/arm64/FamilienplanerShare-Swift.h -working-directory /Users/runner/work/familienplaner/familienplaner -experimental-emit-module-separately -disable-cmo

Ld /Users/runner/Library/Developer/Xcode/DerivedData/Familienplaner-dmcrrzfthkjbwogvslwbznxtcpok/Build/Intermediates.noindex/Familienplaner.build/Debug-watchsimulator/FamilienplanerWatchWidgets.build/Objects-normal/arm64/Binary/FamilienplanerWatchWidgets normal arm64 (in target 'FamilienplanerWatchWidgets' from project 'Familienplaner')
    cd /Users/runner/work/familienplaner/familienplaner
    /Applications/Xcode_26.6.app/Contents/Developer/Toolchains/XcodeDefault.xctoolchain/usr/bin/clang -Xlinker -reproducible -target arm64-apple-watchos26.0-simulator -isysroot /Applications/Xcode_26.6.app/Contents/Developer/Platforms/WatchSimulator.platform/Developer/SDKs/WatchSimulator26.5.sdk -O0 -L/Users/runner/Library/Developer/Xcode/DerivedData/Familienplaner-dmcrrzfthkjbwogvslwbznxtcpok/Build/Products/Debug-watchsimulator -F/Users/runner/Library/Developer/Xcode/DerivedData/Familienplaner-dmcrrzfthkjbwogvslwbznxtcpok/Build/Products/Debug-watchsimulator -Xlinker -rpath -Xlinker @executable_path -Xlinker -rpath -Xlinker @executable_path/Frameworks -Xlinker -rpath -Xlinker @executable_path/../../Frameworks -rdynamic -Xlinker -no_deduplicate -Xlinker -objc_abi_version -Xlinker 2 -Xlinker -debug_variant -e ___debug_blank_executor_main -Xlinker -sectcreate -Xlinker __TEXT -Xlinker __debug_dylib -Xlinker /Users/runner/Library/Developer/Xcode/DerivedData/Familienplaner-dmcrrzfthkjbwogvslwbznxtcpok/Build/Intermediates.noindex/Familienplaner.build/Debug-watchsimulator/FamilienplanerWatchWidgets.build/FamilienplanerWatchWidgets-DebugDylibPath-normal-arm64.txt -Xlinker -sectcreate -Xlinker __TEXT -Xlinker __debug_entry -Xlinker /Users/runner/Library/Developer/Xcode/DerivedData/Familienplaner-dmcrrzfthkjbwogvslwbznxtcpok/Build/Intermediates.noindex/Familienplaner.build/Debug-watchsimulator/FamilienplanerWatchWidgets.build/FamilienplanerWatchWidgets-DebugEntryPoint-normal-arm64.txt -Xlinker -sectcreate -Xlinker __TEXT -Xlinker __debug_instlnm -Xlinker /Users/runner/Library/Developer/Xcode/DerivedData/Familienplaner-dmcrrzfthkjbwogvslwbznxtcpok/Build/Intermediates.noindex/Familienplaner.build/Debug-watchsimulator/FamilienplanerWatchWidgets.build/FamilienplanerWatchWidgets-DebugDylibInstallName-normal-arm64.txt -Xlinker -filelist -Xlinker /Users/runner/Library/Developer/Xcode/DerivedData/Familienplaner-dmcrrzfthkjbwogvslwbznxtcpok/Build/Intermediates.noindex/Familienplaner.build/Debug-watchsimulator/FamilienplanerWatchWidgets.build/FamilienplanerWatchWidgets-ExecutorLinkFileList-normal-arm64.txt /Users/runner/Library/Developer/Xcode/DerivedData/Familienplaner-dmcrrzfthkjbwogvslwbznxtcpok/Build/Intermediates.noindex/Familienplaner.build/Debug-watchsimulator/FamilienplanerWatchWidgets.build/Objects-normal/arm64/Binary/FamilienplanerWatchWidgets.debug.dylib -o /Users/runner/Library/Developer/Xcode/DerivedData/Familienplaner-dmcrrzfthkjbwogvslwbznxtcpok/Build/Intermediates.noindex/Familienplaner.build/Debug-watchsimulator/FamilienplanerWatchWidgets.build/Objects-normal/arm64/Binary/FamilienplanerWatchWidgets

Ld /Users/runner/Library/Developer/Xcode/DerivedData/Familienplaner-dmcrrzfthkjbwogvslwbznxtcpok/Build/Products/Debug-iphonesimulator/FamilienplanerShare.appex/FamilienplanerShare.debug.dylib normal (in target 'FamilienplanerShare' from project 'Familienplaner')
    cd /Users/runner/work/familienplaner/familienplaner
    /Applications/Xcode_26.6.app/Contents/Developer/Toolchains/XcodeDefault.xctoolchain/usr/bin/clang -Xlinker -reproducible -target arm64-apple-ios26.0-simulator -dynamiclib -isysroot /Applications/Xcode_26.6.app/Contents/Developer/Platforms/iPhoneSimulator.platform/Developer/SDKs/iPhoneSimulator26.5.sdk -O0 -L/Users/runner/Library/Developer/Xcode/DerivedData/Familienplaner-dmcrrzfthkjbwogvslwbznxtcpok/Build/Intermediates.noindex/EagerLinkingTBDs/Debug-iphonesimulator -L/Users/runner/Library/Developer/Xcode/DerivedData/Familienplaner-dmcrrzfthkjbwogvslwbznxtcpok/Build/Products/Debug-iphonesimulator -F/Users/runner/Library/Developer/Xcode/DerivedData/Familienplaner-dmcrrzfthkjbwogvslwbznxtcpok/Build/Intermediates.noindex/EagerLinkingTBDs/Debug-iphonesimulator -F/Users/runner/Library/Developer/Xcode/DerivedData/Familienplaner-dmcrrzfthkjbwogvslwbznxtcpok/Build/Products/Debug-iphonesimulator -filelist /Users/runner/Library/Developer/Xcode/DerivedData/Familienplaner-dmcrrzfthkjbwogvslwbznxtcpok/Build/Intermediates.noindex/Familienplaner.build/Debug-iphonesimulator/FamilienplanerShare.build/Objects-normal/arm64/FamilienplanerShare.LinkFileList -install_name @rpath/FamilienplanerShare.debug.dylib -Xlinker -rpath -Xlinker @executable_path/Frameworks -Xlinker -rpath -Xlinker @executable_path/../../Frameworks -Xlinker -dead_strip -Xlinker -object_path_lto -Xlinker /Users/runner/Library/Developer/Xcode/DerivedData/Familienplaner-dmcrrzfthkjbwogvslwbznxtcpok/Build/Intermediates.noindex/Familienplaner.build/Debug-iphonesimulator/FamilienplanerShare.build/Objects-normal/arm64/FamilienplanerShare_lto.o -rdynamic -Xlinker -no_deduplicate -Xlinker -objc_abi_version -Xlinker 2 -Xlinker -debug_variant -Xlinker -dependency_info -Xlinker /Users/runner/Library/Developer/Xcode/DerivedData/Familienplaner-dmcrrzfthkjbwogvslwbznxtcpok/Build/Intermediates.noindex/Familienplaner.build/Debug-iphonesimulator/FamilienplanerShare.build/Objects-normal/arm64/FamilienplanerShare_dependency_info.dat -fapplication-extension -fobjc-link-runtime -fprofile-instr-generate -L/Applications/Xcode_26.6.app/Contents/Developer/Toolchains/XcodeDefault.xctoolchain/usr/lib/swift/iphonesimulator -L/usr/lib/swift -Xlinker -add_ast_path -Xlinker /Users/runner/Library/Developer/Xcode/DerivedData/Familienplaner-dmcrrzfthkjbwogvslwbznxtcpok/Build/Intermediates.noindex/Familienplaner.build/Debug-iphonesimulator/FamilienplanerShare.build/Objects-normal/arm64/FamilienplanerShare.swiftmodule @/Users/runner/Library/Developer/Xcode/DerivedData/Familienplaner-dmcrrzfthkjbwogvslwbznxtcpok/Build/Intermediates.noindex/Familienplaner.build/Debug-iphonesimulator/FamilienplanerShare.build/Objects-normal/arm64/FamilienplanerShare-linker-args.resp -Xlinker -alias -Xlinker _NSExtensionMain -Xlinker ___debug_main_executable_dylib_entry_point -o /Users/runner/Library/Developer/Xcode/DerivedData/Familienplaner-dmcrrzfthkjbwogvslwbznxtcpok/Build/Products/Debug-iphonesimulator/FamilienplanerShare.appex/FamilienplanerShare.debug.dylib

MkDir /Users/runner/Library/Developer/Xcode/DerivedData/Familienplaner-dmcrrzfthkjbwogvslwbznxtcpok/Build/Intermediates.noindex/Familienplaner.build/Debug-watchsimulator/FamilienplanerWatch.build/assetcatalog_output/unthinned (in target 'FamilienplanerWatch' from project 'Familienplaner')
    cd /Users/runner/work/familienplaner/familienplaner
    /bin/mkdir -p /Users/runner/Library/Developer/Xcode/DerivedData/Familienplaner-dmcrrzfthkjbwogvslwbznxtcpok/Build/Intermediates.noindex/Familienplaner.build/Debug-watchsimulator/FamilienplanerWatch.build/assetcatalog_output/unthinned

MkDir /Users/runner/Library/Developer/Xcode/DerivedData/Familienplaner-dmcrrzfthkjbwogvslwbznxtcpok/Build/Intermediates.noindex/Familienplaner.build/Debug-watchsimulator/FamilienplanerWatch.build/assetcatalog_output/thinned (in target 'FamilienplanerWatch' from project 'Familienplaner')
    cd /Users/runner/work/familienplaner/familienplaner
    /bin/mkdir -p /Users/runner/Library/Developer/Xcode/DerivedData/Familienplaner-dmcrrzfthkjbwogvslwbznxtcpok/Build/Intermediates.noindex/Familienplaner.build/Debug-watchsimulator/FamilienplanerWatch.build/assetcatalog_output/thinned

GenerateAssetSymbols /Users/runner/work/familienplaner/familienplaner/Watch/Assets.xcassets (in target 'FamilienplanerWatch' from project 'Familienplaner')
    cd /Users/runner/work/familienplaner/familienplaner
    /Applications/Xcode_26.6.app/Contents/Developer/usr/bin/actool /Users/runner/work/familienplaner/familienplaner/Watch/Assets.xcassets --compile /Users/runner/Library/Developer/Xcode/DerivedData/Familienplaner-dmcrrzfthkjbwogvslwbznxtcpok/Build/Products/Debug-watchsimulator/FamilienplanerWatch.app --output-format human-readable-text --notices --warnings --export-dependency-info /Users/runner/Library/Developer/Xcode/DerivedData/Familienplaner-dmcrrzfthkjbwogvslwbznxtcpok/Build/Intermediates.noindex/Familienplaner.build/Debug-watchsimulator/FamilienplanerWatch.build/assetcatalog_dependencies --output-partial-info-plist /Users/runner/Library/Developer/Xcode/DerivedData/Familienplaner-dmcrrzfthkjbwogvslwbznxtcpok/Build/Intermediates.noindex/Familienplaner.build/Debug-watchsimulator/FamilienplanerWatch.build/assetcatalog_generated_info.plist --app-icon AppIcon --compress-pngs --enable-on-demand-resources YES --development-region en --target-device watch --minimum-deployment-target 26.0 --platform watchsimulator --bundle-identifier de.barg.familienplaner.watchkitapp --generate-swift-asset-symbol-extensions NO --generate-swift-asset-symbols /Users/runner/Library/Developer/Xcode/DerivedData/Familienplaner-dmcrrzfthkjbwogvslwbznxtcpok/Build/Intermediates.noindex/Familienplaner.build/Debug-watchsimulator/FamilienplanerWatch.build/DerivedSources/GeneratedAssetSymbols.swift --generate-objc-asset-symbols /Users/runner/Library/Developer/Xcode/DerivedData/Familienplaner-dmcrrzfthkjbwogvslwbznxtcpok/Build/Intermediates.noindex/Familienplaner.build/Debug-watchsimulator/FamilienplanerWatch.build/DerivedSources/GeneratedAssetSymbols.h --generate-asset-symbol-index /Users/runner/Library/Developer/Xcode/DerivedData/Familienplaner-dmcrrzfthkjbwogvslwbznxtcpok/Build/Intermediates.noindex/Familienplaner.build/Debug-watchsimulator/FamilienplanerWatch.build/DerivedSources/GeneratedAssetSymbols-Index.plist
/* com.apple.actool.compilation-results */
/Users/runner/Library/Developer/Xcode/DerivedData/Familienplaner-dmcrrzfthkjbwogvslwbznxtcpok/Build/Intermediates.noindex/Familienplaner.build/Debug-watchsimulator/FamilienplanerWatch.build/DerivedSources/GeneratedAssetSymbols-Index.plist
/Users/runner/Library/Developer/Xcode/DerivedData/Familienplaner-dmcrrzfthkjbwogvslwbznxtcpok/Build/Intermediates.noindex/Familienplaner.build/Debug-watchsimulator/FamilienplanerWatch.build/DerivedSources/GeneratedAssetSymbols.h
/Users/runner/Library/Developer/Xcode/DerivedData/Familienplaner-dmcrrzfthkjbwogvslwbznxtcpok/Build/Intermediates.noindex/Familienplaner.build/Debug-watchsimulator/FamilienplanerWatch.build/DerivedSources/GeneratedAssetSymbols.swift


CreateUniversalBinary /Users/runner/Library/Developer/Xcode/DerivedData/Familienplaner-dmcrrzfthkjbwogvslwbznxtcpok/Build/Products/Debug-watchsimulator/FamilienplanerWatchWidgets.appex/FamilienplanerWatchWidgets normal arm64\ x86_64 (in target 'FamilienplanerWatchWidgets' from project 'Familienplaner')
    cd /Users/runner/work/familienplaner/familienplaner
    /Applications/Xcode_26.6.app/Contents/Developer/Toolchains/XcodeDefault.xctoolchain/usr/bin/lipo -create /Users/runner/Library/Developer/Xcode/DerivedData/Familienplaner-dmcrrzfthkjbwogvslwbznxtcpok/Build/Intermediates.noindex/Familienplaner.build/Debug-watchsimulator/FamilienplanerWatchWidgets.build/Objects-normal/arm64/Binary/FamilienplanerWatchWidgets /Users/runner/Library/Developer/Xcode/DerivedData/Familienplaner-dmcrrzfthkjbwogvslwbznxtcpok/Build/Intermediates.noindex/Familienplaner.build/Debug-watchsimulator/FamilienplanerWatchWidgets.build/Objects-normal/x86_64/Binary/FamilienplanerWatchWidgets -output /Users/runner/Library/Developer/Xcode/DerivedData/Familienplaner-dmcrrzfthkjbwogvslwbznxtcpok/Build/Products/Debug-watchsimulator/FamilienplanerWatchWidgets.appex/FamilienplanerWatchWidgets

CompileAssetCatalogVariant thinned /Users/runner/Library/Developer/Xcode/DerivedData/Familienplaner-dmcrrzfthkjbwogvslwbznxtcpok/Build/Products/Debug-watchsimulator/FamilienplanerWatch.app /Users/runner/work/familienplaner/familienplaner/Watch/Assets.xcassets (in target 'FamilienplanerWatch' from project 'Familienplaner')
    cd /Users/runner/work/familienplaner/familienplaner
    /Applications/Xcode_26.6.app/Contents/Developer/usr/bin/actool /Users/runner/work/familienplaner/familienplaner/Watch/Assets.xcassets --compile /Users/runner/Library/Developer/Xcode/DerivedData/Familienplaner-dmcrrzfthkjbwogvslwbznxtcpok/Build/Intermediates.noindex/Familienplaner.build/Debug-watchsimulator/FamilienplanerWatch.build/assetcatalog_output/thinned --output-format human-readable-text --notices --warnings --export-dependency-info /Users/runner/Library/Developer/Xcode/DerivedData/Familienplaner-dmcrrzfthkjbwogvslwbznxtcpok/Build/Intermediates.noindex/Familienplaner.build/Debug-watchsimulator/FamilienplanerWatch.build/assetcatalog_dependencies_thinned --output-partial-info-plist /Users/runner/Library/Developer/Xcode/DerivedData/Familienplaner-dmcrrzfthkjbwogvslwbznxtcpok/Build/Intermediates.noindex/Familienplaner.build/Debug-watchsimulator/FamilienplanerWatch.build/assetcatalog_generated_info.plist_thinned --app-icon AppIcon --compress-pngs --enable-on-demand-resources YES --filter-for-thinning-device-configuration iPhone18,1 --filter-for-device-os-version 26.2 --development-region en --target-device watch --minimum-deployment-target 26.0 --platform watchsimulator
/* com.apple.actool.compilation-results */
/Users/runner/Library/Developer/Xcode/DerivedData/Familienplaner-dmcrrzfthkjbwogvslwbznxtcpok/Build/Intermediates.noindex/Familienplaner.build/Debug-watchsimulator/FamilienplanerWatch.build/assetcatalog_generated_info.plist_thinned
/Users/runner/Library/Developer/Xcode/DerivedData/Familienplaner-dmcrrzfthkjbwogvslwbznxtcpok/Build/Intermediates.noindex/Familienplaner.build/Debug-watchsimulator/FamilienplanerWatch.build/assetcatalog_output/thinned/Assets.car


ExtractAppIntentsMetadata (in target 'FamilienplanerWatchWidgets' from project 'Familienplaner')
    cd /Users/runner/work/familienplaner/familienplaner
    /Applications/Xcode_26.6.app/Contents/Developer/Toolchains/XcodeDefault.xctoolchain/usr/bin/appintentsmetadataprocessor --toolchain-dir /var/run/com.apple.security.cryptexd/mnt/com.apple.MobileAsset.MetalToolchain-v17.6.109.0.SwB2QA/Metal.xctoolchain --module-name FamilienplanerWatchWidgets --sdk-root /Applications/Xcode_26.6.app/Contents/Developer/Platforms/WatchSimulator.platform/Developer/SDKs/WatchSimulator26.5.sdk --xcode-version 17F113 --platform-family watchOS --deployment-target 26.0 --bundle-identifier de.barg.familienplaner.watchkitapp.widgets --output /Users/runner/Library/Developer/Xcode/DerivedData/Familienplaner-dmcrrzfthkjbwogvslwbznxtcpok/Build/Products/Debug-watchsimulator/FamilienplanerWatchWidgets.appex --target-triple arm64-apple-watchos26.0-simulator --target-triple x86_64-apple-watchos26.0-simulator --binary-file /Users/runner/Library/Developer/Xcode/DerivedData/Familienplaner-dmcrrzfthkjbwogvslwbznxtcpok/Build/Products/Debug-watchsimulator/FamilienplanerWatchWidgets.appex/FamilienplanerWatchWidgets --dependency-file /Users/runner/Library/Developer/Xcode/DerivedData/Familienplaner-dmcrrzfthkjbwogvslwbznxtcpok/Build/Intermediates.noindex/Familienplaner.build/Debug-watchsimulator/FamilienplanerWatchWidgets.build/Objects-normal/arm64/FamilienplanerWatchWidgets_dependency_info.dat --dependency-file /Users/runner/Library/Developer/Xcode/DerivedData/Familienplaner-dmcrrzfthkjbwogvslwbznxtcpok/Build/Intermediates.noindex/Familienplaner.build/Debug-watchsimulator/FamilienplanerWatchWidgets.build/Objects-normal/x86_64/FamilienplanerWatchWidgets_dependency_info.dat --stringsdata-file /Users/runner/Library/Developer/Xcode/DerivedData/Familienplaner-dmcrrzfthkjbwogvslwbznxtcpok/Build/Intermediates.noindex/Familienplaner.build/Debug-watchsimulator/FamilienplanerWatchWidgets.build/Objects-normal/arm64/ExtractedAppShortcutsMetadata.stringsdata --stringsdata-file /Users/runner/Library/Developer/Xcode/DerivedData/Familienplaner-dmcrrzfthkjbwogvslwbznxtcpok/Build/Intermediates.noindex/Familienplaner.build/Debug-watchsimulator/FamilienplanerWatchWidgets.build/Objects-normal/x86_64/ExtractedAppShortcutsMetadata.stringsdata --source-file-list /Users/runner/Library/Developer/Xcode/DerivedData/Familienplaner-dmcrrzfthkjbwogvslwbznxtcpok/Build/Intermediates.noindex/Familienplaner.build/Debug-watchsimulator/FamilienplanerWatchWidgets.build/Objects-normal/arm64/FamilienplanerWatchWidgets.SwiftFileList --source-file-list /Users/runner/Library/Developer/Xcode/DerivedData/Familienplaner-dmcrrzfthkjbwogvslwbznxtcpok/Build/Intermediates.noindex/Familienplaner.build/Debug-watchsimulator/FamilienplanerWatchWidgets.build/Objects-normal/x86_64/FamilienplanerWatchWidgets.SwiftFileList --metadata-file-list /Users/runner/Library/Developer/Xcode/DerivedData/Familienplaner-dmcrrzfthkjbwogvslwbznxtcpok/Build/Intermediates.noindex/Familienplaner.build/Debug-watchsimulator/FamilienplanerWatchWidgets.build/FamilienplanerWatchWidgets.DependencyMetadataFileList --static-metadata-file-list /Users/runner/Library/Developer/Xcode/DerivedData/Familienplaner-dmcrrzfthkjbwogvslwbznxtcpok/Build/Intermediates.noindex/Familienplaner.build/Debug-watchsimulator/FamilienplanerWatchWidgets.build/FamilienplanerWatchWidgets.DependencyStaticMetadataFileList --swift-const-vals-list /Users/runner/Library/Developer/Xcode/DerivedData/Familienplaner-dmcrrzfthkjbwogvslwbznxtcpok/Build/Intermediates.noindex/Familienplaner.build/Debug-watchsimulator/FamilienplanerWatchWidgets.build/Objects-normal/arm64/FamilienplanerWatchWidgets.SwiftConstValuesFileList --swift-const-vals-list /Users/runner/Library/Developer/Xcode/DerivedData/Familienplaner-dmcrrzfthkjbwogvslwbznxtcpok/Build/Intermediates.noindex/Familienplaner.build/Debug-watchsimulator/FamilienplanerWatchWidgets.build/Objects-normal/x86_64/FamilienplanerWatchWidgets.SwiftConstValuesFileList --compile-time-extraction --deployment-aware-processing --validate-assistant-intents --no-app-shortcuts-localization
2026-10-10 00:43:34.908 appintentsmetadataprocessor[2708:11390] Starting appintentsmetadataprocessor export
2026-10-10 00:43:34.918 appintentsmetadataprocessor[2708:11390] Extracted no relevant App Intents symbols, skipping writing output

RegisterExecutionPolicyException /Users/runner/Library/Developer/Xcode/DerivedData/Familienplaner-dmcrrzfthkjbwogvslwbznxtcpok/Build/Products/Debug-iphonesimulator/FamilienplanerWidgets.appex (in target 'FamilienplanerWidgets' from project 'Familienplaner')
    cd /Users/runner/work/familienplaner/familienplaner
    builtin-RegisterExecutionPolicyException /Users/runner/Library/Developer/Xcode/DerivedData/Familienplaner-dmcrrzfthkjbwogvslwbznxtcpok/Build/Products/Debug-iphonesimulator/FamilienplanerWidgets.appex

Touch /Users/runner/Library/Developer/Xcode/DerivedData/Familienplaner-dmcrrzfthkjbwogvslwbznxtcpok/Build/Products/Debug-iphonesimulator/FamilienplanerWidgets.appex (in target 'FamilienplanerWidgets' from project 'Familienplaner')
    cd /Users/runner/work/familienplaner/familienplaner
    /usr/bin/touch -c /Users/runner/Library/Developer/Xcode/DerivedData/Familienplaner-dmcrrzfthkjbwogvslwbznxtcpok/Build/Products/Debug-iphonesimulator/FamilienplanerWidgets.appex

SwiftDriver FamilienplanerWatch normal x86_64 com.apple.xcode.tools.swift.compiler (in target 'FamilienplanerWatch' from project 'Familienplaner')
    cd /Users/runner/work/familienplaner/familienplaner
    builtin-SwiftDriver -- /Applications/Xcode_26.6.app/Contents/Developer/Toolchains/XcodeDefault.xctoolchain/usr/bin/swiftc -module-name FamilienplanerWatch -Onone @/Users/runner/Library/Developer/Xcode/DerivedData/Familienplaner-dmcrrzfthkjbwogvslwbznxtcpok/Build/Intermediates.noindex/Familienplaner.build/Debug-watchsimulator/FamilienplanerWatch.build/Objects-normal/x86_64/FamilienplanerWatch.SwiftFileList -DDEBUG -enable-bare-slash-regex -enable-experimental-feature DebugDescriptionMacro -sdk /Applications/Xcode_26.6.app/Contents/Developer/Platforms/WatchSimulator.platform/Developer/SDKs/WatchSimulator26.5.sdk -target x86_64-apple-watchos26.0-simulator -g -module-cache-path /Users/runner/Library/Developer/Xcode/DerivedData/ModuleCache.noindex -Xfrontend -serialize-debugging-options -profile-coverage-mapping -profile-generate -enable-testing -index-store-path /Users/runner/Library/Developer/Xcode/DerivedData/Familienplaner-dmcrrzfthkjbwogvslwbznxtcpok/Index.noindex/DataStore -Xcc -D_LIBCPP_HARDENING_MODE\=_LIBCPP_HARDENING_MODE_DEBUG -swift-version 5 -I /Users/runner/Library/Developer/Xcode/DerivedData/Familienplaner-dmcrrzfthkjbwogvslwbznxtcpok/Build/Products/Debug-watchsimulator -F /Users/runner/Library/Developer/Xcode/DerivedData/Familienplaner-dmcrrzfthkjbwogvslwbznxtcpok/Build/Products/Debug-watchsimulator -c -j3 -enable-batch-mode -incremental -Xcc -ivfsstatcache -Xcc /Users/runner/Library/Developer/Xcode/DerivedData/SDKStatCaches.noindex/watchsimulator26.5-23T570-688ef53f1462e2c8f657fdc38a81448f4ff5b3021fd2b02f145790f94936b2db.sdkstatcache -output-file-map /Users/runner/Library/Developer/Xcode/DerivedData/Familienplaner-dmcrrzfthkjbwogvslwbznxtcpok/Build/Intermediates.noindex/Familienplaner.build/Debug-watchsimulator/FamilienplanerWatch.build/Objects-normal/x86_64/FamilienplanerWatch-OutputFileMap.json -use-frontend-parseable-output -save-temps -no-color-diagnostics -explicit-module-build -module-cache-path /Users/runner/Library/Developer/Xcode/DerivedData/Familienplaner-dmcrrzfthkjbwogvslwbznxtcpok/Build/Intermediates.noindex/SwiftExplicitPrecompiledModules -clang-scanner-module-cache-path /Users/runner/Library/Developer/Xcode/DerivedData/ModuleCache.noindex -sdk-module-cache-path /Users/runner/Library/Developer/Xcode/DerivedData/ModuleCache.noindex -serialize-diagnostics -emit-dependencies -emit-module -emit-module-path /Users/runner/Library/Developer/Xcode/DerivedData/Familienplaner-dmcrrzfthkjbwogvslwbznxtcpok/Build/Intermediates.noindex/Familienplaner.build/Debug-watchsimulator/FamilienplanerWatch.build/Objects-normal/x86_64/FamilienplanerWatch.swiftmodule -validate-clang-modules-once -clang-build-session-file /Users/runner/Library/Developer/Xcode/DerivedData/ModuleCache.noindex/Session.modulevalidation -Xcc -I/Users/runner/Library/Developer/Xcode/DerivedData/Familienplaner-dmcrrzfthkjbwogvslwbznxtcpok/Build/Intermediates.noindex/Familienplaner.build/Debug-watchsimulator/FamilienplanerWatch.build/swift-overrides.hmap -emit-const-values -Xfrontend -const-gather-protocols-file -Xfrontend /Users/runner/Library/Developer/Xcode/DerivedData/Familienplaner-dmcrrzfthkjbwogvslwbznxtcpok/Build/Intermediates.noindex/Familienplaner.build/Debug-watchsimulator/FamilienplanerWatch.build/Objects-normal/x86_64/FamilienplanerWatch_const_extract_protocols.json -Xcc -iquote -Xcc /Users/runner/Library/Developer/Xcode/DerivedData/Familienplaner-dmcrrzfthkjbwogvslwbznxtcpok/Build/Intermediates.noindex/Familienplaner.build/Debug-watchsimulator/FamilienplanerWatch.build/FamilienplanerWatch-generated-files.hmap -Xcc -I/Users/runner/Library/Developer/Xcode/DerivedData/Familienplaner-dmcrrzfthkjbwogvslwbznxtcpok/Build/Intermediates.noindex/Familienplaner.build/Debug-watchsimulator/FamilienplanerWatch.build/FamilienplanerWatch-own-target-headers.hmap -Xcc -I/Users/runner/Library/Developer/Xcode/DerivedData/Familienplaner-dmcrrzfthkjbwogvslwbznxtcpok/Build/Intermediates.noindex/Familienplaner.build/Debug-watchsimulator/FamilienplanerWatch.build/FamilienplanerWatch-all-target-headers.hmap -Xcc -iquote -Xcc /Users/runner/Library/Developer/Xcode/DerivedData/Familienplaner-dmcrrzfthkjbwogvslwbznxtcpok/Build/Intermediates.noindex/Familienplaner.build/Debug-watchsimulator/FamilienplanerWatch.build/FamilienplanerWatch-project-headers.hmap -Xcc -I/Users/runner/Library/Developer/Xcode/DerivedData/Familienplaner-dmcrrzfthkjbwogvslwbznxtcpok/Build/Products/Debug-watchsimulator/include -Xcc -I/Users/runner/Library/Developer/Xcode/DerivedData/Familienplaner-dmcrrzfthkjbwogvslwbznxtcpok/Build/Intermediates.noindex/Familienplaner.build/Debug-watchsimulator/FamilienplanerWatch.build/DerivedSources-normal/x86_64 -Xcc -I/Users/runner/Library/Developer/Xcode/DerivedData/Familienplaner-dmcrrzfthkjbwogvslwbznxtcpok/Build/Intermediates.noindex/Familienplaner.build/Debug-watchsimulator/FamilienplanerWatch.build/DerivedSources/x86_64 -Xcc -I/Users/runner/Library/Developer/Xcode/DerivedData/Familienplaner-dmcrrzfthkjbwogvslwbznxtcpok/Build/Intermediates.noindex/Familienplaner.build/Debug-watchsimulator/FamilienplanerWatch.build/DerivedSources -Xcc -DDEBUG\=1 -emit-objc-header -emit-objc-header-path /Users/runner/Library/Developer/Xcode/DerivedData/Familienplaner-dmcrrzfthkjbwogvslwbznxtcpok/Build/Intermediates.noindex/Familienplaner.build/Debug-watchsimulator/FamilienplanerWatch.build/Objects-normal/x86_64/FamilienplanerWatch-Swift.h -working-directory /Users/runner/work/familienplaner/familienplaner -experimental-emit-module-separately -disable-cmo

SwiftDriver FamilienplanerWatch normal arm64 com.apple.xcode.tools.swift.compiler (in target 'FamilienplanerWatch' from project 'Familienplaner')
    cd /Users/runner/work/familienplaner/familienplaner
    builtin-SwiftDriver -- /Applications/Xcode_26.6.app/Contents/Developer/Toolchains/XcodeDefault.xctoolchain/usr/bin/swiftc -module-name FamilienplanerWatch -Onone @/Users/runner/Library/Developer/Xcode/DerivedData/Familienplaner-dmcrrzfthkjbwogvslwbznxtcpok/Build/Intermediates.noindex/Familienplaner.build/Debug-watchsimulator/FamilienplanerWatch.build/Objects-normal/arm64/FamilienplanerWatch.SwiftFileList -DDEBUG -enable-bare-slash-regex -enable-experimental-feature DebugDescriptionMacro -sdk /Applications/Xcode_26.6.app/Contents/Developer/Platforms/WatchSimulator.platform/Developer/SDKs/WatchSimulator26.5.sdk -target arm64-apple-watchos26.0-simulator -g -module-cache-path /Users/runner/Library/Developer/Xcode/DerivedData/ModuleCache.noindex -Xfrontend -serialize-debugging-options -profile-coverage-mapping -profile-generate -enable-testing -index-store-path /Users/runner/Library/Developer/Xcode/DerivedData/Familienplaner-dmcrrzfthkjbwogvslwbznxtcpok/Index.noindex/DataStore -Xcc -D_LIBCPP_HARDENING_MODE\=_LIBCPP_HARDENING_MODE_DEBUG -swift-version 5 -I /Users/runner/Library/Developer/Xcode/DerivedData/Familienplaner-dmcrrzfthkjbwogvslwbznxtcpok/Build/Products/Debug-watchsimulator -F /Users/runner/Library/Developer/Xcode/DerivedData/Familienplaner-dmcrrzfthkjbwogvslwbznxtcpok/Build/Products/Debug-watchsimulator -c -j3 -enable-batch-mode -incremental -Xcc -ivfsstatcache -Xcc /Users/runner/Library/Developer/Xcode/DerivedData/SDKStatCaches.noindex/watchsimulator26.5-23T570-688ef53f1462e2c8f657fdc38a81448f4ff5b3021fd2b02f145790f94936b2db.sdkstatcache -output-file-map /Users/runner/Library/Developer/Xcode/DerivedData/Familienplaner-dmcrrzfthkjbwogvslwbznxtcpok/Build/Intermediates.noindex/Familienplaner.build/Debug-watchsimulator/FamilienplanerWatch.build/Objects-normal/arm64/FamilienplanerWatch-OutputFileMap.json -use-frontend-parseable-output -save-temps -no-color-diagnostics -explicit-module-build -module-cache-path /Users/runner/Library/Developer/Xcode/DerivedData/Familienplaner-dmcrrzfthkjbwogvslwbznxtcpok/Build/Intermediates.noindex/SwiftExplicitPrecompiledModules -clang-scanner-module-cache-path /Users/runner/Library/Developer/Xcode/DerivedData/ModuleCache.noindex -sdk-module-cache-path /Users/runner/Library/Developer/Xcode/DerivedData/ModuleCache.noindex -serialize-diagnostics -emit-dependencies -emit-module -emit-module-path /Users/runner/Library/Developer/Xcode/DerivedData/Familienplaner-dmcrrzfthkjbwogvslwbznxtcpok/Build/Intermediates.noindex/Familienplaner.build/Debug-watchsimulator/FamilienplanerWatch.build/Objects-normal/arm64/FamilienplanerWatch.swiftmodule -validate-clang-modules-once -clang-build-session-file /Users/runner/Library/Developer/Xcode/DerivedData/ModuleCache.noindex/Session.modulevalidation -Xcc -I/Users/runner/Library/Developer/Xcode/DerivedData/Familienplaner-dmcrrzfthkjbwogvslwbznxtcpok/Build/Intermediates.noindex/Familienplaner.build/Debug-watchsimulator/FamilienplanerWatch.build/swift-overrides.hmap -emit-const-values -Xfrontend -const-gather-protocols-file -Xfrontend /Users/runner/Library/Developer/Xcode/DerivedData/Familienplaner-dmcrrzfthkjbwogvslwbznxtcpok/Build/Intermediates.noindex/Familienplaner.build/Debug-watchsimulator/FamilienplanerWatch.build/Objects-normal/arm64/FamilienplanerWatch_const_extract_protocols.json -Xcc -iquote -Xcc /Users/runner/Library/Developer/Xcode/DerivedData/Familienplaner-dmcrrzfthkjbwogvslwbznxtcpok/Build/Intermediates.noindex/Familienplaner.build/Debug-watchsimulator/FamilienplanerWatch.build/FamilienplanerWatch-generated-files.hmap -Xcc -I/Users/runner/Library/Developer/Xcode/DerivedData/Familienplaner-dmcrrzfthkjbwogvslwbznxtcpok/Build/Intermediates.noindex/Familienplaner.build/Debug-watchsimulator/FamilienplanerWatch.build/FamilienplanerWatch-own-target-headers.hmap -Xcc -I/Users/runner/Library/Developer/Xcode/DerivedData/Familienplaner-dmcrrzfthkjbwogvslwbznxtcpok/Build/Intermediates.noindex/Familienplaner.build/Debug-watchsimulator/FamilienplanerWatch.build/FamilienplanerWatch-all-target-headers.hmap -Xcc -iquote -Xcc /Users/runner/Library/Developer/Xcode/DerivedData/Familienplaner-dmcrrzfthkjbwogvslwbznxtcpok/Build/Intermediates.noindex/Familienplaner.build/Debug-watchsimulator/FamilienplanerWatch.build/FamilienplanerWatch-project-headers.hmap -Xcc -I/Users/runner/Library/Developer/Xcode/DerivedData/Familienplaner-dmcrrzfthkjbwogvslwbznxtcpok/Build/Products/Debug-watchsimulator/include -Xcc -I/Users/runner/Library/Developer/Xcode/DerivedData/Familienplaner-dmcrrzfthkjbwogvslwbznxtcpok/Build/Intermediates.noindex/Familienplaner.build/Debug-watchsimulator/FamilienplanerWatch.build/DerivedSources-normal/arm64 -Xcc -I/Users/runner/Library/Developer/Xcode/DerivedData/Familienplaner-dmcrrzfthkjbwogvslwbznxtcpok/Build/Intermediates.noindex/Familienplaner.build/Debug-watchsimulator/FamilienplanerWatch.build/DerivedSources/arm64 -Xcc -I/Users/runner/Library/Developer/Xcode/DerivedData/Familienplaner-dmcrrzfthkjbwogvslwbznxtcpok/Build/Intermediates.noindex/Familienplaner.build/Debug-watchsimulator/FamilienplanerWatch.build/DerivedSources -Xcc -DDEBUG\=1 -emit-objc-header -emit-objc-header-path /Users/runner/Library/Developer/Xcode/DerivedData/Familienplaner-dmcrrzfthkjbwogvslwbznxtcpok/Build/Intermediates.noindex/Familienplaner.build/Debug-watchsimulator/FamilienplanerWatch.build/Objects-normal/arm64/FamilienplanerWatch-Swift.h -working-directory /Users/runner/work/familienplaner/familienplaner -experimental-emit-module-separately -disable-cmo

ConstructStubExecutorLinkFileList /Users/runner/Library/Developer/Xcode/DerivedData/Familienplaner-dmcrrzfthkjbwogvslwbznxtcpok/Build/Intermediates.noindex/Familienplaner.build/Debug-iphonesimulator/FamilienplanerShare.build/FamilienplanerShare-ExecutorLinkFileList-normal-arm64.txt (in target 'FamilienplanerShare' from project 'Familienplaner')
    cd /Users/runner/work/familienplaner/familienplaner
    construct-stub-executor-link-file-list /Users/runner/Library/Developer/Xcode/DerivedData/Familienplaner-dmcrrzfthkjbwogvslwbznxtcpok/Build/Products/Debug-iphonesimulator/FamilienplanerShare.appex/FamilienplanerShare.debug.dylib /Applications/Xcode_26.6.app/Contents/Developer/Platforms/iPhoneSimulator.platform/Developer/usr/lib/libPreviewsJITStubExecutor_no_swift_entry_point.a /Applications/Xcode_26.6.app/Contents/Developer/Platforms/iPhoneSimulator.platform/Developer/usr/lib/libPreviewsJITStubExecutor.a --output /Users/runner/Library/Developer/Xcode/DerivedData/Familienplaner-dmcrrzfthkjbwogvslwbznxtcpok/Build/Intermediates.noindex/Familienplaner.build/Debug-iphonesimulator/FamilienplanerShare.build/FamilienplanerShare-ExecutorLinkFileList-normal-arm64.txt
note: Using stub executor library without Swift entry point. (in target 'FamilienplanerShare' from project 'Familienplaner')

SwiftExplicitDependencyGeneratePcm x86_64 /Users/runner/Library/Developer/Xcode/DerivedData/ModuleCache.noindex/_SwiftConcurrencyShims-U46E7RDNDAFHW5NM6D7EGT6Q.pcm

Ld /Users/runner/Library/Developer/Xcode/DerivedData/Familienplaner-dmcrrzfthkjbwogvslwbznxtcpok/Build/Products/Debug-iphonesimulator/FamilienplanerShare.appex/FamilienplanerShare normal (in target 'FamilienplanerShare' from project 'Familienplaner')
    cd /Users/runner/work/familienplaner/familienplaner
    /Applications/Xcode_26.6.app/Contents/Developer/Toolchains/XcodeDefault.xctoolchain/usr/bin/clang -Xlinker -reproducible -target arm64-apple-ios26.0-simulator -isysroot /Applications/Xcode_26.6.app/Contents/Developer/Platforms/iPhoneSimulator.platform/Developer/SDKs/iPhoneSimulator26.5.sdk -O0 -L/Users/runner/Library/Developer/Xcode/DerivedData/Familienplaner-dmcrrzfthkjbwogvslwbznxtcpok/Build/Products/Debug-iphonesimulator -F/Users/runner/Library/Developer/Xcode/DerivedData/Familienplaner-dmcrrzfthkjbwogvslwbznxtcpok/Build/Products/Debug-iphonesimulator -Xlinker -rpath -Xlinker @executable_path -Xlinker -rpath -Xlinker @executable_path/Frameworks -Xlinker -rpath -Xlinker @executable_path/../../Frameworks -rdynamic -Xlinker -no_deduplicate -Xlinker -objc_abi_version -Xlinker 2 -Xlinker -debug_variant -e ___debug_blank_executor_main -Xlinker -sectcreate -Xlinker __TEXT -Xlinker __debug_dylib -Xlinker /Users/runner/Library/Developer/Xcode/DerivedData/Familienplaner-dmcrrzfthkjbwogvslwbznxtcpok/Build/Intermediates.noindex/Familienplaner.build/Debug-iphonesimulator/FamilienplanerShare.build/FamilienplanerShare-DebugDylibPath-normal-arm64.txt -Xlinker -sectcreate -Xlinker __TEXT -Xlinker __debug_entry -Xlinker /Users/runner/Library/Developer/Xcode/DerivedData/Familienplaner-dmcrrzfthkjbwogvslwbznxtcpok/Build/Intermediates.noindex/Familienplaner.build/Debug-iphonesimulator/FamilienplanerShare.build/FamilienplanerShare-DebugEntryPoint-normal-arm64.txt -Xlinker -sectcreate -Xlinker __TEXT -Xlinker __debug_instlnm -Xlinker /Users/runner/Library/Developer/Xcode/DerivedData/Familienplaner-dmcrrzfthkjbwogvslwbznxtcpok/Build/Intermediates.noindex/Familienplaner.build/Debug-iphonesimulator/FamilienplanerShare.build/FamilienplanerShare-DebugDylibInstallName-normal-arm64.txt -Xlinker -filelist -Xlinker /Users/runner/Library/Developer/Xcode/DerivedData/Familienplaner-dmcrrzfthkjbwogvslwbznxtcpok/Build/Intermediates.noindex/Familienplaner.build/Debug-iphonesimulator/FamilienplanerShare.build/FamilienplanerShare-ExecutorLinkFileList-normal-arm64.txt /Users/runner/Library/Developer/Xcode/DerivedData/Familienplaner-dmcrrzfthkjbwogvslwbznxtcpok/Build/Products/Debug-iphonesimulator/FamilienplanerShare.appex/FamilienplanerShare.debug.dylib -o /Users/runner/Library/Developer/Xcode/DerivedData/Familienplaner-dmcrrzfthkjbwogvslwbznxtcpok/Build/Products/Debug-iphonesimulator/FamilienplanerShare.appex/FamilienplanerShare

SwiftExplicitDependencyGeneratePcm x86_64 /Users/runner/Library/Developer/Xcode/DerivedData/ModuleCache.noindex/ptrcheck-D51KA6MO6Z4EWZWI2TG7SPUAC.pcm

SwiftExplicitDependencyGeneratePcm x86_64 /Users/runner/Library/Developer/Xcode/DerivedData/ModuleCache.noindex/SwiftShims-8UQVJ31GGTJI0FS8XRY3I6ZMV.pcm

SwiftExplicitDependencyGeneratePcm x86_64 /Users/runner/Library/Developer/Xcode/DerivedData/ModuleCache.noindex/DeveloperToolsSupport-5ZGCG6QJE3998MVI1Z0ZOL6HL.pcm

SwiftExplicitDependencyGeneratePcm x86_64 /Users/runner/Library/Developer/Xcode/DerivedData/ModuleCache.noindex/_Builtin_stdarg-1AQ3OQJS6ZE9JC31GM200Z03E.pcm

SwiftExplicitDependencyGeneratePcm x86_64 /Users/runner/Library/Developer/Xcode/DerivedData/ModuleCache.noindex/ptrauth-4U6R2KV7OI20EWLXEBXQRC8FX.pcm

SwiftExplicitDependencyGeneratePcm x86_64 /Users/runner/Library/Developer/Xcode/DerivedData/ModuleCache.noindex/_Builtin_float-8U55X5CIKF5OMMO8T62HV32TJ.pcm

SwiftExplicitDependencyGeneratePcm x86_64 /Users/runner/Library/Developer/Xcode/DerivedData/ModuleCache.noindex/_Builtin_stddef-ALI9LG76CJA7BMS9HIZERP8F7.pcm

SwiftExplicitDependencyGeneratePcm arm64 /Users/runner/Library/Developer/Xcode/DerivedData/ModuleCache.noindex/_Builtin_stdarg-53OFC42Y7YEALWTP2O8KQ6807.pcm

SwiftExplicitDependencyGeneratePcm arm64 /Users/runner/Library/Developer/Xcode/DerivedData/ModuleCache.noindex/_Builtin_stdbool-9HTZUDPCGOWMI9BTSCIT03S8P.pcm

SwiftExplicitDependencyGeneratePcm arm64 /Users/runner/Library/Developer/Xcode/DerivedData/ModuleCache.noindex/_Builtin_stddef-2I8TG7K5XC7RRUNO8QL07NVNI.pcm

SwiftExplicitDependencyGeneratePcm arm64 /Users/runner/Library/Developer/Xcode/DerivedData/ModuleCache.noindex/SwiftShims-3T574HAIPA2GYCOGXFRUWZXUK.pcm

SwiftExplicitDependencyGeneratePcm arm64 /Users/runner/Library/Developer/Xcode/DerivedData/ModuleCache.noindex/ptrcheck-40VJTP00236VIPIT45O2I4NHY.pcm

SwiftExplicitDependencyGeneratePcm arm64 /Users/runner/Library/Developer/Xcode/DerivedData/ModuleCache.noindex/_Builtin_float-AX54ZACCVCC3CKNV7SX97YR9S.pcm

SwiftExplicitDependencyGeneratePcm arm64 /Users/runner/Library/Developer/Xcode/DerivedData/ModuleCache.noindex/_SwiftConcurrencyShims-2D48BJ3RTGT14FNZHJCHZE0YD.pcm

SwiftExplicitDependencyGeneratePcm arm64 /Users/runner/Library/Developer/Xcode/DerivedData/ModuleCache.noindex/ptrauth-DDGEN2C7ZJXH3B85FOIY2DUY4.pcm

SwiftExplicitDependencyGeneratePcm arm64 /Users/runner/Library/Developer/Xcode/DerivedData/ModuleCache.noindex/_AvailabilityInternal-B0X33B34LPDZEFXLV4XXMCITH.pcm

SwiftExplicitDependencyGeneratePcm x86_64 /Users/runner/Library/Developer/Xcode/DerivedData/ModuleCache.noindex/_Builtin_stdbool-DSHO8S8AMFARKK5BHIT8ZTQCC.pcm

SwiftExplicitDependencyGeneratePcm arm64 /Users/runner/Library/Developer/Xcode/DerivedData/ModuleCache.noindex/DeveloperToolsSupport-A4DBUJNU8WETLEAGH7LIN15WB.pcm

SwiftExplicitDependencyGeneratePcm arm64 /Users/runner/Library/Developer/Xcode/DerivedData/ModuleCache.noindex/_DarwinFoundation1-45MAFHY5ZLCON4XOMF98Z35JK.pcm

SwiftExplicitDependencyGeneratePcm x86_64 /Users/runner/Library/Developer/Xcode/DerivedData/ModuleCache.noindex/_AvailabilityInternal-DA70O32FL63W0P1PJHV6GDA85.pcm

SwiftExplicitDependencyGeneratePcm arm64 /Users/runner/Library/Developer/Xcode/DerivedData/ModuleCache.noindex/_Builtin_limits-E1H49F6REOH19Z9SVNYDS87V4.pcm

SwiftExplicitDependencyGeneratePcm arm64 /Users/runner/Library/Developer/Xcode/DerivedData/ModuleCache.noindex/_DarwinFoundation2-A9JPGF94DBSY68FWV6W7F3FMS.pcm

SwiftExplicitDependencyGeneratePcm x86_64 /Users/runner/Library/Developer/Xcode/DerivedData/ModuleCache.noindex/_DarwinFoundation1-BD2XIGI3YUWGI2KUQN7AQ1823.pcm

SwiftExplicitDependencyGeneratePcm arm64 /Users/runner/Library/Developer/Xcode/DerivedData/ModuleCache.noindex/ExtensionFoundation-AJ61KGCV27YJT5XITP3SBMUG0.pcm

SwiftExplicitDependencyGeneratePcm arm64 /Users/runner/Library/Developer/Xcode/DerivedData/ModuleCache.noindex/sys_types-7WHIZ4KQ7T99CFZHQFFFYB4K1.pcm

SwiftExplicitDependencyGeneratePcm x86_64 /Users/runner/Library/Developer/Xcode/DerivedData/ModuleCache.noindex/ExtensionFoundation-2PKSMGNW8STCSE738H2E024V.pcm

SwiftExplicitDependencyGeneratePcm x86_64 /Users/runner/Library/Developer/Xcode/DerivedData/ModuleCache.noindex/_DarwinFoundation2-8IR1OVFIJFR8GSR10Z5JNOFMI.pcm

SwiftExplicitDependencyGeneratePcm x86_64 /Users/runner/Library/Developer/Xcode/DerivedData/ModuleCache.noindex/_Builtin_limits-9YLGUX05JRSP4T9K24BLQ5O5O.pcm

SwiftExplicitDependencyGeneratePcm arm64 /Users/runner/Library/Developer/Xcode/DerivedData/ModuleCache.noindex/_Builtin_stdint-3ETLZZTIIQXJJI20TYQXLR996.pcm

SwiftExplicitDependencyGeneratePcm arm64 /Users/runner/Library/Developer/Xcode/DerivedData/ModuleCache.noindex/_Builtin_tgmath-7SAPAUGV27VAV2F5CBV2SDFET.pcm

SwiftExplicitDependencyGeneratePcm x86_64 /Users/runner/Library/Developer/Xcode/DerivedData/ModuleCache.noindex/sys_types-CRKKZANYCJ5QJ0E5VJQPZL0H4.pcm

SwiftExplicitDependencyGeneratePcm arm64 /Users/runner/Library/Developer/Xcode/DerivedData/ModuleCache.noindex/_Builtin_intrinsics-8IFAHZLIEOQYW72GI2MC8FNWA.pcm

SwiftExplicitDependencyGeneratePcm arm64 /Users/runner/Library/Developer/Xcode/DerivedData/ModuleCache.noindex/_Builtin_stdatomic-EYJZ5EGC5DGXVUOGV20O9HFUF.pcm

SwiftExplicitDependencyGeneratePcm x86_64 /Users/runner/Library/Developer/Xcode/DerivedData/ModuleCache.noindex/_Builtin_stdint-3ZLCJD1WQSMRUSC7GL9195ZSU.pcm

SwiftExplicitDependencyGeneratePcm x86_64 /Users/runner/Library/Developer/Xcode/DerivedData/ModuleCache.noindex/_Builtin_tgmath-8CTUYBGO4P57IRR18DDNQH2BI.pcm

SwiftExplicitDependencyGeneratePcm x86_64 /Users/runner/Library/Developer/Xcode/DerivedData/ModuleCache.noindex/_Builtin_stdatomic-TSY7TDP5RPFBU4R43JJI2GZA.pcm

SwiftExplicitDependencyGeneratePcm x86_64 /Users/runner/Library/Developer/Xcode/DerivedData/ModuleCache.noindex/_DarwinFoundation3-A68DQNXLTFOFO1HPCOABBHPYZ.pcm

SwiftExplicitDependencyGeneratePcm arm64 /Users/runner/Library/Developer/Xcode/DerivedData/ModuleCache.noindex/simd-BDM3ETMX5DD66HA7L24F4KI1P.pcm

SwiftExplicitDependencyGeneratePcm arm64 /Users/runner/Library/Developer/Xcode/DerivedData/ModuleCache.noindex/_DarwinFoundation3-81E2PRV9QRMGNNG02GJRMFOZW.pcm

SwiftExplicitDependencyGeneratePcm x86_64 /Users/runner/Library/Developer/Xcode/DerivedData/ModuleCache.noindex/_Builtin_inttypes-2O6RK3PNZSL5B50F0MBMUP77H.pcm

SwiftExplicitDependencyGeneratePcm arm64 /Users/runner/Library/Developer/Xcode/DerivedData/ModuleCache.noindex/_Builtin_inttypes-AXTESJ2HGLYV2IUH8KEC1BA8H.pcm

SwiftExplicitDependencyGeneratePcm x86_64 /Users/runner/Library/Developer/Xcode/DerivedData/ModuleCache.noindex/Darwin-D0I4DMPM04XS0VXOMH2P3TM9S.pcm

SwiftExplicitDependencyGeneratePcm arm64 /Users/runner/Library/Developer/Xcode/DerivedData/ModuleCache.noindex/Darwin-DLVGREU4OY582DOZZVES40YKL.pcm

SwiftExplicitDependencyGeneratePcm x86_64 /Users/runner/Library/Developer/Xcode/DerivedData/ModuleCache.noindex/_Builtin_intrinsics-8T5X90AU9S7Z5G2WB6N8EZBVA.pcm

SwiftExplicitDependencyGeneratePcm x86_64 /Users/runner/Library/Developer/Xcode/DerivedData/ModuleCache.noindex/MachO-418DKRYTIOS3D8BEST0TCOIK4.pcm

SwiftExplicitDependencyGeneratePcm x86_64 /Users/runner/Library/Developer/Xcode/DerivedData/ModuleCache.noindex/ObjectiveC-D8IDMRQN5RG0JY9BWH7YKZ38Q.pcm

SwiftExplicitDependencyGeneratePcm arm64 /Users/runner/Library/Developer/Xcode/DerivedData/ModuleCache.noindex/MachO-9UMOYY260YRH8HMCQGYB3EF2V.pcm

SwiftExplicitDependencyGeneratePcm arm64 /Users/runner/Library/Developer/Xcode/DerivedData/ModuleCache.noindex/Spatial-CUWICC0NZ2QIK09LZTK542F7K.pcm

SwiftExplicitDependencyGeneratePcm arm64 /Users/runner/Library/Developer/Xcode/DerivedData/ModuleCache.noindex/ObjectiveC-4ZC8HUHCU9RNZU4BISOXKHLXS.pcm

SwiftExplicitDependencyGeneratePcm x86_64 /Users/runner/Library/Developer/Xcode/DerivedData/ModuleCache.noindex/simd-CGTPGX4LU9HZSGCSGP865D15O.pcm

SwiftExplicitDependencyGeneratePcm arm64 /Users/runner/Library/Developer/Xcode/DerivedData/ModuleCache.noindex/os_object-DH046QFFRL7KNP2WFZEG6V1Z5.pcm

SwiftExplicitDependencyGeneratePcm x86_64 /Users/runner/Library/Developer/Xcode/DerivedData/ModuleCache.noindex/os_object-1LJZCTP6ZXC4SR6FKQZ14HYWY.pcm

SwiftExplicitDependencyGeneratePcm arm64 /Users/runner/Library/Developer/Xcode/DerivedData/ModuleCache.noindex/os_workgroup-EMJEKGQMIZGU37EJDDSYYCU2H.pcm

SwiftExplicitDependencyGeneratePcm x86_64 /Users/runner/Library/Developer/Xcode/DerivedData/ModuleCache.noindex/os_workgroup-ASA0399B8YUFFGCF6GYIIWT7M.pcm

SwiftExplicitDependencyGeneratePcm arm64 /Users/runner/Library/Developer/Xcode/DerivedData/ModuleCache.noindex/Dispatch-7S1NWW3G2QLRJMJ4MCBL37ZKA.pcm

SwiftExplicitDependencyGeneratePcm x86_64 /Users/runner/Library/Developer/Xcode/DerivedData/ModuleCache.noindex/Dispatch-CJEFVR4JQSE8Q2HL08H3DNUJK.pcm

SwiftExplicitDependencyGeneratePcm x86_64 /Users/runner/Library/Developer/Xcode/DerivedData/ModuleCache.noindex/Spatial-4OZZDQ8CWQDETBNOYVBXXJ1SI.pcm

SwiftExplicitDependencyGeneratePcm arm64 /Users/runner/Library/Developer/Xcode/DerivedData/ModuleCache.noindex/dnssd-78FGFYVAS1XOPXWKBN02AY2WM.pcm

SwiftExplicitDependencyGeneratePcm x86_64 /Users/runner/Library/Developer/Xcode/DerivedData/ModuleCache.noindex/dnssd-96OGK3H1YKKV3S3HASQYWSK6P.pcm

SwiftExplicitDependencyGeneratePcm arm64 /Users/runner/Library/Developer/Xcode/DerivedData/ModuleCache.noindex/CoreFoundation-8B50UWIPN4X3F4Q80X13GIIUW.pcm

SwiftExplicitDependencyGeneratePcm x86_64 /Users/runner/Library/Developer/Xcode/DerivedData/ModuleCache.noindex/CoreFoundation-95LH77OTVL7R8FX967QQGOU76.pcm

SwiftExplicitDependencyGeneratePcm arm64 /Users/runner/Library/Developer/Xcode/DerivedData/ModuleCache.noindex/XPC-8EE6OIM1N08OYUJ52OENY6KXV.pcm

SwiftExplicitDependencyGeneratePcm arm64 /Users/runner/Library/Developer/Xcode/DerivedData/ModuleCache.noindex/Security-CX3U7UYS2SRNZGDW1U6SH4VPH.pcm

SwiftExplicitDependencyGeneratePcm x86_64 /Users/runner/Library/Developer/Xcode/DerivedData/ModuleCache.noindex/CoreGraphics-DLYHM59M6C66FDBFEF1X63K4F.pcm

SwiftExplicitDependencyGeneratePcm x86_64 /Users/runner/Library/Developer/Xcode/DerivedData/ModuleCache.noindex/Security-6L4KAXHIEC2GU35PDA8O2UGPH.pcm

SwiftExplicitDependencyGeneratePcm arm64 /Users/runner/Library/Developer/Xcode/DerivedData/ModuleCache.noindex/os-CZBAHXYP50JRPPNW9OSJZUX8I.pcm

SwiftExplicitDependencyGeneratePcm arm64 /Users/runner/Library/Developer/Xcode/DerivedData/ModuleCache.noindex/Foundation-BMWCPUH7PPQTQ503820VURVQP.pcm

SwiftExplicitDependencyGeneratePcm x86_64 /Users/runner/Library/Developer/Xcode/DerivedData/ModuleCache.noindex/XPC-A81F43E56F6MJTI0OPJ7A8T7F.pcm

SwiftExplicitDependencyGeneratePcm arm64 /Users/runner/Library/Developer/Xcode/DerivedData/ModuleCache.noindex/CoreGraphics-8F6YY32E37YEOAUL99RG7FOFH.pcm

SwiftExplicitDependencyGeneratePcm x86_64 /Users/runner/Library/Developer/Xcode/DerivedData/ModuleCache.noindex/os-88WWFTZY1YP3WJ8E5CQNW3XJ9.pcm

SwiftExplicitDependencyGeneratePcm arm64 /Users/runner/Library/Developer/Xcode/DerivedData/ModuleCache.noindex/CoreText-CBGZCB08JKIPQVR8Y436WGIEC.pcm

SwiftExplicitDependencyGeneratePcm arm64 /Users/runner/Library/Developer/Xcode/DerivedData/ModuleCache.noindex/CoreVideo-1H6LXJRYJUSTP56RH9HR624EO.pcm

SwiftExplicitDependencyGeneratePcm arm64 /Users/runner/Library/Developer/Xcode/DerivedData/ModuleCache.noindex/WidgetKit-CIWV0QMH6YKGHUZF7HX6NCVQ.pcm

SwiftExplicitDependencyGeneratePcm arm64 /Users/runner/Library/Developer/Xcode/DerivedData/ModuleCache.noindex/OSLog-CYBV0HCE5ZQNG24B82I2SLH4P.pcm

SwiftExplicitDependencyGeneratePcm arm64 /Users/runner/Library/Developer/Xcode/DerivedData/ModuleCache.noindex/WatchConnectivity-4UWSPTGEZ5KX9PBAQR8HJ6I6E.pcm

SwiftExplicitDependencyGeneratePcm arm64 /Users/runner/Library/Developer/Xcode/DerivedData/ModuleCache.noindex/RelevanceKit-2S3WIV3B2I1X5A4GD83WCDTY8.pcm

SwiftExplicitDependencyGeneratePcm arm64 /Users/runner/Library/Developer/Xcode/DerivedData/ModuleCache.noindex/_LocationEssentials-EOOQCIGSEMARLLJKT4K61X0CF.pcm

SwiftExplicitDependencyGeneratePcm arm64 /Users/runner/Library/Developer/Xcode/DerivedData/ModuleCache.noindex/UserNotifications-A81MTTRVH0694M8ZRBDNAO4FM.pcm

SwiftExplicitDependencyGeneratePcm arm64 /Users/runner/Library/Developer/Xcode/DerivedData/ModuleCache.noindex/CoreTransferable-1MH0E3IXQVYWP8T6S0DM9RZBJ.pcm

SwiftExplicitDependencyGeneratePcm arm64 /Users/runner/Library/Developer/Xcode/DerivedData/ModuleCache.noindex/CoreLocation-F4Z97KFGJUE4BAN4I7NHSP2B4.pcm

SwiftExplicitDependencyGeneratePcm arm64 /Users/runner/Library/Developer/Xcode/DerivedData/ModuleCache.noindex/SceneKit-76PKBRE4GSEFDWEWV4SRHLXFG.pcm

SwiftExplicitDependencyGeneratePcm arm64 /Users/runner/Library/Developer/Xcode/DerivedData/ModuleCache.noindex/DataDetection-5R156Q12FIRS664NKOTA9FO85.pcm

SwiftExplicitDependencyGeneratePcm arm64 /Users/runner/Library/Developer/Xcode/DerivedData/ModuleCache.noindex/Accessibility-4RNGSETAP4HTNHH6LJ30T0H9O.pcm

SwiftExplicitDependencyGeneratePcm arm64 /Users/runner/Library/Developer/Xcode/DerivedData/ModuleCache.noindex/QuartzCore-8ISYLWLU4WOU28IZN0LMMJCLU.pcm

SwiftExplicitDependencyGeneratePcm arm64 /Users/runner/Library/Developer/Xcode/DerivedData/ModuleCache.noindex/UniformTypeIdentifiers-2PDJOOYUQU3ZUA6S4P40EUGOO.pcm

SwiftExplicitDependencyGeneratePcm arm64 /Users/runner/Library/Developer/Xcode/DerivedData/ModuleCache.noindex/UIUtilities-ER14BM4DIITSPSZMGG5614FM3.pcm

SwiftExplicitDependencyGeneratePcm arm64 /Users/runner/Library/Developer/Xcode/DerivedData/ModuleCache.noindex/AppIntents-5EXXGD64X120O5HJFE35V2ROT.pcm

SwiftExplicitDependencyGeneratePcm arm64 /Users/runner/Library/Developer/Xcode/DerivedData/ModuleCache.noindex/Symbols-DC6L4LBZ8ZAH9SQWUFEL9JNAZ.pcm

SwiftExplicitDependencyGeneratePcm arm64 /Users/runner/Library/Developer/Xcode/DerivedData/ModuleCache.noindex/SwiftUICore-1S27ELK60SCL1P25AWTI9MG7F.pcm

SwiftExplicitDependencyGeneratePcm x86_64 /Users/runner/Library/Developer/Xcode/DerivedData/ModuleCache.noindex/CoreText-F1123L2P9Z2MPWJEO4ERVJ7FH.pcm

SwiftExplicitDependencyGeneratePcm arm64 /Users/runner/Library/Developer/Xcode/DerivedData/ModuleCache.noindex/UIKit-79UOK7ZUE9IF7M6CURV24LXWL.pcm

SwiftExplicitDependencyGeneratePcm x86_64 /Users/runner/Library/Developer/Xcode/DerivedData/ModuleCache.noindex/Foundation-2PN0G2YXT96FMIU8VKSOLMHYK.pcm

SwiftExplicitDependencyGeneratePcm arm64 /Users/runner/Library/Developer/Xcode/DerivedData/ModuleCache.noindex/Network-7GAAIMY28RA2TD2YS8H5QD7G3.pcm

SwiftExplicitDependencyGeneratePcm x86_64 /Users/runner/Library/Developer/Xcode/DerivedData/ModuleCache.noindex/UniformTypeIdentifiers-CMAUN3KM6R6RUCO6XFGWQBFGA.pcm

SwiftExplicitDependencyGeneratePcm x86_64 /Users/runner/Library/Developer/Xcode/DerivedData/ModuleCache.noindex/OSLog-9LG0147H9FXLNZ7B1FESFR874.pcm

SwiftExplicitDependencyGeneratePcm x86_64 /Users/runner/Library/Developer/Xcode/DerivedData/ModuleCache.noindex/UserNotifications-9WIR1468UTV3FDC9RLMQPNDNH.pcm

SwiftExplicitDependencyGeneratePcm arm64 /Users/runner/Library/Developer/Xcode/DerivedData/ModuleCache.noindex/MapKit-DSAOOPBXXMQ3S1FKH60KV1Q8M.pcm

SwiftExplicitDependencyGeneratePcm x86_64 /Users/runner/Library/Developer/Xcode/DerivedData/ModuleCache.noindex/WidgetKit-1OWFB1UVLS018TAJGI6YRBG6V.pcm

SwiftExplicitDependencyGeneratePcm x86_64 /Users/runner/Library/Developer/Xcode/DerivedData/ModuleCache.noindex/Accessibility-A2AP2XHP991KHMFV4TM998K19.pcm

SwiftExplicitDependencyGeneratePcm x86_64 /Users/runner/Library/Developer/Xcode/DerivedData/ModuleCache.noindex/UIUtilities-382L4H2OA8JBZ9FBXJ2P6TYJS.pcm

SwiftExplicitDependencyGeneratePcm x86_64 /Users/runner/Library/Developer/Xcode/DerivedData/ModuleCache.noindex/DataDetection-2696NAFCE78IK1A75CQVZSNZN.pcm

SwiftExplicitDependencyGeneratePcm x86_64 /Users/runner/Library/Developer/Xcode/DerivedData/ModuleCache.noindex/RelevanceKit-ET2GLZEI1KZR1XXIF3BCMKQZE.pcm

SwiftExplicitDependencyGeneratePcm arm64 /Users/runner/Library/Developer/Xcode/DerivedData/ModuleCache.noindex/HomeKit-4PYWARJ8I8WDMWQC6GIQYK2IV.pcm

SwiftExplicitDependencyGeneratePcm x86_64 /Users/runner/Library/Developer/Xcode/DerivedData/ModuleCache.noindex/AppIntents-240RFRJ5QNT35ZQC03SHD9ZB0.pcm

SwiftExplicitDependencyGeneratePcm x86_64 /Users/runner/Library/Developer/Xcode/DerivedData/ModuleCache.noindex/Symbols-1YXTAFR39UDHNS4NOJ68UY8JT.pcm

SwiftExplicitDependencyGeneratePcm x86_64 /Users/runner/Library/Developer/Xcode/DerivedData/ModuleCache.noindex/CoreData-8FH7PVB3VFSY9FB6QPBHKPIH3.pcm

SwiftExplicitDependencyGeneratePcm x86_64 /Users/runner/Library/Developer/Xcode/DerivedData/ModuleCache.noindex/Network-6BFFD09EV22QFCPPVB6K76KLL.pcm

SwiftExplicitDependencyGeneratePcm x86_64 /Users/runner/Library/Developer/Xcode/DerivedData/ModuleCache.noindex/WatchConnectivity-AQDWBYEKYKW1AH92V2MYOHZEB.pcm

SwiftExplicitDependencyGeneratePcm arm64 /Users/runner/Library/Developer/Xcode/DerivedData/ModuleCache.noindex/WatchKit-BPVPSP9IWSFZ6HGWD1BPQI421.pcm

SwiftExplicitDependencyGeneratePcm x86_64 /Users/runner/Library/Developer/Xcode/DerivedData/ModuleCache.noindex/_LocationEssentials-ESWBULYOQV22BNPIR1N60G0X4.pcm

SwiftExplicitDependencyGeneratePcm x86_64 /Users/runner/Library/Developer/Xcode/DerivedData/ModuleCache.noindex/SceneKit-7MGI6304UGHO3DJJTDCJL343I.pcm

SwiftExplicitDependencyGeneratePcm x86_64 /Users/runner/Library/Developer/Xcode/DerivedData/ModuleCache.noindex/CoreTransferable-LU3LVXWKG4MFZQPYYUUPJ0FG.pcm

SwiftExplicitDependencyGeneratePcm x86_64 /Users/runner/Library/Developer/Xcode/DerivedData/ModuleCache.noindex/CoreLocation-7381OG7N5WPH5BLU60SH8J9XU.pcm

SwiftExplicitDependencyGeneratePcm arm64 /Users/runner/Library/Developer/Xcode/DerivedData/ModuleCache.noindex/SwiftUI-ACML17JXHO55EIJILB7IQH8ZL.pcm

SwiftExplicitDependencyGeneratePcm arm64 /Users/runner/Library/Developer/Xcode/DerivedData/ModuleCache.noindex/Intents-6BQ1VVY55SRF5ROOVS4PTQVHB.pcm

SwiftExplicitDependencyGeneratePcm arm64 /Users/runner/Library/Developer/Xcode/DerivedData/ModuleCache.noindex/CoreData-BW2F85YQ5DB68P7V1B0ENT1T.pcm

SwiftExplicitDependencyGeneratePcm x86_64 /Users/runner/Library/Developer/Xcode/DerivedData/ModuleCache.noindex/CoreVideo-3292S3V5U88JJS65H84U8HBQW.pcm

SwiftExplicitDependencyGeneratePcm x86_64 /Users/runner/Library/Developer/Xcode/DerivedData/ModuleCache.noindex/Intents-7AGBA1N9QPJ0DPSCWEWMY5JVA.pcm

SwiftExplicitDependencyGeneratePcm x86_64 /Users/runner/Library/Developer/Xcode/DerivedData/ModuleCache.noindex/QuartzCore-BVVXQ57203KGRRKXKYF1TL163.pcm

LinkAssetCatalog /Users/runner/work/familienplaner/familienplaner/Watch/Assets.xcassets (in target 'FamilienplanerWatch' from project 'Familienplaner')
    cd /Users/runner/work/familienplaner/familienplaner
    builtin-linkAssetCatalog --thinned /Users/runner/Library/Developer/Xcode/DerivedData/Familienplaner-dmcrrzfthkjbwogvslwbznxtcpok/Build/Intermediates.noindex/Familienplaner.build/Debug-watchsimulator/FamilienplanerWatch.build/assetcatalog_output/thinned --thinned-dependencies /Users/runner/Library/Developer/Xcode/DerivedData/Familienplaner-dmcrrzfthkjbwogvslwbznxtcpok/Build/Intermediates.noindex/Familienplaner.build/Debug-watchsimulator/FamilienplanerWatch.build/assetcatalog_dependencies_thinned --thinned-info-plist-content /Users/runner/Library/Developer/Xcode/DerivedData/Familienplaner-dmcrrzfthkjbwogvslwbznxtcpok/Build/Intermediates.noindex/Familienplaner.build/Debug-watchsimulator/FamilienplanerWatch.build/assetcatalog_generated_info.plist_thinned --unthinned /Users/runner/Library/Developer/Xcode/DerivedData/Familienplaner-dmcrrzfthkjbwogvslwbznxtcpok/Build/Intermediates.noindex/Familienplaner.build/Debug-watchsimulator/FamilienplanerWatch.build/assetcatalog_output/unthinned --unthinned-dependencies /Users/runner/Library/Developer/Xcode/DerivedData/Familienplaner-dmcrrzfthkjbwogvslwbznxtcpok/Build/Intermediates.noindex/Familienplaner.build/Debug-watchsimulator/FamilienplanerWatch.build/assetcatalog_dependencies_unthinned --unthinned-info-plist-content /Users/runner/Library/Developer/Xcode/DerivedData/Familienplaner-dmcrrzfthkjbwogvslwbznxtcpok/Build/Intermediates.noindex/Familienplaner.build/Debug-watchsimulator/FamilienplanerWatch.build/assetcatalog_generated_info.plist_unthinned --output /Users/runner/Library/Developer/Xcode/DerivedData/Familienplaner-dmcrrzfthkjbwogvslwbznxtcpok/Build/Products/Debug-watchsimulator/FamilienplanerWatch.app --plist-output /Users/runner/Library/Developer/Xcode/DerivedData/Familienplaner-dmcrrzfthkjbwogvslwbznxtcpok/Build/Intermediates.noindex/Familienplaner.build/Debug-watchsimulator/FamilienplanerWatch.build/assetcatalog_generated_info.plist
note: Emplaced /Users/runner/Library/Developer/Xcode/DerivedData/Familienplaner-dmcrrzfthkjbwogvslwbznxtcpok/Build/Products/Debug-watchsimulator/FamilienplanerWatch.app/Assets.car (in target 'FamilienplanerWatch' from project 'Familienplaner')

SwiftExplicitDependencyGeneratePcm x86_64 /Users/runner/Library/Developer/Xcode/DerivedData/ModuleCache.noindex/UIKit-4Q9WW0J4AFN0YBH08B14UKZS.pcm

SwiftExplicitDependencyGeneratePcm x86_64 /Users/runner/Library/Developer/Xcode/DerivedData/ModuleCache.noindex/SwiftUICore-4Q22BPR4ZX2HDVSJYLS5KPMAG.pcm

SwiftEmitModule normal arm64 Emitting\ module\ for\ FamilienplanerWatch (in target 'FamilienplanerWatch' from project 'Familienplaner')

EmitSwiftModule normal arm64 (in target 'FamilienplanerWatch' from project 'Familienplaner')
    cd /Users/runner/work/familienplaner/familienplaner
    

SwiftCompile normal arm64 Compiling\ WatchSnapshot.swift,\ WatchStore.swift /Users/runner/work/familienplaner/familienplaner/Shared/WatchSnapshot.swift /Users/runner/work/familienplaner/familienplaner/Watch/WatchStore.swift (in target 'FamilienplanerWatch' from project 'Familienplaner')
SwiftCompile normal arm64 /Users/runner/work/familienplaner/familienplaner/Shared/WatchSnapshot.swift (in target 'FamilienplanerWatch' from project 'Familienplaner')
    cd /Users/runner/work/familienplaner/familienplaner
    

SwiftCompile normal arm64 /Users/runner/work/familienplaner/familienplaner/Watch/WatchStore.swift (in target 'FamilienplanerWatch' from project 'Familienplaner')
    cd /Users/runner/work/familienplaner/familienplaner
    

SwiftCompile normal arm64 Compiling\ WidgetBridge.swift,\ GeneratedAssetSymbols.swift /Users/runner/work/familienplaner/familienplaner/Shared/WidgetBridge.swift /Users/runner/Library/Developer/Xcode/DerivedData/Familienplaner-dmcrrzfthkjbwogvslwbznxtcpok/Build/Intermediates.noindex/Familienplaner.build/Debug-watchsimulator/FamilienplanerWatch.build/DerivedSources/GeneratedAssetSymbols.swift (in target 'FamilienplanerWatch' from project 'Familienplaner')

SwiftCompile normal arm64 /Users/runner/work/familienplaner/familienplaner/Shared/WidgetBridge.swift (in target 'FamilienplanerWatch' from project 'Familienplaner')
    cd /Users/runner/work/familienplaner/familienplaner
    

SwiftCompile normal arm64 /Users/runner/Library/Developer/Xcode/DerivedData/Familienplaner-dmcrrzfthkjbwogvslwbznxtcpok/Build/Intermediates.noindex/Familienplaner.build/Debug-watchsimulator/FamilienplanerWatch.build/DerivedSources/GeneratedAssetSymbols.swift (in target 'FamilienplanerWatch' from project 'Familienplaner')
    cd /Users/runner/work/familienplaner/familienplaner
    

SwiftDriverJobDiscovery normal arm64 Emitting module for FamilienplanerWatch (in target 'FamilienplanerWatch' from project 'Familienplaner')

SwiftDriver\ Compilation\ Requirements FamilienplanerWatch normal arm64 com.apple.xcode.tools.swift.compiler (in target 'FamilienplanerWatch' from project 'Familienplaner')
    cd /Users/runner/work/familienplaner/familienplaner
    builtin-Swift-Compilation-Requirements -- /Applications/Xcode_26.6.app/Contents/Developer/Toolchains/XcodeDefault.xctoolchain/usr/bin/swiftc -module-name FamilienplanerWatch -Onone @/Users/runner/Library/Developer/Xcode/DerivedData/Familienplaner-dmcrrzfthkjbwogvslwbznxtcpok/Build/Intermediates.noindex/Familienplaner.build/Debug-watchsimulator/FamilienplanerWatch.build/Objects-normal/arm64/FamilienplanerWatch.SwiftFileList -DDEBUG -enable-bare-slash-regex -enable-experimental-feature DebugDescriptionMacro -sdk /Applications/Xcode_26.6.app/Contents/Developer/Platforms/WatchSimulator.platform/Developer/SDKs/WatchSimulator26.5.sdk -target arm64-apple-watchos26.0-simulator -g -module-cache-path /Users/runner/Library/Developer/Xcode/DerivedData/ModuleCache.noindex -Xfrontend -serialize-debugging-options -profile-coverage-mapping -profile-generate -enable-testing -index-store-path /Users/runner/Library/Developer/Xcode/DerivedData/Familienplaner-dmcrrzfthkjbwogvslwbznxtcpok/Index.noindex/DataStore -Xcc -D_LIBCPP_HARDENING_MODE\=_LIBCPP_HARDENING_MODE_DEBUG -swift-version 5 -I /Users/runner/Library/Developer/Xcode/DerivedData/Familienplaner-dmcrrzfthkjbwogvslwbznxtcpok/Build/Products/Debug-watchsimulator -F /Users/runner/Library/Developer/Xcode/DerivedData/Familienplaner-dmcrrzfthkjbwogvslwbznxtcpok/Build/Products/Debug-watchsimulator -c -j3 -enable-batch-mode -incremental -Xcc -ivfsstatcache -Xcc /Users/runner/Library/Developer/Xcode/DerivedData/SDKStatCaches.noindex/watchsimulator26.5-23T570-688ef53f1462e2c8f657fdc38a81448f4ff5b3021fd2b02f145790f94936b2db.sdkstatcache -output-file-map /Users/runner/Library/Developer/Xcode/DerivedData/Familienplaner-dmcrrzfthkjbwogvslwbznxtcpok/Build/Intermediates.noindex/Familienplaner.build/Debug-watchsimulator/FamilienplanerWatch.build/Objects-normal/arm64/FamilienplanerWatch-OutputFileMap.json -use-frontend-parseable-output -save-temps -no-color-diagnostics -explicit-module-build -module-cache-path /Users/runner/Library/Developer/Xcode/DerivedData/Familienplaner-dmcrrzfthkjbwogvslwbznxtcpok/Build/Intermediates.noindex/SwiftExplicitPrecompiledModules -clang-scanner-module-cache-path /Users/runner/Library/Developer/Xcode/DerivedData/ModuleCache.noindex -sdk-module-cache-path /Users/runner/Library/Developer/Xcode/DerivedData/ModuleCache.noindex -serialize-diagnostics -emit-dependencies -emit-module -emit-module-path /Users/runner/Library/Developer/Xcode/DerivedData/Familienplaner-dmcrrzfthkjbwogvslwbznxtcpok/Build/Intermediates.noindex/Familienplaner.build/Debug-watchsimulator/FamilienplanerWatch.build/Objects-normal/arm64/FamilienplanerWatch.swiftmodule -validate-clang-modules-once -clang-build-session-file /Users/runner/Library/Developer/Xcode/DerivedData/ModuleCache.noindex/Session.modulevalidation -Xcc -I/Users/runner/Library/Developer/Xcode/DerivedData/Familienplaner-dmcrrzfthkjbwogvslwbznxtcpok/Build/Intermediates.noindex/Familienplaner.build/Debug-watchsimulator/FamilienplanerWatch.build/swift-overrides.hmap -emit-const-values -Xfrontend -const-gather-protocols-file -Xfrontend /Users/runner/Library/Developer/Xcode/DerivedData/Familienplaner-dmcrrzfthkjbwogvslwbznxtcpok/Build/Intermediates.noindex/Familienplaner.build/Debug-watchsimulator/FamilienplanerWatch.build/Objects-normal/arm64/FamilienplanerWatch_const_extract_protocols.json -Xcc -iquote -Xcc /Users/runner/Library/Developer/Xcode/DerivedData/Familienplaner-dmcrrzfthkjbwogvslwbznxtcpok/Build/Intermediates.noindex/Familienplaner.build/Debug-watchsimulator/FamilienplanerWatch.build/FamilienplanerWatch-generated-files.hmap -Xcc -I/Users/runner/Library/Developer/Xcode/DerivedData/Familienplaner-dmcrrzfthkjbwogvslwbznxtcpok/Build/Intermediates.noindex/Familienplaner.build/Debug-watchsimulator/FamilienplanerWatch.build/FamilienplanerWatch-own-target-headers.hmap -Xcc -I/Users/runner/Library/Developer/Xcode/DerivedData/Familienplaner-dmcrrzfthkjbwogvslwbznxtcpok/Build/Intermediates.noindex/Familienplaner.build/Debug-watchsimulator/FamilienplanerWatch.build/FamilienplanerWatch-all-target-headers.hmap -Xcc -iquote -Xcc /Users/runner/Library/Developer/Xcode/DerivedData/Familienplaner-dmcrrzfthkjbwogvslwbznxtcpok/Build/Intermediates.noindex/Familienplaner.build/Debug-watchsimulator/FamilienplanerWatch.build/FamilienplanerWatch-project-headers.hmap -Xcc -I/Users/runner/Library/Developer/Xcode/DerivedData/Familienplaner-dmcrrzfthkjbwogvslwbznxtcpok/Build/Products/Debug-watchsimulator/include -Xcc -I/Users/runner/Library/Developer/Xcode/DerivedData/Familienplaner-dmcrrzfthkjbwogvslwbznxtcpok/Build/Intermediates.noindex/Familienplaner.build/Debug-watchsimulator/FamilienplanerWatch.build/DerivedSources-normal/arm64 -Xcc -I/Users/runner/Library/Developer/Xcode/DerivedData/Familienplaner-dmcrrzfthkjbwogvslwbznxtcpok/Build/Intermediates.noindex/Familienplaner.build/Debug-watchsimulator/FamilienplanerWatch.build/DerivedSources/arm64 -Xcc -I/Users/runner/Library/Developer/Xcode/DerivedData/Familienplaner-dmcrrzfthkjbwogvslwbznxtcpok/Build/Intermediates.noindex/Familienplaner.build/Debug-watchsimulator/FamilienplanerWatch.build/DerivedSources -Xcc -DDEBUG\=1 -emit-objc-header -emit-objc-header-path /Users/runner/Library/Developer/Xcode/DerivedData/Familienplaner-dmcrrzfthkjbwogvslwbznxtcpok/Build/Intermediates.noindex/Familienplaner.build/Debug-watchsimulator/FamilienplanerWatch.build/Objects-normal/arm64/FamilienplanerWatch-Swift.h -working-directory /Users/runner/work/familienplaner/familienplaner -experimental-emit-module-separately -disable-cmo

SwiftDriverJobDiscovery normal arm64 Compiling WidgetBridge.swift, GeneratedAssetSymbols.swift (in target 'FamilienplanerWatch' from project 'Familienplaner')

SwiftCompile normal arm64 Compiling\ FamilienplanerWatchApp.swift,\ SharedInbox.swift,\ WatchContentView.swift /Users/runner/work/familienplaner/familienplaner/Watch/FamilienplanerWatchApp.swift /Users/runner/work/familienplaner/familienplaner/Shared/SharedInbox.swift /Users/runner/work/familienplaner/familienplaner/Watch/WatchContentView.swift (in target 'FamilienplanerWatch' from project 'Familienplaner')
SwiftCompile normal arm64 /Users/runner/work/familienplaner/familienplaner/Watch/FamilienplanerWatchApp.swift (in target 'FamilienplanerWatch' from project 'Familienplaner')
    cd /Users/runner/work/familienplaner/familienplaner
    

SwiftCompile normal arm64 /Users/runner/work/familienplaner/familienplaner/Shared/SharedInbox.swift (in target 'FamilienplanerWatch' from project 'Familienplaner')
    cd /Users/runner/work/familienplaner/familienplaner
    

SwiftCompile normal arm64 /Users/runner/work/familienplaner/familienplaner/Watch/WatchContentView.swift (in target 'FamilienplanerWatch' from project 'Familienplaner')
    cd /Users/runner/work/familienplaner/familienplaner
    

Copy /Users/runner/Library/Developer/Xcode/DerivedData/Familienplaner-dmcrrzfthkjbwogvslwbznxtcpok/Build/Products/Debug-watchsimulator/FamilienplanerWatch.swiftmodule/arm64-apple-watchos-simulator.swiftmodule /Users/runner/Library/Developer/Xcode/DerivedData/Familienplaner-dmcrrzfthkjbwogvslwbznxtcpok/Build/Intermediates.noindex/Familienplaner.build/Debug-watchsimulator/FamilienplanerWatch.build/Objects-normal/arm64/FamilienplanerWatch.swiftmodule (in target 'FamilienplanerWatch' from project 'Familienplaner')
    cd /Users/runner/work/familienplaner/familienplaner
    builtin-copy -exclude .DS_Store -exclude CVS -exclude .svn -exclude .git -exclude .hg -resolve-src-symlinks -rename /Users/runner/Library/Developer/Xcode/DerivedData/Familienplaner-dmcrrzfthkjbwogvslwbznxtcpok/Build/Intermediates.noindex/Familienplaner.build/Debug-watchsimulator/FamilienplanerWatch.build/Objects-normal/arm64/FamilienplanerWatch.swiftmodule /Users/runner/Library/Developer/Xcode/DerivedData/Familienplaner-dmcrrzfthkjbwogvslwbznxtcpok/Build/Products/Debug-watchsimulator/FamilienplanerWatch.swiftmodule/arm64-apple-watchos-simulator.swiftmodule

Copy /Users/runner/Library/Developer/Xcode/DerivedData/Familienplaner-dmcrrzfthkjbwogvslwbznxtcpok/Build/Products/Debug-watchsimulator/FamilienplanerWatch.swiftmodule/arm64-apple-watchos-simulator.swiftdoc /Users/runner/Library/Developer/Xcode/DerivedData/Familienplaner-dmcrrzfthkjbwogvslwbznxtcpok/Build/Intermediates.noindex/Familienplaner.build/Debug-watchsimulator/FamilienplanerWatch.build/Objects-normal/arm64/FamilienplanerWatch.swiftdoc (in target 'FamilienplanerWatch' from project 'Familienplaner')
    cd /Users/runner/work/familienplaner/familienplaner
    builtin-copy -exclude .DS_Store -exclude CVS -exclude .svn -exclude .git -exclude .hg -resolve-src-symlinks -rename /Users/runner/Library/Developer/Xcode/DerivedData/Familienplaner-dmcrrzfthkjbwogvslwbznxtcpok/Build/Intermediates.noindex/Familienplaner.build/Debug-watchsimulator/FamilienplanerWatch.build/Objects-normal/arm64/FamilienplanerWatch.swiftdoc /Users/runner/Library/Developer/Xcode/DerivedData/Familienplaner-dmcrrzfthkjbwogvslwbznxtcpok/Build/Products/Debug-watchsimulator/FamilienplanerWatch.swiftmodule/arm64-apple-watchos-simulator.swiftdoc

Copy /Users/runner/Library/Developer/Xcode/DerivedData/Familienplaner-dmcrrzfthkjbwogvslwbznxtcpok/Build/Products/Debug-watchsimulator/FamilienplanerWatch.swiftmodule/arm64-apple-watchos-simulator.abi.json /Users/runner/Library/Developer/Xcode/DerivedData/Familienplaner-dmcrrzfthkjbwogvslwbznxtcpok/Build/Intermediates.noindex/Familienplaner.build/Debug-watchsimulator/FamilienplanerWatch.build/Objects-normal/arm64/FamilienplanerWatch.abi.json (in target 'FamilienplanerWatch' from project 'Familienplaner')
    cd /Users/runner/work/familienplaner/familienplaner
    builtin-copy -exclude .DS_Store -exclude CVS -exclude .svn -exclude .git -exclude .hg -resolve-src-symlinks -rename /Users/runner/Library/Developer/Xcode/DerivedData/Familienplaner-dmcrrzfthkjbwogvslwbznxtcpok/Build/Intermediates.noindex/Familienplaner.build/Debug-watchsimulator/FamilienplanerWatch.build/Objects-normal/arm64/FamilienplanerWatch.abi.json /Users/runner/Library/Developer/Xcode/DerivedData/Familienplaner-dmcrrzfthkjbwogvslwbznxtcpok/Build/Products/Debug-watchsimulator/FamilienplanerWatch.swiftmodule/arm64-apple-watchos-simulator.abi.json

Copy /Users/runner/Library/Developer/Xcode/DerivedData/Familienplaner-dmcrrzfthkjbwogvslwbznxtcpok/Build/Products/Debug-watchsimulator/FamilienplanerWatch.swiftmodule/Project/arm64-apple-watchos-simulator.swiftsourceinfo /Users/runner/Library/Developer/Xcode/DerivedData/Familienplaner-dmcrrzfthkjbwogvslwbznxtcpok/Build/Intermediates.noindex/Familienplaner.build/Debug-watchsimulator/FamilienplanerWatch.build/Objects-normal/arm64/FamilienplanerWatch.swiftsourceinfo (in target 'FamilienplanerWatch' from project 'Familienplaner')
    cd /Users/runner/work/familienplaner/familienplaner
    builtin-copy -exclude .DS_Store -exclude CVS -exclude .svn -exclude .git -exclude .hg -resolve-src-symlinks -rename /Users/runner/Library/Developer/Xcode/DerivedData/Familienplaner-dmcrrzfthkjbwogvslwbznxtcpok/Build/Intermediates.noindex/Familienplaner.build/Debug-watchsimulator/FamilienplanerWatch.build/Objects-normal/arm64/FamilienplanerWatch.swiftsourceinfo /Users/runner/Library/Developer/Xcode/DerivedData/Familienplaner-dmcrrzfthkjbwogvslwbznxtcpok/Build/Products/Debug-watchsimulator/FamilienplanerWatch.swiftmodule/Project/arm64-apple-watchos-simulator.swiftsourceinfo

SwiftExplicitDependencyGeneratePcm x86_64 /Users/runner/Library/Developer/Xcode/DerivedData/ModuleCache.noindex/HomeKit-70VWR844QAP7POA54FG3S0B0W.pcm

SwiftExplicitDependencyGeneratePcm x86_64 /Users/runner/Library/Developer/Xcode/DerivedData/ModuleCache.noindex/MapKit-4VNQGB3Q0HHWV2RNO23OV53X1.pcm

SwiftDriverJobDiscovery normal arm64 Compiling WatchSnapshot.swift, WatchStore.swift (in target 'FamilienplanerWatch' from project 'Familienplaner')

RegisterExecutionPolicyException /Users/runner/Library/Developer/Xcode/DerivedData/Familienplaner-dmcrrzfthkjbwogvslwbznxtcpok/Build/Products/Debug-watchsimulator/FamilienplanerWatchWidgets.appex (in target 'FamilienplanerWatchWidgets' from project 'Familienplaner')
    cd /Users/runner/work/familienplaner/familienplaner
    builtin-RegisterExecutionPolicyException /Users/runner/Library/Developer/Xcode/DerivedData/Familienplaner-dmcrrzfthkjbwogvslwbznxtcpok/Build/Products/Debug-watchsimulator/FamilienplanerWatchWidgets.appex

ExtractAppIntentsMetadata (in target 'FamilienplanerShare' from project 'Familienplaner')
    cd /Users/runner/work/familienplaner/familienplaner
    /Applications/Xcode_26.6.app/Contents/Developer/Toolchains/XcodeDefault.xctoolchain/usr/bin/appintentsmetadataprocessor --toolchain-dir /var/run/com.apple.security.cryptexd/mnt/com.apple.MobileAsset.MetalToolchain-v17.6.109.0.SwB2QA/Metal.xctoolchain --module-name FamilienplanerShare --sdk-root /Applications/Xcode_26.6.app/Contents/Developer/Platforms/iPhoneSimulator.platform/Developer/SDKs/iPhoneSimulator26.5.sdk --xcode-version 17F113 --platform-family iOS --deployment-target 26.0 --bundle-identifier de.barg.familienplaner.share --output /Users/runner/Library/Developer/Xcode/DerivedData/Familienplaner-dmcrrzfthkjbwogvslwbznxtcpok/Build/Products/Debug-iphonesimulator/FamilienplanerShare.appex --target-triple arm64-apple-ios26.0-simulator --binary-file /Users/runner/Library/Developer/Xcode/DerivedData/Familienplaner-dmcrrzfthkjbwogvslwbznxtcpok/Build/Products/Debug-iphonesimulator/FamilienplanerShare.appex/FamilienplanerShare --dependency-file /Users/runner/Library/Developer/Xcode/DerivedData/Familienplaner-dmcrrzfthkjbwogvslwbznxtcpok/Build/Intermediates.noindex/Familienplaner.build/Debug-iphonesimulator/FamilienplanerShare.build/Objects-normal/arm64/FamilienplanerShare_dependency_info.dat --stringsdata-file /Users/runner/Library/Developer/Xcode/DerivedData/Familienplaner-dmcrrzfthkjbwogvslwbznxtcpok/Build/Intermediates.noindex/Familienplaner.build/Debug-iphonesimulator/FamilienplanerShare.build/Objects-normal/arm64/ExtractedAppShortcutsMetadata.stringsdata --source-file-list /Users/runner/Library/Developer/Xcode/DerivedData/Familienplaner-dmcrrzfthkjbwogvslwbznxtcpok/Build/Intermediates.noindex/Familienplaner.build/Debug-iphonesimulator/FamilienplanerShare.build/Objects-normal/arm64/FamilienplanerShare.SwiftFileList --metadata-file-list /Users/runner/Library/Developer/Xcode/DerivedData/Familienplaner-dmcrrzfthkjbwogvslwbznxtcpok/Build/Intermediates.noindex/Familienplaner.build/Debug-iphonesimulator/FamilienplanerShare.build/FamilienplanerShare.DependencyMetadataFileList --static-metadata-file-list /Users/runner/Library/Developer/Xcode/DerivedData/Familienplaner-dmcrrzfthkjbwogvslwbznxtcpok/Build/Intermediates.noindex/Familienplaner.build/Debug-iphonesimulator/FamilienplanerShare.build/FamilienplanerShare.DependencyStaticMetadataFileList --swift-const-vals-list /Users/runner/Library/Developer/Xcode/DerivedData/Familienplaner-dmcrrzfthkjbwogvslwbznxtcpok/Build/Intermediates.noindex/Familienplaner.build/Debug-iphonesimulator/FamilienplanerShare.build/Objects-normal/arm64/FamilienplanerShare.SwiftConstValuesFileList --compile-time-extraction --deployment-aware-processing --validate-assistant-intents --no-app-shortcuts-localization
2026-10-10 00:43:44.873 appintentsmetadataprocessor[2968:12131] Starting appintentsmetadataprocessor export
2026-10-10 00:43:44.891 appintentsmetadataprocessor[2968:12131] Extracted no relevant App Intents symbols, skipping writing output

SwiftExplicitDependencyGeneratePcm x86_64 /Users/runner/Library/Developer/Xcode/DerivedData/ModuleCache.noindex/WatchKit-8TBGOG344WBLL2KHDFYFPPC4E.pcm

AppIntentsSSUTraining (in target 'FamilienplanerShare' from project 'Familienplaner')
    cd /Users/runner/work/familienplaner/familienplaner
    /Applications/Xcode_26.6.app/Contents/Developer/Toolchains/XcodeDefault.xctoolchain/usr/bin/appintentsnltrainingprocessor --infoplist-path /Users/runner/Library/Developer/Xcode/DerivedData/Familienplaner-dmcrrzfthkjbwogvslwbznxtcpok/Build/Products/Debug-iphonesimulator/FamilienplanerShare.appex/Info.plist --temp-dir-path /Users/runner/Library/Developer/Xcode/DerivedData/Familienplaner-dmcrrzfthkjbwogvslwbznxtcpok/Build/Intermediates.noindex/Familienplaner.build/Debug-iphonesimulator/FamilienplanerShare.build/ssu --bundle-id de.barg.familienplaner.share --product-path /Users/runner/Library/Developer/Xcode/DerivedData/Familienplaner-dmcrrzfthkjbwogvslwbznxtcpok/Build/Products/Debug-iphonesimulator/FamilienplanerShare.appex --extracted-metadata-path /Users/runner/Library/Developer/Xcode/DerivedData/Familienplaner-dmcrrzfthkjbwogvslwbznxtcpok/Build/Products/Debug-iphonesimulator/FamilienplanerShare.appex/Metadata.appintents --metadata-file-list /Users/runner/Library/Developer/Xcode/DerivedData/Familienplaner-dmcrrzfthkjbwogvslwbznxtcpok/Build/Intermediates.noindex/Familienplaner.build/Debug-iphonesimulator/FamilienplanerShare.build/FamilienplanerShare.DependencyMetadataFileList --source-file /Users/runner/Library/Developer/Xcode/DerivedData/Familienplaner-dmcrrzfthkjbwogvslwbznxtcpok/Build/Products/Debug-iphonesimulator/FamilienplanerShare.appex/Info.plist --archive-ssu-assets
2026-10-10 00:43:44.922 appintentsnltrainingprocessor[2970:12139] Parsing options for appintentsnltrainingprocessor
2026-10-10 00:43:44.922 appintentsnltrainingprocessor[2970:12139] Starting AppIntents SSU YAML Generation
2026-10-10 00:43:44.923 appintentsnltrainingprocessor[2970:12139] No AppShortcuts found - Skipping.

Touch /Users/runner/Library/Developer/Xcode/DerivedData/Familienplaner-dmcrrzfthkjbwogvslwbznxtcpok/Build/Products/Debug-watchsimulator/FamilienplanerWatchWidgets.appex (in target 'FamilienplanerWatchWidgets' from project 'Familienplaner')
    cd /Users/runner/work/familienplaner/familienplaner
    /usr/bin/touch -c /Users/runner/Library/Developer/Xcode/DerivedData/Familienplaner-dmcrrzfthkjbwogvslwbznxtcpok/Build/Products/Debug-watchsimulator/FamilienplanerWatchWidgets.appex

Ld /Users/runner/Library/Developer/Xcode/DerivedData/Familienplaner-dmcrrzfthkjbwogvslwbznxtcpok/Build/Intermediates.noindex/Familienplaner.build/Debug-watchsimulator/FamilienplanerWatch.build/Objects-normal/x86_64/Binary/__preview.dylib normal x86_64 (in target 'FamilienplanerWatch' from project 'Familienplaner')
    cd /Users/runner/work/familienplaner/familienplaner
    /Applications/Xcode_26.6.app/Contents/Developer/Toolchains/XcodeDefault.xctoolchain/usr/bin/clang -Xlinker -reproducible -target x86_64-apple-watchos26.0-simulator -dynamiclib -isysroot /Applications/Xcode_26.6.app/Contents/Developer/Platforms/WatchSimulator.platform/Developer/SDKs/WatchSimulator26.5.sdk -O0 -L/Users/runner/Library/Developer/Xcode/DerivedData/Familienplaner-dmcrrzfthkjbwogvslwbznxtcpok/Build/Products/Debug-watchsimulator -F/Users/runner/Library/Developer/Xcode/DerivedData/Familienplaner-dmcrrzfthkjbwogvslwbznxtcpok/Build/Products/Debug-watchsimulator -install_name @rpath/FamilienplanerWatch.debug.dylib -Xlinker -dead_strip -rdynamic -Xlinker -no_deduplicate -Xlinker -objc_abi_version -Xlinker 2 -Xlinker -debug_variant -Xlinker -dependency_info -Xlinker /Users/runner/Library/Developer/Xcode/DerivedData/Familienplaner-dmcrrzfthkjbwogvslwbznxtcpok/Build/Intermediates.noindex/Familienplaner.build/Debug-watchsimulator/FamilienplanerWatch.build/Objects-normal/x86_64/FamilienplanerWatch_dependency_info.dat -o /Users/runner/Library/Developer/Xcode/DerivedData/Familienplaner-dmcrrzfthkjbwogvslwbznxtcpok/Build/Intermediates.noindex/Familienplaner.build/Debug-watchsimulator/FamilienplanerWatch.build/Objects-normal/x86_64/Binary/__preview.dylib

Ld /Users/runner/Library/Developer/Xcode/DerivedData/Familienplaner-dmcrrzfthkjbwogvslwbznxtcpok/Build/Intermediates.noindex/Familienplaner.build/Debug-watchsimulator/FamilienplanerWatch.build/Objects-normal/arm64/Binary/__preview.dylib normal arm64 (in target 'FamilienplanerWatch' from project 'Familienplaner')
    cd /Users/runner/work/familienplaner/familienplaner
    /Applications/Xcode_26.6.app/Contents/Developer/Toolchains/XcodeDefault.xctoolchain/usr/bin/clang -Xlinker -reproducible -target arm64-apple-watchos26.0-simulator -dynamiclib -isysroot /Applications/Xcode_26.6.app/Contents/Developer/Platforms/WatchSimulator.platform/Developer/SDKs/WatchSimulator26.5.sdk -O0 -L/Users/runner/Library/Developer/Xcode/DerivedData/Familienplaner-dmcrrzfthkjbwogvslwbznxtcpok/Build/Products/Debug-watchsimulator -F/Users/runner/Library/Developer/Xcode/DerivedData/Familienplaner-dmcrrzfthkjbwogvslwbznxtcpok/Build/Products/Debug-watchsimulator -install_name @rpath/FamilienplanerWatch.debug.dylib -Xlinker -dead_strip -rdynamic -Xlinker -no_deduplicate -Xlinker -objc_abi_version -Xlinker 2 -Xlinker -debug_variant -Xlinker -dependency_info -Xlinker /Users/runner/Library/Developer/Xcode/DerivedData/Familienplaner-dmcrrzfthkjbwogvslwbznxtcpok/Build/Intermediates.noindex/Familienplaner.build/Debug-watchsimulator/FamilienplanerWatch.build/Objects-normal/arm64/FamilienplanerWatch_dependency_info.dat -o /Users/runner/Library/Developer/Xcode/DerivedData/Familienplaner-dmcrrzfthkjbwogvslwbznxtcpok/Build/Intermediates.noindex/Familienplaner.build/Debug-watchsimulator/FamilienplanerWatch.build/Objects-normal/arm64/Binary/__preview.dylib

SwiftExplicitDependencyGeneratePcm x86_64 /Users/runner/Library/Developer/Xcode/DerivedData/ModuleCache.noindex/SwiftUI-IQB0MY9BBS315BR5ONRL6JEM.pcm

CreateUniversalBinary /Users/runner/Library/Developer/Xcode/DerivedData/Familienplaner-dmcrrzfthkjbwogvslwbznxtcpok/Build/Products/Debug-watchsimulator/FamilienplanerWatch.app/__preview.dylib normal arm64\ x86_64 (in target 'FamilienplanerWatch' from project 'Familienplaner')
    cd /Users/runner/work/familienplaner/familienplaner
    /Applications/Xcode_26.6.app/Contents/Developer/Toolchains/XcodeDefault.xctoolchain/usr/bin/lipo -create /Users/runner/Library/Developer/Xcode/DerivedData/Familienplaner-dmcrrzfthkjbwogvslwbznxtcpok/Build/Intermediates.noindex/Familienplaner.build/Debug-watchsimulator/FamilienplanerWatch.build/Objects-normal/arm64/Binary/__preview.dylib /Users/runner/Library/Developer/Xcode/DerivedData/Familienplaner-dmcrrzfthkjbwogvslwbznxtcpok/Build/Intermediates.noindex/Familienplaner.build/Debug-watchsimulator/FamilienplanerWatch.build/Objects-normal/x86_64/Binary/__preview.dylib -output /Users/runner/Library/Developer/Xcode/DerivedData/Familienplaner-dmcrrzfthkjbwogvslwbznxtcpok/Build/Products/Debug-watchsimulator/FamilienplanerWatch.app/__preview.dylib

RegisterExecutionPolicyException /Users/runner/Library/Developer/Xcode/DerivedData/Familienplaner-dmcrrzfthkjbwogvslwbznxtcpok/Build/Products/Debug-iphonesimulator/FamilienplanerShare.appex (in target 'FamilienplanerShare' from project 'Familienplaner')
    cd /Users/runner/work/familienplaner/familienplaner
    builtin-RegisterExecutionPolicyException /Users/runner/Library/Developer/Xcode/DerivedData/Familienplaner-dmcrrzfthkjbwogvslwbznxtcpok/Build/Products/Debug-iphonesimulator/FamilienplanerShare.appex

Touch /Users/runner/Library/Developer/Xcode/DerivedData/Familienplaner-dmcrrzfthkjbwogvslwbznxtcpok/Build/Products/Debug-iphonesimulator/FamilienplanerShare.appex (in target 'FamilienplanerShare' from project 'Familienplaner')
    cd /Users/runner/work/familienplaner/familienplaner
    /usr/bin/touch -c /Users/runner/Library/Developer/Xcode/DerivedData/Familienplaner-dmcrrzfthkjbwogvslwbznxtcpok/Build/Products/Debug-iphonesimulator/FamilienplanerShare.appex

SwiftEmitModule normal x86_64 Emitting\ module\ for\ FamilienplanerWatch (in target 'FamilienplanerWatch' from project 'Familienplaner')
EmitSwiftModule normal x86_64 (in target 'FamilienplanerWatch' from project 'Familienplaner')
    cd /Users/runner/work/familienplaner/familienplaner
    

SwiftCompile normal x86_64 Compiling\ WidgetBridge.swift,\ GeneratedAssetSymbols.swift /Users/runner/work/familienplaner/familienplaner/Shared/WidgetBridge.swift /Users/runner/Library/Developer/Xcode/DerivedData/Familienplaner-dmcrrzfthkjbwogvslwbznxtcpok/Build/Intermediates.noindex/Familienplaner.build/Debug-watchsimulator/FamilienplanerWatch.build/DerivedSources/GeneratedAssetSymbols.swift (in target 'FamilienplanerWatch' from project 'Familienplaner')
SwiftCompile normal x86_64 /Users/runner/work/familienplaner/familienplaner/Shared/WidgetBridge.swift (in target 'FamilienplanerWatch' from project 'Familienplaner')
    cd /Users/runner/work/familienplaner/familienplaner
    

SwiftCompile normal x86_64 /Users/runner/Library/Developer/Xcode/DerivedData/Familienplaner-dmcrrzfthkjbwogvslwbznxtcpok/Build/Intermediates.noindex/Familienplaner.build/Debug-watchsimulator/FamilienplanerWatch.build/DerivedSources/GeneratedAssetSymbols.swift (in target 'FamilienplanerWatch' from project 'Familienplaner')
    cd /Users/runner/work/familienplaner/familienplaner
    

SwiftCompile normal x86_64 Compiling\ WatchSnapshot.swift,\ WatchStore.swift /Users/runner/work/familienplaner/familienplaner/Shared/WatchSnapshot.swift /Users/runner/work/familienplaner/familienplaner/Watch/WatchStore.swift (in target 'FamilienplanerWatch' from project 'Familienplaner')
SwiftCompile normal x86_64 /Users/runner/work/familienplaner/familienplaner/Shared/WatchSnapshot.swift (in target 'FamilienplanerWatch' from project 'Familienplaner')
    cd /Users/runner/work/familienplaner/familienplaner
    

SwiftCompile normal x86_64 /Users/runner/work/familienplaner/familienplaner/Watch/WatchStore.swift (in target 'FamilienplanerWatch' from project 'Familienplaner')
    cd /Users/runner/work/familienplaner/familienplaner
    

SwiftDriverJobDiscovery normal arm64 Compiling FamilienplanerWatchApp.swift, SharedInbox.swift, WatchContentView.swift (in target 'FamilienplanerWatch' from project 'Familienplaner')

SwiftCompile normal x86_64 Compiling\ FamilienplanerWatchApp.swift,\ SharedInbox.swift,\ WatchContentView.swift /Users/runner/work/familienplaner/familienplaner/Watch/FamilienplanerWatchApp.swift /Users/runner/work/familienplaner/familienplaner/Shared/SharedInbox.swift /Users/runner/work/familienplaner/familienplaner/Watch/WatchContentView.swift (in target 'FamilienplanerWatch' from project 'Familienplaner')

SwiftCompile normal x86_64 /Users/runner/work/familienplaner/familienplaner/Watch/FamilienplanerWatchApp.swift (in target 'FamilienplanerWatch' from project 'Familienplaner')
    cd /Users/runner/work/familienplaner/familienplaner
    

SwiftCompile normal x86_64 /Users/runner/work/familienplaner/familienplaner/Shared/SharedInbox.swift (in target 'FamilienplanerWatch' from project 'Familienplaner')
    cd /Users/runner/work/familienplaner/familienplaner
    

SwiftCompile normal x86_64 /Users/runner/work/familienplaner/familienplaner/Watch/WatchContentView.swift (in target 'FamilienplanerWatch' from project 'Familienplaner')
    cd /Users/runner/work/familienplaner/familienplaner
    

SwiftDriverJobDiscovery normal x86_64 Emitting module for FamilienplanerWatch (in target 'FamilienplanerWatch' from project 'Familienplaner')

SwiftDriver\ Compilation\ Requirements FamilienplanerWatch normal x86_64 com.apple.xcode.tools.swift.compiler (in target 'FamilienplanerWatch' from project 'Familienplaner')
    cd /Users/runner/work/familienplaner/familienplaner
    builtin-Swift-Compilation-Requirements -- /Applications/Xcode_26.6.app/Contents/Developer/Toolchains/XcodeDefault.xctoolchain/usr/bin/swiftc -module-name FamilienplanerWatch -Onone @/Users/runner/Library/Developer/Xcode/DerivedData/Familienplaner-dmcrrzfthkjbwogvslwbznxtcpok/Build/Intermediates.noindex/Familienplaner.build/Debug-watchsimulator/FamilienplanerWatch.build/Objects-normal/x86_64/FamilienplanerWatch.SwiftFileList -DDEBUG -enable-bare-slash-regex -enable-experimental-feature DebugDescriptionMacro -sdk /Applications/Xcode_26.6.app/Contents/Developer/Platforms/WatchSimulator.platform/Developer/SDKs/WatchSimulator26.5.sdk -target x86_64-apple-watchos26.0-simulator -g -module-cache-path /Users/runner/Library/Developer/Xcode/DerivedData/ModuleCache.noindex -Xfrontend -serialize-debugging-options -profile-coverage-mapping -profile-generate -enable-testing -index-store-path /Users/runner/Library/Developer/Xcode/DerivedData/Familienplaner-dmcrrzfthkjbwogvslwbznxtcpok/Index.noindex/DataStore -Xcc -D_LIBCPP_HARDENING_MODE\=_LIBCPP_HARDENING_MODE_DEBUG -swift-version 5 -I /Users/runner/Library/Developer/Xcode/DerivedData/Familienplaner-dmcrrzfthkjbwogvslwbznxtcpok/Build/Products/Debug-watchsimulator -F /Users/runner/Library/Developer/Xcode/DerivedData/Familienplaner-dmcrrzfthkjbwogvslwbznxtcpok/Build/Products/Debug-watchsimulator -c -j3 -enable-batch-mode -incremental -Xcc -ivfsstatcache -Xcc /Users/runner/Library/Developer/Xcode/DerivedData/SDKStatCaches.noindex/watchsimulator26.5-23T570-688ef53f1462e2c8f657fdc38a81448f4ff5b3021fd2b02f145790f94936b2db.sdkstatcache -output-file-map /Users/runner/Library/Developer/Xcode/DerivedData/Familienplaner-dmcrrzfthkjbwogvslwbznxtcpok/Build/Intermediates.noindex/Familienplaner.build/Debug-watchsimulator/FamilienplanerWatch.build/Objects-normal/x86_64/FamilienplanerWatch-OutputFileMap.json -use-frontend-parseable-output -save-temps -no-color-diagnostics -explicit-module-build -module-cache-path /Users/runner/Library/Developer/Xcode/DerivedData/Familienplaner-dmcrrzfthkjbwogvslwbznxtcpok/Build/Intermediates.noindex/SwiftExplicitPrecompiledModules -clang-scanner-module-cache-path /Users/runner/Library/Developer/Xcode/DerivedData/ModuleCache.noindex -sdk-module-cache-path /Users/runner/Library/Developer/Xcode/DerivedData/ModuleCache.noindex -serialize-diagnostics -emit-dependencies -emit-module -emit-module-path /Users/runner/Library/Developer/Xcode/DerivedData/Familienplaner-dmcrrzfthkjbwogvslwbznxtcpok/Build/Intermediates.noindex/Familienplaner.build/Debug-watchsimulator/FamilienplanerWatch.build/Objects-normal/x86_64/FamilienplanerWatch.swiftmodule -validate-clang-modules-once -clang-build-session-file /Users/runner/Library/Developer/Xcode/DerivedData/ModuleCache.noindex/Session.modulevalidation -Xcc -I/Users/runner/Library/Developer/Xcode/DerivedData/Familienplaner-dmcrrzfthkjbwogvslwbznxtcpok/Build/Intermediates.noindex/Familienplaner.build/Debug-watchsimulator/FamilienplanerWatch.build/swift-overrides.hmap -emit-const-values -Xfrontend -const-gather-protocols-file -Xfrontend /Users/runner/Library/Developer/Xcode/DerivedData/Familienplaner-dmcrrzfthkjbwogvslwbznxtcpok/Build/Intermediates.noindex/Familienplaner.build/Debug-watchsimulator/FamilienplanerWatch.build/Objects-normal/x86_64/FamilienplanerWatch_const_extract_protocols.json -Xcc -iquote -Xcc /Users/runner/Library/Developer/Xcode/DerivedData/Familienplaner-dmcrrzfthkjbwogvslwbznxtcpok/Build/Intermediates.noindex/Familienplaner.build/Debug-watchsimulator/FamilienplanerWatch.build/FamilienplanerWatch-generated-files.hmap -Xcc -I/Users/runner/Library/Developer/Xcode/DerivedData/Familienplaner-dmcrrzfthkjbwogvslwbznxtcpok/Build/Intermediates.noindex/Familienplaner.build/Debug-watchsimulator/FamilienplanerWatch.build/FamilienplanerWatch-own-target-headers.hmap -Xcc -I/Users/runner/Library/Developer/Xcode/DerivedData/Familienplaner-dmcrrzfthkjbwogvslwbznxtcpok/Build/Intermediates.noindex/Familienplaner.build/Debug-watchsimulator/FamilienplanerWatch.build/FamilienplanerWatch-all-target-headers.hmap -Xcc -iquote -Xcc /Users/runner/Library/Developer/Xcode/DerivedData/Familienplaner-dmcrrzfthkjbwogvslwbznxtcpok/Build/Intermediates.noindex/Familienplaner.build/Debug-watchsimulator/FamilienplanerWatch.build/FamilienplanerWatch-project-headers.hmap -Xcc -I/Users/runner/Library/Developer/Xcode/DerivedData/Familienplaner-dmcrrzfthkjbwogvslwbznxtcpok/Build/Products/Debug-watchsimulator/include -Xcc -I/Users/runner/Library/Developer/Xcode/DerivedData/Familienplaner-dmcrrzfthkjbwogvslwbznxtcpok/Build/Intermediates.noindex/Familienplaner.build/Debug-watchsimulator/FamilienplanerWatch.build/DerivedSources-normal/x86_64 -Xcc -I/Users/runner/Library/Developer/Xcode/DerivedData/Familienplaner-dmcrrzfthkjbwogvslwbznxtcpok/Build/Intermediates.noindex/Familienplaner.build/Debug-watchsimulator/FamilienplanerWatch.build/DerivedSources/x86_64 -Xcc -I/Users/runner/Library/Developer/Xcode/DerivedData/Familienplaner-dmcrrzfthkjbwogvslwbznxtcpok/Build/Intermediates.noindex/Familienplaner.build/Debug-watchsimulator/FamilienplanerWatch.build/DerivedSources -Xcc -DDEBUG\=1 -emit-objc-header -emit-objc-header-path /Users/runner/Library/Developer/Xcode/DerivedData/Familienplaner-dmcrrzfthkjbwogvslwbznxtcpok/Build/Intermediates.noindex/Familienplaner.build/Debug-watchsimulator/FamilienplanerWatch.build/Objects-normal/x86_64/FamilienplanerWatch-Swift.h -working-directory /Users/runner/work/familienplaner/familienplaner -experimental-emit-module-separately -disable-cmo

SwiftDriverJobDiscovery normal x86_64 Compiling WidgetBridge.swift, GeneratedAssetSymbols.swift (in target 'FamilienplanerWatch' from project 'Familienplaner')

SwiftDriver\ Compilation FamilienplanerWatch normal arm64 com.apple.xcode.tools.swift.compiler (in target 'FamilienplanerWatch' from project 'Familienplaner')
    cd /Users/runner/work/familienplaner/familienplaner
    builtin-Swift-Compilation -- /Applications/Xcode_26.6.app/Contents/Developer/Toolchains/XcodeDefault.xctoolchain/usr/bin/swiftc -module-name FamilienplanerWatch -Onone @/Users/runner/Library/Developer/Xcode/DerivedData/Familienplaner-dmcrrzfthkjbwogvslwbznxtcpok/Build/Intermediates.noindex/Familienplaner.build/Debug-watchsimulator/FamilienplanerWatch.build/Objects-normal/arm64/FamilienplanerWatch.SwiftFileList -DDEBUG -enable-bare-slash-regex -enable-experimental-feature DebugDescriptionMacro -sdk /Applications/Xcode_26.6.app/Contents/Developer/Platforms/WatchSimulator.platform/Developer/SDKs/WatchSimulator26.5.sdk -target arm64-apple-watchos26.0-simulator -g -module-cache-path /Users/runner/Library/Developer/Xcode/DerivedData/ModuleCache.noindex -Xfrontend -serialize-debugging-options -profile-coverage-mapping -profile-generate -enable-testing -index-store-path /Users/runner/Library/Developer/Xcode/DerivedData/Familienplaner-dmcrrzfthkjbwogvslwbznxtcpok/Index.noindex/DataStore -Xcc -D_LIBCPP_HARDENING_MODE\=_LIBCPP_HARDENING_MODE_DEBUG -swift-version 5 -I /Users/runner/Library/Developer/Xcode/DerivedData/Familienplaner-dmcrrzfthkjbwogvslwbznxtcpok/Build/Products/Debug-watchsimulator -F /Users/runner/Library/Developer/Xcode/DerivedData/Familienplaner-dmcrrzfthkjbwogvslwbznxtcpok/Build/Products/Debug-watchsimulator -c -j3 -enable-batch-mode -incremental -Xcc -ivfsstatcache -Xcc /Users/runner/Library/Developer/Xcode/DerivedData/SDKStatCaches.noindex/watchsimulator26.5-23T570-688ef53f1462e2c8f657fdc38a81448f4ff5b3021fd2b02f145790f94936b2db.sdkstatcache -output-file-map /Users/runner/Library/Developer/Xcode/DerivedData/Familienplaner-dmcrrzfthkjbwogvslwbznxtcpok/Build/Intermediates.noindex/Familienplaner.build/Debug-watchsimulator/FamilienplanerWatch.build/Objects-normal/arm64/FamilienplanerWatch-OutputFileMap.json -use-frontend-parseable-output -save-temps -no-color-diagnostics -explicit-module-build -module-cache-path /Users/runner/Library/Developer/Xcode/DerivedData/Familienplaner-dmcrrzfthkjbwogvslwbznxtcpok/Build/Intermediates.noindex/SwiftExplicitPrecompiledModules -clang-scanner-module-cache-path /Users/runner/Library/Developer/Xcode/DerivedData/ModuleCache.noindex -sdk-module-cache-path /Users/runner/Library/Developer/Xcode/DerivedData/ModuleCache.noindex -serialize-diagnostics -emit-dependencies -emit-module -emit-module-path /Users/runner/Library/Developer/Xcode/DerivedData/Familienplaner-dmcrrzfthkjbwogvslwbznxtcpok/Build/Intermediates.noindex/Familienplaner.build/Debug-watchsimulator/FamilienplanerWatch.build/Objects-normal/arm64/FamilienplanerWatch.swiftmodule -validate-clang-modules-once -clang-build-session-file /Users/runner/Library/Developer/Xcode/DerivedData/ModuleCache.noindex/Session.modulevalidation -Xcc -I/Users/runner/Library/Developer/Xcode/DerivedData/Familienplaner-dmcrrzfthkjbwogvslwbznxtcpok/Build/Intermediates.noindex/Familienplaner.build/Debug-watchsimulator/FamilienplanerWatch.build/swift-overrides.hmap -emit-const-values -Xfrontend -const-gather-protocols-file -Xfrontend /Users/runner/Library/Developer/Xcode/DerivedData/Familienplaner-dmcrrzfthkjbwogvslwbznxtcpok/Build/Intermediates.noindex/Familienplaner.build/Debug-watchsimulator/FamilienplanerWatch.build/Objects-normal/arm64/FamilienplanerWatch_const_extract_protocols.json -Xcc -iquote -Xcc /Users/runner/Library/Developer/Xcode/DerivedData/Familienplaner-dmcrrzfthkjbwogvslwbznxtcpok/Build/Intermediates.noindex/Familienplaner.build/Debug-watchsimulator/FamilienplanerWatch.build/FamilienplanerWatch-generated-files.hmap -Xcc -I/Users/runner/Library/Developer/Xcode/DerivedData/Familienplaner-dmcrrzfthkjbwogvslwbznxtcpok/Build/Intermediates.noindex/Familienplaner.build/Debug-watchsimulator/FamilienplanerWatch.build/FamilienplanerWatch-own-target-headers.hmap -Xcc -I/Users/runner/Library/Developer/Xcode/DerivedData/Familienplaner-dmcrrzfthkjbwogvslwbznxtcpok/Build/Intermediates.noindex/Familienplaner.build/Debug-watchsimulator/FamilienplanerWatch.build/FamilienplanerWatch-all-target-headers.hmap -Xcc -iquote -Xcc /Users/runner/Library/Developer/Xcode/DerivedData/Familienplaner-dmcrrzfthkjbwogvslwbznxtcpok/Build/Intermediates.noindex/Familienplaner.build/Debug-watchsimulator/FamilienplanerWatch.build/FamilienplanerWatch-project-headers.hmap -Xcc -I/Users/runner/Library/Developer/Xcode/DerivedData/Familienplaner-dmcrrzfthkjbwogvslwbznxtcpok/Build/Products/Debug-watchsimulator/include -Xcc -I/Users/runner/Library/Developer/Xcode/DerivedData/Familienplaner-dmcrrzfthkjbwogvslwbznxtcpok/Build/Intermediates.noindex/Familienplaner.build/Debug-watchsimulator/FamilienplanerWatch.build/DerivedSources-normal/arm64 -Xcc -I/Users/runner/Library/Developer/Xcode/DerivedData/Familienplaner-dmcrrzfthkjbwogvslwbznxtcpok/Build/Intermediates.noindex/Familienplaner.build/Debug-watchsimulator/FamilienplanerWatch.build/DerivedSources/arm64 -Xcc -I/Users/runner/Library/Developer/Xcode/DerivedData/Familienplaner-dmcrrzfthkjbwogvslwbznxtcpok/Build/Intermediates.noindex/Familienplaner.build/Debug-watchsimulator/FamilienplanerWatch.build/DerivedSources -Xcc -DDEBUG\=1 -emit-objc-header -emit-objc-header-path /Users/runner/Library/Developer/Xcode/DerivedData/Familienplaner-dmcrrzfthkjbwogvslwbznxtcpok/Build/Intermediates.noindex/Familienplaner.build/Debug-watchsimulator/FamilienplanerWatch.build/Objects-normal/arm64/FamilienplanerWatch-Swift.h -working-directory /Users/runner/work/familienplaner/familienplaner -experimental-emit-module-separately -disable-cmo

SwiftMergeGeneratedHeaders /Users/runner/Library/Developer/Xcode/DerivedData/Familienplaner-dmcrrzfthkjbwogvslwbznxtcpok/Build/Intermediates.noindex/Familienplaner.build/Debug-watchsimulator/FamilienplanerWatch.build/DerivedSources/FamilienplanerWatch-Swift.h /Users/runner/Library/Developer/Xcode/DerivedData/Familienplaner-dmcrrzfthkjbwogvslwbznxtcpok/Build/Intermediates.noindex/Familienplaner.build/Debug-watchsimulator/FamilienplanerWatch.build/Objects-normal/arm64/FamilienplanerWatch-Swift.h /Users/runner/Library/Developer/Xcode/DerivedData/Familienplaner-dmcrrzfthkjbwogvslwbznxtcpok/Build/Intermediates.noindex/Familienplaner.build/Debug-watchsimulator/FamilienplanerWatch.build/Objects-normal/x86_64/FamilienplanerWatch-Swift.h (in target 'FamilienplanerWatch' from project 'Familienplaner')
    cd /Users/runner/work/familienplaner/familienplaner
    builtin-swiftHeaderTool -arch arm64 /Users/runner/Library/Developer/Xcode/DerivedData/Familienplaner-dmcrrzfthkjbwogvslwbznxtcpok/Build/Intermediates.noindex/Familienplaner.build/Debug-watchsimulator/FamilienplanerWatch.build/Objects-normal/arm64/FamilienplanerWatch-Swift.h -arch x86_64 /Users/runner/Library/Developer/Xcode/DerivedData/Familienplaner-dmcrrzfthkjbwogvslwbznxtcpok/Build/Intermediates.noindex/Familienplaner.build/Debug-watchsimulator/FamilienplanerWatch.build/Objects-normal/x86_64/FamilienplanerWatch-Swift.h -o /Users/runner/Library/Developer/Xcode/DerivedData/Familienplaner-dmcrrzfthkjbwogvslwbznxtcpok/Build/Intermediates.noindex/Familienplaner.build/Debug-watchsimulator/FamilienplanerWatch.build/DerivedSources/FamilienplanerWatch-Swift.h

Copy /Users/runner/Library/Developer/Xcode/DerivedData/Familienplaner-dmcrrzfthkjbwogvslwbznxtcpok/Build/Products/Debug-watchsimulator/FamilienplanerWatch.swiftmodule/x86_64-apple-watchos-simulator.swiftmodule /Users/runner/Library/Developer/Xcode/DerivedData/Familienplaner-dmcrrzfthkjbwogvslwbznxtcpok/Build/Intermediates.noindex/Familienplaner.build/Debug-watchsimulator/FamilienplanerWatch.build/Objects-normal/x86_64/FamilienplanerWatch.swiftmodule (in target 'FamilienplanerWatch' from project 'Familienplaner')
    cd /Users/runner/work/familienplaner/familienplaner
    builtin-copy -exclude .DS_Store -exclude CVS -exclude .svn -exclude .git -exclude .hg -resolve-src-symlinks -rename /Users/runner/Library/Developer/Xcode/DerivedData/Familienplaner-dmcrrzfthkjbwogvslwbznxtcpok/Build/Intermediates.noindex/Familienplaner.build/Debug-watchsimulator/FamilienplanerWatch.build/Objects-normal/x86_64/FamilienplanerWatch.swiftmodule /Users/runner/Library/Developer/Xcode/DerivedData/Familienplaner-dmcrrzfthkjbwogvslwbznxtcpok/Build/Products/Debug-watchsimulator/FamilienplanerWatch.swiftmodule/x86_64-apple-watchos-simulator.swiftmodule

Copy /Users/runner/Library/Developer/Xcode/DerivedData/Familienplaner-dmcrrzfthkjbwogvslwbznxtcpok/Build/Products/Debug-watchsimulator/FamilienplanerWatch.swiftmodule/x86_64-apple-watchos-simulator.swiftdoc /Users/runner/Library/Developer/Xcode/DerivedData/Familienplaner-dmcrrzfthkjbwogvslwbznxtcpok/Build/Intermediates.noindex/Familienplaner.build/Debug-watchsimulator/FamilienplanerWatch.build/Objects-normal/x86_64/FamilienplanerWatch.swiftdoc (in target 'FamilienplanerWatch' from project 'Familienplaner')
    cd /Users/runner/work/familienplaner/familienplaner
    builtin-copy -exclude .DS_Store -exclude CVS -exclude .svn -exclude .git -exclude .hg -resolve-src-symlinks -rename /Users/runner/Library/Developer/Xcode/DerivedData/Familienplaner-dmcrrzfthkjbwogvslwbznxtcpok/Build/Intermediates.noindex/Familienplaner.build/Debug-watchsimulator/FamilienplanerWatch.build/Objects-normal/x86_64/FamilienplanerWatch.swiftdoc /Users/runner/Library/Developer/Xcode/DerivedData/Familienplaner-dmcrrzfthkjbwogvslwbznxtcpok/Build/Products/Debug-watchsimulator/FamilienplanerWatch.swiftmodule/x86_64-apple-watchos-simulator.swiftdoc

Copy /Users/runner/Library/Developer/Xcode/DerivedData/Familienplaner-dmcrrzfthkjbwogvslwbznxtcpok/Build/Products/Debug-watchsimulator/FamilienplanerWatch.swiftmodule/x86_64-apple-watchos-simulator.abi.json /Users/runner/Library/Developer/Xcode/DerivedData/Familienplaner-dmcrrzfthkjbwogvslwbznxtcpok/Build/Intermediates.noindex/Familienplaner.build/Debug-watchsimulator/FamilienplanerWatch.build/Objects-normal/x86_64/FamilienplanerWatch.abi.json (in target 'FamilienplanerWatch' from project 'Familienplaner')
    cd /Users/runner/work/familienplaner/familienplaner
    builtin-copy -exclude .DS_Store -exclude CVS -exclude .svn -exclude .git -exclude .hg -resolve-src-symlinks -rename /Users/runner/Library/Developer/Xcode/DerivedData/Familienplaner-dmcrrzfthkjbwogvslwbznxtcpok/Build/Intermediates.noindex/Familienplaner.build/Debug-watchsimulator/FamilienplanerWatch.build/Objects-normal/x86_64/FamilienplanerWatch.abi.json /Users/runner/Library/Developer/Xcode/DerivedData/Familienplaner-dmcrrzfthkjbwogvslwbznxtcpok/Build/Products/Debug-watchsimulator/FamilienplanerWatch.swiftmodule/x86_64-apple-watchos-simulator.abi.json

Copy /Users/runner/Library/Developer/Xcode/DerivedData/Familienplaner-dmcrrzfthkjbwogvslwbznxtcpok/Build/Products/Debug-watchsimulator/FamilienplanerWatch.swiftmodule/Project/x86_64-apple-watchos-simulator.swiftsourceinfo /Users/runner/Library/Developer/Xcode/DerivedData/Familienplaner-dmcrrzfthkjbwogvslwbznxtcpok/Build/Intermediates.noindex/Familienplaner.build/Debug-watchsimulator/FamilienplanerWatch.build/Objects-normal/x86_64/FamilienplanerWatch.swiftsourceinfo (in target 'FamilienplanerWatch' from project 'Familienplaner')
    cd /Users/runner/work/familienplaner/familienplaner
    builtin-copy -exclude .DS_Store -exclude CVS -exclude .svn -exclude .git -exclude .hg -resolve-src-symlinks -rename /Users/runner/Library/Developer/Xcode/DerivedData/Familienplaner-dmcrrzfthkjbwogvslwbznxtcpok/Build/Intermediates.noindex/Familienplaner.build/Debug-watchsimulator/FamilienplanerWatch.build/Objects-normal/x86_64/FamilienplanerWatch.swiftsourceinfo /Users/runner/Library/Developer/Xcode/DerivedData/Familienplaner-dmcrrzfthkjbwogvslwbznxtcpok/Build/Products/Debug-watchsimulator/FamilienplanerWatch.swiftmodule/Project/x86_64-apple-watchos-simulator.swiftsourceinfo

Ld /Users/runner/Library/Developer/Xcode/DerivedData/Familienplaner-dmcrrzfthkjbwogvslwbznxtcpok/Build/Intermediates.noindex/Familienplaner.build/Debug-watchsimulator/FamilienplanerWatch.build/Objects-normal/arm64/Binary/FamilienplanerWatch.debug.dylib normal arm64 (in target 'FamilienplanerWatch' from project 'Familienplaner')
    cd /Users/runner/work/familienplaner/familienplaner
    /Applications/Xcode_26.6.app/Contents/Developer/Toolchains/XcodeDefault.xctoolchain/usr/bin/clang -Xlinker -reproducible -target arm64-apple-watchos26.0-simulator -dynamiclib -isysroot /Applications/Xcode_26.6.app/Contents/Developer/Platforms/WatchSimulator.platform/Developer/SDKs/WatchSimulator26.5.sdk -O0 -L/Users/runner/Library/Developer/Xcode/DerivedData/Familienplaner-dmcrrzfthkjbwogvslwbznxtcpok/Build/Intermediates.noindex/EagerLinkingTBDs/Debug-watchsimulator -L/Users/runner/Library/Developer/Xcode/DerivedData/Familienplaner-dmcrrzfthkjbwogvslwbznxtcpok/Build/Products/Debug-watchsimulator -F/Users/runner/Library/Developer/Xcode/DerivedData/Familienplaner-dmcrrzfthkjbwogvslwbznxtcpok/Build/Intermediates.noindex/EagerLinkingTBDs/Debug-watchsimulator -F/Users/runner/Library/Developer/Xcode/DerivedData/Familienplaner-dmcrrzfthkjbwogvslwbznxtcpok/Build/Products/Debug-watchsimulator -filelist /Users/runner/Library/Developer/Xcode/DerivedData/Familienplaner-dmcrrzfthkjbwogvslwbznxtcpok/Build/Intermediates.noindex/Familienplaner.build/Debug-watchsimulator/FamilienplanerWatch.build/Objects-normal/arm64/FamilienplanerWatch.LinkFileList -install_name @rpath/FamilienplanerWatch.debug.dylib -Xlinker -dead_strip -Xlinker -object_path_lto -Xlinker /Users/runner/Library/Developer/Xcode/DerivedData/Familienplaner-dmcrrzfthkjbwogvslwbznxtcpok/Build/Intermediates.noindex/Familienplaner.build/Debug-watchsimulator/FamilienplanerWatch.build/Objects-normal/arm64/FamilienplanerWatch_lto.o -rdynamic -Xlinker -no_deduplicate -Xlinker -objc_abi_version -Xlinker 2 -Xlinker -debug_variant -Xlinker -dependency_info -Xlinker /Users/runner/Library/Developer/Xcode/DerivedData/Familienplaner-dmcrrzfthkjbwogvslwbznxtcpok/Build/Intermediates.noindex/Familienplaner.build/Debug-watchsimulator/FamilienplanerWatch.build/Objects-normal/arm64/FamilienplanerWatch_dependency_info.dat -fobjc-link-runtime -fprofile-instr-generate -L/Applications/Xcode_26.6.app/Contents/Developer/Toolchains/XcodeDefault.xctoolchain/usr/lib/swift/watchsimulator -L/usr/lib/swift -Xlinker -add_ast_path -Xlinker /Users/runner/Library/Developer/Xcode/DerivedData/Familienplaner-dmcrrzfthkjbwogvslwbznxtcpok/Build/Intermediates.noindex/Familienplaner.build/Debug-watchsimulator/FamilienplanerWatch.build/Objects-normal/arm64/FamilienplanerWatch.swiftmodule @/Users/runner/Library/Developer/Xcode/DerivedData/Familienplaner-dmcrrzfthkjbwogvslwbznxtcpok/Build/Intermediates.noindex/Familienplaner.build/Debug-watchsimulator/FamilienplanerWatch.build/Objects-normal/arm64/FamilienplanerWatch-linker-args.resp -Xlinker -alias -Xlinker _main -Xlinker ___debug_main_executable_dylib_entry_point -o /Users/runner/Library/Developer/Xcode/DerivedData/Familienplaner-dmcrrzfthkjbwogvslwbznxtcpok/Build/Intermediates.noindex/Familienplaner.build/Debug-watchsimulator/FamilienplanerWatch.build/Objects-normal/arm64/Binary/FamilienplanerWatch.debug.dylib

ConstructStubExecutorLinkFileList /Users/runner/Library/Developer/Xcode/DerivedData/Familienplaner-dmcrrzfthkjbwogvslwbznxtcpok/Build/Intermediates.noindex/Familienplaner.build/Debug-watchsimulator/FamilienplanerWatch.build/FamilienplanerWatch-ExecutorLinkFileList-normal-arm64.txt (in target 'FamilienplanerWatch' from project 'Familienplaner')
    cd /Users/runner/work/familienplaner/familienplaner
    construct-stub-executor-link-file-list /Users/runner/Library/Developer/Xcode/DerivedData/Familienplaner-dmcrrzfthkjbwogvslwbznxtcpok/Build/Intermediates.noindex/Familienplaner.build/Debug-watchsimulator/FamilienplanerWatch.build/Objects-normal/arm64/Binary/FamilienplanerWatch.debug.dylib /Applications/Xcode_26.6.app/Contents/Developer/Platforms/WatchSimulator.platform/Developer/usr/lib/libPreviewsJITStubExecutor_no_swift_entry_point.a /Applications/Xcode_26.6.app/Contents/Developer/Platforms/WatchSimulator.platform/Developer/usr/lib/libPreviewsJITStubExecutor.a --output /Users/runner/Library/Developer/Xcode/DerivedData/Familienplaner-dmcrrzfthkjbwogvslwbznxtcpok/Build/Intermediates.noindex/Familienplaner.build/Debug-watchsimulator/FamilienplanerWatch.build/FamilienplanerWatch-ExecutorLinkFileList-normal-arm64.txt
note: Using stub executor library with Swift entry point. (in target 'FamilienplanerWatch' from project 'Familienplaner')

Ld /Users/runner/Library/Developer/Xcode/DerivedData/Familienplaner-dmcrrzfthkjbwogvslwbznxtcpok/Build/Intermediates.noindex/Familienplaner.build/Debug-watchsimulator/FamilienplanerWatch.build/Objects-normal/arm64/Binary/FamilienplanerWatch normal arm64 (in target 'FamilienplanerWatch' from project 'Familienplaner')
    cd /Users/runner/work/familienplaner/familienplaner
    /Applications/Xcode_26.6.app/Contents/Developer/Toolchains/XcodeDefault.xctoolchain/usr/bin/clang -Xlinker -reproducible -target arm64-apple-watchos26.0-simulator -isysroot /Applications/Xcode_26.6.app/Contents/Developer/Platforms/WatchSimulator.platform/Developer/SDKs/WatchSimulator26.5.sdk -O0 -L/Users/runner/Library/Developer/Xcode/DerivedData/Familienplaner-dmcrrzfthkjbwogvslwbznxtcpok/Build/Products/Debug-watchsimulator -F/Users/runner/Library/Developer/Xcode/DerivedData/Familienplaner-dmcrrzfthkjbwogvslwbznxtcpok/Build/Products/Debug-watchsimulator -Xlinker -rpath -Xlinker @executable_path -rdynamic -Xlinker -no_deduplicate -Xlinker -objc_abi_version -Xlinker 2 -Xlinker -debug_variant -e ___debug_blank_executor_main -Xlinker -sectcreate -Xlinker __TEXT -Xlinker __debug_dylib -Xlinker /Users/runner/Library/Developer/Xcode/DerivedData/Familienplaner-dmcrrzfthkjbwogvslwbznxtcpok/Build/Intermediates.noindex/Familienplaner.build/Debug-watchsimulator/FamilienplanerWatch.build/FamilienplanerWatch-DebugDylibPath-normal-arm64.txt -Xlinker -sectcreate -Xlinker __TEXT -Xlinker __debug_instlnm -Xlinker /Users/runner/Library/Developer/Xcode/DerivedData/Familienplaner-dmcrrzfthkjbwogvslwbznxtcpok/Build/Intermediates.noindex/Familienplaner.build/Debug-watchsimulator/FamilienplanerWatch.build/FamilienplanerWatch-DebugDylibInstallName-normal-arm64.txt -Xlinker -filelist -Xlinker /Users/runner/Library/Developer/Xcode/DerivedData/Familienplaner-dmcrrzfthkjbwogvslwbznxtcpok/Build/Intermediates.noindex/Familienplaner.build/Debug-watchsimulator/FamilienplanerWatch.build/FamilienplanerWatch-ExecutorLinkFileList-normal-arm64.txt /Users/runner/Library/Developer/Xcode/DerivedData/Familienplaner-dmcrrzfthkjbwogvslwbznxtcpok/Build/Intermediates.noindex/Familienplaner.build/Debug-watchsimulator/FamilienplanerWatch.build/Objects-normal/arm64/Binary/FamilienplanerWatch.debug.dylib -o /Users/runner/Library/Developer/Xcode/DerivedData/Familienplaner-dmcrrzfthkjbwogvslwbznxtcpok/Build/Intermediates.noindex/Familienplaner.build/Debug-watchsimulator/FamilienplanerWatch.build/Objects-normal/arm64/Binary/FamilienplanerWatch

MkDir /Users/runner/Library/Developer/Xcode/DerivedData/Familienplaner-dmcrrzfthkjbwogvslwbznxtcpok/Build/Intermediates.noindex/Familienplaner.build/Debug-iphonesimulator/Familienplaner.build/assetcatalog_output/unthinned (in target 'Familienplaner' from project 'Familienplaner')
    cd /Users/runner/work/familienplaner/familienplaner
    /bin/mkdir -p /Users/runner/Library/Developer/Xcode/DerivedData/Familienplaner-dmcrrzfthkjbwogvslwbznxtcpok/Build/Intermediates.noindex/Familienplaner.build/Debug-iphonesimulator/Familienplaner.build/assetcatalog_output/unthinned

MkDir /Users/runner/Library/Developer/Xcode/DerivedData/Familienplaner-dmcrrzfthkjbwogvslwbznxtcpok/Build/Intermediates.noindex/Familienplaner.build/Debug-iphonesimulator/Familienplaner.build/assetcatalog_output/thinned (in target 'Familienplaner' from project 'Familienplaner')
    cd /Users/runner/work/familienplaner/familienplaner
    /bin/mkdir -p /Users/runner/Library/Developer/Xcode/DerivedData/Familienplaner-dmcrrzfthkjbwogvslwbznxtcpok/Build/Intermediates.noindex/Familienplaner.build/Debug-iphonesimulator/Familienplaner.build/assetcatalog_output/thinned

GenerateAssetSymbols /Users/runner/work/familienplaner/familienplaner/Assets/Assets.xcassets (in target 'Familienplaner' from project 'Familienplaner')
    cd /Users/runner/work/familienplaner/familienplaner
    /Applications/Xcode_26.6.app/Contents/Developer/usr/bin/actool /Users/runner/work/familienplaner/familienplaner/Assets/Assets.xcassets --compile /Users/runner/Library/Developer/Xcode/DerivedData/Familienplaner-dmcrrzfthkjbwogvslwbznxtcpok/Build/Products/Debug-iphonesimulator/Familienplaner.app --output-format human-readable-text --notices --warnings --export-dependency-info /Users/runner/Library/Developer/Xcode/DerivedData/Familienplaner-dmcrrzfthkjbwogvslwbznxtcpok/Build/Intermediates.noindex/Familienplaner.build/Debug-iphonesimulator/Familienplaner.build/assetcatalog_dependencies --output-partial-info-plist /Users/runner/Library/Developer/Xcode/DerivedData/Familienplaner-dmcrrzfthkjbwogvslwbznxtcpok/Build/Intermediates.noindex/Familienplaner.build/Debug-iphonesimulator/Familienplaner.build/assetcatalog_generated_info.plist --app-icon AppIcon --compress-pngs --enable-on-demand-resources YES --development-region en --target-device iphone --target-device ipad --minimum-deployment-target 26.0 --platform iphonesimulator --bundle-identifier de.barg.familienplaner --generate-swift-asset-symbol-extensions NO --generate-swift-asset-symbols /Users/runner/Library/Developer/Xcode/DerivedData/Familienplaner-dmcrrzfthkjbwogvslwbznxtcpok/Build/Intermediates.noindex/Familienplaner.build/Debug-iphonesimulator/Familienplaner.build/DerivedSources/GeneratedAssetSymbols.swift --generate-objc-asset-symbols /Users/runner/Library/Developer/Xcode/DerivedData/Familienplaner-dmcrrzfthkjbwogvslwbznxtcpok/Build/Intermediates.noindex/Familienplaner.build/Debug-iphonesimulator/Familienplaner.build/DerivedSources/GeneratedAssetSymbols.h --generate-asset-symbol-index /Users/runner/Library/Developer/Xcode/DerivedData/Familienplaner-dmcrrzfthkjbwogvslwbznxtcpok/Build/Intermediates.noindex/Familienplaner.build/Debug-iphonesimulator/Familienplaner.build/DerivedSources/GeneratedAssetSymbols-Index.plist
/* com.apple.actool.compilation-results */
/Users/runner/Library/Developer/Xcode/DerivedData/Familienplaner-dmcrrzfthkjbwogvslwbznxtcpok/Build/Intermediates.noindex/Familienplaner.build/Debug-iphonesimulator/Familienplaner.build/DerivedSources/GeneratedAssetSymbols-Index.plist
/Users/runner/Library/Developer/Xcode/DerivedData/Familienplaner-dmcrrzfthkjbwogvslwbznxtcpok/Build/Intermediates.noindex/Familienplaner.build/Debug-iphonesimulator/Familienplaner.build/DerivedSources/GeneratedAssetSymbols.h
/Users/runner/Library/Developer/Xcode/DerivedData/Familienplaner-dmcrrzfthkjbwogvslwbznxtcpok/Build/Intermediates.noindex/Familienplaner.build/Debug-iphonesimulator/Familienplaner.build/DerivedSources/GeneratedAssetSymbols.swift


DataModelCompile /Users/runner/Library/Developer/Xcode/DerivedData/Familienplaner-dmcrrzfthkjbwogvslwbznxtcpok/Build/Products/Debug-iphonesimulator/Familienplaner.app/ /Users/runner/work/familienplaner/familienplaner/Sources/Persistence/Familienplaner.xcdatamodeld (in target 'Familienplaner' from project 'Familienplaner')
    cd /Users/runner/work/familienplaner/familienplaner
    /Applications/Xcode_26.6.app/Contents/Developer/usr/bin/momc --sdkroot /Applications/Xcode_26.6.app/Contents/Developer/Platforms/iPhoneSimulator.platform/Developer/SDKs/iPhoneSimulator26.5.sdk --iphonesimulator-deployment-target 26.0 --module Familienplaner /Users/runner/work/familienplaner/familienplaner/Sources/Persistence/Familienplaner.xcdatamodeld /Users/runner/Library/Developer/Xcode/DerivedData/Familienplaner-dmcrrzfthkjbwogvslwbznxtcpok/Build/Products/Debug-iphonesimulator/Familienplaner.app/
Familienplaner 2.xcdatamodel: note: Model Familienplaner 2 version checksum: ke/0xscLaqibj5+OJOmTfLMdl5SnySywvM6ZkO304+I=
Familienplaner.xcdatamodel: note: Model Familienplaner version checksum: lB0K8a7XK4RDMSxxxnB9iny6g7rs24av7RNm8kou/gA=

DataModelCodegen /Users/runner/work/familienplaner/familienplaner/Sources/Persistence/Familienplaner.xcdatamodeld (in target 'Familienplaner' from project 'Familienplaner')
    cd /Users/runner/work/familienplaner/familienplaner
    /Applications/Xcode_26.6.app/Contents/Developer/usr/bin/momc --action generate --swift-version 5.0 --sdkroot /Applications/Xcode_26.6.app/Contents/Developer/Platforms/iPhoneSimulator.platform/Developer/SDKs/iPhoneSimulator26.5.sdk --iphonesimulator-deployment-target 26.0 --module Familienplaner /Users/runner/work/familienplaner/familienplaner/Sources/Persistence/Familienplaner.xcdatamodeld /Users/runner/Library/Developer/Xcode/DerivedData/Familienplaner-dmcrrzfthkjbwogvslwbznxtcpok/Build/Intermediates.noindex/Familienplaner.build/Debug-iphonesimulator/Familienplaner.build/DerivedSources/CoreDataGenerated/Familienplaner

SwiftDriverJobDiscovery normal x86_64 Compiling FamilienplanerWatchApp.swift, SharedInbox.swift, WatchContentView.swift (in target 'FamilienplanerWatch' from project 'Familienplaner')

SwiftDriverJobDiscovery normal x86_64 Compiling WatchSnapshot.swift, WatchStore.swift (in target 'FamilienplanerWatch' from project 'Familienplaner')

CompileAssetCatalogVariant thinned /Users/runner/Library/Developer/Xcode/DerivedData/Familienplaner-dmcrrzfthkjbwogvslwbznxtcpok/Build/Products/Debug-iphonesimulator/Familienplaner.app /Users/runner/work/familienplaner/familienplaner/Assets/Assets.xcassets (in target 'Familienplaner' from project 'Familienplaner')
    cd /Users/runner/work/familienplaner/familienplaner
    /Applications/Xcode_26.6.app/Contents/Developer/usr/bin/actool /Users/runner/work/familienplaner/familienplaner/Assets/Assets.xcassets --compile /Users/runner/Library/Developer/Xcode/DerivedData/Familienplaner-dmcrrzfthkjbwogvslwbznxtcpok/Build/Intermediates.noindex/Familienplaner.build/Debug-iphonesimulator/Familienplaner.build/assetcatalog_output/thinned --output-format human-readable-text --notices --warnings --export-dependency-info /Users/runner/Library/Developer/Xcode/DerivedData/Familienplaner-dmcrrzfthkjbwogvslwbznxtcpok/Build/Intermediates.noindex/Familienplaner.build/Debug-iphonesimulator/Familienplaner.build/assetcatalog_dependencies_thinned --output-partial-info-plist /Users/runner/Library/Developer/Xcode/DerivedData/Familienplaner-dmcrrzfthkjbwogvslwbznxtcpok/Build/Intermediates.noindex/Familienplaner.build/Debug-iphonesimulator/Familienplaner.build/assetcatalog_generated_info.plist_thinned --app-icon AppIcon --compress-pngs --enable-on-demand-resources YES --filter-for-thinning-device-configuration iPhone18,1 --filter-for-device-os-version 26.2 --development-region en --target-device iphone --target-device ipad --minimum-deployment-target 26.0 --platform iphonesimulator
/* com.apple.actool.compilation-results */
/Users/runner/Library/Developer/Xcode/DerivedData/Familienplaner-dmcrrzfthkjbwogvslwbznxtcpok/Build/Intermediates.noindex/Familienplaner.build/Debug-iphonesimulator/Familienplaner.build/assetcatalog_generated_info.plist_thinned
/Users/runner/Library/Developer/Xcode/DerivedData/Familienplaner-dmcrrzfthkjbwogvslwbznxtcpok/Build/Intermediates.noindex/Familienplaner.build/Debug-iphonesimulator/Familienplaner.build/assetcatalog_output/thinned/AppIcon60x60@2x.png
/Users/runner/Library/Developer/Xcode/DerivedData/Familienplaner-dmcrrzfthkjbwogvslwbznxtcpok/Build/Intermediates.noindex/Familienplaner.build/Debug-iphonesimulator/Familienplaner.build/assetcatalog_output/thinned/AppIcon76x76@2x~ipad.png
/Users/runner/Library/Developer/Xcode/DerivedData/Familienplaner-dmcrrzfthkjbwogvslwbznxtcpok/Build/Intermediates.noindex/Familienplaner.build/Debug-iphonesimulator/Familienplaner.build/assetcatalog_output/thinned/Assets.car


SwiftDriver\ Compilation FamilienplanerWatch normal x86_64 com.apple.xcode.tools.swift.compiler (in target 'FamilienplanerWatch' from project 'Familienplaner')
    cd /Users/runner/work/familienplaner/familienplaner
    builtin-Swift-Compilation -- /Applications/Xcode_26.6.app/Contents/Developer/Toolchains/XcodeDefault.xctoolchain/usr/bin/swiftc -module-name FamilienplanerWatch -Onone @/Users/runner/Library/Developer/Xcode/DerivedData/Familienplaner-dmcrrzfthkjbwogvslwbznxtcpok/Build/Intermediates.noindex/Familienplaner.build/Debug-watchsimulator/FamilienplanerWatch.build/Objects-normal/x86_64/FamilienplanerWatch.SwiftFileList -DDEBUG -enable-bare-slash-regex -enable-experimental-feature DebugDescriptionMacro -sdk /Applications/Xcode_26.6.app/Contents/Developer/Platforms/WatchSimulator.platform/Developer/SDKs/WatchSimulator26.5.sdk -target x86_64-apple-watchos26.0-simulator -g -module-cache-path /Users/runner/Library/Developer/Xcode/DerivedData/ModuleCache.noindex -Xfrontend -serialize-debugging-options -profile-coverage-mapping -profile-generate -enable-testing -index-store-path /Users/runner/Library/Developer/Xcode/DerivedData/Familienplaner-dmcrrzfthkjbwogvslwbznxtcpok/Index.noindex/DataStore -Xcc -D_LIBCPP_HARDENING_MODE\=_LIBCPP_HARDENING_MODE_DEBUG -swift-version 5 -I /Users/runner/Library/Developer/Xcode/DerivedData/Familienplaner-dmcrrzfthkjbwogvslwbznxtcpok/Build/Products/Debug-watchsimulator -F /Users/runner/Library/Developer/Xcode/DerivedData/Familienplaner-dmcrrzfthkjbwogvslwbznxtcpok/Build/Products/Debug-watchsimulator -c -j3 -enable-batch-mode -incremental -Xcc -ivfsstatcache -Xcc /Users/runner/Library/Developer/Xcode/DerivedData/SDKStatCaches.noindex/watchsimulator26.5-23T570-688ef53f1462e2c8f657fdc38a81448f4ff5b3021fd2b02f145790f94936b2db.sdkstatcache -output-file-map /Users/runner/Library/Developer/Xcode/DerivedData/Familienplaner-dmcrrzfthkjbwogvslwbznxtcpok/Build/Intermediates.noindex/Familienplaner.build/Debug-watchsimulator/FamilienplanerWatch.build/Objects-normal/x86_64/FamilienplanerWatch-OutputFileMap.json -use-frontend-parseable-output -save-temps -no-color-diagnostics -explicit-module-build -module-cache-path /Users/runner/Library/Developer/Xcode/DerivedData/Familienplaner-dmcrrzfthkjbwogvslwbznxtcpok/Build/Intermediates.noindex/SwiftExplicitPrecompiledModules -clang-scanner-module-cache-path /Users/runner/Library/Developer/Xcode/DerivedData/ModuleCache.noindex -sdk-module-cache-path /Users/runner/Library/Developer/Xcode/DerivedData/ModuleCache.noindex -serialize-diagnostics -emit-dependencies -emit-module -emit-module-path /Users/runner/Library/Developer/Xcode/DerivedData/Familienplaner-dmcrrzfthkjbwogvslwbznxtcpok/Build/Intermediates.noindex/Familienplaner.build/Debug-watchsimulator/FamilienplanerWatch.build/Objects-normal/x86_64/FamilienplanerWatch.swiftmodule -validate-clang-modules-once -clang-build-session-file /Users/runner/Library/Developer/Xcode/DerivedData/ModuleCache.noindex/Session.modulevalidation -Xcc -I/Users/runner/Library/Developer/Xcode/DerivedData/Familienplaner-dmcrrzfthkjbwogvslwbznxtcpok/Build/Intermediates.noindex/Familienplaner.build/Debug-watchsimulator/FamilienplanerWatch.build/swift-overrides.hmap -emit-const-values -Xfrontend -const-gather-protocols-file -Xfrontend /Users/runner/Library/Developer/Xcode/DerivedData/Familienplaner-dmcrrzfthkjbwogvslwbznxtcpok/Build/Intermediates.noindex/Familienplaner.build/Debug-watchsimulator/FamilienplanerWatch.build/Objects-normal/x86_64/FamilienplanerWatch_const_extract_protocols.json -Xcc -iquote -Xcc /Users/runner/Library/Developer/Xcode/DerivedData/Familienplaner-dmcrrzfthkjbwogvslwbznxtcpok/Build/Intermediates.noindex/Familienplaner.build/Debug-watchsimulator/FamilienplanerWatch.build/FamilienplanerWatch-generated-files.hmap -Xcc -I/Users/runner/Library/Developer/Xcode/DerivedData/Familienplaner-dmcrrzfthkjbwogvslwbznxtcpok/Build/Intermediates.noindex/Familienplaner.build/Debug-watchsimulator/FamilienplanerWatch.build/FamilienplanerWatch-own-target-headers.hmap -Xcc -I/Users/runner/Library/Developer/Xcode/DerivedData/Familienplaner-dmcrrzfthkjbwogvslwbznxtcpok/Build/Intermediates.noindex/Familienplaner.build/Debug-watchsimulator/FamilienplanerWatch.build/FamilienplanerWatch-all-target-headers.hmap -Xcc -iquote -Xcc /Users/runner/Library/Developer/Xcode/DerivedData/Familienplaner-dmcrrzfthkjbwogvslwbznxtcpok/Build/Intermediates.noindex/Familienplaner.build/Debug-watchsimulator/FamilienplanerWatch.build/FamilienplanerWatch-project-headers.hmap -Xcc -I/Users/runner/Library/Developer/Xcode/DerivedData/Familienplaner-dmcrrzfthkjbwogvslwbznxtcpok/Build/Products/Debug-watchsimulator/include -Xcc -I/Users/runner/Library/Developer/Xcode/DerivedData/Familienplaner-dmcrrzfthkjbwogvslwbznxtcpok/Build/Intermediates.noindex/Familienplaner.build/Debug-watchsimulator/FamilienplanerWatch.build/DerivedSources-normal/x86_64 -Xcc -I/Users/runner/Library/Developer/Xcode/DerivedData/Familienplaner-dmcrrzfthkjbwogvslwbznxtcpok/Build/Intermediates.noindex/Familienplaner.build/Debug-watchsimulator/FamilienplanerWatch.build/DerivedSources/x86_64 -Xcc -I/Users/runner/Library/Developer/Xcode/DerivedData/Familienplaner-dmcrrzfthkjbwogvslwbznxtcpok/Build/Intermediates.noindex/Familienplaner.build/Debug-watchsimulator/FamilienplanerWatch.build/DerivedSources -Xcc -DDEBUG\=1 -emit-objc-header -emit-objc-header-path /Users/runner/Library/Developer/Xcode/DerivedData/Familienplaner-dmcrrzfthkjbwogvslwbznxtcpok/Build/Intermediates.noindex/Familienplaner.build/Debug-watchsimulator/FamilienplanerWatch.build/Objects-normal/x86_64/FamilienplanerWatch-Swift.h -working-directory /Users/runner/work/familienplaner/familienplaner -experimental-emit-module-separately -disable-cmo

Ld /Users/runner/Library/Developer/Xcode/DerivedData/Familienplaner-dmcrrzfthkjbwogvslwbznxtcpok/Build/Intermediates.noindex/Familienplaner.build/Debug-watchsimulator/FamilienplanerWatch.build/Objects-normal/x86_64/Binary/FamilienplanerWatch.debug.dylib normal x86_64 (in target 'FamilienplanerWatch' from project 'Familienplaner')
    cd /Users/runner/work/familienplaner/familienplaner
    /Applications/Xcode_26.6.app/Contents/Developer/Toolchains/XcodeDefault.xctoolchain/usr/bin/clang -Xlinker -reproducible -target x86_64-apple-watchos26.0-simulator -dynamiclib -isysroot /Applications/Xcode_26.6.app/Contents/Developer/Platforms/WatchSimulator.platform/Developer/SDKs/WatchSimulator26.5.sdk -O0 -L/Users/runner/Library/Developer/Xcode/DerivedData/Familienplaner-dmcrrzfthkjbwogvslwbznxtcpok/Build/Intermediates.noindex/EagerLinkingTBDs/Debug-watchsimulator -L/Users/runner/Library/Developer/Xcode/DerivedData/Familienplaner-dmcrrzfthkjbwogvslwbznxtcpok/Build/Products/Debug-watchsimulator -F/Users/runner/Library/Developer/Xcode/DerivedData/Familienplaner-dmcrrzfthkjbwogvslwbznxtcpok/Build/Intermediates.noindex/EagerLinkingTBDs/Debug-watchsimulator -F/Users/runner/Library/Developer/Xcode/DerivedData/Familienplaner-dmcrrzfthkjbwogvslwbznxtcpok/Build/Products/Debug-watchsimulator -filelist /Users/runner/Library/Developer/Xcode/DerivedData/Familienplaner-dmcrrzfthkjbwogvslwbznxtcpok/Build/Intermediates.noindex/Familienplaner.build/Debug-watchsimulator/FamilienplanerWatch.build/Objects-normal/x86_64/FamilienplanerWatch.LinkFileList -install_name @rpath/FamilienplanerWatch.debug.dylib -Xlinker -dead_strip -Xlinker -object_path_lto -Xlinker /Users/runner/Library/Developer/Xcode/DerivedData/Familienplaner-dmcrrzfthkjbwogvslwbznxtcpok/Build/Intermediates.noindex/Familienplaner.build/Debug-watchsimulator/FamilienplanerWatch.build/Objects-normal/x86_64/FamilienplanerWatch_lto.o -rdynamic -Xlinker -no_deduplicate -Xlinker -objc_abi_version -Xlinker 2 -Xlinker -debug_variant -Xlinker -dependency_info -Xlinker /Users/runner/Library/Developer/Xcode/DerivedData/Familienplaner-dmcrrzfthkjbwogvslwbznxtcpok/Build/Intermediates.noindex/Familienplaner.build/Debug-watchsimulator/FamilienplanerWatch.build/Objects-normal/x86_64/FamilienplanerWatch_dependency_info.dat -fobjc-link-runtime -fprofile-instr-generate -L/Applications/Xcode_26.6.app/Contents/Developer/Toolchains/XcodeDefault.xctoolchain/usr/lib/swift/watchsimulator -L/usr/lib/swift -Xlinker -add_ast_path -Xlinker /Users/runner/Library/Developer/Xcode/DerivedData/Familienplaner-dmcrrzfthkjbwogvslwbznxtcpok/Build/Intermediates.noindex/Familienplaner.build/Debug-watchsimulator/FamilienplanerWatch.build/Objects-normal/x86_64/FamilienplanerWatch.swiftmodule @/Users/runner/Library/Developer/Xcode/DerivedData/Familienplaner-dmcrrzfthkjbwogvslwbznxtcpok/Build/Intermediates.noindex/Familienplaner.build/Debug-watchsimulator/FamilienplanerWatch.build/Objects-normal/x86_64/FamilienplanerWatch-linker-args.resp -Xlinker -alias -Xlinker _main -Xlinker ___debug_main_executable_dylib_entry_point -o /Users/runner/Library/Developer/Xcode/DerivedData/Familienplaner-dmcrrzfthkjbwogvslwbznxtcpok/Build/Intermediates.noindex/Familienplaner.build/Debug-watchsimulator/FamilienplanerWatch.build/Objects-normal/x86_64/Binary/FamilienplanerWatch.debug.dylib

SwiftDriver Familienplaner normal arm64 com.apple.xcode.tools.swift.compiler (in target 'Familienplaner' from project 'Familienplaner')
    cd /Users/runner/work/familienplaner/familienplaner
    builtin-SwiftDriver -- /Applications/Xcode_26.6.app/Contents/Developer/Toolchains/XcodeDefault.xctoolchain/usr/bin/swiftc -module-name Familienplaner -Onone @/Users/runner/Library/Developer/Xcode/DerivedData/Familienplaner-dmcrrzfthkjbwogvslwbznxtcpok/Build/Intermediates.noindex/Familienplaner.build/Debug-iphonesimulator/Familienplaner.build/Objects-normal/arm64/Familienplaner.SwiftFileList -DDEBUG -enable-bare-slash-regex -enable-experimental-feature DebugDescriptionMacro -sdk /Applications/Xcode_26.6.app/Contents/Developer/Platforms/iPhoneSimulator.platform/Developer/SDKs/iPhoneSimulator26.5.sdk -target arm64-apple-ios26.0-simulator -g -module-cache-path /Users/runner/Library/Developer/Xcode/DerivedData/ModuleCache.noindex -Xfrontend -serialize-debugging-options -profile-coverage-mapping -profile-generate -enable-testing -index-store-path /Users/runner/Library/Developer/Xcode/DerivedData/Familienplaner-dmcrrzfthkjbwogvslwbznxtcpok/Index.noindex/DataStore -Xcc -D_LIBCPP_HARDENING_MODE\=_LIBCPP_HARDENING_MODE_DEBUG -swift-version 5 -I /Users/runner/Library/Developer/Xcode/DerivedData/Familienplaner-dmcrrzfthkjbwogvslwbznxtcpok/Build/Products/Debug-iphonesimulator -F /Users/runner/Library/Developer/Xcode/DerivedData/Familienplaner-dmcrrzfthkjbwogvslwbznxtcpok/Build/Products/Debug-iphonesimulator -c -j3 -enable-batch-mode -incremental -Xcc -ivfsstatcache -Xcc /Users/runner/Library/Developer/Xcode/DerivedData/SDKStatCaches.noindex/iphonesimulator26.5-23F81a-688ef53f1462e2c8f657fdc38a81448ff45c64a1807a658693f2a61704f17a36.sdkstatcache -output-file-map /Users/runner/Library/Developer/Xcode/DerivedData/Familienplaner-dmcrrzfthkjbwogvslwbznxtcpok/Build/Intermediates.noindex/Familienplaner.build/Debug-iphonesimulator/Familienplaner.build/Objects-normal/arm64/Familienplaner-OutputFileMap.json -use-frontend-parseable-output -save-temps -no-color-diagnostics -explicit-module-build -module-cache-path /Users/runner/Library/Developer/Xcode/DerivedData/Familienplaner-dmcrrzfthkjbwogvslwbznxtcpok/Build/Intermediates.noindex/SwiftExplicitPrecompiledModules -clang-scanner-module-cache-path /Users/runner/Library/Developer/Xcode/DerivedData/ModuleCache.noindex -sdk-module-cache-path /Users/runner/Library/Developer/Xcode/DerivedData/ModuleCache.noindex -serialize-diagnostics -emit-dependencies -emit-module -emit-module-path /Users/runner/Library/Developer/Xcode/DerivedData/Familienplaner-dmcrrzfthkjbwogvslwbznxtcpok/Build/Intermediates.noindex/Familienplaner.build/Debug-iphonesimulator/Familienplaner.build/Objects-normal/arm64/Familienplaner.swiftmodule -validate-clang-modules-once -clang-build-session-file /Users/runner/Library/Developer/Xcode/DerivedData/ModuleCache.noindex/Session.modulevalidation -Xcc -I/Users/runner/Library/Developer/Xcode/DerivedData/Familienplaner-dmcrrzfthkjbwogvslwbznxtcpok/Build/Intermediates.noindex/Familienplaner.build/Debug-iphonesimulator/Familienplaner.build/swift-overrides.hmap -emit-const-values -Xfrontend -const-gather-protocols-file -Xfrontend /Users/runner/Library/Developer/Xcode/DerivedData/Familienplaner-dmcrrzfthkjbwogvslwbznxtcpok/Build/Intermediates.noindex/Familienplaner.build/Debug-iphonesimulator/Familienplaner.build/Objects-normal/arm64/Familienplaner_const_extract_protocols.json -Xcc -iquote -Xcc /Users/runner/Library/Developer/Xcode/DerivedData/Familienplaner-dmcrrzfthkjbwogvslwbznxtcpok/Build/Intermediates.noindex/Familienplaner.build/Debug-iphonesimulator/Familienplaner.build/Familienplaner-generated-files.hmap -Xcc -I/Users/runner/Library/Developer/Xcode/DerivedData/Familienplaner-dmcrrzfthkjbwogvslwbznxtcpok/Build/Intermediates.noindex/Familienplaner.build/Debug-iphonesimulator/Familienplaner.build/Familienplaner-own-target-headers.hmap -Xcc -I/Users/runner/Library/Developer/Xcode/DerivedData/Familienplaner-dmcrrzfthkjbwogvslwbznxtcpok/Build/Intermediates.noindex/Familienplaner.build/Debug-iphonesimulator/Familienplaner.build/Familienplaner-all-target-headers.hmap -Xcc -iquote -Xcc /Users/runner/Library/Developer/Xcode/DerivedData/Familienplaner-dmcrrzfthkjbwogvslwbznxtcpok/Build/Intermediates.noindex/Familienplaner.build/Debug-iphonesimulator/Familienplaner.build/Familienplaner-project-headers.hmap -Xcc -I/Users/runner/Library/Developer/Xcode/DerivedData/Familienplaner-dmcrrzfthkjbwogvslwbznxtcpok/Build/Products/Debug-iphonesimulator/include -Xcc -I/Users/runner/Library/Developer/Xcode/DerivedData/Familienplaner-dmcrrzfthkjbwogvslwbznxtcpok/Build/Intermediates.noindex/Familienplaner.build/Debug-iphonesimulator/Familienplaner.build/DerivedSources-normal/arm64 -Xcc -I/Users/runner/Library/Developer/Xcode/DerivedData/Familienplaner-dmcrrzfthkjbwogvslwbznxtcpok/Build/Intermediates.noindex/Familienplaner.build/Debug-iphonesimulator/Familienplaner.build/DerivedSources/arm64 -Xcc -I/Users/runner/Library/Developer/Xcode/DerivedData/Familienplaner-dmcrrzfthkjbwogvslwbznxtcpok/Build/Intermediates.noindex/Familienplaner.build/Debug-iphonesimulator/Familienplaner.build/DerivedSources -Xcc -DDEBUG\=1 -emit-objc-header -emit-objc-header-path /Users/runner/Library/Developer/Xcode/DerivedData/Familienplaner-dmcrrzfthkjbwogvslwbznxtcpok/Build/Intermediates.noindex/Familienplaner.build/Debug-iphonesimulator/Familienplaner.build/Objects-normal/arm64/Familienplaner-Swift.h -working-directory /Users/runner/work/familienplaner/familienplaner -experimental-emit-module-separately -disable-cmo

CreateUniversalBinary /Users/runner/Library/Developer/Xcode/DerivedData/Familienplaner-dmcrrzfthkjbwogvslwbznxtcpok/Build/Products/Debug-watchsimulator/FamilienplanerWatch.app/FamilienplanerWatch.debug.dylib normal arm64\ x86_64 (in target 'FamilienplanerWatch' from project 'Familienplaner')
    cd /Users/runner/work/familienplaner/familienplaner
    /Applications/Xcode_26.6.app/Contents/Developer/Toolchains/XcodeDefault.xctoolchain/usr/bin/lipo -create /Users/runner/Library/Developer/Xcode/DerivedData/Familienplaner-dmcrrzfthkjbwogvslwbznxtcpok/Build/Intermediates.noindex/Familienplaner.build/Debug-watchsimulator/FamilienplanerWatch.build/Objects-normal/arm64/Binary/FamilienplanerWatch.debug.dylib /Users/runner/Library/Developer/Xcode/DerivedData/Familienplaner-dmcrrzfthkjbwogvslwbznxtcpok/Build/Intermediates.noindex/Familienplaner.build/Debug-watchsimulator/FamilienplanerWatch.build/Objects-normal/x86_64/Binary/FamilienplanerWatch.debug.dylib -output /Users/runner/Library/Developer/Xcode/DerivedData/Familienplaner-dmcrrzfthkjbwogvslwbznxtcpok/Build/Products/Debug-watchsimulator/FamilienplanerWatch.app/FamilienplanerWatch.debug.dylib

ConstructStubExecutorLinkFileList /Users/runner/Library/Developer/Xcode/DerivedData/Familienplaner-dmcrrzfthkjbwogvslwbznxtcpok/Build/Intermediates.noindex/Familienplaner.build/Debug-watchsimulator/FamilienplanerWatch.build/FamilienplanerWatch-ExecutorLinkFileList-normal-x86_64.txt (in target 'FamilienplanerWatch' from project 'Familienplaner')
    cd /Users/runner/work/familienplaner/familienplaner
    construct-stub-executor-link-file-list /Users/runner/Library/Developer/Xcode/DerivedData/Familienplaner-dmcrrzfthkjbwogvslwbznxtcpok/Build/Intermediates.noindex/Familienplaner.build/Debug-watchsimulator/FamilienplanerWatch.build/Objects-normal/x86_64/Binary/FamilienplanerWatch.debug.dylib /Applications/Xcode_26.6.app/Contents/Developer/Platforms/WatchSimulator.platform/Developer/usr/lib/libPreviewsJITStubExecutor_no_swift_entry_point.a /Applications/Xcode_26.6.app/Contents/Developer/Platforms/WatchSimulator.platform/Developer/usr/lib/libPreviewsJITStubExecutor.a --output /Users/runner/Library/Developer/Xcode/DerivedData/Familienplaner-dmcrrzfthkjbwogvslwbznxtcpok/Build/Intermediates.noindex/Familienplaner.build/Debug-watchsimulator/FamilienplanerWatch.build/FamilienplanerWatch-ExecutorLinkFileList-normal-x86_64.txt
note: Using stub executor library with Swift entry point. (in target 'FamilienplanerWatch' from project 'Familienplaner')

Ld /Users/runner/Library/Developer/Xcode/DerivedData/Familienplaner-dmcrrzfthkjbwogvslwbznxtcpok/Build/Intermediates.noindex/Familienplaner.build/Debug-watchsimulator/FamilienplanerWatch.build/Objects-normal/x86_64/Binary/FamilienplanerWatch normal x86_64 (in target 'FamilienplanerWatch' from project 'Familienplaner')
    cd /Users/runner/work/familienplaner/familienplaner
    /Applications/Xcode_26.6.app/Contents/Developer/Toolchains/XcodeDefault.xctoolchain/usr/bin/clang -Xlinker -reproducible -target x86_64-apple-watchos26.0-simulator -isysroot /Applications/Xcode_26.6.app/Contents/Developer/Platforms/WatchSimulator.platform/Developer/SDKs/WatchSimulator26.5.sdk -O0 -L/Users/runner/Library/Developer/Xcode/DerivedData/Familienplaner-dmcrrzfthkjbwogvslwbznxtcpok/Build/Products/Debug-watchsimulator -F/Users/runner/Library/Developer/Xcode/DerivedData/Familienplaner-dmcrrzfthkjbwogvslwbznxtcpok/Build/Products/Debug-watchsimulator -Xlinker -rpath -Xlinker @executable_path -rdynamic -Xlinker -no_deduplicate -Xlinker -objc_abi_version -Xlinker 2 -Xlinker -debug_variant -e ___debug_blank_executor_main -Xlinker -sectcreate -Xlinker __TEXT -Xlinker __debug_dylib -Xlinker /Users/runner/Library/Developer/Xcode/DerivedData/Familienplaner-dmcrrzfthkjbwogvslwbznxtcpok/Build/Intermediates.noindex/Familienplaner.build/Debug-watchsimulator/FamilienplanerWatch.build/FamilienplanerWatch-DebugDylibPath-normal-x86_64.txt -Xlinker -sectcreate -Xlinker __TEXT -Xlinker __debug_instlnm -Xlinker /Users/runner/Library/Developer/Xcode/DerivedData/Familienplaner-dmcrrzfthkjbwogvslwbznxtcpok/Build/Intermediates.noindex/Familienplaner.build/Debug-watchsimulator/FamilienplanerWatch.build/FamilienplanerWatch-DebugDylibInstallName-normal-x86_64.txt -Xlinker -filelist -Xlinker /Users/runner/Library/Developer/Xcode/DerivedData/Familienplaner-dmcrrzfthkjbwogvslwbznxtcpok/Build/Intermediates.noindex/Familienplaner.build/Debug-watchsimulator/FamilienplanerWatch.build/FamilienplanerWatch-ExecutorLinkFileList-normal-x86_64.txt /Users/runner/Library/Developer/Xcode/DerivedData/Familienplaner-dmcrrzfthkjbwogvslwbznxtcpok/Build/Intermediates.noindex/Familienplaner.build/Debug-watchsimulator/FamilienplanerWatch.build/Objects-normal/x86_64/Binary/FamilienplanerWatch.debug.dylib -o /Users/runner/Library/Developer/Xcode/DerivedData/Familienplaner-dmcrrzfthkjbwogvslwbznxtcpok/Build/Intermediates.noindex/Familienplaner.build/Debug-watchsimulator/FamilienplanerWatch.build/Objects-normal/x86_64/Binary/FamilienplanerWatch

CreateUniversalBinary /Users/runner/Library/Developer/Xcode/DerivedData/Familienplaner-dmcrrzfthkjbwogvslwbznxtcpok/Build/Products/Debug-watchsimulator/FamilienplanerWatch.app/FamilienplanerWatch normal arm64\ x86_64 (in target 'FamilienplanerWatch' from project 'Familienplaner')
    cd /Users/runner/work/familienplaner/familienplaner
    /Applications/Xcode_26.6.app/Contents/Developer/Toolchains/XcodeDefault.xctoolchain/usr/bin/lipo -create /Users/runner/Library/Developer/Xcode/DerivedData/Familienplaner-dmcrrzfthkjbwogvslwbznxtcpok/Build/Intermediates.noindex/Familienplaner.build/Debug-watchsimulator/FamilienplanerWatch.build/Objects-normal/arm64/Binary/FamilienplanerWatch /Users/runner/Library/Developer/Xcode/DerivedData/Familienplaner-dmcrrzfthkjbwogvslwbznxtcpok/Build/Intermediates.noindex/Familienplaner.build/Debug-watchsimulator/FamilienplanerWatch.build/Objects-normal/x86_64/Binary/FamilienplanerWatch -output /Users/runner/Library/Developer/Xcode/DerivedData/Familienplaner-dmcrrzfthkjbwogvslwbznxtcpok/Build/Products/Debug-watchsimulator/FamilienplanerWatch.app/FamilienplanerWatch

Copy /Users/runner/Library/Developer/Xcode/DerivedData/Familienplaner-dmcrrzfthkjbwogvslwbznxtcpok/Build/Products/Debug-watchsimulator/FamilienplanerWatch.app/PlugIns/FamilienplanerWatchWidgets.appex /Users/runner/Library/Developer/Xcode/DerivedData/Familienplaner-dmcrrzfthkjbwogvslwbznxtcpok/Build/Products/Debug-watchsimulator/FamilienplanerWatchWidgets.appex (in target 'FamilienplanerWatch' from project 'Familienplaner')
    cd /Users/runner/work/familienplaner/familienplaner
    builtin-copy -exclude .DS_Store -exclude CVS -exclude .svn -exclude .git -exclude .hg -exclude Headers -exclude PrivateHeaders -exclude Modules -exclude \*.tbd -resolve-src-symlinks -remove-static-executable /Users/runner/Library/Developer/Xcode/DerivedData/Familienplaner-dmcrrzfthkjbwogvslwbznxtcpok/Build/Products/Debug-watchsimulator/FamilienplanerWatchWidgets.appex /Users/runner/Library/Developer/Xcode/DerivedData/Familienplaner-dmcrrzfthkjbwogvslwbznxtcpok/Build/Products/Debug-watchsimulator/FamilienplanerWatch.app/PlugIns

ProcessInfoPlistFile /Users/runner/Library/Developer/Xcode/DerivedData/Familienplaner-dmcrrzfthkjbwogvslwbznxtcpok/Build/Products/Debug-watchsimulator/FamilienplanerWatch.app/Info.plist /Users/runner/work/familienplaner/familienplaner/Watch/Info.plist (in target 'FamilienplanerWatch' from project 'Familienplaner')
    cd /Users/runner/work/familienplaner/familienplaner
    builtin-infoPlistUtility /Users/runner/work/familienplaner/familienplaner/Watch/Info.plist -producttype com.apple.product-type.application -genpkginfo /Users/runner/Library/Developer/Xcode/DerivedData/Familienplaner-dmcrrzfthkjbwogvslwbznxtcpok/Build/Products/Debug-watchsimulator/FamilienplanerWatch.app/PkgInfo -expandbuildsettings -format binary -platform watchsimulator -additionalcontentfile /Users/runner/Library/Developer/Xcode/DerivedData/Familienplaner-dmcrrzfthkjbwogvslwbznxtcpok/Build/Intermediates.noindex/Familienplaner.build/Debug-watchsimulator/FamilienplanerWatch.build/assetcatalog_generated_info.plist -scanforprivacyfile /Users/runner/Library/Developer/Xcode/DerivedData/Familienplaner-dmcrrzfthkjbwogvslwbznxtcpok/Build/Products/Debug-watchsimulator/FamilienplanerWatch.app/PlugIns/FamilienplanerWatchWidgets.appex -o /Users/runner/Library/Developer/Xcode/DerivedData/Familienplaner-dmcrrzfthkjbwogvslwbznxtcpok/Build/Products/Debug-watchsimulator/FamilienplanerWatch.app/Info.plist

ValidateEmbeddedBinary /Users/runner/Library/Developer/Xcode/DerivedData/Familienplaner-dmcrrzfthkjbwogvslwbznxtcpok/Build/Products/Debug-watchsimulator/FamilienplanerWatch.app/PlugIns/FamilienplanerWatchWidgets.appex (in target 'FamilienplanerWatch' from project 'Familienplaner')
    cd /Users/runner/work/familienplaner/familienplaner
    /Applications/Xcode_26.6.app/Contents/Developer/usr/bin/embeddedBinaryValidationUtility /Users/runner/Library/Developer/Xcode/DerivedData/Familienplaner-dmcrrzfthkjbwogvslwbznxtcpok/Build/Products/Debug-watchsimulator/FamilienplanerWatch.app/PlugIns/FamilienplanerWatchWidgets.appex -info-plist-path /Users/runner/Library/Developer/Xcode/DerivedData/Familienplaner-dmcrrzfthkjbwogvslwbznxtcpok/Build/Products/Debug-watchsimulator/FamilienplanerWatch.app/Info.plist

ExtractAppIntentsMetadata (in target 'FamilienplanerWatch' from project 'Familienplaner')
    cd /Users/runner/work/familienplaner/familienplaner
    /Applications/Xcode_26.6.app/Contents/Developer/Toolchains/XcodeDefault.xctoolchain/usr/bin/appintentsmetadataprocessor --toolchain-dir /var/run/com.apple.security.cryptexd/mnt/com.apple.MobileAsset.MetalToolchain-v17.6.109.0.SwB2QA/Metal.xctoolchain --module-name FamilienplanerWatch --sdk-root /Applications/Xcode_26.6.app/Contents/Developer/Platforms/WatchSimulator.platform/Developer/SDKs/WatchSimulator26.5.sdk --xcode-version 17F113 --platform-family watchOS --deployment-target 26.0 --bundle-identifier de.barg.familienplaner.watchkitapp --output /Users/runner/Library/Developer/Xcode/DerivedData/Familienplaner-dmcrrzfthkjbwogvslwbznxtcpok/Build/Products/Debug-watchsimulator/FamilienplanerWatch.app --target-triple arm64-apple-watchos26.0-simulator --target-triple x86_64-apple-watchos26.0-simulator --binary-file /Users/runner/Library/Developer/Xcode/DerivedData/Familienplaner-dmcrrzfthkjbwogvslwbznxtcpok/Build/Products/Debug-watchsimulator/FamilienplanerWatch.app/FamilienplanerWatch --dependency-file /Users/runner/Library/Developer/Xcode/DerivedData/Familienplaner-dmcrrzfthkjbwogvslwbznxtcpok/Build/Intermediates.noindex/Familienplaner.build/Debug-watchsimulator/FamilienplanerWatch.build/Objects-normal/arm64/FamilienplanerWatch_dependency_info.dat --dependency-file /Users/runner/Library/Developer/Xcode/DerivedData/Familienplaner-dmcrrzfthkjbwogvslwbznxtcpok/Build/Intermediates.noindex/Familienplaner.build/Debug-watchsimulator/FamilienplanerWatch.build/Objects-normal/x86_64/FamilienplanerWatch_dependency_info.dat --stringsdata-file /Users/runner/Library/Developer/Xcode/DerivedData/Familienplaner-dmcrrzfthkjbwogvslwbznxtcpok/Build/Intermediates.noindex/Familienplaner.build/Debug-watchsimulator/FamilienplanerWatch.build/Objects-normal/arm64/ExtractedAppShortcutsMetadata.stringsdata --stringsdata-file /Users/runner/Library/Developer/Xcode/DerivedData/Familienplaner-dmcrrzfthkjbwogvslwbznxtcpok/Build/Intermediates.noindex/Familienplaner.build/Debug-watchsimulator/FamilienplanerWatch.build/Objects-normal/x86_64/ExtractedAppShortcutsMetadata.stringsdata --source-file-list /Users/runner/Library/Developer/Xcode/DerivedData/Familienplaner-dmcrrzfthkjbwogvslwbznxtcpok/Build/Intermediates.noindex/Familienplaner.build/Debug-watchsimulator/FamilienplanerWatch.build/Objects-normal/arm64/FamilienplanerWatch.SwiftFileList --source-file-list /Users/runner/Library/Developer/Xcode/DerivedData/Familienplaner-dmcrrzfthkjbwogvslwbznxtcpok/Build/Intermediates.noindex/Familienplaner.build/Debug-watchsimulator/FamilienplanerWatch.build/Objects-normal/x86_64/FamilienplanerWatch.SwiftFileList --metadata-file-list /Users/runner/Library/Developer/Xcode/DerivedData/Familienplaner-dmcrrzfthkjbwogvslwbznxtcpok/Build/Intermediates.noindex/Familienplaner.build/Debug-watchsimulator/FamilienplanerWatch.build/FamilienplanerWatch.DependencyMetadataFileList --static-metadata-file-list /Users/runner/Library/Developer/Xcode/DerivedData/Familienplaner-dmcrrzfthkjbwogvslwbznxtcpok/Build/Intermediates.noindex/Familienplaner.build/Debug-watchsimulator/FamilienplanerWatch.build/FamilienplanerWatch.DependencyStaticMetadataFileList --swift-const-vals-list /Users/runner/Library/Developer/Xcode/DerivedData/Familienplaner-dmcrrzfthkjbwogvslwbznxtcpok/Build/Intermediates.noindex/Familienplaner.build/Debug-watchsimulator/FamilienplanerWatch.build/Objects-normal/arm64/FamilienplanerWatch.SwiftConstValuesFileList --swift-const-vals-list /Users/runner/Library/Developer/Xcode/DerivedData/Familienplaner-dmcrrzfthkjbwogvslwbznxtcpok/Build/Intermediates.noindex/Familienplaner.build/Debug-watchsimulator/FamilienplanerWatch.build/Objects-normal/x86_64/FamilienplanerWatch.SwiftConstValuesFileList --compile-time-extraction --deployment-aware-processing --validate-assistant-intents --no-app-shortcuts-localization
2026-10-10 00:43:49.768 appintentsmetadataprocessor[3026:12424] Starting appintentsmetadataprocessor export
2026-10-10 00:43:49.788 appintentsmetadataprocessor[3026:12424] Extracted no relevant App Intents symbols, skipping writing output

CopySwiftLibs /Users/runner/Library/Developer/Xcode/DerivedData/Familienplaner-dmcrrzfthkjbwogvslwbznxtcpok/Build/Products/Debug-watchsimulator/FamilienplanerWatch.app (in target 'FamilienplanerWatch' from project 'Familienplaner')
    cd /Users/runner/work/familienplaner/familienplaner
    builtin-swiftStdLibTool --copy --verbose --scan-executable /Users/runner/Library/Developer/Xcode/DerivedData/Familienplaner-dmcrrzfthkjbwogvslwbznxtcpok/Build/Products/Debug-watchsimulator/FamilienplanerWatch.app/FamilienplanerWatch.debug.dylib --scan-folder /Users/runner/Library/Developer/Xcode/DerivedData/Familienplaner-dmcrrzfthkjbwogvslwbznxtcpok/Build/Products/Debug-watchsimulator/FamilienplanerWatch.app/Frameworks --scan-folder /Users/runner/Library/Developer/Xcode/DerivedData/Familienplaner-dmcrrzfthkjbwogvslwbznxtcpok/Build/Products/Debug-watchsimulator/FamilienplanerWatch.app/PlugIns --scan-folder /Users/runner/Library/Developer/Xcode/DerivedData/Familienplaner-dmcrrzfthkjbwogvslwbznxtcpok/Build/Products/Debug-watchsimulator/FamilienplanerWatch.app/SystemExtensions --scan-folder /Users/runner/Library/Developer/Xcode/DerivedData/Familienplaner-dmcrrzfthkjbwogvslwbznxtcpok/Build/Products/Debug-watchsimulator/FamilienplanerWatch.app/Extensions --platform watchsimulator --toolchain /var/run/com.apple.security.cryptexd/mnt/com.apple.MobileAsset.MetalToolchain-v17.6.109.0.SwB2QA/Metal.xctoolchain --toolchain /Applications/Xcode_26.6.app/Contents/Developer/Toolchains/XcodeDefault.xctoolchain --destination /Users/runner/Library/Developer/Xcode/DerivedData/Familienplaner-dmcrrzfthkjbwogvslwbznxtcpok/Build/Products/Debug-watchsimulator/FamilienplanerWatch.app/Frameworks --strip-bitcode --strip-bitcode-tool /Applications/Xcode_26.6.app/Contents/Developer/Toolchains/XcodeDefault.xctoolchain/usr/bin/bitcode_strip --emit-dependency-info /Users/runner/Library/Developer/Xcode/DerivedData/Familienplaner-dmcrrzfthkjbwogvslwbznxtcpok/Build/Intermediates.noindex/Familienplaner.build/Debug-watchsimulator/FamilienplanerWatch.build/SwiftStdLibToolInputDependencies.dep --filter-for-swift-os
Ignoring --strip-bitcode because --sign was not passed

SwiftExplicitDependencyGeneratePcm arm64 /Users/runner/Library/Developer/Xcode/DerivedData/ModuleCache.noindex/DeveloperToolsSupport-61KBSG06XH7JULTKC4JJAZYGU.pcm

SwiftExplicitDependencyGeneratePcm arm64 /Users/runner/Library/Developer/Xcode/DerivedData/ModuleCache.noindex/_Builtin_float-DRI87QHPGHDIV0UGRIVM1OVSM.pcm

SwiftExplicitDependencyGeneratePcm arm64 /Users/runner/Library/Developer/Xcode/DerivedData/ModuleCache.noindex/SwiftShims-25GF3K3ZWSIY4T115Z2UEBZRL.pcm

SwiftExplicitDependencyGeneratePcm arm64 /Users/runner/Library/Developer/Xcode/DerivedData/ModuleCache.noindex/_AvailabilityInternal-6DZPBQ1GDR5VQVTX2KC3CFZKH.pcm

SwiftExplicitDependencyGeneratePcm arm64 /Users/runner/Library/Developer/Xcode/DerivedData/ModuleCache.noindex/_SwiftConcurrencyShims-4KKVRAVQYQHYK78482W4R7Y0E.pcm

SwiftExplicitDependencyGeneratePcm arm64 /Users/runner/Library/Developer/Xcode/DerivedData/ModuleCache.noindex/_Builtin_stdarg-20TTVJBLLUY68CTJF1YJ48AZH.pcm

SwiftExplicitDependencyGeneratePcm arm64 /Users/runner/Library/Developer/Xcode/DerivedData/ModuleCache.noindex/_Builtin_stdbool-BXY040X58V8IZOC6WDNJXHXCV.pcm

SwiftExplicitDependencyGeneratePcm arm64 /Users/runner/Library/Developer/Xcode/DerivedData/ModuleCache.noindex/ptrauth-99KW7CKVZXSQOHY38O3KXSSTT.pcm

SwiftExplicitDependencyGeneratePcm arm64 /Users/runner/Library/Developer/Xcode/DerivedData/ModuleCache.noindex/ActivityKit-6F04RT12A84FHSROHAF925RY7.pcm

SwiftExplicitDependencyGeneratePcm arm64 /Users/runner/Library/Developer/Xcode/DerivedData/ModuleCache.noindex/ptrcheck-WAV18TPZUVHKV3LXIRAFLYN7.pcm

SwiftExplicitDependencyGeneratePcm arm64 /Users/runner/Library/Developer/Xcode/DerivedData/ModuleCache.noindex/_Builtin_stddef-DWO58UINTQGF5NN6EL74ARD99.pcm

SwiftExplicitDependencyGeneratePcm arm64 /Users/runner/Library/Developer/Xcode/DerivedData/ModuleCache.noindex/_DarwinFoundation1-ANGWZ3QPJMCIIRYDIFF6F0A2Q.pcm

RegisterExecutionPolicyException /Users/runner/Library/Developer/Xcode/DerivedData/Familienplaner-dmcrrzfthkjbwogvslwbznxtcpok/Build/Products/Debug-watchsimulator/FamilienplanerWatch.app (in target 'FamilienplanerWatch' from project 'Familienplaner')
    cd /Users/runner/work/familienplaner/familienplaner
    builtin-RegisterExecutionPolicyException /Users/runner/Library/Developer/Xcode/DerivedData/Familienplaner-dmcrrzfthkjbwogvslwbznxtcpok/Build/Products/Debug-watchsimulator/FamilienplanerWatch.app

Validate /Users/runner/Library/Developer/Xcode/DerivedData/Familienplaner-dmcrrzfthkjbwogvslwbznxtcpok/Build/Products/Debug-watchsimulator/FamilienplanerWatch.app (in target 'FamilienplanerWatch' from project 'Familienplaner')
    cd /Users/runner/work/familienplaner/familienplaner
    builtin-validationUtility /Users/runner/Library/Developer/Xcode/DerivedData/Familienplaner-dmcrrzfthkjbwogvslwbznxtcpok/Build/Products/Debug-watchsimulator/FamilienplanerWatch.app -shallow-bundle -infoplist-subpath Info.plist

Touch /Users/runner/Library/Developer/Xcode/DerivedData/Familienplaner-dmcrrzfthkjbwogvslwbznxtcpok/Build/Products/Debug-watchsimulator/FamilienplanerWatch.app (in target 'FamilienplanerWatch' from project 'Familienplaner')
    cd /Users/runner/work/familienplaner/familienplaner
    /usr/bin/touch -c /Users/runner/Library/Developer/Xcode/DerivedData/Familienplaner-dmcrrzfthkjbwogvslwbznxtcpok/Build/Products/Debug-watchsimulator/FamilienplanerWatch.app

Copy /Users/runner/Library/Developer/Xcode/DerivedData/Familienplaner-dmcrrzfthkjbwogvslwbznxtcpok/Build/Products/Debug-iphonesimulator/Familienplaner.app/Frameworks/libXCTestSwiftSupport.dylib /Applications/Xcode_26.6.app/Contents/Developer/Platforms/iPhoneSimulator.platform/Developer/usr/lib/libXCTestSwiftSupport.dylib (in target 'Familienplaner' from project 'Familienplaner')
    cd /Users/runner/work/familienplaner/familienplaner
    builtin-copy -exclude .DS_Store -exclude CVS -exclude .svn -exclude .git -exclude .hg -exclude Headers -exclude PrivateHeaders -exclude Modules -exclude \*.tbd -resolve-src-symlinks /Applications/Xcode_26.6.app/Contents/Developer/Platforms/iPhoneSimulator.platform/Developer/usr/lib/libXCTestSwiftSupport.dylib /Users/runner/Library/Developer/Xcode/DerivedData/Familienplaner-dmcrrzfthkjbwogvslwbznxtcpok/Build/Products/Debug-iphonesimulator/Familienplaner.app/Frameworks

Ld /Users/runner/Library/Developer/Xcode/DerivedData/Familienplaner-dmcrrzfthkjbwogvslwbznxtcpok/Build/Products/Debug-iphonesimulator/Familienplaner.app/__preview.dylib normal (in target 'Familienplaner' from project 'Familienplaner')
    cd /Users/runner/work/familienplaner/familienplaner
    /Applications/Xcode_26.6.app/Contents/Developer/Toolchains/XcodeDefault.xctoolchain/usr/bin/clang -Xlinker -reproducible -target arm64-apple-ios26.0-simulator -dynamiclib -isysroot /Applications/Xcode_26.6.app/Contents/Developer/Platforms/iPhoneSimulator.platform/Developer/SDKs/iPhoneSimulator26.5.sdk -O0 -L/Users/runner/Library/Developer/Xcode/DerivedData/Familienplaner-dmcrrzfthkjbwogvslwbznxtcpok/Build/Products/Debug-iphonesimulator -F/Users/runner/Library/Developer/Xcode/DerivedData/Familienplaner-dmcrrzfthkjbwogvslwbznxtcpok/Build/Products/Debug-iphonesimulator -install_name @rpath/Familienplaner.debug.dylib -Xlinker -dead_strip -rdynamic -Xlinker -no_deduplicate -Xlinker -objc_abi_version -Xlinker 2 -Xlinker -debug_variant -Xlinker -dependency_info -Xlinker /Users/runner/Library/Developer/Xcode/DerivedData/Familienplaner-dmcrrzfthkjbwogvslwbznxtcpok/Build/Intermediates.noindex/Familienplaner.build/Debug-iphonesimulator/Familienplaner.build/Objects-normal/arm64/Familienplaner_dependency_info.dat -o /Users/runner/Library/Developer/Xcode/DerivedData/Familienplaner-dmcrrzfthkjbwogvslwbznxtcpok/Build/Products/Debug-iphonesimulator/Familienplaner.app/__preview.dylib

Copy /Users/runner/Library/Developer/Xcode/DerivedData/Familienplaner-dmcrrzfthkjbwogvslwbznxtcpok/Build/Products/Debug-iphonesimulator/Familienplaner.app/Frameworks/libXCTestBundleInject.dylib /Applications/Xcode_26.6.app/Contents/Developer/Platforms/iPhoneSimulator.platform/Developer/usr/lib/libXCTestBundleInject.dylib (in target 'Familienplaner' from project 'Familienplaner')
    cd /Users/runner/work/familienplaner/familienplaner
    builtin-copy -exclude .DS_Store -exclude CVS -exclude .svn -exclude .git -exclude .hg -exclude Headers -exclude PrivateHeaders -exclude Modules -exclude \*.tbd -resolve-src-symlinks /Applications/Xcode_26.6.app/Contents/Developer/Platforms/iPhoneSimulator.platform/Developer/usr/lib/libXCTestBundleInject.dylib /Users/runner/Library/Developer/Xcode/DerivedData/Familienplaner-dmcrrzfthkjbwogvslwbznxtcpok/Build/Products/Debug-iphonesimulator/Familienplaner.app/Frameworks

SwiftExplicitDependencyGeneratePcm arm64 /Users/runner/Library/Developer/Xcode/DerivedData/ModuleCache.noindex/_Builtin_limits-AV62CHGU5T6PIMK4ZV6R4N1WH.pcm

SwiftExplicitDependencyGeneratePcm arm64 /Users/runner/Library/Developer/Xcode/DerivedData/ModuleCache.noindex/_DarwinFoundation2-30EAKIEMLPFIAZ2LNB2G4ILWF.pcm

SwiftExplicitDependencyGeneratePcm arm64 /Users/runner/Library/Developer/Xcode/DerivedData/ModuleCache.noindex/ExtensionFoundation-6628HWWV07UYCHL51SSUY6CVX.pcm

Copy /Users/runner/Library/Developer/Xcode/DerivedData/Familienplaner-dmcrrzfthkjbwogvslwbznxtcpok/Build/Products/Debug-iphonesimulator/Familienplaner.app/Frameworks/XCUnit.framework /Applications/Xcode_26.6.app/Contents/Developer/Platforms/iPhoneSimulator.platform/Developer/Library/PrivateFrameworks/XCUnit.framework (in target 'Familienplaner' from project 'Familienplaner')
    cd /Users/runner/work/familienplaner/familienplaner
    builtin-copy -exclude .DS_Store -exclude CVS -exclude .svn -exclude .git -exclude .hg -exclude Headers -exclude PrivateHeaders -exclude Modules -exclude \*.tbd -resolve-src-symlinks /Applications/Xcode_26.6.app/Contents/Developer/Platforms/iPhoneSimulator.platform/Developer/Library/PrivateFrameworks/XCUnit.framework /Users/runner/Library/Developer/Xcode/DerivedData/Familienplaner-dmcrrzfthkjbwogvslwbznxtcpok/Build/Products/Debug-iphonesimulator/Familienplaner.app/Frameworks

Copy /Users/runner/Library/Developer/Xcode/DerivedData/Familienplaner-dmcrrzfthkjbwogvslwbznxtcpok/Build/Products/Debug-iphonesimulator/Familienplaner.app/Frameworks/XCUIAutomation.framework /Applications/Xcode_26.6.app/Contents/Developer/Platforms/iPhoneSimulator.platform/Developer/Library/Frameworks/XCUIAutomation.framework (in target 'Familienplaner' from project 'Familienplaner')
    cd /Users/runner/work/familienplaner/familienplaner
    builtin-copy -exclude .DS_Store -exclude CVS -exclude .svn -exclude .git -exclude .hg -exclude Headers -exclude PrivateHeaders -exclude Modules -exclude \*.tbd -resolve-src-symlinks /Applications/Xcode_26.6.app/Contents/Developer/Platforms/iPhoneSimulator.platform/Developer/Library/Frameworks/XCUIAutomation.framework /Users/runner/Library/Developer/Xcode/DerivedData/Familienplaner-dmcrrzfthkjbwogvslwbznxtcpok/Build/Products/Debug-iphonesimulator/Familienplaner.app/Frameworks

Copy /Users/runner/Library/Developer/Xcode/DerivedData/Familienplaner-dmcrrzfthkjbwogvslwbznxtcpok/Build/Products/Debug-iphonesimulator/Familienplaner.app/Frameworks/XCTestSupport.framework /Applications/Xcode_26.6.app/Contents/Developer/Platforms/iPhoneSimulator.platform/Developer/Library/PrivateFrameworks/XCTestSupport.framework (in target 'Familienplaner' from project 'Familienplaner')
    cd /Users/runner/work/familienplaner/familienplaner
    builtin-copy -exclude .DS_Store -exclude CVS -exclude .svn -exclude .git -exclude .hg -exclude Headers -exclude PrivateHeaders -exclude Modules -exclude \*.tbd -resolve-src-symlinks /Applications/Xcode_26.6.app/Contents/Developer/Platforms/iPhoneSimulator.platform/Developer/Library/PrivateFrameworks/XCTestSupport.framework /Users/runner/Library/Developer/Xcode/DerivedData/Familienplaner-dmcrrzfthkjbwogvslwbznxtcpok/Build/Products/Debug-iphonesimulator/Familienplaner.app/Frameworks

Copy /Users/runner/Library/Developer/Xcode/DerivedData/Familienplaner-dmcrrzfthkjbwogvslwbznxtcpok/Build/Products/Debug-iphonesimulator/Familienplaner.app/Frameworks/XCTestCore.framework /Applications/Xcode_26.6.app/Contents/Developer/Platforms/iPhoneSimulator.platform/Developer/Library/PrivateFrameworks/XCTestCore.framework (in target 'Familienplaner' from project 'Familienplaner')
    cd /Users/runner/work/familienplaner/familienplaner
    builtin-copy -exclude .DS_Store -exclude CVS -exclude .svn -exclude .git -exclude .hg -exclude Headers -exclude PrivateHeaders -exclude Modules -exclude \*.tbd -resolve-src-symlinks /Applications/Xcode_26.6.app/Contents/Developer/Platforms/iPhoneSimulator.platform/Developer/Library/PrivateFrameworks/XCTestCore.framework /Users/runner/Library/Developer/Xcode/DerivedData/Familienplaner-dmcrrzfthkjbwogvslwbznxtcpok/Build/Products/Debug-iphonesimulator/Familienplaner.app/Frameworks

Copy /Users/runner/Library/Developer/Xcode/DerivedData/Familienplaner-dmcrrzfthkjbwogvslwbznxtcpok/Build/Products/Debug-iphonesimulator/Familienplaner.app/Frameworks/XCTest.framework /Applications/Xcode_26.6.app/Contents/Developer/Platforms/iPhoneSimulator.platform/Developer/Library/Frameworks/XCTest.framework (in target 'Familienplaner' from project 'Familienplaner')
    cd /Users/runner/work/familienplaner/familienplaner
    builtin-copy -exclude .DS_Store -exclude CVS -exclude .svn -exclude .git -exclude .hg -exclude Headers -exclude PrivateHeaders -exclude Modules -exclude \*.tbd -resolve-src-symlinks /Applications/Xcode_26.6.app/Contents/Developer/Platforms/iPhoneSimulator.platform/Developer/Library/Frameworks/XCTest.framework /Users/runner/Library/Developer/Xcode/DerivedData/Familienplaner-dmcrrzfthkjbwogvslwbznxtcpok/Build/Products/Debug-iphonesimulator/Familienplaner.app/Frameworks

Copy /Users/runner/Library/Developer/Xcode/DerivedData/Familienplaner-dmcrrzfthkjbwogvslwbznxtcpok/Build/Products/Debug-iphonesimulator/Familienplaner.app/Frameworks/XCTAutomationSupport.framework /Applications/Xcode_26.6.app/Contents/Developer/Platforms/iPhoneSimulator.platform/Developer/Library/PrivateFrameworks/XCTAutomationSupport.framework (in target 'Familienplaner' from project 'Familienplaner')
    cd /Users/runner/work/familienplaner/familienplaner
    builtin-copy -exclude .DS_Store -exclude CVS -exclude .svn -exclude .git -exclude .hg -exclude Headers -exclude PrivateHeaders -exclude Modules -exclude \*.tbd -resolve-src-symlinks /Applications/Xcode_26.6.app/Contents/Developer/Platforms/iPhoneSimulator.platform/Developer/Library/PrivateFrameworks/XCTAutomationSupport.framework /Users/runner/Library/Developer/Xcode/DerivedData/Familienplaner-dmcrrzfthkjbwogvslwbznxtcpok/Build/Products/Debug-iphonesimulator/Familienplaner.app/Frameworks

Copy /Users/runner/Library/Developer/Xcode/DerivedData/Familienplaner-dmcrrzfthkjbwogvslwbznxtcpok/Build/Products/Debug-iphonesimulator/Familienplaner.app/Frameworks/Testing.framework /Applications/Xcode_26.6.app/Contents/Developer/Platforms/iPhoneSimulator.platform/Developer/Library/Frameworks/Testing.framework (in target 'Familienplaner' from project 'Familienplaner')
    cd /Users/runner/work/familienplaner/familienplaner
    builtin-copy -exclude .DS_Store -exclude CVS -exclude .svn -exclude .git -exclude .hg -exclude Headers -exclude PrivateHeaders -exclude Modules -exclude \*.tbd -resolve-src-symlinks /Applications/Xcode_26.6.app/Contents/Developer/Platforms/iPhoneSimulator.platform/Developer/Library/Frameworks/Testing.framework /Users/runner/Library/Developer/Xcode/DerivedData/Familienplaner-dmcrrzfthkjbwogvslwbznxtcpok/Build/Products/Debug-iphonesimulator/Familienplaner.app/Frameworks

SwiftExplicitDependencyGeneratePcm arm64 /Users/runner/Library/Developer/Xcode/DerivedData/ModuleCache.noindex/_Builtin_stdint-A50XLKTB75Q7HJSX20NLCDUCC.pcm

SwiftExplicitDependencyGeneratePcm arm64 /Users/runner/Library/Developer/Xcode/DerivedData/ModuleCache.noindex/sys_types-3WFJB1QNQT9HFLHJI0FG7PKCY.pcm

SwiftExplicitDependencyGeneratePcm arm64 /Users/runner/Library/Developer/Xcode/DerivedData/ModuleCache.noindex/_Builtin_tgmath-BJVZJINKJNFRZCMY9V2E2E98U.pcm

SwiftExplicitDependencyGeneratePcm arm64 /Users/runner/Library/Developer/Xcode/DerivedData/ModuleCache.noindex/_Builtin_stdatomic-8PHN86WU604AYPILVOIQTNR65.pcm

SwiftExplicitDependencyGeneratePcm arm64 /Users/runner/Library/Developer/Xcode/DerivedData/ModuleCache.noindex/_DarwinFoundation3-6DD217POB8BARVOV9UQ89H754.pcm

SwiftExplicitDependencyGeneratePcm arm64 /Users/runner/Library/Developer/Xcode/DerivedData/ModuleCache.noindex/_Builtin_intrinsics-4KGL842L7V5UUL5DB22ZU9HDA.pcm

SwiftExplicitDependencyGeneratePcm arm64 /Users/runner/Library/Developer/Xcode/DerivedData/ModuleCache.noindex/_Builtin_inttypes-73EZH83H58MM24JFLUTCF3XBR.pcm

SwiftExplicitDependencyGeneratePcm arm64 /Users/runner/Library/Developer/Xcode/DerivedData/ModuleCache.noindex/Darwin-APF3C2ZN9FXR10PA1SRA3PO98.pcm

SwiftExplicitDependencyGeneratePcm arm64 /Users/runner/Library/Developer/Xcode/DerivedData/ModuleCache.noindex/simd-8GVFQ6R6BWGAURRZG38Y8OE1A.pcm

SwiftExplicitDependencyGeneratePcm arm64 /Users/runner/Library/Developer/Xcode/DerivedData/ModuleCache.noindex/ObjectiveC-B802B6QK4BJJ63CGILBWI02OB.pcm

SwiftExplicitDependencyGeneratePcm arm64 /Users/runner/Library/Developer/Xcode/DerivedData/ModuleCache.noindex/MachO-EJV0RP6V75PXZFNOFMV7VU8RV.pcm

SwiftExplicitDependencyGeneratePcm arm64 /Users/runner/Library/Developer/Xcode/DerivedData/ModuleCache.noindex/Spatial-C7MHDB01YPJTHLBLLIQ7CMENC.pcm

SwiftExplicitDependencyGeneratePcm arm64 /Users/runner/Library/Developer/Xcode/DerivedData/ModuleCache.noindex/os_object-AF02TD8G4ZEZ3GXQY1PH0FSNT.pcm

SwiftExplicitDependencyGeneratePcm arm64 /Users/runner/Library/Developer/Xcode/DerivedData/ModuleCache.noindex/os_workgroup-73NYE0NKG4RHX1UTM23RBIAWC.pcm

SwiftExplicitDependencyGeneratePcm arm64 /Users/runner/Library/Developer/Xcode/DerivedData/ModuleCache.noindex/Dispatch-3KN2919J4WK06BTC8UFCB42FN.pcm

SwiftExplicitDependencyGeneratePcm arm64 /Users/runner/Library/Developer/Xcode/DerivedData/ModuleCache.noindex/XPC-55NK3COZI48F3N2K2V8KFWCC1.pcm

SwiftExplicitDependencyGeneratePcm arm64 /Users/runner/Library/Developer/Xcode/DerivedData/ModuleCache.noindex/CoreFoundation-8O1NNKID9BZPZI1HHDYA9QSN8.pcm

SwiftExplicitDependencyGeneratePcm arm64 /Users/runner/Library/Developer/Xcode/DerivedData/ModuleCache.noindex/dnssd-ADI1EP21JY0T7XPB85BID4OJU.pcm

SwiftExplicitDependencyGeneratePcm arm64 /Users/runner/Library/Developer/Xcode/DerivedData/ModuleCache.noindex/os-7HEU2P5Q9W31LMJ19ZXYYVXSS.pcm

SwiftExplicitDependencyGeneratePcm arm64 /Users/runner/Library/Developer/Xcode/DerivedData/ModuleCache.noindex/CoreAudioTypes-637BIT0GWSGA5EQD0W66BA81T.pcm

SwiftExplicitDependencyGeneratePcm arm64 /Users/runner/Library/Developer/Xcode/DerivedData/ModuleCache.noindex/AddressBook-5B7E44PMHUQO9GGF0Z7HZN09M.pcm

SwiftExplicitDependencyGeneratePcm arm64 /Users/runner/Library/Developer/Xcode/DerivedData/ModuleCache.noindex/Security-95EHSFZOAPJ358UFK25YA3AQD.pcm

SwiftExplicitDependencyGeneratePcm arm64 /Users/runner/Library/Developer/Xcode/DerivedData/ModuleCache.noindex/CoreAudio-21VVU26L7MM8334C04KNQCELT.pcm

SwiftExplicitDependencyGeneratePcm arm64 /Users/runner/Library/Developer/Xcode/DerivedData/ModuleCache.noindex/CFNetwork-2GF6GF914KIFQ38MZKXVA3J7I.pcm

SwiftExplicitDependencyGeneratePcm arm64 /Users/runner/Library/Developer/Xcode/DerivedData/ModuleCache.noindex/CoreGraphics-BLKTZREZS9TJL5Y3Y0V3MUFRO.pcm

SwiftExplicitDependencyGeneratePcm arm64 /Users/runner/Library/Developer/Xcode/DerivedData/ModuleCache.noindex/Foundation-1PTEE9RGH68MBUWZNWKWC193Z.pcm

SwiftExplicitDependencyGeneratePcm arm64 /Users/runner/Library/Developer/Xcode/DerivedData/ModuleCache.noindex/CoreText-4EBQHS853T98K6ZTQTFX16U9I.pcm

SwiftExplicitDependencyGeneratePcm arm64 /Users/runner/Library/Developer/Xcode/DerivedData/ModuleCache.noindex/ImageIO-1E2X9DD074CC95S3HN9D1IL5U.pcm

SwiftExplicitDependencyGeneratePcm arm64 /Users/runner/Library/Developer/Xcode/DerivedData/ModuleCache.noindex/IOSurface-97KA04QGQHV850AXUA05LMB58.pcm

SwiftExplicitDependencyGeneratePcm arm64 /Users/runner/Library/Developer/Xcode/DerivedData/ModuleCache.noindex/FileProvider-EV22JPVA1HLL2AQ1VKDPT5ACG.pcm

SwiftExplicitDependencyGeneratePcm arm64 /Users/runner/Library/Developer/Xcode/DerivedData/ModuleCache.noindex/Symbols-9GQ0YDSHLIVN04OWAYR6HDOHL.pcm

SwiftExplicitDependencyGeneratePcm arm64 /Users/runner/Library/Developer/Xcode/DerivedData/ModuleCache.noindex/Metal-CLJRFHE5G9CUUKBMXC13CSYDO.pcm

SwiftExplicitDependencyGeneratePcm arm64 /Users/runner/Library/Developer/Xcode/DerivedData/ModuleCache.noindex/CoreMIDI-DO256TCQTO4OD7EXH3H3V9VBB.pcm

SwiftExplicitDependencyGeneratePcm arm64 /Users/runner/Library/Developer/Xcode/DerivedData/ModuleCache.noindex/RelevanceKit-A472B57E8S291WOY3DRJPXG1B.pcm

SwiftExplicitDependencyGeneratePcm arm64 /Users/runner/Library/Developer/Xcode/DerivedData/ModuleCache.noindex/CoreTransferable-ATYR50YZ8UXEMVZ0C414V2ATZ.pcm

SwiftExplicitDependencyGeneratePcm arm64 /Users/runner/Library/Developer/Xcode/DerivedData/ModuleCache.noindex/UIUtilities-DXFEK0IECSX8PAMNU2S9G0GGX.pcm

SwiftExplicitDependencyGeneratePcm arm64 /Users/runner/Library/Developer/Xcode/DerivedData/ModuleCache.noindex/DataDetection-6SYUEZOG1HRAXQ176ZCACSYXQ.pcm

SwiftExplicitDependencyGeneratePcm arm64 /Users/runner/Library/Developer/Xcode/DerivedData/ModuleCache.noindex/WatchConnectivity-E6U8738L5J2XRV8PH9PBQQZGB.pcm

SwiftExplicitDependencyGeneratePcm arm64 /Users/runner/Library/Developer/Xcode/DerivedData/ModuleCache.noindex/CoreData-8LDZC0X103VE8R8OBZTLG3OUC.pcm

SwiftExplicitDependencyGeneratePcm arm64 /Users/runner/Library/Developer/Xcode/DerivedData/ModuleCache.noindex/_LocationEssentials-6SZUXY6WL6IEM2CZVO7IXRBS0.pcm

SwiftExplicitDependencyGeneratePcm arm64 /Users/runner/Library/Developer/Xcode/DerivedData/ModuleCache.noindex/Network-3QROYKFIEUE3JVAFUBCFX7VVQ.pcm

SwiftExplicitDependencyGeneratePcm arm64 /Users/runner/Library/Developer/Xcode/DerivedData/ModuleCache.noindex/OpenGLES-4NKEV3L6CLUARBBYKZS70K8V.pcm

SwiftExplicitDependencyGeneratePcm arm64 /Users/runner/Library/Developer/Xcode/DerivedData/ModuleCache.noindex/CoreLocation-D6RCRQPC3SQ66OKL5NCC8WD0J.pcm

SwiftExplicitDependencyGeneratePcm arm64 /Users/runner/Library/Developer/Xcode/DerivedData/ModuleCache.noindex/CoreVideo-4QFECY7SPZQ1AQJAIUXCZ4GFZ.pcm

SwiftExplicitDependencyGeneratePcm arm64 /Users/runner/Library/Developer/Xcode/DerivedData/ModuleCache.noindex/AppIntents-5BPSNW9VJ4X0BU9A2L5SB7B9E.pcm

SwiftExplicitDependencyGeneratePcm arm64 /Users/runner/Library/Developer/Xcode/DerivedData/ModuleCache.noindex/EventKit-8NFJ2A7G4UVSI4HXYDSM9ZHM1.pcm

SwiftExplicitDependencyGeneratePcm arm64 /Users/runner/Library/Developer/Xcode/DerivedData/ModuleCache.noindex/QuartzCore-66AHQ13MM6PSTBWUZAIY7XCW9.pcm

SwiftExplicitDependencyGeneratePcm arm64 /Users/runner/Library/Developer/Xcode/DerivedData/ModuleCache.noindex/CoreMedia-9A9WQWD5EUDNBD0KA7LUK5Q0L.pcm

SwiftExplicitDependencyGeneratePcm arm64 /Users/runner/Library/Developer/Xcode/DerivedData/ModuleCache.noindex/CoreImage-2XOWYSEH6N8WXT2PHC5R1THSB.pcm

SwiftExplicitDependencyGeneratePcm arm64 /Users/runner/Library/Developer/Xcode/DerivedData/ModuleCache.noindex/SwiftUICore-4XCD93VCTZTA0381JBAMF03NF.pcm

SwiftExplicitDependencyGeneratePcm arm64 /Users/runner/Library/Developer/Xcode/DerivedData/ModuleCache.noindex/Accelerate-8X252BU9WEDRAQNB5AIERYWM7.pcm

SwiftExplicitDependencyGeneratePcm arm64 /Users/runner/Library/Developer/Xcode/DerivedData/ModuleCache.noindex/CloudKit-C7NGZINAOV0G6N2CBLA4QW8M9.pcm

SwiftExplicitDependencyGeneratePcm arm64 /Users/runner/Library/Developer/Xcode/DerivedData/ModuleCache.noindex/CoreML-7QGS0PUTDLDF41VZ5MK4O5DXK.pcm

SwiftExplicitDependencyGeneratePcm arm64 /Users/runner/Library/Developer/Xcode/DerivedData/ModuleCache.noindex/Accessibility-6RYZQOEO1N4UXHKDPKMT1D45A.pcm

SwiftExplicitDependencyGeneratePcm arm64 /Users/runner/Library/Developer/Xcode/DerivedData/ModuleCache.noindex/Vision-EJ0LS1XE3ZUHZLTJC4NFEHA2E.pcm

SwiftExplicitDependencyGeneratePcm arm64 /Users/runner/Library/Developer/Xcode/DerivedData/ModuleCache.noindex/NaturalLanguage-AADOXOXRZEFLCMYGMWXYMFGXZ.pcm

SwiftExplicitDependencyGeneratePcm arm64 /Users/runner/Library/Developer/Xcode/DerivedData/ModuleCache.noindex/AVRouting-6IUHQK6PODQOASO1EGIMDPHDN.pcm

SwiftExplicitDependencyGeneratePcm arm64 /Users/runner/Library/Developer/Xcode/DerivedData/ModuleCache.noindex/OSLog-JELT6ZLAXSAQA917ROMIQAQD.pcm

SwiftExplicitDependencyGeneratePcm arm64 /Users/runner/Library/Developer/Xcode/DerivedData/ModuleCache.noindex/WidgetKit-49EW0XDPGJQCM5CQ16SVAY3ES.pcm

SwiftExplicitDependencyGeneratePcm arm64 /Users/runner/Library/Developer/Xcode/DerivedData/ModuleCache.noindex/UniformTypeIdentifiers-47LTBOG29G6NM2EM2NGT5R1T6.pcm

SwiftExplicitDependencyGeneratePcm arm64 /Users/runner/Library/Developer/Xcode/DerivedData/ModuleCache.noindex/AudioToolbox-43UCAROOY1DHH69S9URSWB6UU.pcm

SwiftExplicitDependencyGeneratePcm arm64 /Users/runner/Library/Developer/Xcode/DerivedData/ModuleCache.noindex/CoreSpotlight-24LHOI2OWTQJPM4CRA95P63J0.pcm

SwiftExplicitDependencyGeneratePcm arm64 /Users/runner/Library/Developer/Xcode/DerivedData/ModuleCache.noindex/UserNotifications-7P7MEL69A4HM1XOO31HBWLEPC.pcm

SwiftExplicitDependencyGeneratePcm arm64 /Users/runner/Library/Developer/Xcode/DerivedData/ModuleCache.noindex/AVFAudio-11D48A21UKXFZU81UJP6AGPIJ.pcm

SwiftExplicitDependencyGeneratePcm arm64 /Users/runner/Library/Developer/Xcode/DerivedData/ModuleCache.noindex/MediaToolbox-PHW0Q1QIN1GMSG4K87OJRC6C.pcm

SwiftExplicitDependencyGeneratePcm arm64 /Users/runner/Library/Developer/Xcode/DerivedData/ModuleCache.noindex/UIKit-CVDQ4ZFZ3C09E3QHZA1IQWWUB.pcm

SwiftExplicitDependencyGeneratePcm arm64 /Users/runner/Library/Developer/Xcode/DerivedData/ModuleCache.noindex/Intents-4PG9D8IGGB9QSN6LLCH9KU80I.pcm

SwiftExplicitDependencyGeneratePcm arm64 /Users/runner/Library/Developer/Xcode/DerivedData/ModuleCache.noindex/AVFoundation-DT2WVBDKOTGISK0E7JKWE62FS.pcm

SwiftExplicitDependencyGeneratePcm arm64 /Users/runner/Library/Developer/Xcode/DerivedData/ModuleCache.noindex/_CoreData_CloudKit-DXAP2LPN82OW9ZGKMN580P0EK.pcm

SwiftExplicitDependencyGeneratePcm arm64 /Users/runner/Library/Developer/Xcode/DerivedData/ModuleCache.noindex/BackgroundTasks-8ZVMP0YEDFF3SYLZWRTCJEIJ1.pcm

LinkAssetCatalog /Users/runner/work/familienplaner/familienplaner/Assets/Assets.xcassets (in target 'Familienplaner' from project 'Familienplaner')
    cd /Users/runner/work/familienplaner/familienplaner
    builtin-linkAssetCatalog --thinned /Users/runner/Library/Developer/Xcode/DerivedData/Familienplaner-dmcrrzfthkjbwogvslwbznxtcpok/Build/Intermediates.noindex/Familienplaner.build/Debug-iphonesimulator/Familienplaner.build/assetcatalog_output/thinned --thinned-dependencies /Users/runner/Library/Developer/Xcode/DerivedData/Familienplaner-dmcrrzfthkjbwogvslwbznxtcpok/Build/Intermediates.noindex/Familienplaner.build/Debug-iphonesimulator/Familienplaner.build/assetcatalog_dependencies_thinned --thinned-info-plist-content /Users/runner/Library/Developer/Xcode/DerivedData/Familienplaner-dmcrrzfthkjbwogvslwbznxtcpok/Build/Intermediates.noindex/Familienplaner.build/Debug-iphonesimulator/Familienplaner.build/assetcatalog_generated_info.plist_thinned --unthinned /Users/runner/Library/Developer/Xcode/DerivedData/Familienplaner-dmcrrzfthkjbwogvslwbznxtcpok/Build/Intermediates.noindex/Familienplaner.build/Debug-iphonesimulator/Familienplaner.build/assetcatalog_output/unthinned --unthinned-dependencies /Users/runner/Library/Developer/Xcode/DerivedData/Familienplaner-dmcrrzfthkjbwogvslwbznxtcpok/Build/Intermediates.noindex/Familienplaner.build/Debug-iphonesimulator/Familienplaner.build/assetcatalog_dependencies_unthinned --unthinned-info-plist-content /Users/runner/Library/Developer/Xcode/DerivedData/Familienplaner-dmcrrzfthkjbwogvslwbznxtcpok/Build/Intermediates.noindex/Familienplaner.build/Debug-iphonesimulator/Familienplaner.build/assetcatalog_generated_info.plist_unthinned --output /Users/runner/Library/Developer/Xcode/DerivedData/Familienplaner-dmcrrzfthkjbwogvslwbznxtcpok/Build/Products/Debug-iphonesimulator/Familienplaner.app --plist-output /Users/runner/Library/Developer/Xcode/DerivedData/Familienplaner-dmcrrzfthkjbwogvslwbznxtcpok/Build/Intermediates.noindex/Familienplaner.build/Debug-iphonesimulator/Familienplaner.build/assetcatalog_generated_info.plist
note: Emplaced /Users/runner/Library/Developer/Xcode/DerivedData/Familienplaner-dmcrrzfthkjbwogvslwbznxtcpok/Build/Products/Debug-iphonesimulator/Familienplaner.app/Assets.car (in target 'Familienplaner' from project 'Familienplaner')
note: Emplaced /Users/runner/Library/Developer/Xcode/DerivedData/Familienplaner-dmcrrzfthkjbwogvslwbznxtcpok/Build/Products/Debug-iphonesimulator/Familienplaner.app/AppIcon60x60@2x.png (in target 'Familienplaner' from project 'Familienplaner')
note: Emplaced /Users/runner/Library/Developer/Xcode/DerivedData/Familienplaner-dmcrrzfthkjbwogvslwbznxtcpok/Build/Products/Debug-iphonesimulator/Familienplaner.app/AppIcon76x76@2x~ipad.png (in target 'Familienplaner' from project 'Familienplaner')

SwiftExplicitDependencyGeneratePcm arm64 /Users/runner/Library/Developer/Xcode/DerivedData/ModuleCache.noindex/Photos-3YP5ERM3T1XDWBXSTN5P98I6I.pcm

SwiftExplicitDependencyGeneratePcm arm64 /Users/runner/Library/Developer/Xcode/DerivedData/ModuleCache.noindex/PhotosUI-CUXW3PBA1A7NL8V4FSUB5GXBV.pcm

SwiftExplicitDependencyGeneratePcm arm64 /Users/runner/Library/Developer/Xcode/DerivedData/ModuleCache.noindex/SwiftUI-21HO5GXGWMPI9BSAIULZAIM08.pcm

SwiftEmitModule normal arm64 Emitting\ module\ for\ Familienplaner (in target 'Familienplaner' from project 'Familienplaner')

EmitSwiftModule normal arm64 (in target 'Familienplaner' from project 'Familienplaner')
    cd /Users/runner/work/familienplaner/familienplaner
    

SwiftCompile normal arm64 Compiling\ MembersScreen.swift,\ MonthGridView.swift,\ OnboardingScreen.swift,\ PersistenceController.swift,\ ReminderService.swift,\ ReminderSettingsScreen.swift,\ ResponsibilitiesSheet.swift,\ SampleData.swift,\ SearchScreen.swift,\ SeriesService.swift,\ SetupScreen.swift,\ ShareAcceptance.swift,\ SharedInbox.swift,\ SharingService.swift,\ SuggestionExtractor.swift,\ SuggestionReviewScreen.swift,\ SuggestionService.swift,\ SyncStatus.swift,\ TestMode.swift,\ Theme.swift,\ TodayScreen.swift,\ WatchSnapshot.swift,\ WatchSyncService.swift /Users/runner/work/familienplaner/familienplaner/Sources/Features/Members/MembersScreen.swift /Users/runner/work/familienplaner/familienplaner/Sources/Features/Month/MonthGridView.swift /Users/runner/work/familienplaner/familienplaner/Sources/Features/Onboarding/OnboardingScreen.swift /Users/runner/work/familienplaner/familienplaner/Sources/Persistence/PersistenceController.swift /Users/runner/work/familienplaner/familienplaner/Sources/Reminders/ReminderService.swift /Users/runner/work/familienplaner/familienplaner/Sources/Reminders/ReminderSettingsScreen.swift /Users/runner/work/familienplaner/familienplaner/Sources/Features/Today/ResponsibilitiesSheet.swift /Users/runner/work/familienplaner/familienplaner/Sources/Features/Debug/SampleData.swift /Users/runner/work/familienplaner/familienplaner/Sources/Features/Search/SearchScreen.swift /Users/runner/work/familienplaner/familienplaner/Sources/Persistence/SeriesService.swift /Users/runner/work/familienplaner/familienplaner/Sources/Features/Setup/SetupScreen.swift /Users/runner/work/familienplaner/familienplaner/Sources/Sharing/ShareAcceptance.swift /Users/runner/work/familienplaner/familienplaner/Shared/SharedInbox.swift /Users/runner/work/familienplaner/familienplaner/Sources/Sharing/SharingService.swift /Users/runner/work/familienplaner/familienplaner/Sources/Suggestions/SuggestionExtractor.swift /Users/runner/work/familienplaner/familienplaner/Sources/Suggestions/SuggestionReviewScreen.swift /Users/runner/work/familienplaner/familienplaner/Sources/Suggestions/SuggestionService.swift /Users/runner/work/familienplaner/familienplaner/Sources/App/SyncStatus.swift /Users/runner/work/familienplaner/familienplaner/Sources/App/TestMode.swift /Users/runner/work/familienplaner/familienplaner/Sources/DesignSystem/Theme.swift /Users/runner/work/familienplaner/familienplaner/Sources/Features/Today/TodayScreen.swift /Users/runner/work/familienplaner/familienplaner/Shared/WatchSnapshot.swift /Users/runner/work/familienplaner/familienplaner/Sources/Watch/WatchSyncService.swift (in target 'Familienplaner' from project 'Familienplaner')
SwiftCompile normal arm64 /Users/runner/work/familienplaner/familienplaner/Sources/Features/Members/MembersScreen.swift (in target 'Familienplaner' from project 'Familienplaner')
    cd /Users/runner/work/familienplaner/familienplaner
    

SwiftCompile normal arm64 /Users/runner/work/familienplaner/familienplaner/Sources/Features/Month/MonthGridView.swift (in target 'Familienplaner' from project 'Familienplaner')
    cd /Users/runner/work/familienplaner/familienplaner
    

SwiftCompile normal arm64 /Users/runner/work/familienplaner/familienplaner/Sources/Features/Onboarding/OnboardingScreen.swift (in target 'Familienplaner' from project 'Familienplaner')
    cd /Users/runner/work/familienplaner/familienplaner
    

SwiftCompile normal arm64 /Users/runner/work/familienplaner/familienplaner/Sources/Persistence/PersistenceController.swift (in target 'Familienplaner' from project 'Familienplaner')
    cd /Users/runner/work/familienplaner/familienplaner
    

SwiftCompile normal arm64 /Users/runner/work/familienplaner/familienplaner/Sources/Reminders/ReminderService.swift (in target 'Familienplaner' from project 'Familienplaner')
    cd /Users/runner/work/familienplaner/familienplaner
    

SwiftCompile normal arm64 /Users/runner/work/familienplaner/familienplaner/Sources/Reminders/ReminderSettingsScreen.swift (in target 'Familienplaner' from project 'Familienplaner')
    cd /Users/runner/work/familienplaner/familienplaner
    

SwiftCompile normal arm64 /Users/runner/work/familienplaner/familienplaner/Sources/Features/Today/ResponsibilitiesSheet.swift (in target 'Familienplaner' from project 'Familienplaner')
    cd /Users/runner/work/familienplaner/familienplaner
    

SwiftCompile normal arm64 /Users/runner/work/familienplaner/familienplaner/Sources/Features/Debug/SampleData.swift (in target 'Familienplaner' from project 'Familienplaner')
    cd /Users/runner/work/familienplaner/familienplaner
    

SwiftCompile normal arm64 /Users/runner/work/familienplaner/familienplaner/Sources/Features/Search/SearchScreen.swift (in target 'Familienplaner' from project 'Familienplaner')
    cd /Users/runner/work/familienplaner/familienplaner
    

SwiftCompile normal arm64 /Users/runner/work/familienplaner/familienplaner/Sources/Persistence/SeriesService.swift (in target 'Familienplaner' from project 'Familienplaner')
    cd /Users/runner/work/familienplaner/familienplaner
    

SwiftCompile normal arm64 /Users/runner/work/familienplaner/familienplaner/Sources/Features/Setup/SetupScreen.swift (in target 'Familienplaner' from project 'Familienplaner')
    cd /Users/runner/work/familienplaner/familienplaner
    

SwiftCompile normal arm64 /Users/runner/work/familienplaner/familienplaner/Sources/Sharing/ShareAcceptance.swift (in target 'Familienplaner' from project 'Familienplaner')
    cd /Users/runner/work/familienplaner/familienplaner
    

SwiftCompile normal arm64 /Users/runner/work/familienplaner/familienplaner/Shared/SharedInbox.swift (in target 'Familienplaner' from project 'Familienplaner')
    cd /Users/runner/work/familienplaner/familienplaner
    

SwiftCompile normal arm64 /Users/runner/work/familienplaner/familienplaner/Sources/Sharing/SharingService.swift (in target 'Familienplaner' from project 'Familienplaner')
    cd /Users/runner/work/familienplaner/familienplaner
    

SwiftCompile normal arm64 /Users/runner/work/familienplaner/familienplaner/Sources/Suggestions/SuggestionExtractor.swift (in target 'Familienplaner' from project 'Familienplaner')
    cd /Users/runner/work/familienplaner/familienplaner
    

SwiftCompile normal arm64 /Users/runner/work/familienplaner/familienplaner/Sources/Suggestions/SuggestionReviewScreen.swift (in target 'Familienplaner' from project 'Familienplaner')
    cd /Users/runner/work/familienplaner/familienplaner
    

SwiftCompile normal arm64 /Users/runner/work/familienplaner/familienplaner/Sources/Suggestions/SuggestionService.swift (in target 'Familienplaner' from project 'Familienplaner')
    cd /Users/runner/work/familienplaner/familienplaner
    

SwiftCompile normal arm64 /Users/runner/work/familienplaner/familienplaner/Sources/App/SyncStatus.swift (in target 'Familienplaner' from project 'Familienplaner')
    cd /Users/runner/work/familienplaner/familienplaner
    

SwiftCompile normal arm64 /Users/runner/work/familienplaner/familienplaner/Sources/App/TestMode.swift (in target 'Familienplaner' from project 'Familienplaner')
    cd /Users/runner/work/familienplaner/familienplaner
    

SwiftCompile normal arm64 /Users/runner/work/familienplaner/familienplaner/Sources/DesignSystem/Theme.swift (in target 'Familienplaner' from project 'Familienplaner')
    cd /Users/runner/work/familienplaner/familienplaner
    

SwiftCompile normal arm64 /Users/runner/work/familienplaner/familienplaner/Sources/Features/Today/TodayScreen.swift (in target 'Familienplaner' from project 'Familienplaner')
    cd /Users/runner/work/familienplaner/familienplaner
    

SwiftCompile normal arm64 /Users/runner/work/familienplaner/familienplaner/Shared/WatchSnapshot.swift (in target 'Familienplaner' from project 'Familienplaner')
    cd /Users/runner/work/familienplaner/familienplaner
    

SwiftCompile normal arm64 /Users/runner/work/familienplaner/familienplaner/Sources/Watch/WatchSyncService.swift (in target 'Familienplaner' from project 'Familienplaner')
    cd /Users/runner/work/familienplaner/familienplaner
    

SwiftCompile normal arm64 Compiling\ WeekTimelineView.swift,\ WidgetBridge.swift,\ CDHousehold+CoreDataClass.swift,\ CDHousehold+CoreDataProperties.swift,\ CDMember+CoreDataClass.swift,\ CDMember+CoreDataProperties.swift,\ CDEvent+CoreDataClass.swift,\ CDEvent+CoreDataProperties.swift,\ CDEventParticipation+CoreDataClass.swift,\ CDEventParticipation+CoreDataProperties.swift,\ CDTag+CoreDataClass.swift,\ CDTag+CoreDataProperties.swift,\ CDSuggestionDraft+CoreDataClass.swift,\ CDSuggestionDraft+CoreDataProperties.swift,\ CDCalendarSource+CoreDataClass.swift,\ CDCalendarSource+CoreDataProperties.swift,\ CDLocalEventMirror+CoreDataClass.swift,\ CDLocalEventMirror+CoreDataProperties.swift,\ CDDeviceRegistration+CoreDataClass.swift,\ CDDeviceRegistration+CoreDataProperties.swift,\ Familienplaner+CoreDataModel.swift,\ GeneratedAssetSymbols.swift /Users/runner/work/familienplaner/familienplaner/Sources/Features/Week/WeekTimelineView.swift /Users/runner/work/familienplaner/familienplaner/Shared/WidgetBridge.swift /Users/runner/Library/Developer/Xcode/DerivedData/Familienplaner-dmcrrzfthkjbwogvslwbznxtcpok/Build/Intermediates.noindex/Familienplaner.build/Debug-iphonesimulator/Familienplaner.build/DerivedSources/CoreDataGenerated/Familienplaner/CDHousehold+CoreDataClass.swift /Users/runner/Library/Developer/Xcode/DerivedData/Familienplaner-dmcrrzfthkjbwogvslwbznxtcpok/Build/Intermediates.noindex/Familienplaner.build/Debug-iphonesimulator/Familienplaner.build/DerivedSources/CoreDataGenerated/Familienplaner/CDHousehold+CoreDataProperties.swift /Users/runner/Library/Developer/Xcode/DerivedData/Familienplaner-dmcrrzfthkjbwogvslwbznxtcpok/Build/Intermediates.noindex/Familienplaner.build/Debug-iphonesimulator/Familienplaner.build/DerivedSources/CoreDataGenerated/Familienplaner/CDMember+CoreDataClass.swift /Users/runner/Library/Developer/Xcode/DerivedData/Familienplaner-dmcrrzfthkjbwogvslwbznxtcpok/Build/Intermediates.noindex/Familienplaner.build/Debug-iphonesimulator/Familienplaner.build/DerivedSources/CoreDataGenerated/Familienplaner/CDMember+CoreDataProperties.swift /Users/runner/Library/Developer/Xcode/DerivedData/Familienplaner-dmcrrzfthkjbwogvslwbznxtcpok/Build/Intermediates.noindex/Familienplaner.build/Debug-iphonesimulator/Familienplaner.build/DerivedSources/CoreDataGenerated/Familienplaner/CDEvent+CoreDataClass.swift /Users/runner/Library/Developer/Xcode/DerivedData/Familienplaner-dmcrrzfthkjbwogvslwbznxtcpok/Build/Intermediates.noindex/Familienplaner.build/Debug-iphonesimulator/Familienplaner.build/DerivedSources/CoreDataGenerated/Familienplaner/CDEvent+CoreDataProperties.swift /Users/runner/Library/Developer/Xcode/DerivedData/Familienplaner-dmcrrzfthkjbwogvslwbznxtcpok/Build/Intermediates.noindex/Familienplaner.build/Debug-iphonesimulator/Familienplaner.build/DerivedSources/CoreDataGenerated/Familienplaner/CDEventParticipation+CoreDataClass.swift /Users/runner/Library/Developer/Xcode/DerivedData/Familienplaner-dmcrrzfthkjbwogvslwbznxtcpok/Build/Intermediates.noindex/Familienplaner.build/Debug-iphonesimulator/Familienplaner.build/DerivedSources/CoreDataGenerated/Familienplaner/CDEventParticipation+CoreDataProperties.swift /Users/runner/Library/Developer/Xcode/DerivedData/Familienplaner-dmcrrzfthkjbwogvslwbznxtcpok/Build/Intermediates.noindex/Familienplaner.build/Debug-iphonesimulator/Familienplaner.build/DerivedSources/CoreDataGenerated/Familienplaner/CDTag+CoreDataClass.swift /Users/runner/Library/Developer/Xcode/DerivedData/Familienplaner-dmcrrzfthkjbwogvslwbznxtcpok/Build/Intermediates.noindex/Familienplaner.build/Debug-iphonesimulator/Familienplaner.build/DerivedSources/CoreDataGenerated/Familienplaner/CDTag+CoreDataProperties.swift /Users/runner/Library/Developer/Xcode/DerivedData/Familienplaner-dmcrrzfthkjbwogvslwbznxtcpok/Build/Intermediates.noindex/Familienplaner.build/Debug-iphonesimulator/Familienplaner.build/DerivedSources/CoreDataGenerated/Familienplaner/CDSuggestionDraft+CoreDataClass.swift /Users/runner/Library/Developer/Xcode/DerivedData/Familienplaner-dmcrrzfthkjbwogvslwbznxtcpok/Build/Intermediates.noindex/Familienplaner.build/Debug-iphonesimulator/Familienplaner.build/DerivedSources/CoreDataGenerated/Familienplaner/CDSuggestionDraft+CoreDataProperties.swift /Users/runner/Library/Developer/Xcode/DerivedData/Familienplaner-dmcrrzfthkjbwogvslwbznxtcpok/Build/Intermediates.noindex/Familienplaner.build/Debug-iphonesimulator/Familienplaner.build/DerivedSources/CoreDataGenerated/Familienplaner/CDCalendarSource+CoreDataClass.swift /Users/runner/Library/Developer/Xcode/DerivedData/Familienplaner-dmcrrzfthkjbwogvslwbznxtcpok/Build/Intermediates.noindex/Familienplaner.build/Debug-iphonesimulator/Familienplaner.build/DerivedSources/CoreDataGenerated/Familienplaner/CDCalendarSource+CoreDataProperties.swift /Users/runner/Library/Developer/Xcode/DerivedData/Familienplaner-dmcrrzfthkjbwogvslwbznxtcpok/Build/Intermediates.noindex/Familienplaner.build/Debug-iphonesimulator/Familienplaner.build/DerivedSources/CoreDataGenerated/Familienplaner/CDLocalEventMirror+CoreDataClass.swift /Users/runner/Library/Developer/Xcode/DerivedData/Familienplaner-dmcrrzfthkjbwogvslwbznxtcpok/Build/Intermediates.noindex/Familienplaner.build/Debug-iphonesimulator/Familienplaner.build/DerivedSources/CoreDataGenerated/Familienplaner/CDLocalEventMirror+CoreDataProperties.swift /Users/runner/Library/Developer/Xcode/DerivedData/Familienplaner-dmcrrzfthkjbwogvslwbznxtcpok/Build/Intermediates.noindex/Familienplaner.build/Debug-iphonesimulator/Familienplaner.build/DerivedSources/CoreDataGenerated/Familienplaner/CDDeviceRegistration+CoreDataClass.swift /Users/runner/Library/Developer/Xcode/DerivedData/Familienplaner-dmcrrzfthkjbwogvslwbznxtcpok/Build/Intermediates.noindex/Familienplaner.build/Debug-iphonesimulator/Familienplaner.build/DerivedSources/CoreDataGenerated/Familienplaner/CDDeviceRegistration+CoreDataProperties.swift /Users/runner/Library/Developer/Xcode/DerivedData/Familienplaner-dmcrrzfthkjbwogvslwbznxtcpok/Build/Intermediates.noindex/Familienplaner.build/Debug-iphonesimulator/Familienplaner.build/DerivedSources/CoreDataGenerated/Familienplaner/Familienplaner+CoreDataModel.swift /Users/runner/Library/Developer/Xcode/DerivedData/Familienplaner-dmcrrzfthkjbwogvslwbznxtcpok/Build/Intermediates.noindex/Familienplaner.build/Debug-iphonesimulator/Familienplaner.build/DerivedSources/GeneratedAssetSymbols.swift (in target 'Familienplaner' from project 'Familienplaner')

SwiftCompile normal arm64 /Users/runner/work/familienplaner/familienplaner/Sources/Features/Week/WeekTimelineView.swift (in target 'Familienplaner' from project 'Familienplaner')
    cd /Users/runner/work/familienplaner/familienplaner
    

SwiftCompile normal arm64 /Users/runner/work/familienplaner/familienplaner/Shared/WidgetBridge.swift (in target 'Familienplaner' from project 'Familienplaner')
    cd /Users/runner/work/familienplaner/familienplaner
    

SwiftCompile normal arm64 /Users/runner/Library/Developer/Xcode/DerivedData/Familienplaner-dmcrrzfthkjbwogvslwbznxtcpok/Build/Intermediates.noindex/Familienplaner.build/Debug-iphonesimulator/Familienplaner.build/DerivedSources/CoreDataGenerated/Familienplaner/CDHousehold+CoreDataClass.swift (in target 'Familienplaner' from project 'Familienplaner')
    cd /Users/runner/work/familienplaner/familienplaner
    

SwiftCompile normal arm64 /Users/runner/Library/Developer/Xcode/DerivedData/Familienplaner-dmcrrzfthkjbwogvslwbznxtcpok/Build/Intermediates.noindex/Familienplaner.build/Debug-iphonesimulator/Familienplaner.build/DerivedSources/CoreDataGenerated/Familienplaner/CDHousehold+CoreDataProperties.swift (in target 'Familienplaner' from project 'Familienplaner')
    cd /Users/runner/work/familienplaner/familienplaner
    

SwiftCompile normal arm64 /Users/runner/Library/Developer/Xcode/DerivedData/Familienplaner-dmcrrzfthkjbwogvslwbznxtcpok/Build/Intermediates.noindex/Familienplaner.build/Debug-iphonesimulator/Familienplaner.build/DerivedSources/CoreDataGenerated/Familienplaner/CDMember+CoreDataClass.swift (in target 'Familienplaner' from project 'Familienplaner')
    cd /Users/runner/work/familienplaner/familienplaner
    

SwiftCompile normal arm64 /Users/runner/Library/Developer/Xcode/DerivedData/Familienplaner-dmcrrzfthkjbwogvslwbznxtcpok/Build/Intermediates.noindex/Familienplaner.build/Debug-iphonesimulator/Familienplaner.build/DerivedSources/CoreDataGenerated/Familienplaner/CDMember+CoreDataProperties.swift (in target 'Familienplaner' from project 'Familienplaner')
    cd /Users/runner/work/familienplaner/familienplaner
    

SwiftCompile normal arm64 /Users/runner/Library/Developer/Xcode/DerivedData/Familienplaner-dmcrrzfthkjbwogvslwbznxtcpok/Build/Intermediates.noindex/Familienplaner.build/Debug-iphonesimulator/Familienplaner.build/DerivedSources/CoreDataGenerated/Familienplaner/CDEvent+CoreDataClass.swift (in target 'Familienplaner' from project 'Familienplaner')
    cd /Users/runner/work/familienplaner/familienplaner
    

SwiftCompile normal arm64 /Users/runner/Library/Developer/Xcode/DerivedData/Familienplaner-dmcrrzfthkjbwogvslwbznxtcpok/Build/Intermediates.noindex/Familienplaner.build/Debug-iphonesimulator/Familienplaner.build/DerivedSources/CoreDataGenerated/Familienplaner/CDEvent+CoreDataProperties.swift (in target 'Familienplaner' from project 'Familienplaner')
    cd /Users/runner/work/familienplaner/familienplaner
    

SwiftCompile normal arm64 /Users/runner/Library/Developer/Xcode/DerivedData/Familienplaner-dmcrrzfthkjbwogvslwbznxtcpok/Build/Intermediates.noindex/Familienplaner.build/Debug-iphonesimulator/Familienplaner.build/DerivedSources/CoreDataGenerated/Familienplaner/CDEventParticipation+CoreDataClass.swift (in target 'Familienplaner' from project 'Familienplaner')
    cd /Users/runner/work/familienplaner/familienplaner
    

SwiftCompile normal arm64 /Users/runner/Library/Developer/Xcode/DerivedData/Familienplaner-dmcrrzfthkjbwogvslwbznxtcpok/Build/Intermediates.noindex/Familienplaner.build/Debug-iphonesimulator/Familienplaner.build/DerivedSources/CoreDataGenerated/Familienplaner/CDEventParticipation+CoreDataProperties.swift (in target 'Familienplaner' from project 'Familienplaner')
    cd /Users/runner/work/familienplaner/familienplaner
    

SwiftCompile normal arm64 /Users/runner/Library/Developer/Xcode/DerivedData/Familienplaner-dmcrrzfthkjbwogvslwbznxtcpok/Build/Intermediates.noindex/Familienplaner.build/Debug-iphonesimulator/Familienplaner.build/DerivedSources/CoreDataGenerated/Familienplaner/CDTag+CoreDataClass.swift (in target 'Familienplaner' from project 'Familienplaner')
    cd /Users/runner/work/familienplaner/familienplaner
    

SwiftCompile normal arm64 /Users/runner/Library/Developer/Xcode/DerivedData/Familienplaner-dmcrrzfthkjbwogvslwbznxtcpok/Build/Intermediates.noindex/Familienplaner.build/Debug-iphonesimulator/Familienplaner.build/DerivedSources/CoreDataGenerated/Familienplaner/CDTag+CoreDataProperties.swift (in target 'Familienplaner' from project 'Familienplaner')
    cd /Users/runner/work/familienplaner/familienplaner
    

SwiftCompile normal arm64 /Users/runner/Library/Developer/Xcode/DerivedData/Familienplaner-dmcrrzfthkjbwogvslwbznxtcpok/Build/Intermediates.noindex/Familienplaner.build/Debug-iphonesimulator/Familienplaner.build/DerivedSources/CoreDataGenerated/Familienplaner/CDSuggestionDraft+CoreDataClass.swift (in target 'Familienplaner' from project 'Familienplaner')
    cd /Users/runner/work/familienplaner/familienplaner
    

SwiftCompile normal arm64 /Users/runner/Library/Developer/Xcode/DerivedData/Familienplaner-dmcrrzfthkjbwogvslwbznxtcpok/Build/Intermediates.noindex/Familienplaner.build/Debug-iphonesimulator/Familienplaner.build/DerivedSources/CoreDataGenerated/Familienplaner/CDSuggestionDraft+CoreDataProperties.swift (in target 'Familienplaner' from project 'Familienplaner')
    cd /Users/runner/work/familienplaner/familienplaner
    

SwiftCompile normal arm64 /Users/runner/Library/Developer/Xcode/DerivedData/Familienplaner-dmcrrzfthkjbwogvslwbznxtcpok/Build/Intermediates.noindex/Familienplaner.build/Debug-iphonesimulator/Familienplaner.build/DerivedSources/CoreDataGenerated/Familienplaner/CDCalendarSource+CoreDataClass.swift (in target 'Familienplaner' from project 'Familienplaner')
    cd /Users/runner/work/familienplaner/familienplaner
    

SwiftCompile normal arm64 /Users/runner/Library/Developer/Xcode/DerivedData/Familienplaner-dmcrrzfthkjbwogvslwbznxtcpok/Build/Intermediates.noindex/Familienplaner.build/Debug-iphonesimulator/Familienplaner.build/DerivedSources/CoreDataGenerated/Familienplaner/CDCalendarSource+CoreDataProperties.swift (in target 'Familienplaner' from project 'Familienplaner')
    cd /Users/runner/work/familienplaner/familienplaner
    

SwiftCompile normal arm64 /Users/runner/Library/Developer/Xcode/DerivedData/Familienplaner-dmcrrzfthkjbwogvslwbznxtcpok/Build/Intermediates.noindex/Familienplaner.build/Debug-iphonesimulator/Familienplaner.build/DerivedSources/CoreDataGenerated/Familienplaner/CDLocalEventMirror+CoreDataClass.swift (in target 'Familienplaner' from project 'Familienplaner')
    cd /Users/runner/work/familienplaner/familienplaner
    

SwiftCompile normal arm64 /Users/runner/Library/Developer/Xcode/DerivedData/Familienplaner-dmcrrzfthkjbwogvslwbznxtcpok/Build/Intermediates.noindex/Familienplaner.build/Debug-iphonesimulator/Familienplaner.build/DerivedSources/CoreDataGenerated/Familienplaner/CDLocalEventMirror+CoreDataProperties.swift (in target 'Familienplaner' from project 'Familienplaner')
    cd /Users/runner/work/familienplaner/familienplaner
    

SwiftCompile normal arm64 /Users/runner/Library/Developer/Xcode/DerivedData/Familienplaner-dmcrrzfthkjbwogvslwbznxtcpok/Build/Intermediates.noindex/Familienplaner.build/Debug-iphonesimulator/Familienplaner.build/DerivedSources/CoreDataGenerated/Familienplaner/CDDeviceRegistration+CoreDataClass.swift (in target 'Familienplaner' from project 'Familienplaner')
    cd /Users/runner/work/familienplaner/familienplaner
    

SwiftCompile normal arm64 /Users/runner/Library/Developer/Xcode/DerivedData/Familienplaner-dmcrrzfthkjbwogvslwbznxtcpok/Build/Intermediates.noindex/Familienplaner.build/Debug-iphonesimulator/Familienplaner.build/DerivedSources/CoreDataGenerated/Familienplaner/CDDeviceRegistration+CoreDataProperties.swift (in target 'Familienplaner' from project 'Familienplaner')
    cd /Users/runner/work/familienplaner/familienplaner
    

SwiftCompile normal arm64 /Users/runner/Library/Developer/Xcode/DerivedData/Familienplaner-dmcrrzfthkjbwogvslwbznxtcpok/Build/Intermediates.noindex/Familienplaner.build/Debug-iphonesimulator/Familienplaner.build/DerivedSources/CoreDataGenerated/Familienplaner/Familienplaner+CoreDataModel.swift (in target 'Familienplaner' from project 'Familienplaner')
    cd /Users/runner/work/familienplaner/familienplaner
    

SwiftCompile normal arm64 /Users/runner/Library/Developer/Xcode/DerivedData/Familienplaner-dmcrrzfthkjbwogvslwbznxtcpok/Build/Intermediates.noindex/Familienplaner.build/Debug-iphonesimulator/Familienplaner.build/DerivedSources/GeneratedAssetSymbols.swift (in target 'Familienplaner' from project 'Familienplaner')
    cd /Users/runner/work/familienplaner/familienplaner
    

SwiftCompile normal arm64 Compiling\ AllDayStrip.swift,\ BackgroundSync.swift,\ CalendarExportService.swift,\ CalendarImportService.swift,\ CalendarSourcesScreen.swift,\ CameraPicker.swift,\ ClaimActions.swift,\ CurrentMember.swift,\ DayTimelineView.swift,\ DeviceRegistrationService.swift,\ Domain.swift,\ EventDetailSheet.swift,\ EventEditorSheet.swift,\ EventPresentation.swift,\ EventService.swift,\ FamilienplanerApp.swift,\ FreeTimeFinder.swift,\ FreeTimeScreen.swift,\ GermanDateParser.swift,\ HouseholdRemoval.swift,\ HouseholdService.swift,\ ICSExporter.swift,\ MemberFilterBar.swift /Users/runner/work/familienplaner/familienplaner/Sources/Features/Today/AllDayStrip.swift /Users/runner/work/familienplaner/familienplaner/Sources/App/BackgroundSync.swift /Users/runner/work/familienplaner/familienplaner/Sources/Calendar/CalendarExportService.swift /Users/runner/work/familienplaner/familienplaner/Sources/Calendar/CalendarImportService.swift /Users/runner/work/familienplaner/familienplaner/Sources/Calendar/CalendarSourcesScreen.swift /Users/runner/work/familienplaner/familienplaner/Sources/Suggestions/CameraPicker.swift /Users/runner/work/familienplaner/familienplaner/Sources/Features/Today/ClaimActions.swift /Users/runner/work/familienplaner/familienplaner/Sources/Features/Members/CurrentMember.swift /Users/runner/work/familienplaner/familienplaner/Sources/Features/Today/DayTimelineView.swift /Users/runner/work/familienplaner/familienplaner/Sources/Persistence/DeviceRegistrationService.swift /Users/runner/work/familienplaner/familienplaner/Sources/Persistence/Domain.swift /Users/runner/work/familienplaner/familienplaner/Sources/Features/Events/EventDetailSheet.swift /Users/runner/work/familienplaner/familienplaner/Sources/Features/Events/EventEditorSheet.swift /Users/runner/work/familienplaner/familienplaner/Sources/Features/Events/EventPresentation.swift /Users/runner/work/familienplaner/familienplaner/Sources/Persistence/EventService.swift /Users/runner/work/familienplaner/familienplaner/Sources/App/FamilienplanerApp.swift /Users/runner/work/familienplaner/familienplaner/Sources/Features/FreeTime/FreeTimeFinder.swift /Users/runner/work/familienplaner/familienplaner/Sources/Features/FreeTime/FreeTimeScreen.swift /Users/runner/work/familienplaner/familienplaner/Sources/Suggestions/GermanDateParser.swift /Users/runner/work/familienplaner/familienplaner/Sources/Persistence/HouseholdRemoval.swift /Users/runner/work/familienplaner/familienplaner/Sources/Persistence/HouseholdService.swift /Users/runner/work/familienplaner/familienplaner/Sources/Calendar/ICSExporter.swift /Users/runner/work/familienplaner/familienplaner/Sources/Features/Members/MemberFilterBar.swift (in target 'Familienplaner' from project 'Familienplaner')
SwiftCompile normal arm64 /Users/runner/work/familienplaner/familienplaner/Sources/Features/Today/AllDayStrip.swift (in target 'Familienplaner' from project 'Familienplaner')
    cd /Users/runner/work/familienplaner/familienplaner
    
/Users/runner/work/familienplaner/familienplaner/Sources/Persistence/HouseholdRemoval.swift:46:78: warning: capture of 'store' with non-Sendable type 'NSPersistentStore' in a '@Sendable' closure
                    container.purgeObjectsAndRecordsInZone(with: zoneID, in: store) { _, error in
                                                                             ^
/Applications/Xcode_26.6.app/Contents/Developer/Platforms/iPhoneSimulator.platform/Developer/SDKs/iPhoneSimulator26.5.sdk/System/Library/Frameworks/CoreData.framework/Headers/NSPersistentStore.h:30:12: note: class 'NSPersistentStore' does not conform to the 'Sendable' protocol
@interface NSPersistentStore : NSObject {
           ^
/Users/runner/work/familienplaner/familienplaner/Sources/Persistence/HouseholdRemoval.swift:2:1: warning: add '@preconcurrency' to suppress 'Sendable'-related warnings from module 'CoreData'
import CoreData
^
@preconcurrency 

SwiftCompile normal arm64 /Users/runner/work/familienplaner/familienplaner/Sources/App/BackgroundSync.swift (in target 'Familienplaner' from project 'Familienplaner')
    cd /Users/runner/work/familienplaner/familienplaner
    
/Users/runner/work/familienplaner/familienplaner/Sources/Persistence/HouseholdRemoval.swift:46:78: warning: capture of 'store' with non-Sendable type 'NSPersistentStore' in a '@Sendable' closure
                    container.purgeObjectsAndRecordsInZone(with: zoneID, in: store) { _, error in
                                                                             ^
/Applications/Xcode_26.6.app/Contents/Developer/Platforms/iPhoneSimulator.platform/Developer/SDKs/iPhoneSimulator26.5.sdk/System/Library/Frameworks/CoreData.framework/Headers/NSPersistentStore.h:30:12: note: class 'NSPersistentStore' does not conform to the 'Sendable' protocol
@interface NSPersistentStore : NSObject {
           ^
/Users/runner/work/familienplaner/familienplaner/Sources/Persistence/HouseholdRemoval.swift:2:1: warning: add '@preconcurrency' to suppress 'Sendable'-related warnings from module 'CoreData'
import CoreData
^
@preconcurrency 

SwiftCompile normal arm64 /Users/runner/work/familienplaner/familienplaner/Sources/Calendar/CalendarExportService.swift (in target 'Familienplaner' from project 'Familienplaner')
    cd /Users/runner/work/familienplaner/familienplaner
    
/Users/runner/work/familienplaner/familienplaner/Sources/Persistence/HouseholdRemoval.swift:46:78: warning: capture of 'store' with non-Sendable type 'NSPersistentStore' in a '@Sendable' closure
                    container.purgeObjectsAndRecordsInZone(with: zoneID, in: store) { _, error in
                                                                             ^
/Applications/Xcode_26.6.app/Contents/Developer/Platforms/iPhoneSimulator.platform/Developer/SDKs/iPhoneSimulator26.5.sdk/System/Library/Frameworks/CoreData.framework/Headers/NSPersistentStore.h:30:12: note: class 'NSPersistentStore' does not conform to the 'Sendable' protocol
@interface NSPersistentStore : NSObject {
           ^
/Users/runner/work/familienplaner/familienplaner/Sources/Persistence/HouseholdRemoval.swift:2:1: warning: add '@preconcurrency' to suppress 'Sendable'-related warnings from module 'CoreData'
import CoreData
^
@preconcurrency 

SwiftCompile normal arm64 /Users/runner/work/familienplaner/familienplaner/Sources/Calendar/CalendarImportService.swift (in target 'Familienplaner' from project 'Familienplaner')
    cd /Users/runner/work/familienplaner/familienplaner
    
/Users/runner/work/familienplaner/familienplaner/Sources/Persistence/HouseholdRemoval.swift:46:78: warning: capture of 'store' with non-Sendable type 'NSPersistentStore' in a '@Sendable' closure
                    container.purgeObjectsAndRecordsInZone(with: zoneID, in: store) { _, error in
                                                                             ^
/Applications/Xcode_26.6.app/Contents/Developer/Platforms/iPhoneSimulator.platform/Developer/SDKs/iPhoneSimulator26.5.sdk/System/Library/Frameworks/CoreData.framework/Headers/NSPersistentStore.h:30:12: note: class 'NSPersistentStore' does not conform to the 'Sendable' protocol
@interface NSPersistentStore : NSObject {
           ^
/Users/runner/work/familienplaner/familienplaner/Sources/Persistence/HouseholdRemoval.swift:2:1: warning: add '@preconcurrency' to suppress 'Sendable'-related warnings from module 'CoreData'
import CoreData
^
@preconcurrency 

SwiftCompile normal arm64 /Users/runner/work/familienplaner/familienplaner/Sources/Calendar/CalendarSourcesScreen.swift (in target 'Familienplaner' from project 'Familienplaner')
    cd /Users/runner/work/familienplaner/familienplaner
    
/Users/runner/work/familienplaner/familienplaner/Sources/Persistence/HouseholdRemoval.swift:46:78: warning: capture of 'store' with non-Sendable type 'NSPersistentStore' in a '@Sendable' closure
                    container.purgeObjectsAndRecordsInZone(with: zoneID, in: store) { _, error in
                                                                             ^
/Applications/Xcode_26.6.app/Contents/Developer/Platforms/iPhoneSimulator.platform/Developer/SDKs/iPhoneSimulator26.5.sdk/System/Library/Frameworks/CoreData.framework/Headers/NSPersistentStore.h:30:12: note: class 'NSPersistentStore' does not conform to the 'Sendable' protocol
@interface NSPersistentStore : NSObject {
           ^
/Users/runner/work/familienplaner/familienplaner/Sources/Persistence/HouseholdRemoval.swift:2:1: warning: add '@preconcurrency' to suppress 'Sendable'-related warnings from module 'CoreData'
import CoreData
^
@preconcurrency 

SwiftCompile normal arm64 /Users/runner/work/familienplaner/familienplaner/Sources/Suggestions/CameraPicker.swift (in target 'Familienplaner' from project 'Familienplaner')
    cd /Users/runner/work/familienplaner/familienplaner
    
/Users/runner/work/familienplaner/familienplaner/Sources/Persistence/HouseholdRemoval.swift:46:78: warning: capture of 'store' with non-Sendable type 'NSPersistentStore' in a '@Sendable' closure
                    container.purgeObjectsAndRecordsInZone(with: zoneID, in: store) { _, error in
                                                                             ^
/Applications/Xcode_26.6.app/Contents/Developer/Platforms/iPhoneSimulator.platform/Developer/SDKs/iPhoneSimulator26.5.sdk/System/Library/Frameworks/CoreData.framework/Headers/NSPersistentStore.h:30:12: note: class 'NSPersistentStore' does not conform to the 'Sendable' protocol
@interface NSPersistentStore : NSObject {
           ^
/Users/runner/work/familienplaner/familienplaner/Sources/Persistence/HouseholdRemoval.swift:2:1: warning: add '@preconcurrency' to suppress 'Sendable'-related warnings from module 'CoreData'
import CoreData
^
@preconcurrency 

SwiftCompile normal arm64 /Users/runner/work/familienplaner/familienplaner/Sources/Features/Today/ClaimActions.swift (in target 'Familienplaner' from project 'Familienplaner')
    cd /Users/runner/work/familienplaner/familienplaner
    
/Users/runner/work/familienplaner/familienplaner/Sources/Persistence/HouseholdRemoval.swift:46:78: warning: capture of 'store' with non-Sendable type 'NSPersistentStore' in a '@Sendable' closure
                    container.purgeObjectsAndRecordsInZone(with: zoneID, in: store) { _, error in
                                                                             ^
/Applications/Xcode_26.6.app/Contents/Developer/Platforms/iPhoneSimulator.platform/Developer/SDKs/iPhoneSimulator26.5.sdk/System/Library/Frameworks/CoreData.framework/Headers/NSPersistentStore.h:30:12: note: class 'NSPersistentStore' does not conform to the 'Sendable' protocol
@interface NSPersistentStore : NSObject {
           ^
/Users/runner/work/familienplaner/familienplaner/Sources/Persistence/HouseholdRemoval.swift:2:1: warning: add '@preconcurrency' to suppress 'Sendable'-related warnings from module 'CoreData'
import CoreData
^
@preconcurrency 

SwiftCompile normal arm64 /Users/runner/work/familienplaner/familienplaner/Sources/Features/Members/CurrentMember.swift (in target 'Familienplaner' from project 'Familienplaner')
    cd /Users/runner/work/familienplaner/familienplaner
    
/Users/runner/work/familienplaner/familienplaner/Sources/Persistence/HouseholdRemoval.swift:46:78: warning: capture of 'store' with non-Sendable type 'NSPersistentStore' in a '@Sendable' closure
                    container.purgeObjectsAndRecordsInZone(with: zoneID, in: store) { _, error in
                                                                             ^
/Applications/Xcode_26.6.app/Contents/Developer/Platforms/iPhoneSimulator.platform/Developer/SDKs/iPhoneSimulator26.5.sdk/System/Library/Frameworks/CoreData.framework/Headers/NSPersistentStore.h:30:12: note: class 'NSPersistentStore' does not conform to the 'Sendable' protocol
@interface NSPersistentStore : NSObject {
           ^
/Users/runner/work/familienplaner/familienplaner/Sources/Persistence/HouseholdRemoval.swift:2:1: warning: add '@preconcurrency' to suppress 'Sendable'-related warnings from module 'CoreData'
import CoreData
^
@preconcurrency 

SwiftCompile normal arm64 /Users/runner/work/familienplaner/familienplaner/Sources/Features/Today/DayTimelineView.swift (in target 'Familienplaner' from project 'Familienplaner')
    cd /Users/runner/work/familienplaner/familienplaner
    
/Users/runner/work/familienplaner/familienplaner/Sources/Persistence/HouseholdRemoval.swift:46:78: warning: capture of 'store' with non-Sendable type 'NSPersistentStore' in a '@Sendable' closure
                    container.purgeObjectsAndRecordsInZone(with: zoneID, in: store) { _, error in
                                                                             ^
/Applications/Xcode_26.6.app/Contents/Developer/Platforms/iPhoneSimulator.platform/Developer/SDKs/iPhoneSimulator26.5.sdk/System/Library/Frameworks/CoreData.framework/Headers/NSPersistentStore.h:30:12: note: class 'NSPersistentStore' does not conform to the 'Sendable' protocol
@interface NSPersistentStore : NSObject {
           ^
/Users/runner/work/familienplaner/familienplaner/Sources/Persistence/HouseholdRemoval.swift:2:1: warning: add '@preconcurrency' to suppress 'Sendable'-related warnings from module 'CoreData'
import CoreData
^
@preconcurrency 

SwiftCompile normal arm64 /Users/runner/work/familienplaner/familienplaner/Sources/Persistence/DeviceRegistrationService.swift (in target 'Familienplaner' from project 'Familienplaner')
    cd /Users/runner/work/familienplaner/familienplaner
    
/Users/runner/work/familienplaner/familienplaner/Sources/Persistence/HouseholdRemoval.swift:46:78: warning: capture of 'store' with non-Sendable type 'NSPersistentStore' in a '@Sendable' closure
                    container.purgeObjectsAndRecordsInZone(with: zoneID, in: store) { _, error in
                                                                             ^
/Applications/Xcode_26.6.app/Contents/Developer/Platforms/iPhoneSimulator.platform/Developer/SDKs/iPhoneSimulator26.5.sdk/System/Library/Frameworks/CoreData.framework/Headers/NSPersistentStore.h:30:12: note: class 'NSPersistentStore' does not conform to the 'Sendable' protocol
@interface NSPersistentStore : NSObject {
           ^
/Users/runner/work/familienplaner/familienplaner/Sources/Persistence/HouseholdRemoval.swift:2:1: warning: add '@preconcurrency' to suppress 'Sendable'-related warnings from module 'CoreData'
import CoreData
^
@preconcurrency 

SwiftCompile normal arm64 /Users/runner/work/familienplaner/familienplaner/Sources/Persistence/Domain.swift (in target 'Familienplaner' from project 'Familienplaner')
    cd /Users/runner/work/familienplaner/familienplaner
    
/Users/runner/work/familienplaner/familienplaner/Sources/Persistence/HouseholdRemoval.swift:46:78: warning: capture of 'store' with non-Sendable type 'NSPersistentStore' in a '@Sendable' closure
                    container.purgeObjectsAndRecordsInZone(with: zoneID, in: store) { _, error in
                                                                             ^
/Applications/Xcode_26.6.app/Contents/Developer/Platforms/iPhoneSimulator.platform/Developer/SDKs/iPhoneSimulator26.5.sdk/System/Library/Frameworks/CoreData.framework/Headers/NSPersistentStore.h:30:12: note: class 'NSPersistentStore' does not conform to the 'Sendable' protocol
@interface NSPersistentStore : NSObject {
           ^
/Users/runner/work/familienplaner/familienplaner/Sources/Persistence/HouseholdRemoval.swift:2:1: warning: add '@preconcurrency' to suppress 'Sendable'-related warnings from module 'CoreData'
import CoreData
^
@preconcurrency 

SwiftCompile normal arm64 /Users/runner/work/familienplaner/familienplaner/Sources/Features/Events/EventDetailSheet.swift (in target 'Familienplaner' from project 'Familienplaner')
    cd /Users/runner/work/familienplaner/familienplaner
    
/Users/runner/work/familienplaner/familienplaner/Sources/Persistence/HouseholdRemoval.swift:46:78: warning: capture of 'store' with non-Sendable type 'NSPersistentStore' in a '@Sendable' closure
                    container.purgeObjectsAndRecordsInZone(with: zoneID, in: store) { _, error in
                                                                             ^
/Applications/Xcode_26.6.app/Contents/Developer/Platforms/iPhoneSimulator.platform/Developer/SDKs/iPhoneSimulator26.5.sdk/System/Library/Frameworks/CoreData.framework/Headers/NSPersistentStore.h:30:12: note: class 'NSPersistentStore' does not conform to the 'Sendable' protocol
@interface NSPersistentStore : NSObject {
           ^
/Users/runner/work/familienplaner/familienplaner/Sources/Persistence/HouseholdRemoval.swift:2:1: warning: add '@preconcurrency' to suppress 'Sendable'-related warnings from module 'CoreData'
import CoreData
^
@preconcurrency 

SwiftCompile normal arm64 /Users/runner/work/familienplaner/familienplaner/Sources/Features/Events/EventEditorSheet.swift (in target 'Familienplaner' from project 'Familienplaner')
    cd /Users/runner/work/familienplaner/familienplaner
    
/Users/runner/work/familienplaner/familienplaner/Sources/Persistence/HouseholdRemoval.swift:46:78: warning: capture of 'store' with non-Sendable type 'NSPersistentStore' in a '@Sendable' closure
                    container.purgeObjectsAndRecordsInZone(with: zoneID, in: store) { _, error in
                                                                             ^
/Applications/Xcode_26.6.app/Contents/Developer/Platforms/iPhoneSimulator.platform/Developer/SDKs/iPhoneSimulator26.5.sdk/System/Library/Frameworks/CoreData.framework/Headers/NSPersistentStore.h:30:12: note: class 'NSPersistentStore' does not conform to the 'Sendable' protocol
@interface NSPersistentStore : NSObject {
           ^
/Users/runner/work/familienplaner/familienplaner/Sources/Persistence/HouseholdRemoval.swift:2:1: warning: add '@preconcurrency' to suppress 'Sendable'-related warnings from module 'CoreData'
import CoreData
^
@preconcurrency 

SwiftCompile normal arm64 /Users/runner/work/familienplaner/familienplaner/Sources/Features/Events/EventPresentation.swift (in target 'Familienplaner' from project 'Familienplaner')
    cd /Users/runner/work/familienplaner/familienplaner
    
/Users/runner/work/familienplaner/familienplaner/Sources/Persistence/HouseholdRemoval.swift:46:78: warning: capture of 'store' with non-Sendable type 'NSPersistentStore' in a '@Sendable' closure
                    container.purgeObjectsAndRecordsInZone(with: zoneID, in: store) { _, error in
                                                                             ^
/Applications/Xcode_26.6.app/Contents/Developer/Platforms/iPhoneSimulator.platform/Developer/SDKs/iPhoneSimulator26.5.sdk/System/Library/Frameworks/CoreData.framework/Headers/NSPersistentStore.h:30:12: note: class 'NSPersistentStore' does not conform to the 'Sendable' protocol
@interface NSPersistentStore : NSObject {
           ^
/Users/runner/work/familienplaner/familienplaner/Sources/Persistence/HouseholdRemoval.swift:2:1: warning: add '@preconcurrency' to suppress 'Sendable'-related warnings from module 'CoreData'
import CoreData
^
@preconcurrency 

SwiftCompile normal arm64 /Users/runner/work/familienplaner/familienplaner/Sources/Persistence/EventService.swift (in target 'Familienplaner' from project 'Familienplaner')
    cd /Users/runner/work/familienplaner/familienplaner
    
/Users/runner/work/familienplaner/familienplaner/Sources/Persistence/HouseholdRemoval.swift:46:78: warning: capture of 'store' with non-Sendable type 'NSPersistentStore' in a '@Sendable' closure
                    container.purgeObjectsAndRecordsInZone(with: zoneID, in: store) { _, error in
                                                                             ^
/Applications/Xcode_26.6.app/Contents/Developer/Platforms/iPhoneSimulator.platform/Developer/SDKs/iPhoneSimulator26.5.sdk/System/Library/Frameworks/CoreData.framework/Headers/NSPersistentStore.h:30:12: note: class 'NSPersistentStore' does not conform to the 'Sendable' protocol
@interface NSPersistentStore : NSObject {
           ^
/Users/runner/work/familienplaner/familienplaner/Sources/Persistence/HouseholdRemoval.swift:2:1: warning: add '@preconcurrency' to suppress 'Sendable'-related warnings from module 'CoreData'
import CoreData
^
@preconcurrency 

SwiftCompile normal arm64 /Users/runner/work/familienplaner/familienplaner/Sources/App/FamilienplanerApp.swift (in target 'Familienplaner' from project 'Familienplaner')
    cd /Users/runner/work/familienplaner/familienplaner
    
/Users/runner/work/familienplaner/familienplaner/Sources/Persistence/HouseholdRemoval.swift:46:78: warning: capture of 'store' with non-Sendable type 'NSPersistentStore' in a '@Sendable' closure
                    container.purgeObjectsAndRecordsInZone(with: zoneID, in: store) { _, error in
                                                                             ^
/Applications/Xcode_26.6.app/Contents/Developer/Platforms/iPhoneSimulator.platform/Developer/SDKs/iPhoneSimulator26.5.sdk/System/Library/Frameworks/CoreData.framework/Headers/NSPersistentStore.h:30:12: note: class 'NSPersistentStore' does not conform to the 'Sendable' protocol
@interface NSPersistentStore : NSObject {
           ^
/Users/runner/work/familienplaner/familienplaner/Sources/Persistence/HouseholdRemoval.swift:2:1: warning: add '@preconcurrency' to suppress 'Sendable'-related warnings from module 'CoreData'
import CoreData
^
@preconcurrency 

SwiftCompile normal arm64 /Users/runner/work/familienplaner/familienplaner/Sources/Features/FreeTime/FreeTimeFinder.swift (in target 'Familienplaner' from project 'Familienplaner')
    cd /Users/runner/work/familienplaner/familienplaner
    
/Users/runner/work/familienplaner/familienplaner/Sources/Persistence/HouseholdRemoval.swift:46:78: warning: capture of 'store' with non-Sendable type 'NSPersistentStore' in a '@Sendable' closure
                    container.purgeObjectsAndRecordsInZone(with: zoneID, in: store) { _, error in
                                                                             ^
/Applications/Xcode_26.6.app/Contents/Developer/Platforms/iPhoneSimulator.platform/Developer/SDKs/iPhoneSimulator26.5.sdk/System/Library/Frameworks/CoreData.framework/Headers/NSPersistentStore.h:30:12: note: class 'NSPersistentStore' does not conform to the 'Sendable' protocol
@interface NSPersistentStore : NSObject {
           ^
/Users/runner/work/familienplaner/familienplaner/Sources/Persistence/HouseholdRemoval.swift:2:1: warning: add '@preconcurrency' to suppress 'Sendable'-related warnings from module 'CoreData'
import CoreData
^
@preconcurrency 

SwiftCompile normal arm64 /Users/runner/work/familienplaner/familienplaner/Sources/Features/FreeTime/FreeTimeScreen.swift (in target 'Familienplaner' from project 'Familienplaner')
    cd /Users/runner/work/familienplaner/familienplaner
    
/Users/runner/work/familienplaner/familienplaner/Sources/Persistence/HouseholdRemoval.swift:46:78: warning: capture of 'store' with non-Sendable type 'NSPersistentStore' in a '@Sendable' closure
                    container.purgeObjectsAndRecordsInZone(with: zoneID, in: store) { _, error in
                                                                             ^
/Applications/Xcode_26.6.app/Contents/Developer/Platforms/iPhoneSimulator.platform/Developer/SDKs/iPhoneSimulator26.5.sdk/System/Library/Frameworks/CoreData.framework/Headers/NSPersistentStore.h:30:12: note: class 'NSPersistentStore' does not conform to the 'Sendable' protocol
@interface NSPersistentStore : NSObject {
           ^
/Users/runner/work/familienplaner/familienplaner/Sources/Persistence/HouseholdRemoval.swift:2:1: warning: add '@preconcurrency' to suppress 'Sendable'-related warnings from module 'CoreData'
import CoreData
^
@preconcurrency 

SwiftCompile normal arm64 /Users/runner/work/familienplaner/familienplaner/Sources/Suggestions/GermanDateParser.swift (in target 'Familienplaner' from project 'Familienplaner')
    cd /Users/runner/work/familienplaner/familienplaner
    
/Users/runner/work/familienplaner/familienplaner/Sources/Persistence/HouseholdRemoval.swift:46:78: warning: capture of 'store' with non-Sendable type 'NSPersistentStore' in a '@Sendable' closure
                    container.purgeObjectsAndRecordsInZone(with: zoneID, in: store) { _, error in
                                                                             ^
/Applications/Xcode_26.6.app/Contents/Developer/Platforms/iPhoneSimulator.platform/Developer/SDKs/iPhoneSimulator26.5.sdk/System/Library/Frameworks/CoreData.framework/Headers/NSPersistentStore.h:30:12: note: class 'NSPersistentStore' does not conform to the 'Sendable' protocol
@interface NSPersistentStore : NSObject {
           ^
/Users/runner/work/familienplaner/familienplaner/Sources/Persistence/HouseholdRemoval.swift:2:1: warning: add '@preconcurrency' to suppress 'Sendable'-related warnings from module 'CoreData'
import CoreData
^
@preconcurrency 

SwiftCompile normal arm64 /Users/runner/work/familienplaner/familienplaner/Sources/Persistence/HouseholdRemoval.swift (in target 'Familienplaner' from project 'Familienplaner')
    cd /Users/runner/work/familienplaner/familienplaner
    
/Users/runner/work/familienplaner/familienplaner/Sources/Persistence/HouseholdRemoval.swift:46:78: warning: capture of 'store' with non-Sendable type 'NSPersistentStore' in a '@Sendable' closure
                    container.purgeObjectsAndRecordsInZone(with: zoneID, in: store) { _, error in
                                                                             ^
/Applications/Xcode_26.6.app/Contents/Developer/Platforms/iPhoneSimulator.platform/Developer/SDKs/iPhoneSimulator26.5.sdk/System/Library/Frameworks/CoreData.framework/Headers/NSPersistentStore.h:30:12: note: class 'NSPersistentStore' does not conform to the 'Sendable' protocol
@interface NSPersistentStore : NSObject {
           ^
/Users/runner/work/familienplaner/familienplaner/Sources/Persistence/HouseholdRemoval.swift:2:1: warning: add '@preconcurrency' to suppress 'Sendable'-related warnings from module 'CoreData'
import CoreData
^
@preconcurrency 

SwiftCompile normal arm64 /Users/runner/work/familienplaner/familienplaner/Sources/Persistence/HouseholdService.swift (in target 'Familienplaner' from project 'Familienplaner')
    cd /Users/runner/work/familienplaner/familienplaner
    
/Users/runner/work/familienplaner/familienplaner/Sources/Persistence/HouseholdRemoval.swift:46:78: warning: capture of 'store' with non-Sendable type 'NSPersistentStore' in a '@Sendable' closure
                    container.purgeObjectsAndRecordsInZone(with: zoneID, in: store) { _, error in
                                                                             ^
/Applications/Xcode_26.6.app/Contents/Developer/Platforms/iPhoneSimulator.platform/Developer/SDKs/iPhoneSimulator26.5.sdk/System/Library/Frameworks/CoreData.framework/Headers/NSPersistentStore.h:30:12: note: class 'NSPersistentStore' does not conform to the 'Sendable' protocol
@interface NSPersistentStore : NSObject {
           ^
/Users/runner/work/familienplaner/familienplaner/Sources/Persistence/HouseholdRemoval.swift:2:1: warning: add '@preconcurrency' to suppress 'Sendable'-related warnings from module 'CoreData'
import CoreData
^
@preconcurrency 

SwiftCompile normal arm64 /Users/runner/work/familienplaner/familienplaner/Sources/Calendar/ICSExporter.swift (in target 'Familienplaner' from project 'Familienplaner')
    cd /Users/runner/work/familienplaner/familienplaner
    
/Users/runner/work/familienplaner/familienplaner/Sources/Persistence/HouseholdRemoval.swift:46:78: warning: capture of 'store' with non-Sendable type 'NSPersistentStore' in a '@Sendable' closure
                    container.purgeObjectsAndRecordsInZone(with: zoneID, in: store) { _, error in
                                                                             ^
/Applications/Xcode_26.6.app/Contents/Developer/Platforms/iPhoneSimulator.platform/Developer/SDKs/iPhoneSimulator26.5.sdk/System/Library/Frameworks/CoreData.framework/Headers/NSPersistentStore.h:30:12: note: class 'NSPersistentStore' does not conform to the 'Sendable' protocol
@interface NSPersistentStore : NSObject {
           ^
/Users/runner/work/familienplaner/familienplaner/Sources/Persistence/HouseholdRemoval.swift:2:1: warning: add '@preconcurrency' to suppress 'Sendable'-related warnings from module 'CoreData'
import CoreData
^
@preconcurrency 

SwiftCompile normal arm64 /Users/runner/work/familienplaner/familienplaner/Sources/Features/Members/MemberFilterBar.swift (in target 'Familienplaner' from project 'Familienplaner')
    cd /Users/runner/work/familienplaner/familienplaner
    
/Users/runner/work/familienplaner/familienplaner/Sources/Persistence/HouseholdRemoval.swift:46:78: warning: capture of 'store' with non-Sendable type 'NSPersistentStore' in a '@Sendable' closure
                    container.purgeObjectsAndRecordsInZone(with: zoneID, in: store) { _, error in
                                                                             ^
/Applications/Xcode_26.6.app/Contents/Developer/Platforms/iPhoneSimulator.platform/Developer/SDKs/iPhoneSimulator26.5.sdk/System/Library/Frameworks/CoreData.framework/Headers/NSPersistentStore.h:30:12: note: class 'NSPersistentStore' does not conform to the 'Sendable' protocol
@interface NSPersistentStore : NSObject {
           ^
/Users/runner/work/familienplaner/familienplaner/Sources/Persistence/HouseholdRemoval.swift:2:1: warning: add '@preconcurrency' to suppress 'Sendable'-related warnings from module 'CoreData'
import CoreData
^
@preconcurrency 

SwiftDriverJobDiscovery normal arm64 Emitting module for Familienplaner (in target 'Familienplaner' from project 'Familienplaner')

SwiftDriver\ Compilation\ Requirements Familienplaner normal arm64 com.apple.xcode.tools.swift.compiler (in target 'Familienplaner' from project 'Familienplaner')
    cd /Users/runner/work/familienplaner/familienplaner
    builtin-Swift-Compilation-Requirements -- /Applications/Xcode_26.6.app/Contents/Developer/Toolchains/XcodeDefault.xctoolchain/usr/bin/swiftc -module-name Familienplaner -Onone @/Users/runner/Library/Developer/Xcode/DerivedData/Familienplaner-dmcrrzfthkjbwogvslwbznxtcpok/Build/Intermediates.noindex/Familienplaner.build/Debug-iphonesimulator/Familienplaner.build/Objects-normal/arm64/Familienplaner.SwiftFileList -DDEBUG -enable-bare-slash-regex -enable-experimental-feature DebugDescriptionMacro -sdk /Applications/Xcode_26.6.app/Contents/Developer/Platforms/iPhoneSimulator.platform/Developer/SDKs/iPhoneSimulator26.5.sdk -target arm64-apple-ios26.0-simulator -g -module-cache-path /Users/runner/Library/Developer/Xcode/DerivedData/ModuleCache.noindex -Xfrontend -serialize-debugging-options -profile-coverage-mapping -profile-generate -enable-testing -index-store-path /Users/runner/Library/Developer/Xcode/DerivedData/Familienplaner-dmcrrzfthkjbwogvslwbznxtcpok/Index.noindex/DataStore -Xcc -D_LIBCPP_HARDENING_MODE\=_LIBCPP_HARDENING_MODE_DEBUG -swift-version 5 -I /Users/runner/Library/Developer/Xcode/DerivedData/Familienplaner-dmcrrzfthkjbwogvslwbznxtcpok/Build/Products/Debug-iphonesimulator -F /Users/runner/Library/Developer/Xcode/DerivedData/Familienplaner-dmcrrzfthkjbwogvslwbznxtcpok/Build/Products/Debug-iphonesimulator -c -j3 -enable-batch-mode -incremental -Xcc -ivfsstatcache -Xcc /Users/runner/Library/Developer/Xcode/DerivedData/SDKStatCaches.noindex/iphonesimulator26.5-23F81a-688ef53f1462e2c8f657fdc38a81448ff45c64a1807a658693f2a61704f17a36.sdkstatcache -output-file-map /Users/runner/Library/Developer/Xcode/DerivedData/Familienplaner-dmcrrzfthkjbwogvslwbznxtcpok/Build/Intermediates.noindex/Familienplaner.build/Debug-iphonesimulator/Familienplaner.build/Objects-normal/arm64/Familienplaner-OutputFileMap.json -use-frontend-parseable-output -save-temps -no-color-diagnostics -explicit-module-build -module-cache-path /Users/runner/Library/Developer/Xcode/DerivedData/Familienplaner-dmcrrzfthkjbwogvslwbznxtcpok/Build/Intermediates.noindex/SwiftExplicitPrecompiledModules -clang-scanner-module-cache-path /Users/runner/Library/Developer/Xcode/DerivedData/ModuleCache.noindex -sdk-module-cache-path /Users/runner/Library/Developer/Xcode/DerivedData/ModuleCache.noindex -serialize-diagnostics -emit-dependencies -emit-module -emit-module-path /Users/runner/Library/Developer/Xcode/DerivedData/Familienplaner-dmcrrzfthkjbwogvslwbznxtcpok/Build/Intermediates.noindex/Familienplaner.build/Debug-iphonesimulator/Familienplaner.build/Objects-normal/arm64/Familienplaner.swiftmodule -validate-clang-modules-once -clang-build-session-file /Users/runner/Library/Developer/Xcode/DerivedData/ModuleCache.noindex/Session.modulevalidation -Xcc -I/Users/runner/Library/Developer/Xcode/DerivedData/Familienplaner-dmcrrzfthkjbwogvslwbznxtcpok/Build/Intermediates.noindex/Familienplaner.build/Debug-iphonesimulator/Familienplaner.build/swift-overrides.hmap -emit-const-values -Xfrontend -const-gather-protocols-file -Xfrontend /Users/runner/Library/Developer/Xcode/DerivedData/Familienplaner-dmcrrzfthkjbwogvslwbznxtcpok/Build/Intermediates.noindex/Familienplaner.build/Debug-iphonesimulator/Familienplaner.build/Objects-normal/arm64/Familienplaner_const_extract_protocols.json -Xcc -iquote -Xcc /Users/runner/Library/Developer/Xcode/DerivedData/Familienplaner-dmcrrzfthkjbwogvslwbznxtcpok/Build/Intermediates.noindex/Familienplaner.build/Debug-iphonesimulator/Familienplaner.build/Familienplaner-generated-files.hmap -Xcc -I/Users/runner/Library/Developer/Xcode/DerivedData/Familienplaner-dmcrrzfthkjbwogvslwbznxtcpok/Build/Intermediates.noindex/Familienplaner.build/Debug-iphonesimulator/Familienplaner.build/Familienplaner-own-target-headers.hmap -Xcc -I/Users/runner/Library/Developer/Xcode/DerivedData/Familienplaner-dmcrrzfthkjbwogvslwbznxtcpok/Build/Intermediates.noindex/Familienplaner.build/Debug-iphonesimulator/Familienplaner.build/Familienplaner-all-target-headers.hmap -Xcc -iquote -Xcc /Users/runner/Library/Developer/Xcode/DerivedData/Familienplaner-dmcrrzfthkjbwogvslwbznxtcpok/Build/Intermediates.noindex/Familienplaner.build/Debug-iphonesimulator/Familienplaner.build/Familienplaner-project-headers.hmap -Xcc -I/Users/runner/Library/Developer/Xcode/DerivedData/Familienplaner-dmcrrzfthkjbwogvslwbznxtcpok/Build/Products/Debug-iphonesimulator/include -Xcc -I/Users/runner/Library/Developer/Xcode/DerivedData/Familienplaner-dmcrrzfthkjbwogvslwbznxtcpok/Build/Intermediates.noindex/Familienplaner.build/Debug-iphonesimulator/Familienplaner.build/DerivedSources-normal/arm64 -Xcc -I/Users/runner/Library/Developer/Xcode/DerivedData/Familienplaner-dmcrrzfthkjbwogvslwbznxtcpok/Build/Intermediates.noindex/Familienplaner.build/Debug-iphonesimulator/Familienplaner.build/DerivedSources/arm64 -Xcc -I/Users/runner/Library/Developer/Xcode/DerivedData/Familienplaner-dmcrrzfthkjbwogvslwbznxtcpok/Build/Intermediates.noindex/Familienplaner.build/Debug-iphonesimulator/Familienplaner.build/DerivedSources -Xcc -DDEBUG\=1 -emit-objc-header -emit-objc-header-path /Users/runner/Library/Developer/Xcode/DerivedData/Familienplaner-dmcrrzfthkjbwogvslwbznxtcpok/Build/Intermediates.noindex/Familienplaner.build/Debug-iphonesimulator/Familienplaner.build/Objects-normal/arm64/Familienplaner-Swift.h -working-directory /Users/runner/work/familienplaner/familienplaner -experimental-emit-module-separately -disable-cmo

SwiftDriverJobDiscovery normal arm64 Compiling WeekTimelineView.swift, WidgetBridge.swift, CDHousehold+CoreDataClass.swift, CDHousehold+CoreDataProperties.swift, CDMember+CoreDataClass.swift, CDMember+CoreDataProperties.swift, CDEvent+CoreDataClass.swift, CDEvent+CoreDataProperties.swift, CDEventParticipation+CoreDataClass.swift, CDEventParticipation+CoreDataProperties.swift, CDTag+CoreDataClass.swift, CDTag+CoreDataProperties.swift, CDSuggestionDraft+CoreDataClass.swift, CDSuggestionDraft+CoreDataProperties.swift, CDCalendarSource+CoreDataClass.swift, CDCalendarSource+CoreDataProperties.swift, CDLocalEventMirror+CoreDataClass.swift, CDLocalEventMirror+CoreDataProperties.swift, CDDeviceRegistration+CoreDataClass.swift, CDDeviceRegistration+CoreDataProperties.swift, Familienplaner+CoreDataModel.swift, GeneratedAssetSymbols.swift (in target 'Familienplaner' from project 'Familienplaner')

SwiftMergeGeneratedHeaders /Users/runner/Library/Developer/Xcode/DerivedData/Familienplaner-dmcrrzfthkjbwogvslwbznxtcpok/Build/Intermediates.noindex/Familienplaner.build/Debug-iphonesimulator/Familienplaner.build/DerivedSources/Familienplaner-Swift.h /Users/runner/Library/Developer/Xcode/DerivedData/Familienplaner-dmcrrzfthkjbwogvslwbznxtcpok/Build/Intermediates.noindex/Familienplaner.build/Debug-iphonesimulator/Familienplaner.build/Objects-normal/arm64/Familienplaner-Swift.h (in target 'Familienplaner' from project 'Familienplaner')
    cd /Users/runner/work/familienplaner/familienplaner
    builtin-swiftHeaderTool -arch arm64 /Users/runner/Library/Developer/Xcode/DerivedData/Familienplaner-dmcrrzfthkjbwogvslwbznxtcpok/Build/Intermediates.noindex/Familienplaner.build/Debug-iphonesimulator/Familienplaner.build/Objects-normal/arm64/Familienplaner-Swift.h -o /Users/runner/Library/Developer/Xcode/DerivedData/Familienplaner-dmcrrzfthkjbwogvslwbznxtcpok/Build/Intermediates.noindex/Familienplaner.build/Debug-iphonesimulator/Familienplaner.build/DerivedSources/Familienplaner-Swift.h

Copy /Users/runner/Library/Developer/Xcode/DerivedData/Familienplaner-dmcrrzfthkjbwogvslwbznxtcpok/Build/Products/Debug-iphonesimulator/Familienplaner.swiftmodule/arm64-apple-ios-simulator.swiftmodule /Users/runner/Library/Developer/Xcode/DerivedData/Familienplaner-dmcrrzfthkjbwogvslwbznxtcpok/Build/Intermediates.noindex/Familienplaner.build/Debug-iphonesimulator/Familienplaner.build/Objects-normal/arm64/Familienplaner.swiftmodule (in target 'Familienplaner' from project 'Familienplaner')
    cd /Users/runner/work/familienplaner/familienplaner
    builtin-copy -exclude .DS_Store -exclude CVS -exclude .svn -exclude .git -exclude .hg -resolve-src-symlinks -rename /Users/runner/Library/Developer/Xcode/DerivedData/Familienplaner-dmcrrzfthkjbwogvslwbznxtcpok/Build/Intermediates.noindex/Familienplaner.build/Debug-iphonesimulator/Familienplaner.build/Objects-normal/arm64/Familienplaner.swiftmodule /Users/runner/Library/Developer/Xcode/DerivedData/Familienplaner-dmcrrzfthkjbwogvslwbznxtcpok/Build/Products/Debug-iphonesimulator/Familienplaner.swiftmodule/arm64-apple-ios-simulator.swiftmodule

Copy /Users/runner/Library/Developer/Xcode/DerivedData/Familienplaner-dmcrrzfthkjbwogvslwbznxtcpok/Build/Products/Debug-iphonesimulator/Familienplaner.swiftmodule/arm64-apple-ios-simulator.swiftdoc /Users/runner/Library/Developer/Xcode/DerivedData/Familienplaner-dmcrrzfthkjbwogvslwbznxtcpok/Build/Intermediates.noindex/Familienplaner.build/Debug-iphonesimulator/Familienplaner.build/Objects-normal/arm64/Familienplaner.swiftdoc (in target 'Familienplaner' from project 'Familienplaner')
    cd /Users/runner/work/familienplaner/familienplaner
    builtin-copy -exclude .DS_Store -exclude CVS -exclude .svn -exclude .git -exclude .hg -resolve-src-symlinks -rename /Users/runner/Library/Developer/Xcode/DerivedData/Familienplaner-dmcrrzfthkjbwogvslwbznxtcpok/Build/Intermediates.noindex/Familienplaner.build/Debug-iphonesimulator/Familienplaner.build/Objects-normal/arm64/Familienplaner.swiftdoc /Users/runner/Library/Developer/Xcode/DerivedData/Familienplaner-dmcrrzfthkjbwogvslwbznxtcpok/Build/Products/Debug-iphonesimulator/Familienplaner.swiftmodule/arm64-apple-ios-simulator.swiftdoc

Copy /Users/runner/Library/Developer/Xcode/DerivedData/Familienplaner-dmcrrzfthkjbwogvslwbznxtcpok/Build/Products/Debug-iphonesimulator/Familienplaner.swiftmodule/arm64-apple-ios-simulator.abi.json /Users/runner/Library/Developer/Xcode/DerivedData/Familienplaner-dmcrrzfthkjbwogvslwbznxtcpok/Build/Intermediates.noindex/Familienplaner.build/Debug-iphonesimulator/Familienplaner.build/Objects-normal/arm64/Familienplaner.abi.json (in target 'Familienplaner' from project 'Familienplaner')
    cd /Users/runner/work/familienplaner/familienplaner
    builtin-copy -exclude .DS_Store -exclude CVS -exclude .svn -exclude .git -exclude .hg -resolve-src-symlinks -rename /Users/runner/Library/Developer/Xcode/DerivedData/Familienplaner-dmcrrzfthkjbwogvslwbznxtcpok/Build/Intermediates.noindex/Familienplaner.build/Debug-iphonesimulator/Familienplaner.build/Objects-normal/arm64/Familienplaner.abi.json /Users/runner/Library/Developer/Xcode/DerivedData/Familienplaner-dmcrrzfthkjbwogvslwbznxtcpok/Build/Products/Debug-iphonesimulator/Familienplaner.swiftmodule/arm64-apple-ios-simulator.abi.json

Copy /Users/runner/Library/Developer/Xcode/DerivedData/Familienplaner-dmcrrzfthkjbwogvslwbznxtcpok/Build/Products/Debug-iphonesimulator/Familienplaner.swiftmodule/Project/arm64-apple-ios-simulator.swiftsourceinfo /Users/runner/Library/Developer/Xcode/DerivedData/Familienplaner-dmcrrzfthkjbwogvslwbznxtcpok/Build/Intermediates.noindex/Familienplaner.build/Debug-iphonesimulator/Familienplaner.build/Objects-normal/arm64/Familienplaner.swiftsourceinfo (in target 'Familienplaner' from project 'Familienplaner')
    cd /Users/runner/work/familienplaner/familienplaner
    builtin-copy -exclude .DS_Store -exclude CVS -exclude .svn -exclude .git -exclude .hg -resolve-src-symlinks -rename /Users/runner/Library/Developer/Xcode/DerivedData/Familienplaner-dmcrrzfthkjbwogvslwbznxtcpok/Build/Intermediates.noindex/Familienplaner.build/Debug-iphonesimulator/Familienplaner.build/Objects-normal/arm64/Familienplaner.swiftsourceinfo /Users/runner/Library/Developer/Xcode/DerivedData/Familienplaner-dmcrrzfthkjbwogvslwbznxtcpok/Build/Products/Debug-iphonesimulator/Familienplaner.swiftmodule/Project/arm64-apple-ios-simulator.swiftsourceinfo

SwiftDriver FamilienplanerUITests normal arm64 com.apple.xcode.tools.swift.compiler (in target 'FamilienplanerUITests' from project 'Familienplaner')
    cd /Users/runner/work/familienplaner/familienplaner
    builtin-SwiftDriver -- /Applications/Xcode_26.6.app/Contents/Developer/Toolchains/XcodeDefault.xctoolchain/usr/bin/swiftc -module-name FamilienplanerUITests -Onone @/Users/runner/Library/Developer/Xcode/DerivedData/Familienplaner-dmcrrzfthkjbwogvslwbznxtcpok/Build/Intermediates.noindex/Familienplaner.build/Debug-iphonesimulator/FamilienplanerUITests.build/Objects-normal/arm64/FamilienplanerUITests.SwiftFileList -DDEBUG -module-alias Testing\=_Testing_Unavailable -plugin-path /Applications/Xcode_26.6.app/Contents/Developer/Toolchains/XcodeDefault.xctoolchain/usr/lib/swift/host/plugins/testing -enable-bare-slash-regex -enable-experimental-feature DebugDescriptionMacro -sdk /Applications/Xcode_26.6.app/Contents/Developer/Platforms/iPhoneSimulator.platform/Developer/SDKs/iPhoneSimulator26.5.sdk -target arm64-apple-ios26.0-simulator -g -module-cache-path /Users/runner/Library/Developer/Xcode/DerivedData/ModuleCache.noindex -Xfrontend -serialize-debugging-options -profile-coverage-mapping -profile-generate -enable-testing -index-store-path /Users/runner/Library/Developer/Xcode/DerivedData/Familienplaner-dmcrrzfthkjbwogvslwbznxtcpok/Index.noindex/DataStore -Xcc -D_LIBCPP_HARDENING_MODE\=_LIBCPP_HARDENING_MODE_DEBUG -swift-version 5 -I /Users/runner/Library/Developer/Xcode/DerivedData/Familienplaner-dmcrrzfthkjbwogvslwbznxtcpok/Build/Products/Debug-iphonesimulator -Isystem /Applications/Xcode_26.6.app/Contents/Developer/Platforms/iPhoneSimulator.platform/Developer/usr/lib -F /Users/runner/Library/Developer/Xcode/DerivedData/Familienplaner-dmcrrzfthkjbwogvslwbznxtcpok/Build/Products/Debug-iphonesimulator -F /Applications/Xcode_26.6.app/Contents/Developer/Platforms/iPhoneSimulator.platform/Developer/Library/Frameworks -F /Applications/Xcode_26.6.app/Contents/Developer/Platforms/iPhoneSimulator.platform/Developer/SDKs/iPhoneSimulator26.5.sdk/Developer/Library/Frameworks -c -j3 -enable-batch-mode -incremental -Xcc -ivfsstatcache -Xcc /Users/runner/Library/Developer/Xcode/DerivedData/SDKStatCaches.noindex/iphonesimulator26.5-23F81a-688ef53f1462e2c8f657fdc38a81448ff45c64a1807a658693f2a61704f17a36.sdkstatcache -output-file-map /Users/runner/Library/Developer/Xcode/DerivedData/Familienplaner-dmcrrzfthkjbwogvslwbznxtcpok/Build/Intermediates.noindex/Familienplaner.build/Debug-iphonesimulator/FamilienplanerUITests.build/Objects-normal/arm64/FamilienplanerUITests-OutputFileMap.json -use-frontend-parseable-output -save-temps -no-color-diagnostics -explicit-module-build -module-cache-path /Users/runner/Library/Developer/Xcode/DerivedData/Familienplaner-dmcrrzfthkjbwogvslwbznxtcpok/Build/Intermediates.noindex/SwiftExplicitPrecompiledModules -clang-scanner-module-cache-path /Users/runner/Library/Developer/Xcode/DerivedData/ModuleCache.noindex -sdk-module-cache-path /Users/runner/Library/Developer/Xcode/DerivedData/ModuleCache.noindex -serialize-diagnostics -emit-dependencies -emit-module -emit-module-path /Users/runner/Library/Developer/Xcode/DerivedData/Familienplaner-dmcrrzfthkjbwogvslwbznxtcpok/Build/Intermediates.noindex/Familienplaner.build/Debug-iphonesimulator/FamilienplanerUITests.build/Objects-normal/arm64/FamilienplanerUITests.swiftmodule -validate-clang-modules-once -clang-build-session-file /Users/runner/Library/Developer/Xcode/DerivedData/ModuleCache.noindex/Session.modulevalidation -Xcc -I/Users/runner/Library/Developer/Xcode/DerivedData/Familienplaner-dmcrrzfthkjbwogvslwbznxtcpok/Build/Intermediates.noindex/Familienplaner.build/Debug-iphonesimulator/FamilienplanerUITests.build/swift-overrides.hmap -emit-const-values -Xfrontend -const-gather-protocols-file -Xfrontend /Users/runner/Library/Developer/Xcode/DerivedData/Familienplaner-dmcrrzfthkjbwogvslwbznxtcpok/Build/Intermediates.noindex/Familienplaner.build/Debug-iphonesimulator/FamilienplanerUITests.build/Objects-normal/arm64/FamilienplanerUITests_const_extract_protocols.json -Xcc -iquote -Xcc /Users/runner/Library/Developer/Xcode/DerivedData/Familienplaner-dmcrrzfthkjbwogvslwbznxtcpok/Build/Intermediates.noindex/Familienplaner.build/Debug-iphonesimulator/FamilienplanerUITests.build/FamilienplanerUITests-generated-files.hmap -Xcc -I/Users/runner/Library/Developer/Xcode/DerivedData/Familienplaner-dmcrrzfthkjbwogvslwbznxtcpok/Build/Intermediates.noindex/Familienplaner.build/Debug-iphonesimulator/FamilienplanerUITests.build/FamilienplanerUITests-own-target-headers.hmap -Xcc -I/Users/runner/Library/Developer/Xcode/DerivedData/Familienplaner-dmcrrzfthkjbwogvslwbznxtcpok/Build/Intermediates.noindex/Familienplaner.build/Debug-iphonesimulator/FamilienplanerUITests.build/FamilienplanerUITests-all-target-headers.hmap -Xcc -iquote -Xcc /Users/runner/Library/Developer/Xcode/DerivedData/Familienplaner-dmcrrzfthkjbwogvslwbznxtcpok/Build/Intermediates.noindex/Familienplaner.build/Debug-iphonesimulator/FamilienplanerUITests.build/FamilienplanerUITests-project-headers.hmap -Xcc -I/Users/runner/Library/Developer/Xcode/DerivedData/Familienplaner-dmcrrzfthkjbwogvslwbznxtcpok/Build/Products/Debug-iphonesimulator/include -Xcc -I/Users/runner/Library/Developer/Xcode/DerivedData/Familienplaner-dmcrrzfthkjbwogvslwbznxtcpok/Build/Intermediates.noindex/Familienplaner.build/Debug-iphonesimulator/FamilienplanerUITests.build/DerivedSources-normal/arm64 -Xcc -I/Users/runner/Library/Developer/Xcode/DerivedData/Familienplaner-dmcrrzfthkjbwogvslwbznxtcpok/Build/Intermediates.noindex/Familienplaner.build/Debug-iphonesimulator/FamilienplanerUITests.build/DerivedSources/arm64 -Xcc -I/Users/runner/Library/Developer/Xcode/DerivedData/Familienplaner-dmcrrzfthkjbwogvslwbznxtcpok/Build/Intermediates.noindex/Familienplaner.build/Debug-iphonesimulator/FamilienplanerUITests.build/DerivedSources -Xcc -DDEBUG\=1 -emit-objc-header -emit-objc-header-path /Users/runner/Library/Developer/Xcode/DerivedData/Familienplaner-dmcrrzfthkjbwogvslwbznxtcpok/Build/Intermediates.noindex/Familienplaner.build/Debug-iphonesimulator/FamilienplanerUITests.build/Objects-normal/arm64/FamilienplanerUITests-Swift.h -working-directory /Users/runner/work/familienplaner/familienplaner -experimental-emit-module-separately -disable-cmo

SwiftExplicitDependencyGeneratePcm arm64 /Users/runner/Library/Developer/Xcode/DerivedData/Familienplaner-dmcrrzfthkjbwogvslwbznxtcpok/Build/Intermediates.noindex/SwiftExplicitPrecompiledModules/XCUIAutomation-2Q0KJO8O76O5DE5HMPKXRQBJK.pcm

SwiftDriver FamilienplanerTests normal arm64 com.apple.xcode.tools.swift.compiler (in target 'FamilienplanerTests' from project 'Familienplaner')
    cd /Users/runner/work/familienplaner/familienplaner
    builtin-SwiftDriver -- /Applications/Xcode_26.6.app/Contents/Developer/Toolchains/XcodeDefault.xctoolchain/usr/bin/swiftc -module-name FamilienplanerTests -Onone @/Users/runner/Library/Developer/Xcode/DerivedData/Familienplaner-dmcrrzfthkjbwogvslwbznxtcpok/Build/Intermediates.noindex/Familienplaner.build/Debug-iphonesimulator/FamilienplanerTests.build/Objects-normal/arm64/FamilienplanerTests.SwiftFileList -DDEBUG -plugin-path /Applications/Xcode_26.6.app/Contents/Developer/Toolchains/XcodeDefault.xctoolchain/usr/lib/swift/host/plugins/testing -enable-bare-slash-regex -enable-experimental-feature DebugDescriptionMacro -sdk /Applications/Xcode_26.6.app/Contents/Developer/Platforms/iPhoneSimulator.platform/Developer/SDKs/iPhoneSimulator26.5.sdk -target arm64-apple-ios26.0-simulator -g -module-cache-path /Users/runner/Library/Developer/Xcode/DerivedData/ModuleCache.noindex -Xfrontend -serialize-debugging-options -profile-coverage-mapping -profile-generate -enable-testing -index-store-path /Users/runner/Library/Developer/Xcode/DerivedData/Familienplaner-dmcrrzfthkjbwogvslwbznxtcpok/Index.noindex/DataStore -Xcc -D_LIBCPP_HARDENING_MODE\=_LIBCPP_HARDENING_MODE_DEBUG -swift-version 5 -I /Users/runner/Library/Developer/Xcode/DerivedData/Familienplaner-dmcrrzfthkjbwogvslwbznxtcpok/Build/Products/Debug-iphonesimulator -Isystem /Applications/Xcode_26.6.app/Contents/Developer/Platforms/iPhoneSimulator.platform/Developer/usr/lib -F /Users/runner/Library/Developer/Xcode/DerivedData/Familienplaner-dmcrrzfthkjbwogvslwbznxtcpok/Build/Products/Debug-iphonesimulator -F /Applications/Xcode_26.6.app/Contents/Developer/Platforms/iPhoneSimulator.platform/Developer/Library/Frameworks -F /Applications/Xcode_26.6.app/Contents/Developer/Platforms/iPhoneSimulator.platform/Developer/SDKs/iPhoneSimulator26.5.sdk/Developer/Library/Frameworks -c -j3 -enable-batch-mode -incremental -Xcc -ivfsstatcache -Xcc /Users/runner/Library/Developer/Xcode/DerivedData/SDKStatCaches.noindex/iphonesimulator26.5-23F81a-688ef53f1462e2c8f657fdc38a81448ff45c64a1807a658693f2a61704f17a36.sdkstatcache -output-file-map /Users/runner/Library/Developer/Xcode/DerivedData/Familienplaner-dmcrrzfthkjbwogvslwbznxtcpok/Build/Intermediates.noindex/Familienplaner.build/Debug-iphonesimulator/FamilienplanerTests.build/Objects-normal/arm64/FamilienplanerTests-OutputFileMap.json -use-frontend-parseable-output -save-temps -no-color-diagnostics -explicit-module-build -module-cache-path /Users/runner/Library/Developer/Xcode/DerivedData/Familienplaner-dmcrrzfthkjbwogvslwbznxtcpok/Build/Intermediates.noindex/SwiftExplicitPrecompiledModules -clang-scanner-module-cache-path /Users/runner/Library/Developer/Xcode/DerivedData/ModuleCache.noindex -sdk-module-cache-path /Users/runner/Library/Developer/Xcode/DerivedData/ModuleCache.noindex -serialize-diagnostics -emit-dependencies -emit-module -emit-module-path /Users/runner/Library/Developer/Xcode/DerivedData/Familienplaner-dmcrrzfthkjbwogvslwbznxtcpok/Build/Intermediates.noindex/Familienplaner.build/Debug-iphonesimulator/FamilienplanerTests.build/Objects-normal/arm64/FamilienplanerTests.swiftmodule -validate-clang-modules-once -clang-build-session-file /Users/runner/Library/Developer/Xcode/DerivedData/ModuleCache.noindex/Session.modulevalidation -Xcc -I/Users/runner/Library/Developer/Xcode/DerivedData/Familienplaner-dmcrrzfthkjbwogvslwbznxtcpok/Build/Intermediates.noindex/Familienplaner.build/Debug-iphonesimulator/FamilienplanerTests.build/swift-overrides.hmap -emit-const-values -Xfrontend -const-gather-protocols-file -Xfrontend /Users/runner/Library/Developer/Xcode/DerivedData/Familienplaner-dmcrrzfthkjbwogvslwbznxtcpok/Build/Intermediates.noindex/Familienplaner.build/Debug-iphonesimulator/FamilienplanerTests.build/Objects-normal/arm64/FamilienplanerTests_const_extract_protocols.json -Xcc -iquote -Xcc /Users/runner/Library/Developer/Xcode/DerivedData/Familienplaner-dmcrrzfthkjbwogvslwbznxtcpok/Build/Intermediates.noindex/Familienplaner.build/Debug-iphonesimulator/FamilienplanerTests.build/FamilienplanerTests-generated-files.hmap -Xcc -I/Users/runner/Library/Developer/Xcode/DerivedData/Familienplaner-dmcrrzfthkjbwogvslwbznxtcpok/Build/Intermediates.noindex/Familienplaner.build/Debug-iphonesimulator/FamilienplanerTests.build/FamilienplanerTests-own-target-headers.hmap -Xcc -I/Users/runner/Library/Developer/Xcode/DerivedData/Familienplaner-dmcrrzfthkjbwogvslwbznxtcpok/Build/Intermediates.noindex/Familienplaner.build/Debug-iphonesimulator/FamilienplanerTests.build/FamilienplanerTests-all-target-headers.hmap -Xcc -iquote -Xcc /Users/runner/Library/Developer/Xcode/DerivedData/Familienplaner-dmcrrzfthkjbwogvslwbznxtcpok/Build/Intermediates.noindex/Familienplaner.build/Debug-iphonesimulator/FamilienplanerTests.build/FamilienplanerTests-project-headers.hmap -Xcc -I/Users/runner/Library/Developer/Xcode/DerivedData/Familienplaner-dmcrrzfthkjbwogvslwbznxtcpok/Build/Products/Debug-iphonesimulator/include -Xcc -I/Users/runner/Library/Developer/Xcode/DerivedData/Familienplaner-dmcrrzfthkjbwogvslwbznxtcpok/Build/Intermediates.noindex/Familienplaner.build/Debug-iphonesimulator/FamilienplanerTests.build/DerivedSources-normal/arm64 -Xcc -I/Users/runner/Library/Developer/Xcode/DerivedData/Familienplaner-dmcrrzfthkjbwogvslwbznxtcpok/Build/Intermediates.noindex/Familienplaner.build/Debug-iphonesimulator/FamilienplanerTests.build/DerivedSources/arm64 -Xcc -I/Users/runner/Library/Developer/Xcode/DerivedData/Familienplaner-dmcrrzfthkjbwogvslwbznxtcpok/Build/Intermediates.noindex/Familienplaner.build/Debug-iphonesimulator/FamilienplanerTests.build/DerivedSources -Xcc -DDEBUG\=1 -emit-objc-header -emit-objc-header-path /Users/runner/Library/Developer/Xcode/DerivedData/Familienplaner-dmcrrzfthkjbwogvslwbznxtcpok/Build/Intermediates.noindex/Familienplaner.build/Debug-iphonesimulator/FamilienplanerTests.build/Objects-normal/arm64/FamilienplanerTests-Swift.h -working-directory /Users/runner/work/familienplaner/familienplaner -experimental-emit-module-separately -disable-cmo

SwiftExplicitDependencyCompileModuleFromInterface arm64 /Users/runner/Library/Developer/Xcode/DerivedData/Familienplaner-dmcrrzfthkjbwogvslwbznxtcpok/Build/Intermediates.noindex/SwiftExplicitPrecompiledModules/XCUIAutomation-24EPCEIWA6XV9.swiftmodule

SwiftExplicitDependencyGeneratePcm arm64 /Users/runner/Library/Developer/Xcode/DerivedData/Familienplaner-dmcrrzfthkjbwogvslwbznxtcpok/Build/Intermediates.noindex/SwiftExplicitPrecompiledModules/XCTest-87J9AXTK6PK68TK931WVNCWLI.pcm

SwiftExplicitDependencyCompileModuleFromInterface arm64 /Users/runner/Library/Developer/Xcode/DerivedData/Familienplaner-dmcrrzfthkjbwogvslwbznxtcpok/Build/Intermediates.noindex/SwiftExplicitPrecompiledModules/XCTest-21Y7XXRRV4FNB.swiftmodule

SwiftEmitModule normal arm64 Emitting\ module\ for\ FamilienplanerUITests (in target 'FamilienplanerUITests' from project 'Familienplaner')

EmitSwiftModule normal arm64 (in target 'FamilienplanerUITests' from project 'Familienplaner')
    cd /Users/runner/work/familienplaner/familienplaner
    

SwiftEmitModule normal arm64 Emitting\ module\ for\ FamilienplanerTests (in target 'FamilienplanerTests' from project 'Familienplaner')

EmitSwiftModule normal arm64 (in target 'FamilienplanerTests' from project 'Familienplaner')
    cd /Users/runner/work/familienplaner/familienplaner
    

SwiftDriverJobDiscovery normal arm64 Emitting module for FamilienplanerUITests (in target 'FamilienplanerUITests' from project 'Familienplaner')

SwiftDriver\ Compilation\ Requirements FamilienplanerUITests normal arm64 com.apple.xcode.tools.swift.compiler (in target 'FamilienplanerUITests' from project 'Familienplaner')
    cd /Users/runner/work/familienplaner/familienplaner
    builtin-Swift-Compilation-Requirements -- /Applications/Xcode_26.6.app/Contents/Developer/Toolchains/XcodeDefault.xctoolchain/usr/bin/swiftc -module-name FamilienplanerUITests -Onone @/Users/runner/Library/Developer/Xcode/DerivedData/Familienplaner-dmcrrzfthkjbwogvslwbznxtcpok/Build/Intermediates.noindex/Familienplaner.build/Debug-iphonesimulator/FamilienplanerUITests.build/Objects-normal/arm64/FamilienplanerUITests.SwiftFileList -DDEBUG -module-alias Testing\=_Testing_Unavailable -plugin-path /Applications/Xcode_26.6.app/Contents/Developer/Toolchains/XcodeDefault.xctoolchain/usr/lib/swift/host/plugins/testing -enable-bare-slash-regex -enable-experimental-feature DebugDescriptionMacro -sdk /Applications/Xcode_26.6.app/Contents/Developer/Platforms/iPhoneSimulator.platform/Developer/SDKs/iPhoneSimulator26.5.sdk -target arm64-apple-ios26.0-simulator -g -module-cache-path /Users/runner/Library/Developer/Xcode/DerivedData/ModuleCache.noindex -Xfrontend -serialize-debugging-options -profile-coverage-mapping -profile-generate -enable-testing -index-store-path /Users/runner/Library/Developer/Xcode/DerivedData/Familienplaner-dmcrrzfthkjbwogvslwbznxtcpok/Index.noindex/DataStore -Xcc -D_LIBCPP_HARDENING_MODE\=_LIBCPP_HARDENING_MODE_DEBUG -swift-version 5 -I /Users/runner/Library/Developer/Xcode/DerivedData/Familienplaner-dmcrrzfthkjbwogvslwbznxtcpok/Build/Products/Debug-iphonesimulator -Isystem /Applications/Xcode_26.6.app/Contents/Developer/Platforms/iPhoneSimulator.platform/Developer/usr/lib -F /Users/runner/Library/Developer/Xcode/DerivedData/Familienplaner-dmcrrzfthkjbwogvslwbznxtcpok/Build/Products/Debug-iphonesimulator -F /Applications/Xcode_26.6.app/Contents/Developer/Platforms/iPhoneSimulator.platform/Developer/Library/Frameworks -F /Applications/Xcode_26.6.app/Contents/Developer/Platforms/iPhoneSimulator.platform/Developer/SDKs/iPhoneSimulator26.5.sdk/Developer/Library/Frameworks -c -j3 -enable-batch-mode -incremental -Xcc -ivfsstatcache -Xcc /Users/runner/Library/Developer/Xcode/DerivedData/SDKStatCaches.noindex/iphonesimulator26.5-23F81a-688ef53f1462e2c8f657fdc38a81448ff45c64a1807a658693f2a61704f17a36.sdkstatcache -output-file-map /Users/runner/Library/Developer/Xcode/DerivedData/Familienplaner-dmcrrzfthkjbwogvslwbznxtcpok/Build/Intermediates.noindex/Familienplaner.build/Debug-iphonesimulator/FamilienplanerUITests.build/Objects-normal/arm64/FamilienplanerUITests-OutputFileMap.json -use-frontend-parseable-output -save-temps -no-color-diagnostics -explicit-module-build -module-cache-path /Users/runner/Library/Developer/Xcode/DerivedData/Familienplaner-dmcrrzfthkjbwogvslwbznxtcpok/Build/Intermediates.noindex/SwiftExplicitPrecompiledModules -clang-scanner-module-cache-path /Users/runner/Library/Developer/Xcode/DerivedData/ModuleCache.noindex -sdk-module-cache-path /Users/runner/Library/Developer/Xcode/DerivedData/ModuleCache.noindex -serialize-diagnostics -emit-dependencies -emit-module -emit-module-path /Users/runner/Library/Developer/Xcode/DerivedData/Familienplaner-dmcrrzfthkjbwogvslwbznxtcpok/Build/Intermediates.noindex/Familienplaner.build/Debug-iphonesimulator/FamilienplanerUITests.build/Objects-normal/arm64/FamilienplanerUITests.swiftmodule -validate-clang-modules-once -clang-build-session-file /Users/runner/Library/Developer/Xcode/DerivedData/ModuleCache.noindex/Session.modulevalidation -Xcc -I/Users/runner/Library/Developer/Xcode/DerivedData/Familienplaner-dmcrrzfthkjbwogvslwbznxtcpok/Build/Intermediates.noindex/Familienplaner.build/Debug-iphonesimulator/FamilienplanerUITests.build/swift-overrides.hmap -emit-const-values -Xfrontend -const-gather-protocols-file -Xfrontend /Users/runner/Library/Developer/Xcode/DerivedData/Familienplaner-dmcrrzfthkjbwogvslwbznxtcpok/Build/Intermediates.noindex/Familienplaner.build/Debug-iphonesimulator/FamilienplanerUITests.build/Objects-normal/arm64/FamilienplanerUITests_const_extract_protocols.json -Xcc -iquote -Xcc /Users/runner/Library/Developer/Xcode/DerivedData/Familienplaner-dmcrrzfthkjbwogvslwbznxtcpok/Build/Intermediates.noindex/Familienplaner.build/Debug-iphonesimulator/FamilienplanerUITests.build/FamilienplanerUITests-generated-files.hmap -Xcc -I/Users/runner/Library/Developer/Xcode/DerivedData/Familienplaner-dmcrrzfthkjbwogvslwbznxtcpok/Build/Intermediates.noindex/Familienplaner.build/Debug-iphonesimulator/FamilienplanerUITests.build/FamilienplanerUITests-own-target-headers.hmap -Xcc -I/Users/runner/Library/Developer/Xcode/DerivedData/Familienplaner-dmcrrzfthkjbwogvslwbznxtcpok/Build/Intermediates.noindex/Familienplaner.build/Debug-iphonesimulator/FamilienplanerUITests.build/FamilienplanerUITests-all-target-headers.hmap -Xcc -iquote -Xcc /Users/runner/Library/Developer/Xcode/DerivedData/Familienplaner-dmcrrzfthkjbwogvslwbznxtcpok/Build/Intermediates.noindex/Familienplaner.build/Debug-iphonesimulator/FamilienplanerUITests.build/FamilienplanerUITests-project-headers.hmap -Xcc -I/Users/runner/Library/Developer/Xcode/DerivedData/Familienplaner-dmcrrzfthkjbwogvslwbznxtcpok/Build/Products/Debug-iphonesimulator/include -Xcc -I/Users/runner/Library/Developer/Xcode/DerivedData/Familienplaner-dmcrrzfthkjbwogvslwbznxtcpok/Build/Intermediates.noindex/Familienplaner.build/Debug-iphonesimulator/FamilienplanerUITests.build/DerivedSources-normal/arm64 -Xcc -I/Users/runner/Library/Developer/Xcode/DerivedData/Familienplaner-dmcrrzfthkjbwogvslwbznxtcpok/Build/Intermediates.noindex/Familienplaner.build/Debug-iphonesimulator/FamilienplanerUITests.build/DerivedSources/arm64 -Xcc -I/Users/runner/Library/Developer/Xcode/DerivedData/Familienplaner-dmcrrzfthkjbwogvslwbznxtcpok/Build/Intermediates.noindex/Familienplaner.build/Debug-iphonesimulator/FamilienplanerUITests.build/DerivedSources -Xcc -DDEBUG\=1 -emit-objc-header -emit-objc-header-path /Users/runner/Library/Developer/Xcode/DerivedData/Familienplaner-dmcrrzfthkjbwogvslwbznxtcpok/Build/Intermediates.noindex/Familienplaner.build/Debug-iphonesimulator/FamilienplanerUITests.build/Objects-normal/arm64/FamilienplanerUITests-Swift.h -working-directory /Users/runner/work/familienplaner/familienplaner -experimental-emit-module-separately -disable-cmo

SwiftDriverJobDiscovery normal arm64 Emitting module for FamilienplanerTests (in target 'FamilienplanerTests' from project 'Familienplaner')

SwiftDriver\ Compilation\ Requirements FamilienplanerTests normal arm64 com.apple.xcode.tools.swift.compiler (in target 'FamilienplanerTests' from project 'Familienplaner')
    cd /Users/runner/work/familienplaner/familienplaner
    builtin-Swift-Compilation-Requirements -- /Applications/Xcode_26.6.app/Contents/Developer/Toolchains/XcodeDefault.xctoolchain/usr/bin/swiftc -module-name FamilienplanerTests -Onone @/Users/runner/Library/Developer/Xcode/DerivedData/Familienplaner-dmcrrzfthkjbwogvslwbznxtcpok/Build/Intermediates.noindex/Familienplaner.build/Debug-iphonesimulator/FamilienplanerTests.build/Objects-normal/arm64/FamilienplanerTests.SwiftFileList -DDEBUG -plugin-path /Applications/Xcode_26.6.app/Contents/Developer/Toolchains/XcodeDefault.xctoolchain/usr/lib/swift/host/plugins/testing -enable-bare-slash-regex -enable-experimental-feature DebugDescriptionMacro -sdk /Applications/Xcode_26.6.app/Contents/Developer/Platforms/iPhoneSimulator.platform/Developer/SDKs/iPhoneSimulator26.5.sdk -target arm64-apple-ios26.0-simulator -g -module-cache-path /Users/runner/Library/Developer/Xcode/DerivedData/ModuleCache.noindex -Xfrontend -serialize-debugging-options -profile-coverage-mapping -profile-generate -enable-testing -index-store-path /Users/runner/Library/Developer/Xcode/DerivedData/Familienplaner-dmcrrzfthkjbwogvslwbznxtcpok/Index.noindex/DataStore -Xcc -D_LIBCPP_HARDENING_MODE\=_LIBCPP_HARDENING_MODE_DEBUG -swift-version 5 -I /Users/runner/Library/Developer/Xcode/DerivedData/Familienplaner-dmcrrzfthkjbwogvslwbznxtcpok/Build/Products/Debug-iphonesimulator -Isystem /Applications/Xcode_26.6.app/Contents/Developer/Platforms/iPhoneSimulator.platform/Developer/usr/lib -F /Users/runner/Library/Developer/Xcode/DerivedData/Familienplaner-dmcrrzfthkjbwogvslwbznxtcpok/Build/Products/Debug-iphonesimulator -F /Applications/Xcode_26.6.app/Contents/Developer/Platforms/iPhoneSimulator.platform/Developer/Library/Frameworks -F /Applications/Xcode_26.6.app/Contents/Developer/Platforms/iPhoneSimulator.platform/Developer/SDKs/iPhoneSimulator26.5.sdk/Developer/Library/Frameworks -c -j3 -enable-batch-mode -incremental -Xcc -ivfsstatcache -Xcc /Users/runner/Library/Developer/Xcode/DerivedData/SDKStatCaches.noindex/iphonesimulator26.5-23F81a-688ef53f1462e2c8f657fdc38a81448ff45c64a1807a658693f2a61704f17a36.sdkstatcache -output-file-map /Users/runner/Library/Developer/Xcode/DerivedData/Familienplaner-dmcrrzfthkjbwogvslwbznxtcpok/Build/Intermediates.noindex/Familienplaner.build/Debug-iphonesimulator/FamilienplanerTests.build/Objects-normal/arm64/FamilienplanerTests-OutputFileMap.json -use-frontend-parseable-output -save-temps -no-color-diagnostics -explicit-module-build -module-cache-path /Users/runner/Library/Developer/Xcode/DerivedData/Familienplaner-dmcrrzfthkjbwogvslwbznxtcpok/Build/Intermediates.noindex/SwiftExplicitPrecompiledModules -clang-scanner-module-cache-path /Users/runner/Library/Developer/Xcode/DerivedData/ModuleCache.noindex -sdk-module-cache-path /Users/runner/Library/Developer/Xcode/DerivedData/ModuleCache.noindex -serialize-diagnostics -emit-dependencies -emit-module -emit-module-path /Users/runner/Library/Developer/Xcode/DerivedData/Familienplaner-dmcrrzfthkjbwogvslwbznxtcpok/Build/Intermediates.noindex/Familienplaner.build/Debug-iphonesimulator/FamilienplanerTests.build/Objects-normal/arm64/FamilienplanerTests.swiftmodule -validate-clang-modules-once -clang-build-session-file /Users/runner/Library/Developer/Xcode/DerivedData/ModuleCache.noindex/Session.modulevalidation -Xcc -I/Users/runner/Library/Developer/Xcode/DerivedData/Familienplaner-dmcrrzfthkjbwogvslwbznxtcpok/Build/Intermediates.noindex/Familienplaner.build/Debug-iphonesimulator/FamilienplanerTests.build/swift-overrides.hmap -emit-const-values -Xfrontend -const-gather-protocols-file -Xfrontend /Users/runner/Library/Developer/Xcode/DerivedData/Familienplaner-dmcrrzfthkjbwogvslwbznxtcpok/Build/Intermediates.noindex/Familienplaner.build/Debug-iphonesimulator/FamilienplanerTests.build/Objects-normal/arm64/FamilienplanerTests_const_extract_protocols.json -Xcc -iquote -Xcc /Users/runner/Library/Developer/Xcode/DerivedData/Familienplaner-dmcrrzfthkjbwogvslwbznxtcpok/Build/Intermediates.noindex/Familienplaner.build/Debug-iphonesimulator/FamilienplanerTests.build/FamilienplanerTests-generated-files.hmap -Xcc -I/Users/runner/Library/Developer/Xcode/DerivedData/Familienplaner-dmcrrzfthkjbwogvslwbznxtcpok/Build/Intermediates.noindex/Familienplaner.build/Debug-iphonesimulator/FamilienplanerTests.build/FamilienplanerTests-own-target-headers.hmap -Xcc -I/Users/runner/Library/Developer/Xcode/DerivedData/Familienplaner-dmcrrzfthkjbwogvslwbznxtcpok/Build/Intermediates.noindex/Familienplaner.build/Debug-iphonesimulator/FamilienplanerTests.build/FamilienplanerTests-all-target-headers.hmap -Xcc -iquote -Xcc /Users/runner/Library/Developer/Xcode/DerivedData/Familienplaner-dmcrrzfthkjbwogvslwbznxtcpok/Build/Intermediates.noindex/Familienplaner.build/Debug-iphonesimulator/FamilienplanerTests.build/FamilienplanerTests-project-headers.hmap -Xcc -I/Users/runner/Library/Developer/Xcode/DerivedData/Familienplaner-dmcrrzfthkjbwogvslwbznxtcpok/Build/Products/Debug-iphonesimulator/include -Xcc -I/Users/runner/Library/Developer/Xcode/DerivedData/Familienplaner-dmcrrzfthkjbwogvslwbznxtcpok/Build/Intermediates.noindex/Familienplaner.build/Debug-iphonesimulator/FamilienplanerTests.build/DerivedSources-normal/arm64 -Xcc -I/Users/runner/Library/Developer/Xcode/DerivedData/Familienplaner-dmcrrzfthkjbwogvslwbznxtcpok/Build/Intermediates.noindex/Familienplaner.build/Debug-iphonesimulator/FamilienplanerTests.build/DerivedSources/arm64 -Xcc -I/Users/runner/Library/Developer/Xcode/DerivedData/Familienplaner-dmcrrzfthkjbwogvslwbznxtcpok/Build/Intermediates.noindex/Familienplaner.build/Debug-iphonesimulator/FamilienplanerTests.build/DerivedSources -Xcc -DDEBUG\=1 -emit-objc-header -emit-objc-header-path /Users/runner/Library/Developer/Xcode/DerivedData/Familienplaner-dmcrrzfthkjbwogvslwbznxtcpok/Build/Intermediates.noindex/Familienplaner.build/Debug-iphonesimulator/FamilienplanerTests.build/Objects-normal/arm64/FamilienplanerTests-Swift.h -working-directory /Users/runner/work/familienplaner/familienplaner -experimental-emit-module-separately -disable-cmo

SwiftMergeGeneratedHeaders /Users/runner/Library/Developer/Xcode/DerivedData/Familienplaner-dmcrrzfthkjbwogvslwbznxtcpok/Build/Intermediates.noindex/Familienplaner.build/Debug-iphonesimulator/FamilienplanerUITests.build/DerivedSources/FamilienplanerUITests-Swift.h /Users/runner/Library/Developer/Xcode/DerivedData/Familienplaner-dmcrrzfthkjbwogvslwbznxtcpok/Build/Intermediates.noindex/Familienplaner.build/Debug-iphonesimulator/FamilienplanerUITests.build/Objects-normal/arm64/FamilienplanerUITests-Swift.h (in target 'FamilienplanerUITests' from project 'Familienplaner')
    cd /Users/runner/work/familienplaner/familienplaner
    builtin-swiftHeaderTool -arch arm64 /Users/runner/Library/Developer/Xcode/DerivedData/Familienplaner-dmcrrzfthkjbwogvslwbznxtcpok/Build/Intermediates.noindex/Familienplaner.build/Debug-iphonesimulator/FamilienplanerUITests.build/Objects-normal/arm64/FamilienplanerUITests-Swift.h -o /Users/runner/Library/Developer/Xcode/DerivedData/Familienplaner-dmcrrzfthkjbwogvslwbznxtcpok/Build/Intermediates.noindex/Familienplaner.build/Debug-iphonesimulator/FamilienplanerUITests.build/DerivedSources/FamilienplanerUITests-Swift.h

Copy /Users/runner/Library/Developer/Xcode/DerivedData/Familienplaner-dmcrrzfthkjbwogvslwbznxtcpok/Build/Products/Debug-iphonesimulator/FamilienplanerUITests.swiftmodule/arm64-apple-ios-simulator.swiftmodule /Users/runner/Library/Developer/Xcode/DerivedData/Familienplaner-dmcrrzfthkjbwogvslwbznxtcpok/Build/Intermediates.noindex/Familienplaner.build/Debug-iphonesimulator/FamilienplanerUITests.build/Objects-normal/arm64/FamilienplanerUITests.swiftmodule (in target 'FamilienplanerUITests' from project 'Familienplaner')
    cd /Users/runner/work/familienplaner/familienplaner
    builtin-copy -exclude .DS_Store -exclude CVS -exclude .svn -exclude .git -exclude .hg -resolve-src-symlinks -rename /Users/runner/Library/Developer/Xcode/DerivedData/Familienplaner-dmcrrzfthkjbwogvslwbznxtcpok/Build/Intermediates.noindex/Familienplaner.build/Debug-iphonesimulator/FamilienplanerUITests.build/Objects-normal/arm64/FamilienplanerUITests.swiftmodule /Users/runner/Library/Developer/Xcode/DerivedData/Familienplaner-dmcrrzfthkjbwogvslwbznxtcpok/Build/Products/Debug-iphonesimulator/FamilienplanerUITests.swiftmodule/arm64-apple-ios-simulator.swiftmodule

Copy /Users/runner/Library/Developer/Xcode/DerivedData/Familienplaner-dmcrrzfthkjbwogvslwbznxtcpok/Build/Products/Debug-iphonesimulator/FamilienplanerUITests.swiftmodule/arm64-apple-ios-simulator.swiftdoc /Users/runner/Library/Developer/Xcode/DerivedData/Familienplaner-dmcrrzfthkjbwogvslwbznxtcpok/Build/Intermediates.noindex/Familienplaner.build/Debug-iphonesimulator/FamilienplanerUITests.build/Objects-normal/arm64/FamilienplanerUITests.swiftdoc (in target 'FamilienplanerUITests' from project 'Familienplaner')
    cd /Users/runner/work/familienplaner/familienplaner
    builtin-copy -exclude .DS_Store -exclude CVS -exclude .svn -exclude .git -exclude .hg -resolve-src-symlinks -rename /Users/runner/Library/Developer/Xcode/DerivedData/Familienplaner-dmcrrzfthkjbwogvslwbznxtcpok/Build/Intermediates.noindex/Familienplaner.build/Debug-iphonesimulator/FamilienplanerUITests.build/Objects-normal/arm64/FamilienplanerUITests.swiftdoc /Users/runner/Library/Developer/Xcode/DerivedData/Familienplaner-dmcrrzfthkjbwogvslwbznxtcpok/Build/Products/Debug-iphonesimulator/FamilienplanerUITests.swiftmodule/arm64-apple-ios-simulator.swiftdoc

Copy /Users/runner/Library/Developer/Xcode/DerivedData/Familienplaner-dmcrrzfthkjbwogvslwbznxtcpok/Build/Products/Debug-iphonesimulator/FamilienplanerUITests.swiftmodule/arm64-apple-ios-simulator.abi.json /Users/runner/Library/Developer/Xcode/DerivedData/Familienplaner-dmcrrzfthkjbwogvslwbznxtcpok/Build/Intermediates.noindex/Familienplaner.build/Debug-iphonesimulator/FamilienplanerUITests.build/Objects-normal/arm64/FamilienplanerUITests.abi.json (in target 'FamilienplanerUITests' from project 'Familienplaner')
    cd /Users/runner/work/familienplaner/familienplaner
    builtin-copy -exclude .DS_Store -exclude CVS -exclude .svn -exclude .git -exclude .hg -resolve-src-symlinks -rename /Users/runner/Library/Developer/Xcode/DerivedData/Familienplaner-dmcrrzfthkjbwogvslwbznxtcpok/Build/Intermediates.noindex/Familienplaner.build/Debug-iphonesimulator/FamilienplanerUITests.build/Objects-normal/arm64/FamilienplanerUITests.abi.json /Users/runner/Library/Developer/Xcode/DerivedData/Familienplaner-dmcrrzfthkjbwogvslwbznxtcpok/Build/Products/Debug-iphonesimulator/FamilienplanerUITests.swiftmodule/arm64-apple-ios-simulator.abi.json

Copy /Users/runner/Library/Developer/Xcode/DerivedData/Familienplaner-dmcrrzfthkjbwogvslwbznxtcpok/Build/Products/Debug-iphonesimulator/FamilienplanerUITests.swiftmodule/Project/arm64-apple-ios-simulator.swiftsourceinfo /Users/runner/Library/Developer/Xcode/DerivedData/Familienplaner-dmcrrzfthkjbwogvslwbznxtcpok/Build/Intermediates.noindex/Familienplaner.build/Debug-iphonesimulator/FamilienplanerUITests.build/Objects-normal/arm64/FamilienplanerUITests.swiftsourceinfo (in target 'FamilienplanerUITests' from project 'Familienplaner')
    cd /Users/runner/work/familienplaner/familienplaner
    builtin-copy -exclude .DS_Store -exclude CVS -exclude .svn -exclude .git -exclude .hg -resolve-src-symlinks -rename /Users/runner/Library/Developer/Xcode/DerivedData/Familienplaner-dmcrrzfthkjbwogvslwbznxtcpok/Build/Intermediates.noindex/Familienplaner.build/Debug-iphonesimulator/FamilienplanerUITests.build/Objects-normal/arm64/FamilienplanerUITests.swiftsourceinfo /Users/runner/Library/Developer/Xcode/DerivedData/Familienplaner-dmcrrzfthkjbwogvslwbznxtcpok/Build/Products/Debug-iphonesimulator/FamilienplanerUITests.swiftmodule/Project/arm64-apple-ios-simulator.swiftsourceinfo

SwiftMergeGeneratedHeaders /Users/runner/Library/Developer/Xcode/DerivedData/Familienplaner-dmcrrzfthkjbwogvslwbznxtcpok/Build/Intermediates.noindex/Familienplaner.build/Debug-iphonesimulator/FamilienplanerTests.build/DerivedSources/FamilienplanerTests-Swift.h /Users/runner/Library/Developer/Xcode/DerivedData/Familienplaner-dmcrrzfthkjbwogvslwbznxtcpok/Build/Intermediates.noindex/Familienplaner.build/Debug-iphonesimulator/FamilienplanerTests.build/Objects-normal/arm64/FamilienplanerTests-Swift.h (in target 'FamilienplanerTests' from project 'Familienplaner')
    cd /Users/runner/work/familienplaner/familienplaner
    builtin-swiftHeaderTool -arch arm64 /Users/runner/Library/Developer/Xcode/DerivedData/Familienplaner-dmcrrzfthkjbwogvslwbznxtcpok/Build/Intermediates.noindex/Familienplaner.build/Debug-iphonesimulator/FamilienplanerTests.build/Objects-normal/arm64/FamilienplanerTests-Swift.h -o /Users/runner/Library/Developer/Xcode/DerivedData/Familienplaner-dmcrrzfthkjbwogvslwbznxtcpok/Build/Intermediates.noindex/Familienplaner.build/Debug-iphonesimulator/FamilienplanerTests.build/DerivedSources/FamilienplanerTests-Swift.h

Copy /Users/runner/Library/Developer/Xcode/DerivedData/Familienplaner-dmcrrzfthkjbwogvslwbznxtcpok/Build/Products/Debug-iphonesimulator/FamilienplanerTests.swiftmodule/arm64-apple-ios-simulator.swiftmodule /Users/runner/Library/Developer/Xcode/DerivedData/Familienplaner-dmcrrzfthkjbwogvslwbznxtcpok/Build/Intermediates.noindex/Familienplaner.build/Debug-iphonesimulator/FamilienplanerTests.build/Objects-normal/arm64/FamilienplanerTests.swiftmodule (in target 'FamilienplanerTests' from project 'Familienplaner')
    cd /Users/runner/work/familienplaner/familienplaner
    builtin-copy -exclude .DS_Store -exclude CVS -exclude .svn -exclude .git -exclude .hg -resolve-src-symlinks -rename /Users/runner/Library/Developer/Xcode/DerivedData/Familienplaner-dmcrrzfthkjbwogvslwbznxtcpok/Build/Intermediates.noindex/Familienplaner.build/Debug-iphonesimulator/FamilienplanerTests.build/Objects-normal/arm64/FamilienplanerTests.swiftmodule /Users/runner/Library/Developer/Xcode/DerivedData/Familienplaner-dmcrrzfthkjbwogvslwbznxtcpok/Build/Products/Debug-iphonesimulator/FamilienplanerTests.swiftmodule/arm64-apple-ios-simulator.swiftmodule

Copy /Users/runner/Library/Developer/Xcode/DerivedData/Familienplaner-dmcrrzfthkjbwogvslwbznxtcpok/Build/Products/Debug-iphonesimulator/FamilienplanerTests.swiftmodule/arm64-apple-ios-simulator.swiftdoc /Users/runner/Library/Developer/Xcode/DerivedData/Familienplaner-dmcrrzfthkjbwogvslwbznxtcpok/Build/Intermediates.noindex/Familienplaner.build/Debug-iphonesimulator/FamilienplanerTests.build/Objects-normal/arm64/FamilienplanerTests.swiftdoc (in target 'FamilienplanerTests' from project 'Familienplaner')
    cd /Users/runner/work/familienplaner/familienplaner
    builtin-copy -exclude .DS_Store -exclude CVS -exclude .svn -exclude .git -exclude .hg -resolve-src-symlinks -rename /Users/runner/Library/Developer/Xcode/DerivedData/Familienplaner-dmcrrzfthkjbwogvslwbznxtcpok/Build/Intermediates.noindex/Familienplaner.build/Debug-iphonesimulator/FamilienplanerTests.build/Objects-normal/arm64/FamilienplanerTests.swiftdoc /Users/runner/Library/Developer/Xcode/DerivedData/Familienplaner-dmcrrzfthkjbwogvslwbznxtcpok/Build/Products/Debug-iphonesimulator/FamilienplanerTests.swiftmodule/arm64-apple-ios-simulator.swiftdoc

Copy /Users/runner/Library/Developer/Xcode/DerivedData/Familienplaner-dmcrrzfthkjbwogvslwbznxtcpok/Build/Products/Debug-iphonesimulator/FamilienplanerTests.swiftmodule/arm64-apple-ios-simulator.abi.json /Users/runner/Library/Developer/Xcode/DerivedData/Familienplaner-dmcrrzfthkjbwogvslwbznxtcpok/Build/Intermediates.noindex/Familienplaner.build/Debug-iphonesimulator/FamilienplanerTests.build/Objects-normal/arm64/FamilienplanerTests.abi.json (in target 'FamilienplanerTests' from project 'Familienplaner')
    cd /Users/runner/work/familienplaner/familienplaner
    builtin-copy -exclude .DS_Store -exclude CVS -exclude .svn -exclude .git -exclude .hg -resolve-src-symlinks -rename /Users/runner/Library/Developer/Xcode/DerivedData/Familienplaner-dmcrrzfthkjbwogvslwbznxtcpok/Build/Intermediates.noindex/Familienplaner.build/Debug-iphonesimulator/FamilienplanerTests.build/Objects-normal/arm64/FamilienplanerTests.abi.json /Users/runner/Library/Developer/Xcode/DerivedData/Familienplaner-dmcrrzfthkjbwogvslwbznxtcpok/Build/Products/Debug-iphonesimulator/FamilienplanerTests.swiftmodule/arm64-apple-ios-simulator.abi.json

Copy /Users/runner/Library/Developer/Xcode/DerivedData/Familienplaner-dmcrrzfthkjbwogvslwbznxtcpok/Build/Products/Debug-iphonesimulator/FamilienplanerTests.swiftmodule/Project/arm64-apple-ios-simulator.swiftsourceinfo /Users/runner/Library/Developer/Xcode/DerivedData/Familienplaner-dmcrrzfthkjbwogvslwbznxtcpok/Build/Intermediates.noindex/Familienplaner.build/Debug-iphonesimulator/FamilienplanerTests.build/Objects-normal/arm64/FamilienplanerTests.swiftsourceinfo (in target 'FamilienplanerTests' from project 'Familienplaner')
    cd /Users/runner/work/familienplaner/familienplaner
    builtin-copy -exclude .DS_Store -exclude CVS -exclude .svn -exclude .git -exclude .hg -resolve-src-symlinks -rename /Users/runner/Library/Developer/Xcode/DerivedData/Familienplaner-dmcrrzfthkjbwogvslwbznxtcpok/Build/Intermediates.noindex/Familienplaner.build/Debug-iphonesimulator/FamilienplanerTests.build/Objects-normal/arm64/FamilienplanerTests.swiftsourceinfo /Users/runner/Library/Developer/Xcode/DerivedData/Familienplaner-dmcrrzfthkjbwogvslwbznxtcpok/Build/Products/Debug-iphonesimulator/FamilienplanerTests.swiftmodule/Project/arm64-apple-ios-simulator.swiftsourceinfo

SwiftCompile normal arm64 Compiling\ EndToEndTests.swift,\ ScreenshotTests.swift /Users/runner/work/familienplaner/familienplaner/Tests/FamilienplanerUITests/EndToEndTests.swift /Users/runner/work/familienplaner/familienplaner/Tests/FamilienplanerUITests/ScreenshotTests.swift (in target 'FamilienplanerUITests' from project 'Familienplaner')

SwiftCompile normal arm64 /Users/runner/work/familienplaner/familienplaner/Tests/FamilienplanerUITests/EndToEndTests.swift (in target 'FamilienplanerUITests' from project 'Familienplaner')
    cd /Users/runner/work/familienplaner/familienplaner
    

SwiftCompile normal arm64 /Users/runner/work/familienplaner/familienplaner/Tests/FamilienplanerUITests/ScreenshotTests.swift (in target 'FamilienplanerUITests' from project 'Familienplaner')
    cd /Users/runner/work/familienplaner/familienplaner
    

SwiftCompile normal arm64 Compiling\ UITestSupport.swift /Users/runner/work/familienplaner/familienplaner/Tests/FamilienplanerUITests/UITestSupport.swift (in target 'FamilienplanerUITests' from project 'Familienplaner')

SwiftCompile normal arm64 /Users/runner/work/familienplaner/familienplaner/Tests/FamilienplanerUITests/UITestSupport.swift (in target 'FamilienplanerUITests' from project 'Familienplaner')
    cd /Users/runner/work/familienplaner/familienplaner
    

SwiftDriverJobDiscovery normal arm64 Compiling EndToEndTests.swift, ScreenshotTests.swift (in target 'FamilienplanerUITests' from project 'Familienplaner')

SwiftCompile normal arm64 Compiling\ SmokeTests.swift /Users/runner/work/familienplaner/familienplaner/Tests/FamilienplanerUITests/SmokeTests.swift (in target 'FamilienplanerUITests' from project 'Familienplaner')

SwiftCompile normal arm64 /Users/runner/work/familienplaner/familienplaner/Tests/FamilienplanerUITests/SmokeTests.swift (in target 'FamilienplanerUITests' from project 'Familienplaner')
    cd /Users/runner/work/familienplaner/familienplaner
    

SwiftDriverJobDiscovery normal arm64 Compiling UITestSupport.swift (in target 'FamilienplanerUITests' from project 'Familienplaner')

SwiftCompile normal arm64 Compiling\ FreeTimeTests.swift,\ GermanDateParserTests.swift,\ HouseholdServiceTests.swift,\ PerformanceTests.swift,\ PresentationTests.swift /Users/runner/work/familienplaner/familienplaner/Tests/FamilienplanerTests/FreeTimeTests.swift /Users/runner/work/familienplaner/familienplaner/Tests/FamilienplanerTests/GermanDateParserTests.swift /Users/runner/work/familienplaner/familienplaner/Tests/FamilienplanerTests/HouseholdServiceTests.swift /Users/runner/work/familienplaner/familienplaner/Tests/FamilienplanerTests/PerformanceTests.swift /Users/runner/work/familienplaner/familienplaner/Tests/FamilienplanerTests/PresentationTests.swift (in target 'FamilienplanerTests' from project 'Familienplaner')

SwiftCompile normal arm64 /Users/runner/work/familienplaner/familienplaner/Tests/FamilienplanerTests/FreeTimeTests.swift (in target 'FamilienplanerTests' from project 'Familienplaner')
    cd /Users/runner/work/familienplaner/familienplaner
    

SwiftCompile normal arm64 /Users/runner/work/familienplaner/familienplaner/Tests/FamilienplanerTests/GermanDateParserTests.swift (in target 'FamilienplanerTests' from project 'Familienplaner')
    cd /Users/runner/work/familienplaner/familienplaner
    

SwiftCompile normal arm64 /Users/runner/work/familienplaner/familienplaner/Tests/FamilienplanerTests/HouseholdServiceTests.swift (in target 'FamilienplanerTests' from project 'Familienplaner')
    cd /Users/runner/work/familienplaner/familienplaner
    

SwiftCompile normal arm64 /Users/runner/work/familienplaner/familienplaner/Tests/FamilienplanerTests/PerformanceTests.swift (in target 'FamilienplanerTests' from project 'Familienplaner')
    cd /Users/runner/work/familienplaner/familienplaner
    

SwiftCompile normal arm64 /Users/runner/work/familienplaner/familienplaner/Tests/FamilienplanerTests/PresentationTests.swift (in target 'FamilienplanerTests' from project 'Familienplaner')
    cd /Users/runner/work/familienplaner/familienplaner
    

SwiftDriverJobDiscovery normal arm64 Compiling SmokeTests.swift (in target 'FamilienplanerUITests' from project 'Familienplaner')

SwiftDriver\ Compilation FamilienplanerUITests normal arm64 com.apple.xcode.tools.swift.compiler (in target 'FamilienplanerUITests' from project 'Familienplaner')
    cd /Users/runner/work/familienplaner/familienplaner
    builtin-Swift-Compilation -- /Applications/Xcode_26.6.app/Contents/Developer/Toolchains/XcodeDefault.xctoolchain/usr/bin/swiftc -module-name FamilienplanerUITests -Onone @/Users/runner/Library/Developer/Xcode/DerivedData/Familienplaner-dmcrrzfthkjbwogvslwbznxtcpok/Build/Intermediates.noindex/Familienplaner.build/Debug-iphonesimulator/FamilienplanerUITests.build/Objects-normal/arm64/FamilienplanerUITests.SwiftFileList -DDEBUG -module-alias Testing\=_Testing_Unavailable -plugin-path /Applications/Xcode_26.6.app/Contents/Developer/Toolchains/XcodeDefault.xctoolchain/usr/lib/swift/host/plugins/testing -enable-bare-slash-regex -enable-experimental-feature DebugDescriptionMacro -sdk /Applications/Xcode_26.6.app/Contents/Developer/Platforms/iPhoneSimulator.platform/Developer/SDKs/iPhoneSimulator26.5.sdk -target arm64-apple-ios26.0-simulator -g -module-cache-path /Users/runner/Library/Developer/Xcode/DerivedData/ModuleCache.noindex -Xfrontend -serialize-debugging-options -profile-coverage-mapping -profile-generate -enable-testing -index-store-path /Users/runner/Library/Developer/Xcode/DerivedData/Familienplaner-dmcrrzfthkjbwogvslwbznxtcpok/Index.noindex/DataStore -Xcc -D_LIBCPP_HARDENING_MODE\=_LIBCPP_HARDENING_MODE_DEBUG -swift-version 5 -I /Users/runner/Library/Developer/Xcode/DerivedData/Familienplaner-dmcrrzfthkjbwogvslwbznxtcpok/Build/Products/Debug-iphonesimulator -Isystem /Applications/Xcode_26.6.app/Contents/Developer/Platforms/iPhoneSimulator.platform/Developer/usr/lib -F /Users/runner/Library/Developer/Xcode/DerivedData/Familienplaner-dmcrrzfthkjbwogvslwbznxtcpok/Build/Products/Debug-iphonesimulator -F /Applications/Xcode_26.6.app/Contents/Developer/Platforms/iPhoneSimulator.platform/Developer/Library/Frameworks -F /Applications/Xcode_26.6.app/Contents/Developer/Platforms/iPhoneSimulator.platform/Developer/SDKs/iPhoneSimulator26.5.sdk/Developer/Library/Frameworks -c -j3 -enable-batch-mode -incremental -Xcc -ivfsstatcache -Xcc /Users/runner/Library/Developer/Xcode/DerivedData/SDKStatCaches.noindex/iphonesimulator26.5-23F81a-688ef53f1462e2c8f657fdc38a81448ff45c64a1807a658693f2a61704f17a36.sdkstatcache -output-file-map /Users/runner/Library/Developer/Xcode/DerivedData/Familienplaner-dmcrrzfthkjbwogvslwbznxtcpok/Build/Intermediates.noindex/Familienplaner.build/Debug-iphonesimulator/FamilienplanerUITests.build/Objects-normal/arm64/FamilienplanerUITests-OutputFileMap.json -use-frontend-parseable-output -save-temps -no-color-diagnostics -explicit-module-build -module-cache-path /Users/runner/Library/Developer/Xcode/DerivedData/Familienplaner-dmcrrzfthkjbwogvslwbznxtcpok/Build/Intermediates.noindex/SwiftExplicitPrecompiledModules -clang-scanner-module-cache-path /Users/runner/Library/Developer/Xcode/DerivedData/ModuleCache.noindex -sdk-module-cache-path /Users/runner/Library/Developer/Xcode/DerivedData/ModuleCache.noindex -serialize-diagnostics -emit-dependencies -emit-module -emit-module-path /Users/runner/Library/Developer/Xcode/DerivedData/Familienplaner-dmcrrzfthkjbwogvslwbznxtcpok/Build/Intermediates.noindex/Familienplaner.build/Debug-iphonesimulator/FamilienplanerUITests.build/Objects-normal/arm64/FamilienplanerUITests.swiftmodule -validate-clang-modules-once -clang-build-session-file /Users/runner/Library/Developer/Xcode/DerivedData/ModuleCache.noindex/Session.modulevalidation -Xcc -I/Users/runner/Library/Developer/Xcode/DerivedData/Familienplaner-dmcrrzfthkjbwogvslwbznxtcpok/Build/Intermediates.noindex/Familienplaner.build/Debug-iphonesimulator/FamilienplanerUITests.build/swift-overrides.hmap -emit-const-values -Xfrontend -const-gather-protocols-file -Xfrontend /Users/runner/Library/Developer/Xcode/DerivedData/Familienplaner-dmcrrzfthkjbwogvslwbznxtcpok/Build/Intermediates.noindex/Familienplaner.build/Debug-iphonesimulator/FamilienplanerUITests.build/Objects-normal/arm64/FamilienplanerUITests_const_extract_protocols.json -Xcc -iquote -Xcc /Users/runner/Library/Developer/Xcode/DerivedData/Familienplaner-dmcrrzfthkjbwogvslwbznxtcpok/Build/Intermediates.noindex/Familienplaner.build/Debug-iphonesimulator/FamilienplanerUITests.build/FamilienplanerUITests-generated-files.hmap -Xcc -I/Users/runner/Library/Developer/Xcode/DerivedData/Familienplaner-dmcrrzfthkjbwogvslwbznxtcpok/Build/Intermediates.noindex/Familienplaner.build/Debug-iphonesimulator/FamilienplanerUITests.build/FamilienplanerUITests-own-target-headers.hmap -Xcc -I/Users/runner/Library/Developer/Xcode/DerivedData/Familienplaner-dmcrrzfthkjbwogvslwbznxtcpok/Build/Intermediates.noindex/Familienplaner.build/Debug-iphonesimulator/FamilienplanerUITests.build/FamilienplanerUITests-all-target-headers.hmap -Xcc -iquote -Xcc /Users/runner/Library/Developer/Xcode/DerivedData/Familienplaner-dmcrrzfthkjbwogvslwbznxtcpok/Build/Intermediates.noindex/Familienplaner.build/Debug-iphonesimulator/FamilienplanerUITests.build/FamilienplanerUITests-project-headers.hmap -Xcc -I/Users/runner/Library/Developer/Xcode/DerivedData/Familienplaner-dmcrrzfthkjbwogvslwbznxtcpok/Build/Products/Debug-iphonesimulator/include -Xcc -I/Users/runner/Library/Developer/Xcode/DerivedData/Familienplaner-dmcrrzfthkjbwogvslwbznxtcpok/Build/Intermediates.noindex/Familienplaner.build/Debug-iphonesimulator/FamilienplanerUITests.build/DerivedSources-normal/arm64 -Xcc -I/Users/runner/Library/Developer/Xcode/DerivedData/Familienplaner-dmcrrzfthkjbwogvslwbznxtcpok/Build/Intermediates.noindex/Familienplaner.build/Debug-iphonesimulator/FamilienplanerUITests.build/DerivedSources/arm64 -Xcc -I/Users/runner/Library/Developer/Xcode/DerivedData/Familienplaner-dmcrrzfthkjbwogvslwbznxtcpok/Build/Intermediates.noindex/Familienplaner.build/Debug-iphonesimulator/FamilienplanerUITests.build/DerivedSources -Xcc -DDEBUG\=1 -emit-objc-header -emit-objc-header-path /Users/runner/Library/Developer/Xcode/DerivedData/Familienplaner-dmcrrzfthkjbwogvslwbznxtcpok/Build/Intermediates.noindex/Familienplaner.build/Debug-iphonesimulator/FamilienplanerUITests.build/Objects-normal/arm64/FamilienplanerUITests-Swift.h -working-directory /Users/runner/work/familienplaner/familienplaner -experimental-emit-module-separately -disable-cmo

SwiftDriverJobDiscovery normal arm64 Compiling FreeTimeTests.swift, GermanDateParserTests.swift, HouseholdServiceTests.swift, PerformanceTests.swift, PresentationTests.swift (in target 'FamilienplanerTests' from project 'Familienplaner')

SwiftCompile normal arm64 Compiling\ SeriesTests.swift,\ SmallUnitsTests.swift,\ SuggestionExtractorTests.swift,\ TimelineHoursTests.swift /Users/runner/work/familienplaner/familienplaner/Tests/FamilienplanerTests/SeriesTests.swift /Users/runner/work/familienplaner/familienplaner/Tests/FamilienplanerTests/SmallUnitsTests.swift /Users/runner/work/familienplaner/familienplaner/Tests/FamilienplanerTests/SuggestionExtractorTests.swift /Users/runner/work/familienplaner/familienplaner/Tests/FamilienplanerTests/TimelineHoursTests.swift (in target 'FamilienplanerTests' from project 'Familienplaner')

SwiftCompile normal arm64 /Users/runner/work/familienplaner/familienplaner/Tests/FamilienplanerTests/SeriesTests.swift (in target 'FamilienplanerTests' from project 'Familienplaner')
    cd /Users/runner/work/familienplaner/familienplaner
    

SwiftCompile normal arm64 /Users/runner/work/familienplaner/familienplaner/Tests/FamilienplanerTests/SmallUnitsTests.swift (in target 'FamilienplanerTests' from project 'Familienplaner')
    cd /Users/runner/work/familienplaner/familienplaner
    

SwiftCompile normal arm64 /Users/runner/work/familienplaner/familienplaner/Tests/FamilienplanerTests/SuggestionExtractorTests.swift (in target 'FamilienplanerTests' from project 'Familienplaner')
    cd /Users/runner/work/familienplaner/familienplaner
    

SwiftCompile normal arm64 /Users/runner/work/familienplaner/familienplaner/Tests/FamilienplanerTests/TimelineHoursTests.swift (in target 'FamilienplanerTests' from project 'Familienplaner')
    cd /Users/runner/work/familienplaner/familienplaner
    

SwiftDriverJobDiscovery normal arm64 Compiling SeriesTests.swift, SmallUnitsTests.swift, SuggestionExtractorTests.swift, TimelineHoursTests.swift (in target 'FamilienplanerTests' from project 'Familienplaner')

SwiftCompile normal arm64 Compiling\ AllDayTests.swift,\ BackupAndSyncTests.swift,\ CalendarExportTests.swift,\ EventServiceTests.swift,\ Fixture.swift /Users/runner/work/familienplaner/familienplaner/Tests/FamilienplanerTests/AllDayTests.swift /Users/runner/work/familienplaner/familienplaner/Tests/FamilienplanerTests/BackupAndSyncTests.swift /Users/runner/work/familienplaner/familienplaner/Tests/FamilienplanerTests/CalendarExportTests.swift /Users/runner/work/familienplaner/familienplaner/Tests/FamilienplanerTests/EventServiceTests.swift /Users/runner/work/familienplaner/familienplaner/Tests/FamilienplanerTests/Fixture.swift (in target 'FamilienplanerTests' from project 'Familienplaner')

SwiftCompile normal arm64 /Users/runner/work/familienplaner/familienplaner/Tests/FamilienplanerTests/AllDayTests.swift (in target 'FamilienplanerTests' from project 'Familienplaner')
    cd /Users/runner/work/familienplaner/familienplaner
    

SwiftCompile normal arm64 /Users/runner/work/familienplaner/familienplaner/Tests/FamilienplanerTests/BackupAndSyncTests.swift (in target 'FamilienplanerTests' from project 'Familienplaner')
    cd /Users/runner/work/familienplaner/familienplaner
    

SwiftCompile normal arm64 /Users/runner/work/familienplaner/familienplaner/Tests/FamilienplanerTests/CalendarExportTests.swift (in target 'FamilienplanerTests' from project 'Familienplaner')
    cd /Users/runner/work/familienplaner/familienplaner
    

SwiftCompile normal arm64 /Users/runner/work/familienplaner/familienplaner/Tests/FamilienplanerTests/EventServiceTests.swift (in target 'FamilienplanerTests' from project 'Familienplaner')
    cd /Users/runner/work/familienplaner/familienplaner
    

SwiftCompile normal arm64 /Users/runner/work/familienplaner/familienplaner/Tests/FamilienplanerTests/Fixture.swift (in target 'FamilienplanerTests' from project 'Familienplaner')
    cd /Users/runner/work/familienplaner/familienplaner
    

SwiftDriverJobDiscovery normal arm64 Compiling AllDayTests.swift, BackupAndSyncTests.swift, CalendarExportTests.swift, EventServiceTests.swift, Fixture.swift (in target 'FamilienplanerTests' from project 'Familienplaner')

SwiftDriver\ Compilation FamilienplanerTests normal arm64 com.apple.xcode.tools.swift.compiler (in target 'FamilienplanerTests' from project 'Familienplaner')
    cd /Users/runner/work/familienplaner/familienplaner
    builtin-Swift-Compilation -- /Applications/Xcode_26.6.app/Contents/Developer/Toolchains/XcodeDefault.xctoolchain/usr/bin/swiftc -module-name FamilienplanerTests -Onone @/Users/runner/Library/Developer/Xcode/DerivedData/Familienplaner-dmcrrzfthkjbwogvslwbznxtcpok/Build/Intermediates.noindex/Familienplaner.build/Debug-iphonesimulator/FamilienplanerTests.build/Objects-normal/arm64/FamilienplanerTests.SwiftFileList -DDEBUG -plugin-path /Applications/Xcode_26.6.app/Contents/Developer/Toolchains/XcodeDefault.xctoolchain/usr/lib/swift/host/plugins/testing -enable-bare-slash-regex -enable-experimental-feature DebugDescriptionMacro -sdk /Applications/Xcode_26.6.app/Contents/Developer/Platforms/iPhoneSimulator.platform/Developer/SDKs/iPhoneSimulator26.5.sdk -target arm64-apple-ios26.0-simulator -g -module-cache-path /Users/runner/Library/Developer/Xcode/DerivedData/ModuleCache.noindex -Xfrontend -serialize-debugging-options -profile-coverage-mapping -profile-generate -enable-testing -index-store-path /Users/runner/Library/Developer/Xcode/DerivedData/Familienplaner-dmcrrzfthkjbwogvslwbznxtcpok/Index.noindex/DataStore -Xcc -D_LIBCPP_HARDENING_MODE\=_LIBCPP_HARDENING_MODE_DEBUG -swift-version 5 -I /Users/runner/Library/Developer/Xcode/DerivedData/Familienplaner-dmcrrzfthkjbwogvslwbznxtcpok/Build/Products/Debug-iphonesimulator -Isystem /Applications/Xcode_26.6.app/Contents/Developer/Platforms/iPhoneSimulator.platform/Developer/usr/lib -F /Users/runner/Library/Developer/Xcode/DerivedData/Familienplaner-dmcrrzfthkjbwogvslwbznxtcpok/Build/Products/Debug-iphonesimulator -F /Applications/Xcode_26.6.app/Contents/Developer/Platforms/iPhoneSimulator.platform/Developer/Library/Frameworks -F /Applications/Xcode_26.6.app/Contents/Developer/Platforms/iPhoneSimulator.platform/Developer/SDKs/iPhoneSimulator26.5.sdk/Developer/Library/Frameworks -c -j3 -enable-batch-mode -incremental -Xcc -ivfsstatcache -Xcc /Users/runner/Library/Developer/Xcode/DerivedData/SDKStatCaches.noindex/iphonesimulator26.5-23F81a-688ef53f1462e2c8f657fdc38a81448ff45c64a1807a658693f2a61704f17a36.sdkstatcache -output-file-map /Users/runner/Library/Developer/Xcode/DerivedData/Familienplaner-dmcrrzfthkjbwogvslwbznxtcpok/Build/Intermediates.noindex/Familienplaner.build/Debug-iphonesimulator/FamilienplanerTests.build/Objects-normal/arm64/FamilienplanerTests-OutputFileMap.json -use-frontend-parseable-output -save-temps -no-color-diagnostics -explicit-module-build -module-cache-path /Users/runner/Library/Developer/Xcode/DerivedData/Familienplaner-dmcrrzfthkjbwogvslwbznxtcpok/Build/Intermediates.noindex/SwiftExplicitPrecompiledModules -clang-scanner-module-cache-path /Users/runner/Library/Developer/Xcode/DerivedData/ModuleCache.noindex -sdk-module-cache-path /Users/runner/Library/Developer/Xcode/DerivedData/ModuleCache.noindex -serialize-diagnostics -emit-dependencies -emit-module -emit-module-path /Users/runner/Library/Developer/Xcode/DerivedData/Familienplaner-dmcrrzfthkjbwogvslwbznxtcpok/Build/Intermediates.noindex/Familienplaner.build/Debug-iphonesimulator/FamilienplanerTests.build/Objects-normal/arm64/FamilienplanerTests.swiftmodule -validate-clang-modules-once -clang-build-session-file /Users/runner/Library/Developer/Xcode/DerivedData/ModuleCache.noindex/Session.modulevalidation -Xcc -I/Users/runner/Library/Developer/Xcode/DerivedData/Familienplaner-dmcrrzfthkjbwogvslwbznxtcpok/Build/Intermediates.noindex/Familienplaner.build/Debug-iphonesimulator/FamilienplanerTests.build/swift-overrides.hmap -emit-const-values -Xfrontend -const-gather-protocols-file -Xfrontend /Users/runner/Library/Developer/Xcode/DerivedData/Familienplaner-dmcrrzfthkjbwogvslwbznxtcpok/Build/Intermediates.noindex/Familienplaner.build/Debug-iphonesimulator/FamilienplanerTests.build/Objects-normal/arm64/FamilienplanerTests_const_extract_protocols.json -Xcc -iquote -Xcc /Users/runner/Library/Developer/Xcode/DerivedData/Familienplaner-dmcrrzfthkjbwogvslwbznxtcpok/Build/Intermediates.noindex/Familienplaner.build/Debug-iphonesimulator/FamilienplanerTests.build/FamilienplanerTests-generated-files.hmap -Xcc -I/Users/runner/Library/Developer/Xcode/DerivedData/Familienplaner-dmcrrzfthkjbwogvslwbznxtcpok/Build/Intermediates.noindex/Familienplaner.build/Debug-iphonesimulator/FamilienplanerTests.build/FamilienplanerTests-own-target-headers.hmap -Xcc -I/Users/runner/Library/Developer/Xcode/DerivedData/Familienplaner-dmcrrzfthkjbwogvslwbznxtcpok/Build/Intermediates.noindex/Familienplaner.build/Debug-iphonesimulator/FamilienplanerTests.build/FamilienplanerTests-all-target-headers.hmap -Xcc -iquote -Xcc /Users/runner/Library/Developer/Xcode/DerivedData/Familienplaner-dmcrrzfthkjbwogvslwbznxtcpok/Build/Intermediates.noindex/Familienplaner.build/Debug-iphonesimulator/FamilienplanerTests.build/FamilienplanerTests-project-headers.hmap -Xcc -I/Users/runner/Library/Developer/Xcode/DerivedData/Familienplaner-dmcrrzfthkjbwogvslwbznxtcpok/Build/Products/Debug-iphonesimulator/include -Xcc -I/Users/runner/Library/Developer/Xcode/DerivedData/Familienplaner-dmcrrzfthkjbwogvslwbznxtcpok/Build/Intermediates.noindex/Familienplaner.build/Debug-iphonesimulator/FamilienplanerTests.build/DerivedSources-normal/arm64 -Xcc -I/Users/runner/Library/Developer/Xcode/DerivedData/Familienplaner-dmcrrzfthkjbwogvslwbznxtcpok/Build/Intermediates.noindex/Familienplaner.build/Debug-iphonesimulator/FamilienplanerTests.build/DerivedSources/arm64 -Xcc -I/Users/runner/Library/Developer/Xcode/DerivedData/Familienplaner-dmcrrzfthkjbwogvslwbznxtcpok/Build/Intermediates.noindex/Familienplaner.build/Debug-iphonesimulator/FamilienplanerTests.build/DerivedSources -Xcc -DDEBUG\=1 -emit-objc-header -emit-objc-header-path /Users/runner/Library/Developer/Xcode/DerivedData/Familienplaner-dmcrrzfthkjbwogvslwbznxtcpok/Build/Intermediates.noindex/Familienplaner.build/Debug-iphonesimulator/FamilienplanerTests.build/Objects-normal/arm64/FamilienplanerTests-Swift.h -working-directory /Users/runner/work/familienplaner/familienplaner -experimental-emit-module-separately -disable-cmo

SwiftDriverJobDiscovery normal arm64 Compiling MembersScreen.swift, MonthGridView.swift, OnboardingScreen.swift, PersistenceController.swift, ReminderService.swift, ReminderSettingsScreen.swift, ResponsibilitiesSheet.swift, SampleData.swift, SearchScreen.swift, SeriesService.swift, SetupScreen.swift, ShareAcceptance.swift, SharedInbox.swift, SharingService.swift, SuggestionExtractor.swift, SuggestionReviewScreen.swift, SuggestionService.swift, SyncStatus.swift, TestMode.swift, Theme.swift, TodayScreen.swift, WatchSnapshot.swift, WatchSyncService.swift (in target 'Familienplaner' from project 'Familienplaner')

SwiftDriverJobDiscovery normal arm64 Compiling AllDayStrip.swift, BackgroundSync.swift, CalendarExportService.swift, CalendarImportService.swift, CalendarSourcesScreen.swift, CameraPicker.swift, ClaimActions.swift, CurrentMember.swift, DayTimelineView.swift, DeviceRegistrationService.swift, Domain.swift, EventDetailSheet.swift, EventEditorSheet.swift, EventPresentation.swift, EventService.swift, FamilienplanerApp.swift, FreeTimeFinder.swift, FreeTimeScreen.swift, GermanDateParser.swift, HouseholdRemoval.swift, HouseholdService.swift, ICSExporter.swift, MemberFilterBar.swift (in target 'Familienplaner' from project 'Familienplaner')

SwiftDriver\ Compilation Familienplaner normal arm64 com.apple.xcode.tools.swift.compiler (in target 'Familienplaner' from project 'Familienplaner')
    cd /Users/runner/work/familienplaner/familienplaner
    builtin-Swift-Compilation -- /Applications/Xcode_26.6.app/Contents/Developer/Toolchains/XcodeDefault.xctoolchain/usr/bin/swiftc -module-name Familienplaner -Onone @/Users/runner/Library/Developer/Xcode/DerivedData/Familienplaner-dmcrrzfthkjbwogvslwbznxtcpok/Build/Intermediates.noindex/Familienplaner.build/Debug-iphonesimulator/Familienplaner.build/Objects-normal/arm64/Familienplaner.SwiftFileList -DDEBUG -enable-bare-slash-regex -enable-experimental-feature DebugDescriptionMacro -sdk /Applications/Xcode_26.6.app/Contents/Developer/Platforms/iPhoneSimulator.platform/Developer/SDKs/iPhoneSimulator26.5.sdk -target arm64-apple-ios26.0-simulator -g -module-cache-path /Users/runner/Library/Developer/Xcode/DerivedData/ModuleCache.noindex -Xfrontend -serialize-debugging-options -profile-coverage-mapping -profile-generate -enable-testing -index-store-path /Users/runner/Library/Developer/Xcode/DerivedData/Familienplaner-dmcrrzfthkjbwogvslwbznxtcpok/Index.noindex/DataStore -Xcc -D_LIBCPP_HARDENING_MODE\=_LIBCPP_HARDENING_MODE_DEBUG -swift-version 5 -I /Users/runner/Library/Developer/Xcode/DerivedData/Familienplaner-dmcrrzfthkjbwogvslwbznxtcpok/Build/Products/Debug-iphonesimulator -F /Users/runner/Library/Developer/Xcode/DerivedData/Familienplaner-dmcrrzfthkjbwogvslwbznxtcpok/Build/Products/Debug-iphonesimulator -c -j3 -enable-batch-mode -incremental -Xcc -ivfsstatcache -Xcc /Users/runner/Library/Developer/Xcode/DerivedData/SDKStatCaches.noindex/iphonesimulator26.5-23F81a-688ef53f1462e2c8f657fdc38a81448ff45c64a1807a658693f2a61704f17a36.sdkstatcache -output-file-map /Users/runner/Library/Developer/Xcode/DerivedData/Familienplaner-dmcrrzfthkjbwogvslwbznxtcpok/Build/Intermediates.noindex/Familienplaner.build/Debug-iphonesimulator/Familienplaner.build/Objects-normal/arm64/Familienplaner-OutputFileMap.json -use-frontend-parseable-output -save-temps -no-color-diagnostics -explicit-module-build -module-cache-path /Users/runner/Library/Developer/Xcode/DerivedData/Familienplaner-dmcrrzfthkjbwogvslwbznxtcpok/Build/Intermediates.noindex/SwiftExplicitPrecompiledModules -clang-scanner-module-cache-path /Users/runner/Library/Developer/Xcode/DerivedData/ModuleCache.noindex -sdk-module-cache-path /Users/runner/Library/Developer/Xcode/DerivedData/ModuleCache.noindex -serialize-diagnostics -emit-dependencies -emit-module -emit-module-path /Users/runner/Library/Developer/Xcode/DerivedData/Familienplaner-dmcrrzfthkjbwogvslwbznxtcpok/Build/Intermediates.noindex/Familienplaner.build/Debug-iphonesimulator/Familienplaner.build/Objects-normal/arm64/Familienplaner.swiftmodule -validate-clang-modules-once -clang-build-session-file /Users/runner/Library/Developer/Xcode/DerivedData/ModuleCache.noindex/Session.modulevalidation -Xcc -I/Users/runner/Library/Developer/Xcode/DerivedData/Familienplaner-dmcrrzfthkjbwogvslwbznxtcpok/Build/Intermediates.noindex/Familienplaner.build/Debug-iphonesimulator/Familienplaner.build/swift-overrides.hmap -emit-const-values -Xfrontend -const-gather-protocols-file -Xfrontend /Users/runner/Library/Developer/Xcode/DerivedData/Familienplaner-dmcrrzfthkjbwogvslwbznxtcpok/Build/Intermediates.noindex/Familienplaner.build/Debug-iphonesimulator/Familienplaner.build/Objects-normal/arm64/Familienplaner_const_extract_protocols.json -Xcc -iquote -Xcc /Users/runner/Library/Developer/Xcode/DerivedData/Familienplaner-dmcrrzfthkjbwogvslwbznxtcpok/Build/Intermediates.noindex/Familienplaner.build/Debug-iphonesimulator/Familienplaner.build/Familienplaner-generated-files.hmap -Xcc -I/Users/runner/Library/Developer/Xcode/DerivedData/Familienplaner-dmcrrzfthkjbwogvslwbznxtcpok/Build/Intermediates.noindex/Familienplaner.build/Debug-iphonesimulator/Familienplaner.build/Familienplaner-own-target-headers.hmap -Xcc -I/Users/runner/Library/Developer/Xcode/DerivedData/Familienplaner-dmcrrzfthkjbwogvslwbznxtcpok/Build/Intermediates.noindex/Familienplaner.build/Debug-iphonesimulator/Familienplaner.build/Familienplaner-all-target-headers.hmap -Xcc -iquote -Xcc /Users/runner/Library/Developer/Xcode/DerivedData/Familienplaner-dmcrrzfthkjbwogvslwbznxtcpok/Build/Intermediates.noindex/Familienplaner.build/Debug-iphonesimulator/Familienplaner.build/Familienplaner-project-headers.hmap -Xcc -I/Users/runner/Library/Developer/Xcode/DerivedData/Familienplaner-dmcrrzfthkjbwogvslwbznxtcpok/Build/Products/Debug-iphonesimulator/include -Xcc -I/Users/runner/Library/Developer/Xcode/DerivedData/Familienplaner-dmcrrzfthkjbwogvslwbznxtcpok/Build/Intermediates.noindex/Familienplaner.build/Debug-iphonesimulator/Familienplaner.build/DerivedSources-normal/arm64 -Xcc -I/Users/runner/Library/Developer/Xcode/DerivedData/Familienplaner-dmcrrzfthkjbwogvslwbznxtcpok/Build/Intermediates.noindex/Familienplaner.build/Debug-iphonesimulator/Familienplaner.build/DerivedSources/arm64 -Xcc -I/Users/runner/Library/Developer/Xcode/DerivedData/Familienplaner-dmcrrzfthkjbwogvslwbznxtcpok/Build/Intermediates.noindex/Familienplaner.build/Debug-iphonesimulator/Familienplaner.build/DerivedSources -Xcc -DDEBUG\=1 -emit-objc-header -emit-objc-header-path /Users/runner/Library/Developer/Xcode/DerivedData/Familienplaner-dmcrrzfthkjbwogvslwbznxtcpok/Build/Intermediates.noindex/Familienplaner.build/Debug-iphonesimulator/Familienplaner.build/Objects-normal/arm64/Familienplaner-Swift.h -working-directory /Users/runner/work/familienplaner/familienplaner -experimental-emit-module-separately -disable-cmo

Ld /Users/runner/Library/Developer/Xcode/DerivedData/Familienplaner-dmcrrzfthkjbwogvslwbznxtcpok/Build/Products/Debug-iphonesimulator/Familienplaner.app/Familienplaner.debug.dylib normal (in target 'Familienplaner' from project 'Familienplaner')
    cd /Users/runner/work/familienplaner/familienplaner
    /Applications/Xcode_26.6.app/Contents/Developer/Toolchains/XcodeDefault.xctoolchain/usr/bin/clang -Xlinker -reproducible -target arm64-apple-ios26.0-simulator -dynamiclib -isysroot /Applications/Xcode_26.6.app/Contents/Developer/Platforms/iPhoneSimulator.platform/Developer/SDKs/iPhoneSimulator26.5.sdk -O0 -L/Users/runner/Library/Developer/Xcode/DerivedData/Familienplaner-dmcrrzfthkjbwogvslwbznxtcpok/Build/Intermediates.noindex/EagerLinkingTBDs/Debug-iphonesimulator -L/Users/runner/Library/Developer/Xcode/DerivedData/Familienplaner-dmcrrzfthkjbwogvslwbznxtcpok/Build/Products/Debug-iphonesimulator -F/Users/runner/Library/Developer/Xcode/DerivedData/Familienplaner-dmcrrzfthkjbwogvslwbznxtcpok/Build/Intermediates.noindex/EagerLinkingTBDs/Debug-iphonesimulator -F/Users/runner/Library/Developer/Xcode/DerivedData/Familienplaner-dmcrrzfthkjbwogvslwbznxtcpok/Build/Products/Debug-iphonesimulator -filelist /Users/runner/Library/Developer/Xcode/DerivedData/Familienplaner-dmcrrzfthkjbwogvslwbznxtcpok/Build/Intermediates.noindex/Familienplaner.build/Debug-iphonesimulator/Familienplaner.build/Objects-normal/arm64/Familienplaner.LinkFileList -install_name @rpath/Familienplaner.debug.dylib -Xlinker -rpath -Xlinker @executable_path/Frameworks -Xlinker -dead_strip -Xlinker -object_path_lto -Xlinker /Users/runner/Library/Developer/Xcode/DerivedData/Familienplaner-dmcrrzfthkjbwogvslwbznxtcpok/Build/Intermediates.noindex/Familienplaner.build/Debug-iphonesimulator/Familienplaner.build/Objects-normal/arm64/Familienplaner_lto.o -rdynamic -Xlinker -no_deduplicate -Xlinker -objc_abi_version -Xlinker 2 -Xlinker -debug_variant -Xlinker -dependency_info -Xlinker /Users/runner/Library/Developer/Xcode/DerivedData/Familienplaner-dmcrrzfthkjbwogvslwbznxtcpok/Build/Intermediates.noindex/Familienplaner.build/Debug-iphonesimulator/Familienplaner.build/Objects-normal/arm64/Familienplaner_dependency_info.dat -fobjc-link-runtime -fprofile-instr-generate -L/Applications/Xcode_26.6.app/Contents/Developer/Toolchains/XcodeDefault.xctoolchain/usr/lib/swift/iphonesimulator -L/usr/lib/swift -Xlinker -add_ast_path -Xlinker /Users/runner/Library/Developer/Xcode/DerivedData/Familienplaner-dmcrrzfthkjbwogvslwbznxtcpok/Build/Intermediates.noindex/Familienplaner.build/Debug-iphonesimulator/Familienplaner.build/Objects-normal/arm64/Familienplaner.swiftmodule @/Users/runner/Library/Developer/Xcode/DerivedData/Familienplaner-dmcrrzfthkjbwogvslwbznxtcpok/Build/Intermediates.noindex/Familienplaner.build/Debug-iphonesimulator/Familienplaner.build/Objects-normal/arm64/Familienplaner-linker-args.resp -Xlinker -alias -Xlinker _main -Xlinker ___debug_main_executable_dylib_entry_point -o /Users/runner/Library/Developer/Xcode/DerivedData/Familienplaner-dmcrrzfthkjbwogvslwbznxtcpok/Build/Products/Debug-iphonesimulator/Familienplaner.app/Familienplaner.debug.dylib

ConstructStubExecutorLinkFileList /Users/runner/Library/Developer/Xcode/DerivedData/Familienplaner-dmcrrzfthkjbwogvslwbznxtcpok/Build/Intermediates.noindex/Familienplaner.build/Debug-iphonesimulator/Familienplaner.build/Familienplaner-ExecutorLinkFileList-normal-arm64.txt (in target 'Familienplaner' from project 'Familienplaner')
    cd /Users/runner/work/familienplaner/familienplaner
    construct-stub-executor-link-file-list /Users/runner/Library/Developer/Xcode/DerivedData/Familienplaner-dmcrrzfthkjbwogvslwbznxtcpok/Build/Products/Debug-iphonesimulator/Familienplaner.app/Familienplaner.debug.dylib /Applications/Xcode_26.6.app/Contents/Developer/Platforms/iPhoneSimulator.platform/Developer/usr/lib/libPreviewsJITStubExecutor_no_swift_entry_point.a /Applications/Xcode_26.6.app/Contents/Developer/Platforms/iPhoneSimulator.platform/Developer/usr/lib/libPreviewsJITStubExecutor.a --output /Users/runner/Library/Developer/Xcode/DerivedData/Familienplaner-dmcrrzfthkjbwogvslwbznxtcpok/Build/Intermediates.noindex/Familienplaner.build/Debug-iphonesimulator/Familienplaner.build/Familienplaner-ExecutorLinkFileList-normal-arm64.txt
note: Using stub executor library with Swift entry point. (in target 'Familienplaner' from project 'Familienplaner')

Ld /Users/runner/Library/Developer/Xcode/DerivedData/Familienplaner-dmcrrzfthkjbwogvslwbznxtcpok/Build/Products/Debug-iphonesimulator/Familienplaner.app/Familienplaner normal (in target 'Familienplaner' from project 'Familienplaner')
    cd /Users/runner/work/familienplaner/familienplaner
    /Applications/Xcode_26.6.app/Contents/Developer/Toolchains/XcodeDefault.xctoolchain/usr/bin/clang -Xlinker -reproducible -target arm64-apple-ios26.0-simulator -isysroot /Applications/Xcode_26.6.app/Contents/Developer/Platforms/iPhoneSimulator.platform/Developer/SDKs/iPhoneSimulator26.5.sdk -O0 -L/Users/runner/Library/Developer/Xcode/DerivedData/Familienplaner-dmcrrzfthkjbwogvslwbznxtcpok/Build/Products/Debug-iphonesimulator -F/Users/runner/Library/Developer/Xcode/DerivedData/Familienplaner-dmcrrzfthkjbwogvslwbznxtcpok/Build/Products/Debug-iphonesimulator -Xlinker -rpath -Xlinker @executable_path -Xlinker -rpath -Xlinker @executable_path/Frameworks -rdynamic -Xlinker -no_deduplicate -Xlinker -objc_abi_version -Xlinker 2 -Xlinker -debug_variant -e ___debug_blank_executor_main -Xlinker -sectcreate -Xlinker __TEXT -Xlinker __debug_dylib -Xlinker /Users/runner/Library/Developer/Xcode/DerivedData/Familienplaner-dmcrrzfthkjbwogvslwbznxtcpok/Build/Intermediates.noindex/Familienplaner.build/Debug-iphonesimulator/Familienplaner.build/Familienplaner-DebugDylibPath-normal-arm64.txt -Xlinker -sectcreate -Xlinker __TEXT -Xlinker __debug_instlnm -Xlinker /Users/runner/Library/Developer/Xcode/DerivedData/Familienplaner-dmcrrzfthkjbwogvslwbznxtcpok/Build/Intermediates.noindex/Familienplaner.build/Debug-iphonesimulator/Familienplaner.build/Familienplaner-DebugDylibInstallName-normal-arm64.txt -Xlinker -filelist -Xlinker /Users/runner/Library/Developer/Xcode/DerivedData/Familienplaner-dmcrrzfthkjbwogvslwbznxtcpok/Build/Intermediates.noindex/Familienplaner.build/Debug-iphonesimulator/Familienplaner.build/Familienplaner-ExecutorLinkFileList-normal-arm64.txt /Users/runner/Library/Developer/Xcode/DerivedData/Familienplaner-dmcrrzfthkjbwogvslwbznxtcpok/Build/Products/Debug-iphonesimulator/Familienplaner.app/Familienplaner.debug.dylib -o /Users/runner/Library/Developer/Xcode/DerivedData/Familienplaner-dmcrrzfthkjbwogvslwbznxtcpok/Build/Products/Debug-iphonesimulator/Familienplaner.app/Familienplaner

Copy /Users/runner/Library/Developer/Xcode/DerivedData/Familienplaner-dmcrrzfthkjbwogvslwbznxtcpok/Build/Products/Debug-iphonesimulator/Familienplaner.app/PlugIns/FamilienplanerWidgets.appex /Users/runner/Library/Developer/Xcode/DerivedData/Familienplaner-dmcrrzfthkjbwogvslwbznxtcpok/Build/Products/Debug-iphonesimulator/FamilienplanerWidgets.appex (in target 'Familienplaner' from project 'Familienplaner')
    cd /Users/runner/work/familienplaner/familienplaner
    builtin-copy -exclude .DS_Store -exclude CVS -exclude .svn -exclude .git -exclude .hg -exclude Headers -exclude PrivateHeaders -exclude Modules -exclude \*.tbd -resolve-src-symlinks -remove-static-executable /Users/runner/Library/Developer/Xcode/DerivedData/Familienplaner-dmcrrzfthkjbwogvslwbznxtcpok/Build/Products/Debug-iphonesimulator/FamilienplanerWidgets.appex /Users/runner/Library/Developer/Xcode/DerivedData/Familienplaner-dmcrrzfthkjbwogvslwbznxtcpok/Build/Products/Debug-iphonesimulator/Familienplaner.app/PlugIns

Copy /Users/runner/Library/Developer/Xcode/DerivedData/Familienplaner-dmcrrzfthkjbwogvslwbznxtcpok/Build/Products/Debug-iphonesimulator/Familienplaner.app/PlugIns/FamilienplanerShare.appex /Users/runner/Library/Developer/Xcode/DerivedData/Familienplaner-dmcrrzfthkjbwogvslwbznxtcpok/Build/Products/Debug-iphonesimulator/FamilienplanerShare.appex (in target 'Familienplaner' from project 'Familienplaner')
    cd /Users/runner/work/familienplaner/familienplaner
    builtin-copy -exclude .DS_Store -exclude CVS -exclude .svn -exclude .git -exclude .hg -exclude Headers -exclude PrivateHeaders -exclude Modules -exclude \*.tbd -resolve-src-symlinks -remove-static-executable /Users/runner/Library/Developer/Xcode/DerivedData/Familienplaner-dmcrrzfthkjbwogvslwbznxtcpok/Build/Products/Debug-iphonesimulator/FamilienplanerShare.appex /Users/runner/Library/Developer/Xcode/DerivedData/Familienplaner-dmcrrzfthkjbwogvslwbznxtcpok/Build/Products/Debug-iphonesimulator/Familienplaner.app/PlugIns

Copy /Users/runner/Library/Developer/Xcode/DerivedData/Familienplaner-dmcrrzfthkjbwogvslwbznxtcpok/Build/Products/Debug-iphonesimulator/Familienplaner.app/Watch/FamilienplanerWatch.app /Users/runner/Library/Developer/Xcode/DerivedData/Familienplaner-dmcrrzfthkjbwogvslwbznxtcpok/Build/Products/Debug-watchsimulator/FamilienplanerWatch.app (in target 'Familienplaner' from project 'Familienplaner')
    cd /Users/runner/work/familienplaner/familienplaner
    builtin-copy -exclude .DS_Store -exclude CVS -exclude .svn -exclude .git -exclude .hg -exclude Headers -exclude PrivateHeaders -exclude Modules -exclude \*.tbd -resolve-src-symlinks -remove-static-executable /Users/runner/Library/Developer/Xcode/DerivedData/Familienplaner-dmcrrzfthkjbwogvslwbznxtcpok/Build/Products/Debug-watchsimulator/FamilienplanerWatch.app /Users/runner/Library/Developer/Xcode/DerivedData/Familienplaner-dmcrrzfthkjbwogvslwbznxtcpok/Build/Products/Debug-iphonesimulator/Familienplaner.app/Watch

ProcessInfoPlistFile /Users/runner/Library/Developer/Xcode/DerivedData/Familienplaner-dmcrrzfthkjbwogvslwbznxtcpok/Build/Products/Debug-iphonesimulator/Familienplaner.app/Info.plist /Users/runner/work/familienplaner/familienplaner/Resources/Info.plist (in target 'Familienplaner' from project 'Familienplaner')
    cd /Users/runner/work/familienplaner/familienplaner
    builtin-infoPlistUtility /Users/runner/work/familienplaner/familienplaner/Resources/Info.plist -producttype com.apple.product-type.application -genpkginfo /Users/runner/Library/Developer/Xcode/DerivedData/Familienplaner-dmcrrzfthkjbwogvslwbznxtcpok/Build/Products/Debug-iphonesimulator/Familienplaner.app/PkgInfo -expandbuildsettings -format binary -platform iphonesimulator -additionalcontentfile /Users/runner/Library/Developer/Xcode/DerivedData/Familienplaner-dmcrrzfthkjbwogvslwbznxtcpok/Build/Intermediates.noindex/Familienplaner.build/Debug-iphonesimulator/Familienplaner.build/assetcatalog_generated_info.plist -scanforprivacyfile /Users/runner/Library/Developer/Xcode/DerivedData/Familienplaner-dmcrrzfthkjbwogvslwbznxtcpok/Build/Products/Debug-iphonesimulator/Familienplaner.app/PlugIns/FamilienplanerShare.appex -scanforprivacyfile /Users/runner/Library/Developer/Xcode/DerivedData/Familienplaner-dmcrrzfthkjbwogvslwbznxtcpok/Build/Products/Debug-iphonesimulator/Familienplaner.app/PlugIns/FamilienplanerWidgets.appex -scanforprivacyfile /Users/runner/Library/Developer/Xcode/DerivedData/Familienplaner-dmcrrzfthkjbwogvslwbznxtcpok/Build/Products/Debug-iphonesimulator/Familienplaner.app/Watch/FamilienplanerWatch.app -o /Users/runner/Library/Developer/Xcode/DerivedData/Familienplaner-dmcrrzfthkjbwogvslwbznxtcpok/Build/Products/Debug-iphonesimulator/Familienplaner.app/Info.plist

ExtractAppIntentsMetadata (in target 'Familienplaner' from project 'Familienplaner')
    cd /Users/runner/work/familienplaner/familienplaner
    /Applications/Xcode_26.6.app/Contents/Developer/Toolchains/XcodeDefault.xctoolchain/usr/bin/appintentsmetadataprocessor --toolchain-dir /var/run/com.apple.security.cryptexd/mnt/com.apple.MobileAsset.MetalToolchain-v17.6.109.0.SwB2QA/Metal.xctoolchain --module-name Familienplaner --sdk-root /Applications/Xcode_26.6.app/Contents/Developer/Platforms/iPhoneSimulator.platform/Developer/SDKs/iPhoneSimulator26.5.sdk --xcode-version 17F113 --platform-family iOS --deployment-target 26.0 --bundle-identifier de.barg.familienplaner --output /Users/runner/Library/Developer/Xcode/DerivedData/Familienplaner-dmcrrzfthkjbwogvslwbznxtcpok/Build/Products/Debug-iphonesimulator/Familienplaner.app --target-triple arm64-apple-ios26.0-simulator --binary-file /Users/runner/Library/Developer/Xcode/DerivedData/Familienplaner-dmcrrzfthkjbwogvslwbznxtcpok/Build/Products/Debug-iphonesimulator/Familienplaner.app/Familienplaner --dependency-file /Users/runner/Library/Developer/Xcode/DerivedData/Familienplaner-dmcrrzfthkjbwogvslwbznxtcpok/Build/Intermediates.noindex/Familienplaner.build/Debug-iphonesimulator/Familienplaner.build/Objects-normal/arm64/Familienplaner_dependency_info.dat --stringsdata-file /Users/runner/Library/Developer/Xcode/DerivedData/Familienplaner-dmcrrzfthkjbwogvslwbznxtcpok/Build/Intermediates.noindex/Familienplaner.build/Debug-iphonesimulator/Familienplaner.build/Objects-normal/arm64/ExtractedAppShortcutsMetadata.stringsdata --source-file-list /Users/runner/Library/Developer/Xcode/DerivedData/Familienplaner-dmcrrzfthkjbwogvslwbznxtcpok/Build/Intermediates.noindex/Familienplaner.build/Debug-iphonesimulator/Familienplaner.build/Objects-normal/arm64/Familienplaner.SwiftFileList --metadata-file-list /Users/runner/Library/Developer/Xcode/DerivedData/Familienplaner-dmcrrzfthkjbwogvslwbznxtcpok/Build/Intermediates.noindex/Familienplaner.build/Debug-iphonesimulator/Familienplaner.build/Familienplaner.DependencyMetadataFileList --static-metadata-file-list /Users/runner/Library/Developer/Xcode/DerivedData/Familienplaner-dmcrrzfthkjbwogvslwbznxtcpok/Build/Intermediates.noindex/Familienplaner.build/Debug-iphonesimulator/Familienplaner.build/Familienplaner.DependencyStaticMetadataFileList --swift-const-vals-list /Users/runner/Library/Developer/Xcode/DerivedData/Familienplaner-dmcrrzfthkjbwogvslwbznxtcpok/Build/Intermediates.noindex/Familienplaner.build/Debug-iphonesimulator/Familienplaner.build/Objects-normal/arm64/Familienplaner.SwiftConstValuesFileList --compile-time-extraction --deployment-aware-processing --validate-assistant-intents --no-app-shortcuts-localization
2026-10-10 00:44:23.411 appintentsmetadataprocessor[3815:14628] Starting appintentsmetadataprocessor export
2026-10-10 00:44:23.445 appintentsmetadataprocessor[3815:14628] Extracted no relevant App Intents symbols, skipping writing output

CopySwiftLibs /Users/runner/Library/Developer/Xcode/DerivedData/Familienplaner-dmcrrzfthkjbwogvslwbznxtcpok/Build/Products/Debug-iphonesimulator/Familienplaner.app (in target 'Familienplaner' from project 'Familienplaner')
    cd /Users/runner/work/familienplaner/familienplaner
    builtin-swiftStdLibTool --copy --verbose --scan-executable /Users/runner/Library/Developer/Xcode/DerivedData/Familienplaner-dmcrrzfthkjbwogvslwbznxtcpok/Build/Products/Debug-iphonesimulator/Familienplaner.app/Familienplaner.debug.dylib --scan-folder /Users/runner/Library/Developer/Xcode/DerivedData/Familienplaner-dmcrrzfthkjbwogvslwbznxtcpok/Build/Products/Debug-iphonesimulator/Familienplaner.app/Frameworks --scan-folder /Users/runner/Library/Developer/Xcode/DerivedData/Familienplaner-dmcrrzfthkjbwogvslwbznxtcpok/Build/Products/Debug-iphonesimulator/Familienplaner.app/PlugIns --scan-folder /Users/runner/Library/Developer/Xcode/DerivedData/Familienplaner-dmcrrzfthkjbwogvslwbznxtcpok/Build/Products/Debug-iphonesimulator/Familienplaner.app/SystemExtensions --scan-folder /Users/runner/Library/Developer/Xcode/DerivedData/Familienplaner-dmcrrzfthkjbwogvslwbznxtcpok/Build/Products/Debug-iphonesimulator/Familienplaner.app/Extensions --platform iphonesimulator --toolchain /var/run/com.apple.security.cryptexd/mnt/com.apple.MobileAsset.MetalToolchain-v17.6.109.0.SwB2QA/Metal.xctoolchain --toolchain /Applications/Xcode_26.6.app/Contents/Developer/Toolchains/XcodeDefault.xctoolchain --destination /Users/runner/Library/Developer/Xcode/DerivedData/Familienplaner-dmcrrzfthkjbwogvslwbznxtcpok/Build/Products/Debug-iphonesimulator/Familienplaner.app/Frameworks --strip-bitcode --strip-bitcode-tool /Applications/Xcode_26.6.app/Contents/Developer/Toolchains/XcodeDefault.xctoolchain/usr/bin/bitcode_strip --emit-dependency-info /Users/runner/Library/Developer/Xcode/DerivedData/Familienplaner-dmcrrzfthkjbwogvslwbznxtcpok/Build/Intermediates.noindex/Familienplaner.build/Debug-iphonesimulator/Familienplaner.build/SwiftStdLibToolInputDependencies.dep --filter-for-swift-os
Ignoring --strip-bitcode because --sign was not passed

ValidateEmbeddedBinary /Users/runner/Library/Developer/Xcode/DerivedData/Familienplaner-dmcrrzfthkjbwogvslwbznxtcpok/Build/Products/Debug-iphonesimulator/Familienplaner.app/Watch/FamilienplanerWatch.app (in target 'Familienplaner' from project 'Familienplaner')
    cd /Users/runner/work/familienplaner/familienplaner
    /Applications/Xcode_26.6.app/Contents/Developer/usr/bin/embeddedBinaryValidationUtility /Users/runner/Library/Developer/Xcode/DerivedData/Familienplaner-dmcrrzfthkjbwogvslwbznxtcpok/Build/Products/Debug-iphonesimulator/Familienplaner.app/Watch/FamilienplanerWatch.app -info-plist-path /Users/runner/Library/Developer/Xcode/DerivedData/Familienplaner-dmcrrzfthkjbwogvslwbznxtcpok/Build/Products/Debug-iphonesimulator/Familienplaner.app/Info.plist

ValidateEmbeddedBinary /Users/runner/Library/Developer/Xcode/DerivedData/Familienplaner-dmcrrzfthkjbwogvslwbznxtcpok/Build/Products/Debug-iphonesimulator/Familienplaner.app/PlugIns/FamilienplanerWidgets.appex (in target 'Familienplaner' from project 'Familienplaner')
    cd /Users/runner/work/familienplaner/familienplaner
    /Applications/Xcode_26.6.app/Contents/Developer/usr/bin/embeddedBinaryValidationUtility /Users/runner/Library/Developer/Xcode/DerivedData/Familienplaner-dmcrrzfthkjbwogvslwbznxtcpok/Build/Products/Debug-iphonesimulator/Familienplaner.app/PlugIns/FamilienplanerWidgets.appex -info-plist-path /Users/runner/Library/Developer/Xcode/DerivedData/Familienplaner-dmcrrzfthkjbwogvslwbznxtcpok/Build/Products/Debug-iphonesimulator/Familienplaner.app/Info.plist

ValidateEmbeddedBinary /Users/runner/Library/Developer/Xcode/DerivedData/Familienplaner-dmcrrzfthkjbwogvslwbznxtcpok/Build/Products/Debug-iphonesimulator/Familienplaner.app/PlugIns/FamilienplanerShare.appex (in target 'Familienplaner' from project 'Familienplaner')
    cd /Users/runner/work/familienplaner/familienplaner
    /Applications/Xcode_26.6.app/Contents/Developer/usr/bin/embeddedBinaryValidationUtility /Users/runner/Library/Developer/Xcode/DerivedData/Familienplaner-dmcrrzfthkjbwogvslwbznxtcpok/Build/Products/Debug-iphonesimulator/Familienplaner.app/PlugIns/FamilienplanerShare.appex -info-plist-path /Users/runner/Library/Developer/Xcode/DerivedData/Familienplaner-dmcrrzfthkjbwogvslwbznxtcpok/Build/Products/Debug-iphonesimulator/Familienplaner.app/Info.plist

AppIntentsSSUTraining (in target 'Familienplaner' from project 'Familienplaner')
    cd /Users/runner/work/familienplaner/familienplaner
    /Applications/Xcode_26.6.app/Contents/Developer/Toolchains/XcodeDefault.xctoolchain/usr/bin/appintentsnltrainingprocessor --infoplist-path /Users/runner/Library/Developer/Xcode/DerivedData/Familienplaner-dmcrrzfthkjbwogvslwbznxtcpok/Build/Products/Debug-iphonesimulator/Familienplaner.app/Info.plist --temp-dir-path /Users/runner/Library/Developer/Xcode/DerivedData/Familienplaner-dmcrrzfthkjbwogvslwbznxtcpok/Build/Intermediates.noindex/Familienplaner.build/Debug-iphonesimulator/Familienplaner.build/ssu --bundle-id de.barg.familienplaner --product-path /Users/runner/Library/Developer/Xcode/DerivedData/Familienplaner-dmcrrzfthkjbwogvslwbznxtcpok/Build/Products/Debug-iphonesimulator/Familienplaner.app --extracted-metadata-path /Users/runner/Library/Developer/Xcode/DerivedData/Familienplaner-dmcrrzfthkjbwogvslwbznxtcpok/Build/Products/Debug-iphonesimulator/Familienplaner.app/Metadata.appintents --metadata-file-list /Users/runner/Library/Developer/Xcode/DerivedData/Familienplaner-dmcrrzfthkjbwogvslwbznxtcpok/Build/Intermediates.noindex/Familienplaner.build/Debug-iphonesimulator/Familienplaner.build/Familienplaner.DependencyMetadataFileList --source-file /Users/runner/Library/Developer/Xcode/DerivedData/Familienplaner-dmcrrzfthkjbwogvslwbznxtcpok/Build/Products/Debug-iphonesimulator/Familienplaner.app/Info.plist --archive-ssu-assets
2026-10-10 00:44:25.004 appintentsnltrainingprocessor[3908:14832] Parsing options for appintentsnltrainingprocessor
2026-10-10 00:44:25.005 appintentsnltrainingprocessor[3908:14832] Starting AppIntents SSU YAML Generation
2026-10-10 00:44:25.005 appintentsnltrainingprocessor[3908:14832] No AppShortcuts found - Skipping.

ProcessInfoPlistFile /Users/runner/Library/Developer/Xcode/DerivedData/Familienplaner-dmcrrzfthkjbwogvslwbznxtcpok/Build/Products/Debug-iphonesimulator/Familienplaner.app/PlugIns/FamilienplanerTests.xctest/Info.plist /Users/runner/Library/Developer/Xcode/DerivedData/Familienplaner-dmcrrzfthkjbwogvslwbznxtcpok/Build/Intermediates.noindex/Familienplaner.build/Debug-iphonesimulator/FamilienplanerTests.build/empty-FamilienplanerTests.plist (in target 'FamilienplanerTests' from project 'Familienplaner')
    cd /Users/runner/work/familienplaner/familienplaner
    builtin-infoPlistUtility /Users/runner/Library/Developer/Xcode/DerivedData/Familienplaner-dmcrrzfthkjbwogvslwbznxtcpok/Build/Intermediates.noindex/Familienplaner.build/Debug-iphonesimulator/FamilienplanerTests.build/empty-FamilienplanerTests.plist -producttype com.apple.product-type.bundle.unit-test -expandbuildsettings -format binary -platform iphonesimulator -o /Users/runner/Library/Developer/Xcode/DerivedData/Familienplaner-dmcrrzfthkjbwogvslwbznxtcpok/Build/Products/Debug-iphonesimulator/Familienplaner.app/PlugIns/FamilienplanerTests.xctest/Info.plist

Ld /Users/runner/Library/Developer/Xcode/DerivedData/Familienplaner-dmcrrzfthkjbwogvslwbznxtcpok/Build/Products/Debug-iphonesimulator/Familienplaner.app/PlugIns/FamilienplanerTests.xctest/FamilienplanerTests normal (in target 'FamilienplanerTests' from project 'Familienplaner')
    cd /Users/runner/work/familienplaner/familienplaner
    /Applications/Xcode_26.6.app/Contents/Developer/Toolchains/XcodeDefault.xctoolchain/usr/bin/clang -Xlinker -reproducible -target arm64-apple-ios26.0-simulator -bundle -isysroot /Applications/Xcode_26.6.app/Contents/Developer/Platforms/iPhoneSimulator.platform/Developer/SDKs/iPhoneSimulator26.5.sdk -O0 -L/Users/runner/Library/Developer/Xcode/DerivedData/Familienplaner-dmcrrzfthkjbwogvslwbznxtcpok/Build/Intermediates.noindex/EagerLinkingTBDs/Debug-iphonesimulator -L/Users/runner/Library/Developer/Xcode/DerivedData/Familienplaner-dmcrrzfthkjbwogvslwbznxtcpok/Build/Products/Debug-iphonesimulator -L/Applications/Xcode_26.6.app/Contents/Developer/Platforms/iPhoneSimulator.platform/Developer/usr/lib -F/Users/runner/Library/Developer/Xcode/DerivedData/Familienplaner-dmcrrzfthkjbwogvslwbznxtcpok/Build/Intermediates.noindex/EagerLinkingTBDs/Debug-iphonesimulator -F/Users/runner/Library/Developer/Xcode/DerivedData/Familienplaner-dmcrrzfthkjbwogvslwbznxtcpok/Build/Products/Debug-iphonesimulator -iframework /Applications/Xcode_26.6.app/Contents/Developer/Platforms/iPhoneSimulator.platform/Developer/Library/Frameworks -iframework /Applications/Xcode_26.6.app/Contents/Developer/Platforms/iPhoneSimulator.platform/Developer/SDKs/iPhoneSimulator26.5.sdk/Developer/Library/Frameworks -filelist /Users/runner/Library/Developer/Xcode/DerivedData/Familienplaner-dmcrrzfthkjbwogvslwbznxtcpok/Build/Intermediates.noindex/Familienplaner.build/Debug-iphonesimulator/FamilienplanerTests.build/Objects-normal/arm64/FamilienplanerTests.LinkFileList -Xlinker -rpath -Xlinker @loader_path/Frameworks -Xlinker -rpath -Xlinker @executable_path/Frameworks -Xlinker -dead_strip -bundle_loader /Users/runner/Library/Developer/Xcode/DerivedData/Familienplaner-dmcrrzfthkjbwogvslwbznxtcpok/Build/Products/Debug-iphonesimulator/Familienplaner.app/Familienplaner -Xlinker -object_path_lto -Xlinker /Users/runner/Library/Developer/Xcode/DerivedData/Familienplaner-dmcrrzfthkjbwogvslwbznxtcpok/Build/Intermediates.noindex/Familienplaner.build/Debug-iphonesimulator/FamilienplanerTests.build/Objects-normal/arm64/FamilienplanerTests_lto.o -rdynamic -Xlinker -no_deduplicate -Xlinker -objc_abi_version -Xlinker 2 -Xlinker -debug_variant -Xlinker -dependency_info -Xlinker /Users/runner/Library/Developer/Xcode/DerivedData/Familienplaner-dmcrrzfthkjbwogvslwbznxtcpok/Build/Intermediates.noindex/Familienplaner.build/Debug-iphonesimulator/FamilienplanerTests.build/Objects-normal/arm64/FamilienplanerTests_dependency_info.dat -fobjc-link-runtime -fprofile-instr-generate -L/Applications/Xcode_26.6.app/Contents/Developer/Toolchains/XcodeDefault.xctoolchain/usr/lib/swift/iphonesimulator -L/usr/lib/swift -Xlinker -add_ast_path -Xlinker /Users/runner/Library/Developer/Xcode/DerivedData/Familienplaner-dmcrrzfthkjbwogvslwbznxtcpok/Build/Intermediates.noindex/Familienplaner.build/Debug-iphonesimulator/FamilienplanerTests.build/Objects-normal/arm64/FamilienplanerTests.swiftmodule @/Users/runner/Library/Developer/Xcode/DerivedData/Familienplaner-dmcrrzfthkjbwogvslwbznxtcpok/Build/Intermediates.noindex/Familienplaner.build/Debug-iphonesimulator/FamilienplanerTests.build/Objects-normal/arm64/FamilienplanerTests-linker-args.resp -Xlinker -needed_framework -Xlinker XCTest -framework XCTest -Xlinker -needed-lXCTestSwiftSupport -lXCTestSwiftSupport /Users/runner/Library/Developer/Xcode/DerivedData/Familienplaner-dmcrrzfthkjbwogvslwbznxtcpok/Build/Products/Debug-iphonesimulator/Familienplaner.app/Familienplaner.debug.dylib -o /Users/runner/Library/Developer/Xcode/DerivedData/Familienplaner-dmcrrzfthkjbwogvslwbznxtcpok/Build/Products/Debug-iphonesimulator/Familienplaner.app/PlugIns/FamilienplanerTests.xctest/FamilienplanerTests

ExtractAppIntentsMetadata (in target 'FamilienplanerTests' from project 'Familienplaner')
    cd /Users/runner/work/familienplaner/familienplaner
    /Applications/Xcode_26.6.app/Contents/Developer/Toolchains/XcodeDefault.xctoolchain/usr/bin/appintentsmetadataprocessor --toolchain-dir /var/run/com.apple.security.cryptexd/mnt/com.apple.MobileAsset.MetalToolchain-v17.6.109.0.SwB2QA/Metal.xctoolchain --module-name FamilienplanerTests --sdk-root /Applications/Xcode_26.6.app/Contents/Developer/Platforms/iPhoneSimulator.platform/Developer/SDKs/iPhoneSimulator26.5.sdk --xcode-version 17F113 --platform-family iOS --deployment-target 26.0 --bundle-identifier de.barg.familienplaner.tests --output /Users/runner/Library/Developer/Xcode/DerivedData/Familienplaner-dmcrrzfthkjbwogvslwbznxtcpok/Build/Products/Debug-iphonesimulator/Familienplaner.app/PlugIns/FamilienplanerTests.xctest --target-triple arm64-apple-ios26.0-simulator --binary-file /Users/runner/Library/Developer/Xcode/DerivedData/Familienplaner-dmcrrzfthkjbwogvslwbznxtcpok/Build/Products/Debug-iphonesimulator/Familienplaner.app/PlugIns/FamilienplanerTests.xctest/FamilienplanerTests --dependency-file /Users/runner/Library/Developer/Xcode/DerivedData/Familienplaner-dmcrrzfthkjbwogvslwbznxtcpok/Build/Intermediates.noindex/Familienplaner.build/Debug-iphonesimulator/FamilienplanerTests.build/Objects-normal/arm64/FamilienplanerTests_dependency_info.dat --stringsdata-file /Users/runner/Library/Developer/Xcode/DerivedData/Familienplaner-dmcrrzfthkjbwogvslwbznxtcpok/Build/Intermediates.noindex/Familienplaner.build/Debug-iphonesimulator/FamilienplanerTests.build/Objects-normal/arm64/ExtractedAppShortcutsMetadata.stringsdata --source-file-list /Users/runner/Library/Developer/Xcode/DerivedData/Familienplaner-dmcrrzfthkjbwogvslwbznxtcpok/Build/Intermediates.noindex/Familienplaner.build/Debug-iphonesimulator/FamilienplanerTests.build/Objects-normal/arm64/FamilienplanerTests.SwiftFileList --metadata-file-list /Users/runner/Library/Developer/Xcode/DerivedData/Familienplaner-dmcrrzfthkjbwogvslwbznxtcpok/Build/Intermediates.noindex/Familienplaner.build/Debug-iphonesimulator/FamilienplanerTests.build/FamilienplanerTests.DependencyMetadataFileList --static-metadata-file-list /Users/runner/Library/Developer/Xcode/DerivedData/Familienplaner-dmcrrzfthkjbwogvslwbznxtcpok/Build/Intermediates.noindex/Familienplaner.build/Debug-iphonesimulator/FamilienplanerTests.build/FamilienplanerTests.DependencyStaticMetadataFileList --swift-const-vals-list /Users/runner/Library/Developer/Xcode/DerivedData/Familienplaner-dmcrrzfthkjbwogvslwbznxtcpok/Build/Intermediates.noindex/Familienplaner.build/Debug-iphonesimulator/FamilienplanerTests.build/Objects-normal/arm64/FamilienplanerTests.SwiftConstValuesFileList --compile-time-extraction --deployment-aware-processing --validate-assistant-intents --no-app-shortcuts-localization
2026-10-10 00:44:25.527 appintentsmetadataprocessor[3916:14868] Starting appintentsmetadataprocessor export
2026-10-10 00:44:25.540 appintentsmetadataprocessor[3916:14868] Extracted no relevant App Intents symbols, skipping writing output

CopySwiftLibs /Users/runner/Library/Developer/Xcode/DerivedData/Familienplaner-dmcrrzfthkjbwogvslwbznxtcpok/Build/Products/Debug-iphonesimulator/Familienplaner.app/PlugIns/FamilienplanerTests.xctest (in target 'FamilienplanerTests' from project 'Familienplaner')
    cd /Users/runner/work/familienplaner/familienplaner
    builtin-swiftStdLibTool --copy --verbose --scan-executable /Users/runner/Library/Developer/Xcode/DerivedData/Familienplaner-dmcrrzfthkjbwogvslwbznxtcpok/Build/Products/Debug-iphonesimulator/Familienplaner.app/PlugIns/FamilienplanerTests.xctest/FamilienplanerTests --scan-folder /Users/runner/Library/Developer/Xcode/DerivedData/Familienplaner-dmcrrzfthkjbwogvslwbznxtcpok/Build/Products/Debug-iphonesimulator/Familienplaner.app/PlugIns/FamilienplanerTests.xctest/Frameworks --scan-folder /Users/runner/Library/Developer/Xcode/DerivedData/Familienplaner-dmcrrzfthkjbwogvslwbznxtcpok/Build/Products/Debug-iphonesimulator/Familienplaner.app/PlugIns/FamilienplanerTests.xctest/PlugIns --scan-folder /Users/runner/Library/Developer/Xcode/DerivedData/Familienplaner-dmcrrzfthkjbwogvslwbznxtcpok/Build/Products/Debug-iphonesimulator/Familienplaner.app/PlugIns/FamilienplanerTests.xctest/SystemExtensions --scan-folder /Users/runner/Library/Developer/Xcode/DerivedData/Familienplaner-dmcrrzfthkjbwogvslwbznxtcpok/Build/Products/Debug-iphonesimulator/Familienplaner.app/PlugIns/FamilienplanerTests.xctest/Extensions --platform iphonesimulator --toolchain /var/run/com.apple.security.cryptexd/mnt/com.apple.MobileAsset.MetalToolchain-v17.6.109.0.SwB2QA/Metal.xctoolchain --toolchain /Applications/Xcode_26.6.app/Contents/Developer/Toolchains/XcodeDefault.xctoolchain --destination /Users/runner/Library/Developer/Xcode/DerivedData/Familienplaner-dmcrrzfthkjbwogvslwbznxtcpok/Build/Products/Debug-iphonesimulator/Familienplaner.app/PlugIns/FamilienplanerTests.xctest/Frameworks --strip-bitcode --scan-executable /Applications/Xcode_26.6.app/Contents/Developer/Platforms/iPhoneSimulator.platform/Developer/usr/lib/libXCTestSwiftSupport.dylib --strip-bitcode-tool /Applications/Xcode_26.6.app/Contents/Developer/Toolchains/XcodeDefault.xctoolchain/usr/bin/bitcode_strip --emit-dependency-info /Users/runner/Library/Developer/Xcode/DerivedData/Familienplaner-dmcrrzfthkjbwogvslwbznxtcpok/Build/Intermediates.noindex/Familienplaner.build/Debug-iphonesimulator/FamilienplanerTests.build/SwiftStdLibToolInputDependencies.dep --filter-for-swift-os
Ignoring --strip-bitcode because --sign was not passed

AppIntentsSSUTraining (in target 'FamilienplanerTests' from project 'Familienplaner')
    cd /Users/runner/work/familienplaner/familienplaner
    /Applications/Xcode_26.6.app/Contents/Developer/Toolchains/XcodeDefault.xctoolchain/usr/bin/appintentsnltrainingprocessor --infoplist-path /Users/runner/Library/Developer/Xcode/DerivedData/Familienplaner-dmcrrzfthkjbwogvslwbznxtcpok/Build/Products/Debug-iphonesimulator/Familienplaner.app/PlugIns/FamilienplanerTests.xctest/Info.plist --temp-dir-path /Users/runner/Library/Developer/Xcode/DerivedData/Familienplaner-dmcrrzfthkjbwogvslwbznxtcpok/Build/Intermediates.noindex/Familienplaner.build/Debug-iphonesimulator/FamilienplanerTests.build/ssu --bundle-id de.barg.familienplaner.tests --product-path /Users/runner/Library/Developer/Xcode/DerivedData/Familienplaner-dmcrrzfthkjbwogvslwbznxtcpok/Build/Products/Debug-iphonesimulator/Familienplaner.app/PlugIns/FamilienplanerTests.xctest --extracted-metadata-path /Users/runner/Library/Developer/Xcode/DerivedData/Familienplaner-dmcrrzfthkjbwogvslwbznxtcpok/Build/Products/Debug-iphonesimulator/Familienplaner.app/PlugIns/FamilienplanerTests.xctest/Metadata.appintents --metadata-file-list /Users/runner/Library/Developer/Xcode/DerivedData/Familienplaner-dmcrrzfthkjbwogvslwbznxtcpok/Build/Intermediates.noindex/Familienplaner.build/Debug-iphonesimulator/FamilienplanerTests.build/FamilienplanerTests.DependencyMetadataFileList --source-file /Users/runner/Library/Developer/Xcode/DerivedData/Familienplaner-dmcrrzfthkjbwogvslwbznxtcpok/Build/Products/Debug-iphonesimulator/Familienplaner.app/PlugIns/FamilienplanerTests.xctest/Info.plist --archive-ssu-assets
2026-10-10 00:44:25.561 appintentsnltrainingprocessor[3917:14871] Parsing options for appintentsnltrainingprocessor
2026-10-10 00:44:25.561 appintentsnltrainingprocessor[3917:14871] Starting AppIntents SSU YAML Generation
2026-10-10 00:44:25.561 appintentsnltrainingprocessor[3917:14871] No AppShortcuts found - Skipping.

RegisterExecutionPolicyException /Users/runner/Library/Developer/Xcode/DerivedData/Familienplaner-dmcrrzfthkjbwogvslwbznxtcpok/Build/Products/Debug-iphonesimulator/Familienplaner.app/PlugIns/FamilienplanerTests.xctest (in target 'FamilienplanerTests' from project 'Familienplaner')
    cd /Users/runner/work/familienplaner/familienplaner
    builtin-RegisterExecutionPolicyException /Users/runner/Library/Developer/Xcode/DerivedData/Familienplaner-dmcrrzfthkjbwogvslwbznxtcpok/Build/Products/Debug-iphonesimulator/Familienplaner.app/PlugIns/FamilienplanerTests.xctest

Touch /Users/runner/Library/Developer/Xcode/DerivedData/Familienplaner-dmcrrzfthkjbwogvslwbznxtcpok/Build/Products/Debug-iphonesimulator/Familienplaner.app/PlugIns/FamilienplanerTests.xctest (in target 'FamilienplanerTests' from project 'Familienplaner')
    cd /Users/runner/work/familienplaner/familienplaner
    /usr/bin/touch -c /Users/runner/Library/Developer/Xcode/DerivedData/Familienplaner-dmcrrzfthkjbwogvslwbznxtcpok/Build/Products/Debug-iphonesimulator/Familienplaner.app/PlugIns/FamilienplanerTests.xctest

RegisterExecutionPolicyException /Users/runner/Library/Developer/Xcode/DerivedData/Familienplaner-dmcrrzfthkjbwogvslwbznxtcpok/Build/Products/Debug-iphonesimulator/Familienplaner.app (in target 'Familienplaner' from project 'Familienplaner')
    cd /Users/runner/work/familienplaner/familienplaner
    builtin-RegisterExecutionPolicyException /Users/runner/Library/Developer/Xcode/DerivedData/Familienplaner-dmcrrzfthkjbwogvslwbznxtcpok/Build/Products/Debug-iphonesimulator/Familienplaner.app

Validate /Users/runner/Library/Developer/Xcode/DerivedData/Familienplaner-dmcrrzfthkjbwogvslwbznxtcpok/Build/Products/Debug-iphonesimulator/Familienplaner.app (in target 'Familienplaner' from project 'Familienplaner')
    cd /Users/runner/work/familienplaner/familienplaner
    builtin-validationUtility /Users/runner/Library/Developer/Xcode/DerivedData/Familienplaner-dmcrrzfthkjbwogvslwbznxtcpok/Build/Products/Debug-iphonesimulator/Familienplaner.app -shallow-bundle -infoplist-subpath Info.plist

Touch /Users/runner/Library/Developer/Xcode/DerivedData/Familienplaner-dmcrrzfthkjbwogvslwbznxtcpok/Build/Products/Debug-iphonesimulator/Familienplaner.app (in target 'Familienplaner' from project 'Familienplaner')
    cd /Users/runner/work/familienplaner/familienplaner
    /usr/bin/touch -c /Users/runner/Library/Developer/Xcode/DerivedData/Familienplaner-dmcrrzfthkjbwogvslwbznxtcpok/Build/Products/Debug-iphonesimulator/Familienplaner.app

ProcessInfoPlistFile /Users/runner/Library/Developer/Xcode/DerivedData/Familienplaner-dmcrrzfthkjbwogvslwbznxtcpok/Build/Products/Debug-iphonesimulator/FamilienplanerUITests-Runner.app/PlugIns/FamilienplanerUITests.xctest/Info.plist /Users/runner/Library/Developer/Xcode/DerivedData/Familienplaner-dmcrrzfthkjbwogvslwbznxtcpok/Build/Intermediates.noindex/Familienplaner.build/Debug-iphonesimulator/FamilienplanerUITests.build/empty-FamilienplanerUITests.plist (in target 'FamilienplanerUITests' from project 'Familienplaner')
    cd /Users/runner/work/familienplaner/familienplaner
    builtin-infoPlistUtility /Users/runner/Library/Developer/Xcode/DerivedData/Familienplaner-dmcrrzfthkjbwogvslwbznxtcpok/Build/Intermediates.noindex/Familienplaner.build/Debug-iphonesimulator/FamilienplanerUITests.build/empty-FamilienplanerUITests.plist -producttype com.apple.product-type.bundle.ui-testing -expandbuildsettings -format binary -platform iphonesimulator -additionalcontentfile /Users/runner/Library/Developer/Xcode/DerivedData/Familienplaner-dmcrrzfthkjbwogvslwbznxtcpok/Build/Intermediates.noindex/Familienplaner.build/Debug-iphonesimulator/FamilienplanerUITests.build/ProductTypeInfoPlistAdditions.plist -o /Users/runner/Library/Developer/Xcode/DerivedData/Familienplaner-dmcrrzfthkjbwogvslwbznxtcpok/Build/Products/Debug-iphonesimulator/FamilienplanerUITests-Runner.app/PlugIns/FamilienplanerUITests.xctest/Info.plist

Ld /Users/runner/Library/Developer/Xcode/DerivedData/Familienplaner-dmcrrzfthkjbwogvslwbznxtcpok/Build/Products/Debug-iphonesimulator/FamilienplanerUITests-Runner.app/PlugIns/FamilienplanerUITests.xctest/FamilienplanerUITests normal (in target 'FamilienplanerUITests' from project 'Familienplaner')
    cd /Users/runner/work/familienplaner/familienplaner
    /Applications/Xcode_26.6.app/Contents/Developer/Toolchains/XcodeDefault.xctoolchain/usr/bin/clang -Xlinker -reproducible -target arm64-apple-ios26.0-simulator -bundle -isysroot /Applications/Xcode_26.6.app/Contents/Developer/Platforms/iPhoneSimulator.platform/Developer/SDKs/iPhoneSimulator26.5.sdk -O0 -L/Users/runner/Library/Developer/Xcode/DerivedData/Familienplaner-dmcrrzfthkjbwogvslwbznxtcpok/Build/Intermediates.noindex/EagerLinkingTBDs/Debug-iphonesimulator -L/Users/runner/Library/Developer/Xcode/DerivedData/Familienplaner-dmcrrzfthkjbwogvslwbznxtcpok/Build/Products/Debug-iphonesimulator -L/Applications/Xcode_26.6.app/Contents/Developer/Platforms/iPhoneSimulator.platform/Developer/usr/lib -F/Users/runner/Library/Developer/Xcode/DerivedData/Familienplaner-dmcrrzfthkjbwogvslwbznxtcpok/Build/Intermediates.noindex/EagerLinkingTBDs/Debug-iphonesimulator -F/Users/runner/Library/Developer/Xcode/DerivedData/Familienplaner-dmcrrzfthkjbwogvslwbznxtcpok/Build/Products/Debug-iphonesimulator -iframework /Applications/Xcode_26.6.app/Contents/Developer/Platforms/iPhoneSimulator.platform/Developer/Library/Frameworks -iframework /Applications/Xcode_26.6.app/Contents/Developer/Platforms/iPhoneSimulator.platform/Developer/SDKs/iPhoneSimulator26.5.sdk/Developer/Library/Frameworks -filelist /Users/runner/Library/Developer/Xcode/DerivedData/Familienplaner-dmcrrzfthkjbwogvslwbznxtcpok/Build/Intermediates.noindex/Familienplaner.build/Debug-iphonesimulator/FamilienplanerUITests.build/Objects-normal/arm64/FamilienplanerUITests.LinkFileList -Xlinker -rpath -Xlinker @loader_path/Frameworks -Xlinker -rpath -Xlinker @executable_path/Frameworks -Xlinker -dead_strip -Xlinker -object_path_lto -Xlinker /Users/runner/Library/Developer/Xcode/DerivedData/Familienplaner-dmcrrzfthkjbwogvslwbznxtcpok/Build/Intermediates.noindex/Familienplaner.build/Debug-iphonesimulator/FamilienplanerUITests.build/Objects-normal/arm64/FamilienplanerUITests_lto.o -rdynamic -Xlinker -no_deduplicate -Xlinker -objc_abi_version -Xlinker 2 -Xlinker -debug_variant -Xlinker -dependency_info -Xlinker /Users/runner/Library/Developer/Xcode/DerivedData/Familienplaner-dmcrrzfthkjbwogvslwbznxtcpok/Build/Intermediates.noindex/Familienplaner.build/Debug-iphonesimulator/FamilienplanerUITests.build/Objects-normal/arm64/FamilienplanerUITests_dependency_info.dat -fobjc-link-runtime -fprofile-instr-generate -L/Applications/Xcode_26.6.app/Contents/Developer/Toolchains/XcodeDefault.xctoolchain/usr/lib/swift/iphonesimulator -L/usr/lib/swift -Xlinker -add_ast_path -Xlinker /Users/runner/Library/Developer/Xcode/DerivedData/Familienplaner-dmcrrzfthkjbwogvslwbznxtcpok/Build/Intermediates.noindex/Familienplaner.build/Debug-iphonesimulator/FamilienplanerUITests.build/Objects-normal/arm64/FamilienplanerUITests.swiftmodule @/Users/runner/Library/Developer/Xcode/DerivedData/Familienplaner-dmcrrzfthkjbwogvslwbznxtcpok/Build/Intermediates.noindex/Familienplaner.build/Debug-iphonesimulator/FamilienplanerUITests.build/Objects-normal/arm64/FamilienplanerUITests-linker-args.resp -Xlinker -needed_framework -Xlinker XCTest -framework XCTest -Xlinker -needed-lXCTestSwiftSupport -lXCTestSwiftSupport -o /Users/runner/Library/Developer/Xcode/DerivedData/Familienplaner-dmcrrzfthkjbwogvslwbznxtcpok/Build/Products/Debug-iphonesimulator/FamilienplanerUITests-Runner.app/PlugIns/FamilienplanerUITests.xctest/FamilienplanerUITests

CopySwiftLibs /Users/runner/Library/Developer/Xcode/DerivedData/Familienplaner-dmcrrzfthkjbwogvslwbznxtcpok/Build/Products/Debug-iphonesimulator/FamilienplanerUITests-Runner.app/PlugIns/FamilienplanerUITests.xctest (in target 'FamilienplanerUITests' from project 'Familienplaner')
    cd /Users/runner/work/familienplaner/familienplaner
    builtin-swiftStdLibTool --copy --verbose --scan-executable /Users/runner/Library/Developer/Xcode/DerivedData/Familienplaner-dmcrrzfthkjbwogvslwbznxtcpok/Build/Products/Debug-iphonesimulator/FamilienplanerUITests-Runner.app/PlugIns/FamilienplanerUITests.xctest/FamilienplanerUITests --scan-folder /Users/runner/Library/Developer/Xcode/DerivedData/Familienplaner-dmcrrzfthkjbwogvslwbznxtcpok/Build/Products/Debug-iphonesimulator/FamilienplanerUITests-Runner.app/PlugIns/FamilienplanerUITests.xctest/Frameworks --scan-folder /Users/runner/Library/Developer/Xcode/DerivedData/Familienplaner-dmcrrzfthkjbwogvslwbznxtcpok/Build/Products/Debug-iphonesimulator/FamilienplanerUITests-Runner.app/PlugIns/FamilienplanerUITests.xctest/PlugIns --scan-folder /Users/runner/Library/Developer/Xcode/DerivedData/Familienplaner-dmcrrzfthkjbwogvslwbznxtcpok/Build/Products/Debug-iphonesimulator/FamilienplanerUITests-Runner.app/PlugIns/FamilienplanerUITests.xctest/SystemExtensions --scan-folder /Users/runner/Library/Developer/Xcode/DerivedData/Familienplaner-dmcrrzfthkjbwogvslwbznxtcpok/Build/Products/Debug-iphonesimulator/FamilienplanerUITests-Runner.app/PlugIns/FamilienplanerUITests.xctest/Extensions --platform iphonesimulator --toolchain /var/run/com.apple.security.cryptexd/mnt/com.apple.MobileAsset.MetalToolchain-v17.6.109.0.SwB2QA/Metal.xctoolchain --toolchain /Applications/Xcode_26.6.app/Contents/Developer/Toolchains/XcodeDefault.xctoolchain --destination /Users/runner/Library/Developer/Xcode/DerivedData/Familienplaner-dmcrrzfthkjbwogvslwbznxtcpok/Build/Products/Debug-iphonesimulator/FamilienplanerUITests-Runner.app/PlugIns/FamilienplanerUITests.xctest/Frameworks --strip-bitcode --scan-executable /Applications/Xcode_26.6.app/Contents/Developer/Platforms/iPhoneSimulator.platform/Developer/usr/lib/libXCTestSwiftSupport.dylib --strip-bitcode-tool /Applications/Xcode_26.6.app/Contents/Developer/Toolchains/XcodeDefault.xctoolchain/usr/bin/bitcode_strip --emit-dependency-info /Users/runner/Library/Developer/Xcode/DerivedData/Familienplaner-dmcrrzfthkjbwogvslwbznxtcpok/Build/Intermediates.noindex/Familienplaner.build/Debug-iphonesimulator/FamilienplanerUITests.build/SwiftStdLibToolInputDependencies.dep --filter-for-swift-os
Ignoring --strip-bitcode because --sign was not passed

ExtractAppIntentsMetadata (in target 'FamilienplanerUITests' from project 'Familienplaner')
    cd /Users/runner/work/familienplaner/familienplaner
    /Applications/Xcode_26.6.app/Contents/Developer/Toolchains/XcodeDefault.xctoolchain/usr/bin/appintentsmetadataprocessor --toolchain-dir /var/run/com.apple.security.cryptexd/mnt/com.apple.MobileAsset.MetalToolchain-v17.6.109.0.SwB2QA/Metal.xctoolchain --module-name FamilienplanerUITests --sdk-root /Applications/Xcode_26.6.app/Contents/Developer/Platforms/iPhoneSimulator.platform/Developer/SDKs/iPhoneSimulator26.5.sdk --xcode-version 17F113 --platform-family iOS --deployment-target 26.0 --bundle-identifier de.barg.familienplaner.uitests --output /Users/runner/Library/Developer/Xcode/DerivedData/Familienplaner-dmcrrzfthkjbwogvslwbznxtcpok/Build/Products/Debug-iphonesimulator/FamilienplanerUITests-Runner.app/PlugIns/FamilienplanerUITests.xctest --target-triple arm64-apple-ios26.0-simulator --binary-file /Users/runner/Library/Developer/Xcode/DerivedData/Familienplaner-dmcrrzfthkjbwogvslwbznxtcpok/Build/Products/Debug-iphonesimulator/FamilienplanerUITests-Runner.app/PlugIns/FamilienplanerUITests.xctest/FamilienplanerUITests --dependency-file /Users/runner/Library/Developer/Xcode/DerivedData/Familienplaner-dmcrrzfthkjbwogvslwbznxtcpok/Build/Intermediates.noindex/Familienplaner.build/Debug-iphonesimulator/FamilienplanerUITests.build/Objects-normal/arm64/FamilienplanerUITests_dependency_info.dat --stringsdata-file /Users/runner/Library/Developer/Xcode/DerivedData/Familienplaner-dmcrrzfthkjbwogvslwbznxtcpok/Build/Intermediates.noindex/Familienplaner.build/Debug-iphonesimulator/FamilienplanerUITests.build/Objects-normal/arm64/ExtractedAppShortcutsMetadata.stringsdata --source-file-list /Users/runner/Library/Developer/Xcode/DerivedData/Familienplaner-dmcrrzfthkjbwogvslwbznxtcpok/Build/Intermediates.noindex/Familienplaner.build/Debug-iphonesimulator/FamilienplanerUITests.build/Objects-normal/arm64/FamilienplanerUITests.SwiftFileList --metadata-file-list /Users/runner/Library/Developer/Xcode/DerivedData/Familienplaner-dmcrrzfthkjbwogvslwbznxtcpok/Build/Intermediates.noindex/Familienplaner.build/Debug-iphonesimulator/FamilienplanerUITests.build/FamilienplanerUITests.DependencyMetadataFileList --static-metadata-file-list /Users/runner/Library/Developer/Xcode/DerivedData/Familienplaner-dmcrrzfthkjbwogvslwbznxtcpok/Build/Intermediates.noindex/Familienplaner.build/Debug-iphonesimulator/FamilienplanerUITests.build/FamilienplanerUITests.DependencyStaticMetadataFileList --swift-const-vals-list /Users/runner/Library/Developer/Xcode/DerivedData/Familienplaner-dmcrrzfthkjbwogvslwbznxtcpok/Build/Intermediates.noindex/Familienplaner.build/Debug-iphonesimulator/FamilienplanerUITests.build/Objects-normal/arm64/FamilienplanerUITests.SwiftConstValuesFileList --compile-time-extraction --deployment-aware-processing --validate-assistant-intents --no-app-shortcuts-localization
2026-10-10 00:44:25.884 appintentsmetadataprocessor[3922:14885] Starting appintentsmetadataprocessor export
2026-10-10 00:44:25.887 appintentsmetadataprocessor[3922:14885] warning: Metadata extraction skipped. No AppIntents.framework dependency found.

AppIntentsSSUTraining (in target 'FamilienplanerUITests' from project 'Familienplaner')
    cd /Users/runner/work/familienplaner/familienplaner
    /Applications/Xcode_26.6.app/Contents/Developer/Toolchains/XcodeDefault.xctoolchain/usr/bin/appintentsnltrainingprocessor --infoplist-path /Users/runner/Library/Developer/Xcode/DerivedData/Familienplaner-dmcrrzfthkjbwogvslwbznxtcpok/Build/Products/Debug-iphonesimulator/FamilienplanerUITests-Runner.app/PlugIns/FamilienplanerUITests.xctest/Info.plist --temp-dir-path /Users/runner/Library/Developer/Xcode/DerivedData/Familienplaner-dmcrrzfthkjbwogvslwbznxtcpok/Build/Intermediates.noindex/Familienplaner.build/Debug-iphonesimulator/FamilienplanerUITests.build/ssu --bundle-id de.barg.familienplaner.uitests --product-path /Users/runner/Library/Developer/Xcode/DerivedData/Familienplaner-dmcrrzfthkjbwogvslwbznxtcpok/Build/Products/Debug-iphonesimulator/FamilienplanerUITests-Runner.app/PlugIns/FamilienplanerUITests.xctest --extracted-metadata-path /Users/runner/Library/Developer/Xcode/DerivedData/Familienplaner-dmcrrzfthkjbwogvslwbznxtcpok/Build/Products/Debug-iphonesimulator/FamilienplanerUITests-Runner.app/PlugIns/FamilienplanerUITests.xctest/Metadata.appintents --metadata-file-list /Users/runner/Library/Developer/Xcode/DerivedData/Familienplaner-dmcrrzfthkjbwogvslwbznxtcpok/Build/Intermediates.noindex/Familienplaner.build/Debug-iphonesimulator/FamilienplanerUITests.build/FamilienplanerUITests.DependencyMetadataFileList --source-file /Users/runner/Library/Developer/Xcode/DerivedData/Familienplaner-dmcrrzfthkjbwogvslwbznxtcpok/Build/Products/Debug-iphonesimulator/FamilienplanerUITests-Runner.app/PlugIns/FamilienplanerUITests.xctest/Info.plist --archive-ssu-assets
2026-10-10 00:44:25.911 appintentsnltrainingprocessor[3923:14886] Parsing options for appintentsnltrainingprocessor
2026-10-10 00:44:25.911 appintentsnltrainingprocessor[3923:14886] Starting AppIntents SSU YAML Generation
2026-10-10 00:44:25.911 appintentsnltrainingprocessor[3923:14886] No AppShortcuts found - Skipping.

MkDir /Users/runner/Library/Developer/Xcode/DerivedData/Familienplaner-dmcrrzfthkjbwogvslwbznxtcpok/Build/Products/Debug-iphonesimulator/FamilienplanerUITests-Runner.app (in target 'FamilienplanerUITests' from project 'Familienplaner')
    cd /Users/runner/work/familienplaner/familienplaner
    /bin/mkdir -p /Users/runner/Library/Developer/Xcode/DerivedData/Familienplaner-dmcrrzfthkjbwogvslwbznxtcpok/Build/Products/Debug-iphonesimulator/FamilienplanerUITests-Runner.app

CopyAndPreserveArchs /Users/runner/Library/Developer/Xcode/DerivedData/Familienplaner-dmcrrzfthkjbwogvslwbznxtcpok/Build/Products/Debug-iphonesimulator/FamilienplanerUITests-Runner.app/FamilienplanerUITests-Runner (in target 'FamilienplanerUITests' from project 'Familienplaner')
    cd /Users/runner/work/familienplaner/familienplaner
    /Applications/Xcode_26.6.app/Contents/Developer/Toolchains/XcodeDefault.xctoolchain/usr/bin/lipo /Applications/Xcode_26.6.app/Contents/Developer/Platforms/iPhoneSimulator.platform/Developer/Library/Xcode/Agents/XCTRunner.app/XCTRunner -output /Users/runner/Library/Developer/Xcode/DerivedData/Familienplaner-dmcrrzfthkjbwogvslwbznxtcpok/Build/Products/Debug-iphonesimulator/FamilienplanerUITests-Runner.app/FamilienplanerUITests-Runner -extract arm64

CopyPlistFile /Users/runner/Library/Developer/Xcode/DerivedData/Familienplaner-dmcrrzfthkjbwogvslwbznxtcpok/Build/Products/Debug-iphonesimulator/FamilienplanerUITests-Runner.app/Info.plist /Applications/Xcode_26.6.app/Contents/Developer/Platforms/iPhoneSimulator.platform/Developer/Library/Xcode/Agents/XCTRunner.app/Info.plist (in target 'FamilienplanerUITests' from project 'Familienplaner')
    cd /Users/runner/work/familienplaner/familienplaner
    builtin-copyPlist --validate --convert xml1 --macro-expansion WRAPPEDPRODUCTNAME FamilienplanerUITests-Runner --macro-expansion WRAPPEDPRODUCTBUNDLEIDENTIFIER de.barg.familienplaner.uitests.xctrunner --macro-expansion TESTPRODUCTNAME FamilienplanerUITests --macro-expansion TESTPRODUCTBUNDLEIDENTIFIER de.barg.familienplaner.uitests --copy-value UIDeviceFamily /Users/runner/Library/Developer/Xcode/DerivedData/Familienplaner-dmcrrzfthkjbwogvslwbznxtcpok/Build/Products/Debug-iphonesimulator/FamilienplanerUITests-Runner.app/PlugIns/FamilienplanerUITests.xctest/Info.plist --outdir /Users/runner/Library/Developer/Xcode/DerivedData/Familienplaner-dmcrrzfthkjbwogvslwbznxtcpok/Build/Products/Debug-iphonesimulator/FamilienplanerUITests-Runner.app -- /Applications/Xcode_26.6.app/Contents/Developer/Platforms/iPhoneSimulator.platform/Developer/Library/Xcode/Agents/XCTRunner.app/Info.plist

Copy /Users/runner/Library/Developer/Xcode/DerivedData/Familienplaner-dmcrrzfthkjbwogvslwbznxtcpok/Build/Products/Debug-iphonesimulator/FamilienplanerUITests-Runner.app/PkgInfo /Applications/Xcode_26.6.app/Contents/Developer/Platforms/iPhoneSimulator.platform/Developer/Library/Xcode/Agents/XCTRunner.app/PkgInfo (in target 'FamilienplanerUITests' from project 'Familienplaner')
    cd /Users/runner/work/familienplaner/familienplaner
    builtin-copy -exclude .DS_Store -exclude CVS -exclude .svn -exclude .git -exclude .hg -resolve-src-symlinks /Applications/Xcode_26.6.app/Contents/Developer/Platforms/iPhoneSimulator.platform/Developer/Library/Xcode/Agents/XCTRunner.app/PkgInfo /Users/runner/Library/Developer/Xcode/DerivedData/Familienplaner-dmcrrzfthkjbwogvslwbznxtcpok/Build/Products/Debug-iphonesimulator/FamilienplanerUITests-Runner.app

Copy /Users/runner/Library/Developer/Xcode/DerivedData/Familienplaner-dmcrrzfthkjbwogvslwbznxtcpok/Build/Products/Debug-iphonesimulator/FamilienplanerUITests-Runner.app/Frameworks/libXCTestSwiftSupport.dylib /Applications/Xcode_26.6.app/Contents/Developer/Platforms/iPhoneSimulator.platform/Developer/usr/lib/libXCTestSwiftSupport.dylib (in target 'FamilienplanerUITests' from project 'Familienplaner')
    cd /Users/runner/work/familienplaner/familienplaner
    builtin-copy -exclude .DS_Store -exclude CVS -exclude .svn -exclude .git -exclude .hg -exclude Headers -exclude PrivateHeaders -exclude Modules -exclude \*.tbd -resolve-src-symlinks /Applications/Xcode_26.6.app/Contents/Developer/Platforms/iPhoneSimulator.platform/Developer/usr/lib/libXCTestSwiftSupport.dylib /Users/runner/Library/Developer/Xcode/DerivedData/Familienplaner-dmcrrzfthkjbwogvslwbznxtcpok/Build/Products/Debug-iphonesimulator/FamilienplanerUITests-Runner.app/Frameworks

Copy /Users/runner/Library/Developer/Xcode/DerivedData/Familienplaner-dmcrrzfthkjbwogvslwbznxtcpok/Build/Products/Debug-iphonesimulator/FamilienplanerUITests-Runner.app/Frameworks/XCUnit.framework /Applications/Xcode_26.6.app/Contents/Developer/Platforms/iPhoneSimulator.platform/Developer/Library/PrivateFrameworks/XCUnit.framework (in target 'FamilienplanerUITests' from project 'Familienplaner')
    cd /Users/runner/work/familienplaner/familienplaner
    builtin-copy -exclude .DS_Store -exclude CVS -exclude .svn -exclude .git -exclude .hg -exclude Headers -exclude PrivateHeaders -exclude Modules -exclude \*.tbd -resolve-src-symlinks /Applications/Xcode_26.6.app/Contents/Developer/Platforms/iPhoneSimulator.platform/Developer/Library/PrivateFrameworks/XCUnit.framework /Users/runner/Library/Developer/Xcode/DerivedData/Familienplaner-dmcrrzfthkjbwogvslwbznxtcpok/Build/Products/Debug-iphonesimulator/FamilienplanerUITests-Runner.app/Frameworks

Copy /Users/runner/Library/Developer/Xcode/DerivedData/Familienplaner-dmcrrzfthkjbwogvslwbznxtcpok/Build/Products/Debug-iphonesimulator/FamilienplanerUITests-Runner.app/Frameworks/XCUIAutomation.framework /Applications/Xcode_26.6.app/Contents/Developer/Platforms/iPhoneSimulator.platform/Developer/Library/Frameworks/XCUIAutomation.framework (in target 'FamilienplanerUITests' from project 'Familienplaner')
    cd /Users/runner/work/familienplaner/familienplaner
    builtin-copy -exclude .DS_Store -exclude CVS -exclude .svn -exclude .git -exclude .hg -exclude Headers -exclude PrivateHeaders -exclude Modules -exclude \*.tbd -resolve-src-symlinks /Applications/Xcode_26.6.app/Contents/Developer/Platforms/iPhoneSimulator.platform/Developer/Library/Frameworks/XCUIAutomation.framework /Users/runner/Library/Developer/Xcode/DerivedData/Familienplaner-dmcrrzfthkjbwogvslwbznxtcpok/Build/Products/Debug-iphonesimulator/FamilienplanerUITests-Runner.app/Frameworks

Copy /Users/runner/Library/Developer/Xcode/DerivedData/Familienplaner-dmcrrzfthkjbwogvslwbznxtcpok/Build/Products/Debug-iphonesimulator/FamilienplanerUITests-Runner.app/Frameworks/XCTestSupport.framework /Applications/Xcode_26.6.app/Contents/Developer/Platforms/iPhoneSimulator.platform/Developer/Library/PrivateFrameworks/XCTestSupport.framework (in target 'FamilienplanerUITests' from project 'Familienplaner')
    cd /Users/runner/work/familienplaner/familienplaner
    builtin-copy -exclude .DS_Store -exclude CVS -exclude .svn -exclude .git -exclude .hg -exclude Headers -exclude PrivateHeaders -exclude Modules -exclude \*.tbd -resolve-src-symlinks /Applications/Xcode_26.6.app/Contents/Developer/Platforms/iPhoneSimulator.platform/Developer/Library/PrivateFrameworks/XCTestSupport.framework /Users/runner/Library/Developer/Xcode/DerivedData/Familienplaner-dmcrrzfthkjbwogvslwbznxtcpok/Build/Products/Debug-iphonesimulator/FamilienplanerUITests-Runner.app/Frameworks

Copy /Users/runner/Library/Developer/Xcode/DerivedData/Familienplaner-dmcrrzfthkjbwogvslwbznxtcpok/Build/Products/Debug-iphonesimulator/FamilienplanerUITests-Runner.app/Frameworks/XCTestCore.framework /Applications/Xcode_26.6.app/Contents/Developer/Platforms/iPhoneSimulator.platform/Developer/Library/PrivateFrameworks/XCTestCore.framework (in target 'FamilienplanerUITests' from project 'Familienplaner')
    cd /Users/runner/work/familienplaner/familienplaner
    builtin-copy -exclude .DS_Store -exclude CVS -exclude .svn -exclude .git -exclude .hg -exclude Headers -exclude PrivateHeaders -exclude Modules -exclude \*.tbd -resolve-src-symlinks /Applications/Xcode_26.6.app/Contents/Developer/Platforms/iPhoneSimulator.platform/Developer/Library/PrivateFrameworks/XCTestCore.framework /Users/runner/Library/Developer/Xcode/DerivedData/Familienplaner-dmcrrzfthkjbwogvslwbznxtcpok/Build/Products/Debug-iphonesimulator/FamilienplanerUITests-Runner.app/Frameworks

Copy /Users/runner/Library/Developer/Xcode/DerivedData/Familienplaner-dmcrrzfthkjbwogvslwbznxtcpok/Build/Products/Debug-iphonesimulator/FamilienplanerUITests-Runner.app/Frameworks/XCTest.framework /Applications/Xcode_26.6.app/Contents/Developer/Platforms/iPhoneSimulator.platform/Developer/Library/Frameworks/XCTest.framework (in target 'FamilienplanerUITests' from project 'Familienplaner')
    cd /Users/runner/work/familienplaner/familienplaner
    builtin-copy -exclude .DS_Store -exclude CVS -exclude .svn -exclude .git -exclude .hg -exclude Headers -exclude PrivateHeaders -exclude Modules -exclude \*.tbd -resolve-src-symlinks /Applications/Xcode_26.6.app/Contents/Developer/Platforms/iPhoneSimulator.platform/Developer/Library/Frameworks/XCTest.framework /Users/runner/Library/Developer/Xcode/DerivedData/Familienplaner-dmcrrzfthkjbwogvslwbznxtcpok/Build/Products/Debug-iphonesimulator/FamilienplanerUITests-Runner.app/Frameworks

Copy /Users/runner/Library/Developer/Xcode/DerivedData/Familienplaner-dmcrrzfthkjbwogvslwbznxtcpok/Build/Products/Debug-iphonesimulator/FamilienplanerUITests-Runner.app/Frameworks/XCTAutomationSupport.framework /Applications/Xcode_26.6.app/Contents/Developer/Platforms/iPhoneSimulator.platform/Developer/Library/PrivateFrameworks/XCTAutomationSupport.framework (in target 'FamilienplanerUITests' from project 'Familienplaner')
    cd /Users/runner/work/familienplaner/familienplaner
    builtin-copy -exclude .DS_Store -exclude CVS -exclude .svn -exclude .git -exclude .hg -exclude Headers -exclude PrivateHeaders -exclude Modules -exclude \*.tbd -resolve-src-symlinks /Applications/Xcode_26.6.app/Contents/Developer/Platforms/iPhoneSimulator.platform/Developer/Library/PrivateFrameworks/XCTAutomationSupport.framework /Users/runner/Library/Developer/Xcode/DerivedData/Familienplaner-dmcrrzfthkjbwogvslwbznxtcpok/Build/Products/Debug-iphonesimulator/FamilienplanerUITests-Runner.app/Frameworks

Copy /Users/runner/Library/Developer/Xcode/DerivedData/Familienplaner-dmcrrzfthkjbwogvslwbznxtcpok/Build/Products/Debug-iphonesimulator/FamilienplanerUITests-Runner.app/Frameworks/Testing.framework /Applications/Xcode_26.6.app/Contents/Developer/Platforms/iPhoneSimulator.platform/Developer/Library/Frameworks/Testing.framework (in target 'FamilienplanerUITests' from project 'Familienplaner')
    cd /Users/runner/work/familienplaner/familienplaner
    builtin-copy -exclude .DS_Store -exclude CVS -exclude .svn -exclude .git -exclude .hg -exclude Headers -exclude PrivateHeaders -exclude Modules -exclude \*.tbd -resolve-src-symlinks /Applications/Xcode_26.6.app/Contents/Developer/Platforms/iPhoneSimulator.platform/Developer/Library/Frameworks/Testing.framework /Users/runner/Library/Developer/Xcode/DerivedData/Familienplaner-dmcrrzfthkjbwogvslwbznxtcpok/Build/Products/Debug-iphonesimulator/FamilienplanerUITests-Runner.app/Frameworks

RegisterExecutionPolicyException /Users/runner/Library/Developer/Xcode/DerivedData/Familienplaner-dmcrrzfthkjbwogvslwbznxtcpok/Build/Products/Debug-iphonesimulator/FamilienplanerUITests-Runner.app/PlugIns/FamilienplanerUITests.xctest (in target 'FamilienplanerUITests' from project 'Familienplaner')
    cd /Users/runner/work/familienplaner/familienplaner
    builtin-RegisterExecutionPolicyException /Users/runner/Library/Developer/Xcode/DerivedData/Familienplaner-dmcrrzfthkjbwogvslwbznxtcpok/Build/Products/Debug-iphonesimulator/FamilienplanerUITests-Runner.app/PlugIns/FamilienplanerUITests.xctest

Touch /Users/runner/Library/Developer/Xcode/DerivedData/Familienplaner-dmcrrzfthkjbwogvslwbznxtcpok/Build/Products/Debug-iphonesimulator/FamilienplanerUITests-Runner.app/PlugIns/FamilienplanerUITests.xctest (in target 'FamilienplanerUITests' from project 'Familienplaner')
    cd /Users/runner/work/familienplaner/familienplaner
    /usr/bin/touch -c /Users/runner/Library/Developer/Xcode/DerivedData/Familienplaner-dmcrrzfthkjbwogvslwbznxtcpok/Build/Products/Debug-iphonesimulator/FamilienplanerUITests-Runner.app/PlugIns/FamilienplanerUITests.xctest

Test Suite 'All tests' started at 2026-10-10 00:47:05.252.
Test Suite 'FamilienplanerTests.xctest' started at 2026-10-10 00:47:05.254.
Test Suite 'AllDayTests' started at 2026-10-10 00:47:05.254.
Test Case '-[FamilienplanerTests.AllDayTests testExportMarksAllDay]' started.
Test Case '-[FamilienplanerTests.AllDayTests testExportMarksAllDay]' passed (0.036 seconds).
Test Case '-[FamilienplanerTests.AllDayTests testMakeEventNormalizesAndIsFoundOnEveryDay]' started.
Test Case '-[FamilienplanerTests.AllDayTests testMakeEventNormalizesAndIsFoundOnEveryDay]' passed (0.010 seconds).
Test Case '-[FamilienplanerTests.AllDayTests testSpanCoversWholeDays]' started.
Test Case '-[FamilienplanerTests.AllDayTests testSpanCoversWholeDays]' passed (0.001 seconds).
Test Case '-[FamilienplanerTests.AllDayTests testSpanSurvivesDaylightSavingChange]' started.
Test Case '-[FamilienplanerTests.AllDayTests testSpanSurvivesDaylightSavingChange]' passed (1.433 seconds).
Test Case '-[FamilienplanerTests.AllDayTests testUpdateKeepsOrSwitchesAllDay]' started.
Test Case '-[FamilienplanerTests.AllDayTests testUpdateKeepsOrSwitchesAllDay]' passed (0.004 seconds).
Test Case '-[FamilienplanerTests.AllDayTests testYearlyBirthdaySeriesStaysAllDay]' started.
Test Case '-[FamilienplanerTests.AllDayTests testYearlyBirthdaySeriesStaysAllDay]' passed (0.005 seconds).
Test Suite 'AllDayTests' passed at 2026-10-10 00:47:06.747.
	 Executed 6 tests, with 0 failures (0 unexpected) in 1.489 (1.493) seconds
Test Suite 'BackupAndSyncTests' started at 2026-10-10 00:47:06.747.
Test Case '-[FamilienplanerTests.BackupAndSyncTests testFoldingKeepsMultibyteCharactersIntact]' started.
Test Case '-[FamilienplanerTests.BackupAndSyncTests testFoldingKeepsMultibyteCharactersIntact]' passed (0.001 seconds).
Test Case '-[FamilienplanerTests.BackupAndSyncTests testICSBusyOnlyHidesDetails]' started.
Test Case '-[FamilienplanerTests.BackupAndSyncTests testICSBusyOnlyHidesDetails]' passed (0.007 seconds).
Test Case '-[FamilienplanerTests.BackupAndSyncTests testICSContainsTimedAndAllDayEventsWithEscaping]' started.
Test Case '-[FamilienplanerTests.BackupAndSyncTests testICSContainsTimedAndAllDayEventsWithEscaping]' passed (0.005 seconds).
Test Case '-[FamilienplanerTests.BackupAndSyncTests testRemovingHouseholdDeletesAllDataInItsStore]' started.
2026-10-10 00:47:07.822335+0000 Familienplaner[4922:19611] [unspecified] container_create_or_lookup_app_group_path_by_app_group_identifier: client is not entitled
2026-10-10 00:47:07.822916+0000 Familienplaner[4922:19611] [unspecified] container_create_or_lookup_app_group_path_by_app_group_identifier: client is not entitled
2026-10-10 00:47:07.831200+0000 Familienplaner[4922:19611] [Removal] Haushalt entfernt
Test Case '-[FamilienplanerTests.BackupAndSyncTests testRemovingHouseholdDeletesAllDataInItsStore]' passed (0.547 seconds).
Test Case '-[FamilienplanerTests.BackupAndSyncTests testSyncProblemPriorities]' started.
Test Case '-[FamilienplanerTests.BackupAndSyncTests testSyncProblemPriorities]' passed (0.005 seconds).
Test Suite 'BackupAndSyncTests' passed at 2026-10-10 00:47:07.841.
	 Executed 5 tests, with 0 failures (0 unexpected) in 0.565 (1.094) seconds
Test Suite 'CalendarExportTests' started at 2026-10-10 00:47:07.841.
Test Case '-[FamilienplanerTests.CalendarExportTests testContentRespectsBusyOnlyAndChildView]' started.
Test Case '-[FamilienplanerTests.CalendarExportTests testContentRespectsBusyOnlyAndChildView]' passed (0.004 seconds).
Test Case '-[FamilienplanerTests.CalendarExportTests testContentShowsPeopleDutiesAndOpenRoles]' started.
Test Case '-[FamilienplanerTests.CalendarExportTests testContentShowsPeopleDutiesAndOpenRoles]' passed (0.004 seconds).
Test Case '-[FamilienplanerTests.CalendarExportTests testOwnImportedEventsAreNotExportedAgain]' started.
Test Case '-[FamilienplanerTests.CalendarExportTests testOwnImportedEventsAreNotExportedAgain]' passed (0.003 seconds).
Test Case '-[FamilienplanerTests.CalendarExportTests testScopeDecidesWhichEventsAreExported]' started.
Test Case '-[FamilienplanerTests.CalendarExportTests testScopeDecidesWhichEventsAreExported]' passed (0.004 seconds).
Test Suite 'CalendarExportTests' passed at 2026-10-10 00:47:07.928.
	 Executed 4 tests, with 0 failures (0 unexpected) in 0.015 (0.087) seconds
Test Suite 'EventServiceTests' started at 2026-10-10 00:47:07.929.
Test Case '-[FamilienplanerTests.EventServiceTests testBusyOnlyNeverStoresTitleLocationOrNotes]' started.
Test Case '-[FamilienplanerTests.EventServiceTests testBusyOnlyNeverStoresTitleLocationOrNotes]' passed (0.003 seconds).
Test Case '-[FamilienplanerTests.EventServiceTests testConcurrentClaimsResolveDeterministically]' started.
Test Case '-[FamilienplanerTests.EventServiceTests testConcurrentClaimsResolveDeterministically]' passed (0.003 seconds).
Test Case '-[FamilienplanerTests.EventServiceTests testDeclinedParticipationReopensRole]' started.
Test Case '-[FamilienplanerTests.EventServiceTests testDeclinedParticipationReopensRole]' passed (0.334 seconds).
Test Case '-[FamilienplanerTests.EventServiceTests testDefaultDurationIsThirtyMinutes]' started.
Test Case '-[FamilienplanerTests.EventServiceTests testDefaultDurationIsThirtyMinutes]' passed (0.001 seconds).
Test Case '-[FamilienplanerTests.EventServiceTests testEmptyLocationAndNotesAreStoredAsNil]' started.
Test Case '-[FamilienplanerTests.EventServiceTests testEmptyLocationAndNotesAreStoredAsNil]' passed (0.003 seconds).
Test Case '-[FamilienplanerTests.EventServiceTests testEventsRequestIncludesOverlapsAndExcludesTouchingEvents]' started.
Test Case '-[FamilienplanerTests.EventServiceTests testEventsRequestIncludesOverlapsAndExcludesTouchingEvents]' passed (0.004 seconds).
Test Case '-[FamilienplanerTests.EventServiceTests testOpenResponsibilitiesAreDifferenceOfRequiredAndCovered]' started.
Test Case '-[FamilienplanerTests.EventServiceTests testOpenResponsibilitiesAreDifferenceOfRequiredAndCovered]' passed (0.113 seconds).
Test Case '-[FamilienplanerTests.EventServiceTests testOpenResponsibilitiesRespectTimeWindow]' started.
Test Case '-[FamilienplanerTests.EventServiceTests testOpenResponsibilitiesRespectTimeWindow]' passed (0.003 seconds).
Test Case '-[FamilienplanerTests.EventServiceTests testReassignSubjectMovesEventToOtherPersonAndKeepsDuties]' started.
Test Case '-[FamilienplanerTests.EventServiceTests testReassignSubjectMovesEventToOtherPersonAndKeepsDuties]' passed (0.003 seconds).
Test Case '-[FamilienplanerTests.EventServiceTests testRequiredRolesRoundTrip]' started.
Test Case '-[FamilienplanerTests.EventServiceTests testRequiredRolesRoundTrip]' passed (0.001 seconds).
Test Case '-[FamilienplanerTests.EventServiceTests testSearchIgnoresCaseAndDiacriticsAndCoversLocationAndNotes]' started.
Test Case '-[FamilienplanerTests.EventServiceTests testSearchIgnoresCaseAndDiacriticsAndCoversLocationAndNotes]' passed (0.081 seconds).
Test Case '-[FamilienplanerTests.EventServiceTests testSecondAdultCannotClaimTakenRole]' started.
Test Case '-[FamilienplanerTests.EventServiceTests testSecondAdultCannotClaimTakenRole]' passed (0.002 seconds).
Test Case '-[FamilienplanerTests.EventServiceTests testSetRequiredRolesOnTimedEventOnly]' started.
Test Case '-[FamilienplanerTests.EventServiceTests testSetRequiredRolesOnTimedEventOnly]' passed (0.002 seconds).
Test Case '-[FamilienplanerTests.EventServiceTests testSoftDeleteHidesEverywhereButKeepsRecord]' started.
Test Case '-[FamilienplanerTests.EventServiceTests testSoftDeleteHidesEverywhereButKeepsRecord]' passed (0.004 seconds).
Test Case '-[FamilienplanerTests.EventServiceTests testUpdateSyncsSubjectsButKeepsResponsibilities]' started.
Test Case '-[FamilienplanerTests.EventServiceTests testUpdateSyncsSubjectsButKeepsResponsibilities]' passed (0.003 seconds).
Test Case '-[FamilienplanerTests.EventServiceTests testUpdateToBusyOnlyStripsExistingDetails]' started.
Test Case '-[FamilienplanerTests.EventServiceTests testUpdateToBusyOnlyStripsExistingDetails]' passed (0.002 seconds).
Test Suite 'EventServiceTests' passed at 2026-10-10 00:47:08.527.
	 Executed 16 tests, with 0 failures (0 unexpected) in 0.562 (0.599) seconds
Test Suite 'FreeTimeTests' started at 2026-10-10 00:47:08.528.
Test Case '-[FamilienplanerTests.FreeTimeTests testBusyComesFromSubjectsAndDutiesOfSelectedMembers]' started.
Test Case '-[FamilienplanerTests.FreeTimeTests testBusyComesFromSubjectsAndDutiesOfSelectedMembers]' passed (0.003 seconds).
Test Case '-[FamilienplanerTests.FreeTimeTests testGapsBetweenMergedBusyBlocks]' started.
Test Case '-[FamilienplanerTests.FreeTimeTests testGapsBetweenMergedBusyBlocks]' passed (0.081 seconds).
Test Case '-[FamilienplanerTests.FreeTimeTests testMergeJoinsTouchingIntervals]' started.
Test Case '-[FamilienplanerTests.FreeTimeTests testMergeJoinsTouchingIntervals]' passed (0.001 seconds).
Test Case '-[FamilienplanerTests.FreeTimeTests testMinimumDurationFiltersShortGaps]' started.
Test Case '-[FamilienplanerTests.FreeTimeTests testMinimumDurationFiltersShortGaps]' passed (0.001 seconds).
Test Case '-[FamilienplanerTests.FreeTimeTests testStartsNotBeforeNowRoundedToQuarterHour]' started.
Test Case '-[FamilienplanerTests.FreeTimeTests testStartsNotBeforeNowRoundedToQuarterHour]' passed (0.001 seconds).
Test Case '-[FamilienplanerTests.FreeTimeTests testWeekendAndWeekdayFilter]' started.
Test Case '-[FamilienplanerTests.FreeTimeTests testWeekendAndWeekdayFilter]' passed (0.001 seconds).
Test Suite 'FreeTimeTests' passed at 2026-10-10 00:47:08.617.
	 Executed 6 tests, with 0 failures (0 unexpected) in 0.087 (0.089) seconds
Test Suite 'GermanDateParserTests' started at 2026-10-10 00:47:08.617.
Test Case '-[FamilienplanerTests.GermanDateParserTests testDateRangeIsAllDay]' started.
Test Case '-[FamilienplanerTests.GermanDateParserTests testDateRangeIsAllDay]' passed (0.006 seconds).
Test Case '-[FamilienplanerTests.GermanDateParserTests testInvalidMonthIsNoDate]' started.
Test Case '-[FamilienplanerTests.GermanDateParserTests testInvalidMonthIsNoDate]' passed (0.001 seconds).
Test Case '-[FamilienplanerTests.GermanDateParserTests testNamedMonthAndUhrTime]' started.
Test Case '-[FamilienplanerTests.GermanDateParserTests testNamedMonthAndUhrTime]' passed (0.001 seconds).
Test Case '-[FamilienplanerTests.GermanDateParserTests testNumbersWithoutUhrAreNoTime]' started.
Test Case '-[FamilienplanerTests.GermanDateParserTests testNumbersWithoutUhrAreNoTime]' passed (0.053 seconds).
Test Case '-[FamilienplanerTests.GermanDateParserTests testNumericDateWithTime]' started.
Test Case '-[FamilienplanerTests.GermanDateParserTests testNumericDateWithTime]' passed (0.001 seconds).
Test Case '-[FamilienplanerTests.GermanDateParserTests testOldSuggestionsWithoutAllDayStillDecode]' started.
Test Case '-[FamilienplanerTests.GermanDateParserTests testOldSuggestionsWithoutAllDayStillDecode]' passed (0.005 seconds).
Test Case '-[FamilienplanerTests.GermanDateParserTests testPastDateWithoutYearMovesToNextYear]' started.
Test Case '-[FamilienplanerTests.GermanDateParserTests testPastDateWithoutYearMovesToNextYear]' passed (0.001 seconds).
Test Case '-[FamilienplanerTests.GermanDateParserTests testPreviousLineBecomesTitle]' started.
2026-10-10 00:47:08.577636+0000 Familienplaner[4922:21425] [WC] -[WCSession onqueue_handleUpdateSessionState:]_block_invoke dropping as pairingTest Case '-[FamilienplanerTests.GermanDateParserTests testPreviousLineBecomesTitle]' passed (0.031 seconds).
Test Case '-[FamilienplanerTests.GermanDateParserTests testRangeBecomesAllDaySuggestion]' started.
Test Case '-[FamilienplanerTests.GermanDateParserTests testRangeBecomesAllDaySuggestion]' passed (0.001 seconds).
Test Case '-[FamilienplanerTests.GermanDateParserTests testTimeRangeWithDots]' started.
Test Case '-[FamilienplanerTests.GermanDateParserTests testTimeRangeWithDots]' passed (0.001 seconds).
Test Case '-[FamilienplanerTests.GermanDateParserTests testWeekdayWithoutTimeIsIgnored]' started.
Test Case '-[FamilienplanerTests.GermanDateParserTests testWeekdayWithoutTimeIsIgnored]' passed (0.001 seconds).
Test Case '-[FamilienplanerTests.GermanDateParserTests testWeekdayWithTimeMeansNextOccurrence]' started.
Test Case '-[FamilienplanerTests.GermanDateParserTests testWeekdayWithTimeMeansNextOccurrence]' passed (0.001 seconds).
Test Case '-[FamilienplanerTests.GermanDateParserTests testWhatsAppMessage]' started.
Test Case '-[FamilienplanerTests.GermanDateParserTests testWhatsAppMessage]' passed (0.001 seconds).
Test Suite 'GermanDateParserTests' passed at 2026-10-10 00:47:08.755.
	 Executed 13 tests, with 0 failures (0 unexpected) in 0.104 (0.138) seconds
Test Suite 'HouseholdServiceTests' started at 2026-10-10 00:47:08.755.
Test Case '-[FamilienplanerTests.HouseholdServiceTests testBootstrapCreatesOwnerAndSystemTags]' started.
Test Case '-[FamilienplanerTests.HouseholdServiceTests testBootstrapCreatesOwnerAndSystemTags]' passed (0.002 seconds).
Test Case '-[FamilienplanerTests.HouseholdServiceTests testBootstrapIsIdempotent]' started.
Test Case '-[FamilienplanerTests.HouseholdServiceTests testBootstrapIsIdempotent]' passed (0.002 seconds).
Test Case '-[FamilienplanerTests.HouseholdServiceTests testMemberShortNameIsLimitedToThreeCharacters]' started.
Test Case '-[FamilienplanerTests.HouseholdServiceTests testMemberShortNameIsLimitedToThreeCharacters]' passed (0.002 seconds).
Test Case '-[FamilienplanerTests.HouseholdServiceTests testNextColorTokenSkipsUsedColors]' started.
Test Case '-[FamilienplanerTests.HouseholdServiceTests testNextColorTokenSkipsUsedColors]' passed (0.002 seconds).
Test Case '-[FamilienplanerTests.HouseholdServiceTests testOwnHouseholdLivesInPrivateStore]' started.
Test Case '-[FamilienplanerTests.HouseholdServiceTests testOwnHouseholdLivesInPrivateStore]' passed (0.002 seconds).
Test Case '-[FamilienplanerTests.HouseholdServiceTests testSharedHouseholdIsPreferredAndNewObjectsFollowItsStore]' started.
Test Case '-[FamilienplanerTests.HouseholdServiceTests testSharedHouseholdIsPreferredAndNewObjectsFollowItsStore]' passed (0.002 seconds).
Test Suite 'HouseholdServiceTests' passed at 2026-10-10 00:47:08.796.
	 Executed 6 tests, with 0 failures (0 unexpected) in 0.012 (0.041) seconds
Test Suite 'PerformanceTests' started at 2026-10-10 00:47:08.796.
Test Case '-[FamilienplanerTests.PerformanceTests testWeekQueryAndOpenResponsibilitiesWithAYearOfEvents]' started.
IDs no longer match. pairingID (null), client pairingID: (null)
2026-10-10 00:47:08.912363+0000 Familienplaner[4922:21425] [WC] WCSession is not paired
2026-10-10 00:47:08.915986+0000 Familienplaner[4922:21425] [WC] -[WCSession onqueue_handleUpdateSessionState:]_block_invoke dropping as pairingIDs no longer match. pairingID (null), client pairingID: (null)
2026-10-10 00:47:08.933793+0000 Familienplaner[4922:21425] [WC] WCSession is not paired
2026-10-10 00:47:08.936709+0000 Familienplaner[4922:21425] [WC] -[WCSession onqueue_handleUpdateSessionState:]_block_invoke dropping as pairingIDs no longer match. pairingID (null), client pairingID: (null)
2026-10-10 00:47:08.947100+0000 Familienplaner[4922:21425] [WC] WCSession is not paired
2026-10-10 00:47:08.973356+0000 Familienplaner[4922:21425] [WC] -[WCSession onqueue_handleUpdateSessionState:]_block_invoke dropping as pairingIDs no longer match. pairingID (null), client pairingID: (null)
2026-10-10 00:47:08.999620+0000 Familienplaner[4922:21425] [WC] WCSession is not paired
<unknown>:0: Test Case '-[FamilienplanerTests.PerformanceTests testWeekQueryAndOpenResponsibilitiesWithAYearOfEvents]' measured [Clock Monotonic Time, s] average: 0.068, relative standard deviation: 4.205%, values: [0.071449, 0.067845, 0.063130, 0.067730, 0.070306], performanceMetricID:com.apple.dt.XCTMetric_Clock.time.monotonic, baselineName: "", baselineAverage: , polarity: prefers smaller, maxPercentRegression: 10.000%, maxPercentRelativeStandardDeviation: 10.000%, maxRegression: 0.000, maxStandardDeviation: 0.000
Test Case '-[FamilienplanerTests.PerformanceTests testWeekQueryAndOpenResponsibilitiesWithAYearOfEvents]' passed (0.511 seconds).
Test Suite 'PerformanceTests' passed at 2026-10-10 00:47:09.308.
	 Executed 1 test, with 0 failures (0 unexpected) in 0.511 (0.512) seconds
Test Suite 'PresentationTests' started at 2026-10-10 00:47:09.308.
Test Case '-[FamilienplanerTests.PresentationTests testAdultsAlwaysSeeTitlesButBusyOnlyStaysBusy]' started.
Test Case '-[FamilienplanerTests.PresentationTests testAdultsAlwaysSeeTitlesButBusyOnlyStaysBusy]' passed (0.003 seconds).
Test Case '-[FamilienplanerTests.PresentationTests testChildSeesBusyForAdultEventsWhenSwitchIsOff]' started.
Test Case '-[FamilienplanerTests.PresentationTests testChildSeesBusyForAdultEventsWhenSwitchIsOff]' passed (0.002 seconds).
Test Case '-[FamilienplanerTests.PresentationTests testChildSeesTitlesWhenSwitchIsOn]' started.
Test Case '-[FamilienplanerTests.PresentationTests testChildSeesTitlesWhenSwitchIsOn]' passed (0.008 seconds).
Test Case '-[FamilienplanerTests.PresentationTests testEventsConcerningAChildStayReadableForChildren]' started.
Test Case '-[FamilienplanerTests.PresentationTests testEventsConcerningAChildStayReadableForChildren]' passed (0.002 seconds).
Test Suite 'PresentationTests' passed at 2026-10-10 00:47:09.326.
	 Executed 4 tests, with 0 failures (0 unexpected) in 0.016 (0.017) seconds
Test Suite 'SeriesTests' started at 2026-10-10 00:47:09.326.
Test Case '-[FamilienplanerTests.SeriesTests testBusyOnlySeriesStaysProjected]' started.
Test Case '-[FamilienplanerTests.SeriesTests testBusyOnlySeriesStaysProjected]' passed (0.007 seconds).
Test Case '-[FamilienplanerTests.SeriesTests testChangingRuleStartsNewSeriesFromThisOccurrence]' started.
Test Case '-[FamilienplanerTests.SeriesTests testChangingRuleStartsNewSeriesFromThisOccurrence]' passed (0.044 seconds).
Test Case '-[FamilienplanerTests.SeriesTests testClaimActionsSingleAndSeries]' started.
Test Case '-[FamilienplanerTests.SeriesTests testClaimActionsSingleAndSeries]' passed (0.010 seconds).
Test Case '-[FamilienplanerTests.SeriesTests testClaimFollowingCoversOnlyOpenOccurrences]' started.
Test Case '-[FamilienplanerTests.SeriesTests testClaimFollowingCoversOnlyOpenOccurrences]' passed (0.004 seconds).
Test Case '-[FamilienplanerTests.SeriesTests testDuplicatesFromConcurrentExtensionAreMergedWithClaims]' started.
Test Case '-[FamilienplanerTests.SeriesTests testDuplicatesFromConcurrentExtensionAreMergedWithClaims]' passed (0.007 seconds).
Test Case '-[FamilienplanerTests.SeriesTests testEncodingRoundTrip]' started.
Test Case '-[FamilienplanerTests.SeriesTests testEncodingRoundTrip]' passed (0.002 seconds).
Test Case '-[FamilienplanerTests.SeriesTests testEndingSeriesDeletesFollowingAndBlocksExtension]' started.
Test Case '-[FamilienplanerTests.SeriesTests testEndingSeriesDeletesFollowingAndBlocksExtension]' passed (0.005 seconds).
Test Case '-[FamilienplanerTests.SeriesTests testExtendingAddsLaterDatesButNeverRecreatesDeletedOnes]' started.
Test Case '-[FamilienplanerTests.SeriesTests testExtendingAddsLaterDatesButNeverRecreatesDeletedOnes]' passed (0.005 seconds).
Test Case '-[FamilienplanerTests.SeriesTests testGivingBackFollowingStopsCarrying]' started.
Test Case '-[FamilienplanerTests.SeriesTests testGivingBackFollowingStopsCarrying]' passed (0.005 seconds).
Test Case '-[FamilienplanerTests.SeriesTests testMonthlyOnThe31stUsesLastDayOfShortMonths]' started.
Test Case '-[FamilienplanerTests.SeriesTests testMonthlyOnThe31stUsesLastDayOfShortMonths]' passed (0.001 seconds).
Test Case '-[FamilienplanerTests.SeriesTests testOnlyTheCreatorExtendsWhileActive]' started.
Test Case '-[FamilienplanerTests.SeriesTests testOnlyTheCreatorExtendsWhileActive]' passed (0.007 seconds).
Test Case '-[FamilienplanerTests.SeriesTests testRoleQuestionWording]' started.
Test Case '-[FamilienplanerTests.SeriesTests testRoleQuestionWording]' passed (0.001 seconds).
Test Case '-[FamilienplanerTests.SeriesTests testSeriesClaimIsMarkedAndCarriedToExtendedOccurrences]' started.
Test Case '-[FamilienplanerTests.SeriesTests testSeriesClaimIsMarkedAndCarriedToExtendedOccurrences]' passed (0.008 seconds).
Test Case '-[FamilienplanerTests.SeriesTests testSeriesWithEndStopsAtUntil]' started.
Test Case '-[FamilienplanerTests.SeriesTests testSeriesWithEndStopsAtUntil]' passed (0.003 seconds).
Test Case '-[FamilienplanerTests.SeriesTests testSingleClaimIsNotCarriedButCanBeUpgraded]' started.
Test Case '-[FamilienplanerTests.SeriesTests testSingleClaimIsNotCarriedButCanBeUpgraded]' passed (0.004 seconds).
Test Case '-[FamilienplanerTests.SeriesTests testUntilIsInclusive]' started.
Test Case '-[FamilienplanerTests.SeriesTests testUntilIsInclusive]' passed (0.001 seconds).
Test Case '-[FamilienplanerTests.SeriesTests testUpdateFollowingShiftsOnlyLaterOccurrencesAndKeepsClaims]' started.
Test Case '-[FamilienplanerTests.SeriesTests testUpdateFollowingShiftsOnlyLaterOccurrencesAndKeepsClaims]' passed (0.004 seconds).
Test Case '-[FamilienplanerTests.SeriesTests testWeekdaysSkipWeekend]' started.
Test Case '-[FamilienplanerTests.SeriesTests testWeekdaysSkipWeekend]' passed (0.001 seconds).
Test Case '-[FamilienplanerTests.SeriesTests testWeeklyKeepsWallClockTimeAcrossDaylightSavingChange]' started.
Test Case '-[FamilienplanerTests.SeriesTests testWeeklyKeepsWallClockTimeAcrossDaylightSavingChange]' passed (0.013 seconds).
Test Case '-[FamilienplanerTests.SeriesTests testWeeklySeriesCopiesContentForTwentySixWeeks]' started.
Test Case '-[FamilienplanerTests.SeriesTests testWeeklySeriesCopiesContentForTwentySixWeeks]' passed (0.006 seconds).
Test Case '-[FamilienplanerTests.SeriesTests testYearlyOnLeapDay]' started.
Test Case '-[FamilienplanerTests.SeriesTests testYearlyOnLeapDay]' passed (0.001 seconds).
Test Suite 'SeriesTests' passed at 2026-10-10 00:47:11.026.
	 Executed 21 tests, with 0 failures (0 unexpected) in 0.138 (1.700) seconds
Test Suite 'SmallUnitsTests' started at 2026-10-10 00:47:11.026.
Test Case '-[FamilienplanerTests.SmallUnitsTests testOccurrenceKeyCombinesIdentifierAndOccurrence]' started.
2026-10-10 00:47:11.314799+0000 Familienplaner[4922:19611] [EventKit] Error getting defaultTimedAlarmOffset: Error Domain=EKCADErrorDomain Code=1013 "Zugriff verweigert" UserInfo={NSLocalizedDescription=Zugriff verweigert}
2026-10-10 00:47:11.318376+0000 Familienplaner[4922:21314] [xpc] XPC connection was invalidated
Test Case '-[FamilienplanerTests.SmallUnitsTests testOccurrenceKeyCombinesIdentifierAndOccurrence]' passed (0.292 seconds).
Test Case '-[FamilienplanerTests.SmallUnitsTests testReminderSettingsFallBackToSafeDefaults]' started.
Test Case '-[FamilienplanerTests.SmallUnitsTests testReminderSettingsFallBackToSafeDefaults]' passed (0.004 seconds).
Test Case '-[FamilienplanerTests.SmallUnitsTests testSharedInboxKeepsOrderAndRemovesTakenFiles]' started.
2026-10-10 00:47:11.325054+0000 Familienplaner[4922:19611] [unspecified] container_create_or_lookup_app_group_path_by_app_group_identifier: client is not entitled
/Users/runner/work/familienplaner/familienplaner/Tests/FamilienplanerTests/SmallUnitsTests.swift:105: -[FamilienplanerTests.SmallUnitsTests testSharedInboxKeepsOrderAndRemovesTakenFiles] : Test skipped - App Group im Simulator ohne Signierung nicht verfügbar
Test Case '-[FamilienplanerTests.SmallUnitsTests testSharedInboxKeepsOrderAndRemovesTakenFiles]' skipped (0.660 seconds).
Test Case '-[FamilienplanerTests.SmallUnitsTests testSnapshotWithTokenStillDecodesOldFormat]' started.
Test Case '-[FamilienplanerTests.SmallUnitsTests testSnapshotWithTokenStillDecodesOldFormat]' passed (0.014 seconds).
Test Case '-[FamilienplanerTests.SmallUnitsTests testWatchSnapshotRoundTrip]' started.
Test Case '-[FamilienplanerTests.SmallUnitsTests testWatchSnapshotRoundTrip]' passed (0.013 seconds).
Test Case '-[FamilienplanerTests.SmallUnitsTests testWeekStartsOnMonday]' started.
Test Case '-[FamilienplanerTests.SmallUnitsTests testWeekStartsOnMonday]' passed (0.706 seconds).
Test Case '-[FamilienplanerTests.SmallUnitsTests testWidgetDayLinkRoundTrip]' started.
Test Case '-[FamilienplanerTests.SmallUnitsTests testWidgetDayLinkRoundTrip]' passed (0.001 seconds).
Test Case '-[FamilienplanerTests.SmallUnitsTests testZoomLevelsAreOrderedAndBounded]' started.
Test Case '-[FamilienplanerTests.SmallUnitsTests testZoomLevelsAreOrderedAndBounded]' passed (0.001 seconds).
Test Suite 'SmallUnitsTests' passed at 2026-10-10 00:47:12.721.
	 Executed 8 tests, with 1 test skipped and 0 failures (0 unexpected) in 1.691 (1.694) seconds
Test Suite 'SuggestionExtractorTests' started at 2026-10-10 00:47:12.721.
Test Case '-[FamilienplanerTests.SuggestionExtractorTests testDateDetectorFindsFutureDateAndIgnoresPast]' started.
Test Case '-[FamilienplanerTests.SuggestionExtractorTests testDateDetectorFindsFutureDateAndIgnoresPast]' passed (0.011 seconds).
Test Case '-[FamilienplanerTests.SuggestionExtractorTests testDateDetectorSwallowsDaytimeWords]' started.
Test Case '-[FamilienplanerTests.SuggestionExtractorTests testDateDetectorSwallowsDaytimeWords]' passed (0.003 seconds).
Test Case '-[FamilienplanerTests.SuggestionExtractorTests testEndIsAtLeastThirtyMinutesAfterStart]' started.
Test Case '-[FamilienplanerTests.SuggestionExtractorTests testEndIsAtLeastThirtyMinutesAfterStart]' passed (0.001 seconds).
Test Case '-[FamilienplanerTests.SuggestionExtractorTests testImplausiblyLongEventIsShortened]' started.
Test Case '-[FamilienplanerTests.SuggestionExtractorTests testImplausiblyLongEventIsShortened]' passed (0.001 seconds).
Test Case '-[FamilienplanerTests.SuggestionExtractorTests testLanguageDetection]' started.
Test Case '-[FamilienplanerTests.SuggestionExtractorTests testLanguageDetection]' passed (0.513 seconds).
Test Case '-[FamilienplanerTests.SuggestionExtractorTests testMissingTimeDefaultsToEightAndIsMarkedAsGuess]' started.
Test Case '-[FamilienplanerTests.SuggestionExtractorTests testMissingTimeDefaultsToEightAndIsMarkedAsGuess]' passed (0.001 seconds).
Test Case '-[FamilienplanerTests.SuggestionExtractorTests testTitleFallbackAndLimit]' started.
Test Case '-[FamilienplanerTests.SuggestionExtractorTests testTitleFallbackAndLimit]' passed (0.001 seconds).
Test Suite 'SuggestionExtractorTests' passed at 2026-10-10 00:47:14.107.
	 Executed 7 tests, with 0 failures (0 unexpected) in 0.530 (1.386) seconds
Test Suite 'TimelineHoursTests' started at 2026-10-10 00:47:14.107.
Test Case '-[FamilienplanerTests.TimelineHoursTests testDefaultRange]' started.
Test Case '-[FamilienplanerTests.TimelineHoursTests testDefaultRange]' passed (0.085 seconds).
Test Case '-[FamilienplanerTests.TimelineHoursTests testEarlyAndLateEventsExtendRange]' started.
Test Case '-[FamilienplanerTests.TimelineHoursTests testEarlyAndLateEventsExtendRange]' passed (0.002 seconds).
Test Case '-[FamilienplanerTests.TimelineHoursTests testOvernightEventReachesMidnight]' started.
Test Case '-[FamilienplanerTests.TimelineHoursTests testOvernightEventReachesMidnight]' passed (0.002 seconds).
Test Suite 'TimelineHoursTests' passed at 2026-10-10 00:47:14.196.
	 Executed 3 tests, with 0 failures (0 unexpected) in 0.089 (0.090) seconds
Test Suite 'FamilienplanerTests.xctest' passed at 2026-10-10 00:47:14.197.
	 Executed 100 tests, with 1 test skipped and 0 failures (0 unexpected) in 5.808 (8.943) seconds
Test Suite 'All tests' passed at 2026-10-10 00:47:14.197.
	 Executed 100 tests, with 1 test skipped and 0 failures (0 unexpected) in 5.808 (8.945) seconds
2026-10-10 00:47:27.015253+0000 FamilienplanerUITests-Runner[5615:22401] [Default] Running tests...
2026-10-10 00:47:27.085625+0000 FamilienplanerUITests-Runner[5615:22512] [General] Failed to send CA Event for app launch measurements for ca_event_type: 0 event_name: com.apple.app_launch_measurement.FirstFramePresentationMetric
2026-10-10 00:47:27.159297+0000 FamilienplanerUITests-Runner[5615:22515] [General] Failed to send CA Event for app launch measurements for ca_event_type: 1 event_name: com.apple.app_launch_measurement.ExtendedLaunchMetrics
    t =      nans Interface orientation changed to Portrait
Test Suite 'All tests' started at 2026-10-10 00:47:43.208.
Test Suite 'FamilienplanerUITests.xctest' started at 2026-10-10 00:47:43.211.
Test Suite 'EndToEndTests' started at 2026-10-10 00:47:43.211.
Test Case '-[FamilienplanerUITests.EndToEndTests testAllDayEventShowsInStrip]' started.
    t =     0.00s Start Test at 2026-10-10 00:47:43.213
2026-10-10 00:47:47.474 xcodebuild[1574:8279] [MT] IDELaunchParametersSnapshot: The operation couldn’t be completed. (DebuggerLLDB.DebuggerVersionStore.StoreError error 0.)
2026-10-10 00:47:47.474 xcodebuild[1574:8279] [MT] IDELaunchParametersSnapshot: no debugger version
    t =     1.16s Set Up
    t =     1.17s Open de.barg.familienplaner
    t =     1.17s     Launch de.barg.familienplaner
    t =    55.08s         Setting up automation session
    t =    55.82s         Wait for de.barg.familienplaner to idle
    t =    58.02s Waiting 15.0s for "Einrichten" NavigationBar to exist
    t =    59.04s     Checking `Expect predicate `existsNoRetry == 1` for object "Einrichten" NavigationBar`
    t =    59.05s         Checking existence of `"Einrichten" NavigationBar`
    t =    61.67s Waiting 5.0s for "setup.household" Any to exist
    t =    62.72s     Checking `Expect predicate `existsNoRetry == 1` for object "setup.household" Any`
    t =    62.72s         Checking existence of `"setup.household" Any`
    t =    67.17s         Capturing element debug description
    t =    67.28s     Checking existence of `"setup.household" Any`
    t =    98.38s     Checking existence of `"setup.household" Any` (retry 1)
    t =   116.89s Tap "setup.household" Any
    t =   116.89s     Wait for de.barg.familienplaner to idle
    t =   116.90s     Find the "setup.household" Any
    t =   117.44s     Check for interrupting elements affecting "setup.household" TextField
    t =   118.16s     Synthesize event
    t =   119.40s     Wait for de.barg.familienplaner to idle
    t =   119.43s Type 'Testfamilie' into "setup.household" TextField
    t =   119.43s     Wait for de.barg.familienplaner to idle
    t =   119.46s     Find the "setup.household" TextField
    t =   120.77s     Check for interrupting elements affecting "setup.household" TextField
    t =   120.95s     Synthesize event
    t =   120.95s         Get number of matches for: Elements containing elements matching predicate 'hasKeyboardFocus == 1'
    t =   121.46s         Requesting snapshot of accessibility hierarchy for app with pid 6766
    t =   122.09s         Requesting snapshot of accessibility hierarchy for app with pid 6766
    t =   122.18s         Requesting snapshot of accessibility hierarchy for app with pid 6766
    t =   122.25s         Find: Descendants matching type Any
    t =   122.25s         Find: Elements matching predicate '"setup.household" IN identifiers'
    t =   122.26s         Requesting snapshot of accessibility hierarchy for app with pid 6766
    t =   122.31s         Find: Descendants matching type Any
    t =   122.31s         Requesting snapshot of accessibility hierarchy for app with pid 6766
    t =   123.04s         Requesting snapshot of accessibility hierarchy for app with pid 6766
    t =   123.24s         Requesting snapshot of accessibility hierarchy for app with pid 6766
    t =   123.31s         Requesting snapshot of accessibility hierarchy for app with pid 6766
    t =   123.36s         Find: Descendants matching type Any
    t =   123.36s         Find: Elements matching predicate '"setup.household" IN identifiers'
    t =   123.36s         Requesting snapshot of accessibility hierarchy for app with pid 6766
    t =   123.43s         Find: Descendants matching type Any
    t =   123.43s         Requesting snapshot of accessibility hierarchy for app with pid 6766
    t =   124.36s         Failed: Neither element nor any descendant has keyboard focus. Event dispatch snapshot: TextField, {{32.0, 223.3}, {338.0, 22.0}}, identifier: 'setup.household', placeholderValue: 'Name, z. B. Familie Muster'
Element debug description:
Attributes: TextField, 0x105755970, {{32.0, 223.3}, {338.0, 22.0}}, identifier: 'setup.household', placeholderValue: 'Name, z. B. Familie Muster', value: Name, z. B. Famili...
Element subtree:
 →TextField, 0x105755970, {{32.0, 223.3}, {338.0, 22.0}}, identifier: 'setup.household', placeholderValue: 'Name, z. B. Familie Muster', value: Name, z. B. Famili...
Path to element:
 →Application, 0x107044cf0, pid: 6766, label: 'Family Planner'
  ↳Window (Main), 0x10574eb60, {{0.0, 0.0}, {402.0, 874.0}}
   ↳Other, 0x10574f990, {{0.0, 0.0}, {402.0, 874.0}}
    ↳Other, 0x10574fd10, {{0.0, 0.0}, {402.0, 874.0}}
     ↳Other, 0x10574f5f0, {{0.0, 0.0}, {402.0, 874.0}}
      ↳Other, 0x10574f250, {{0.0, 0.0}, {402.0, 874.0}}
       ↳Other, 0x105750060, {{0.0, 0.0}, {402.0, 874.0}}
        ↳Other, 0x105751510, {{0.0, 0.0}, {402.0, 874.0}}
         ↳Other, 0x105751880, {{0.0, 0.0}, {402.0, 874.0}}
          ↳Other, 0x105751be0, {{0.0, 0.0}, {402.0, 874.0}}
           ↳Other, 0x105751f20, {{0.0, 0.0}, {402.0, 874.0}}
            ↳CollectionView, 0x105752290, {{0.0, 0.0}, {402.0, 874.0}}
             ↳Cell, 0x1057544a0, {{16.0, 208.3}, {370.0, 52.0}}
              ↳Other, 0x105754f00, {{16.0, 208.3}, {370.0, 52.0}}
               ↳Other, 0x1057552a0, {{16.0, 208.3}, {370.0, 52.0}}
                ↳Other, 0x105755620, {{16.0, 208.3}, {370.0, 52.0}}
                 ↳TextField, 0x105755970, {{32.0, 223.3}, {338.0, 22.0}}, identifier: 'setup.household', placeholderValue: 'Name, z. B. Familie Muster', value: Name, z. B. Famili...
Query chain:
 →Find: Target Application 'de.barg.familienplaner'
  Output: {
    Application, 0x107089550, pid: 6766, label: 'Family Planner'
  }
  ↪︎Find: Descendants matching type Any
    Output: {
      Window (Main), 0x105596d50, {{0.0, 0.0}, {402.0, 874.0}}
      Other, 0x105597110, {{0.0, 0.0}, {402.0, 874.0}}
      Other, 0x105597230, {{0.0, 0.0}, {402.0, 874.0}}
      Other, 0x105597350, {{0.0, 0.0}, {402.0, 874.0}}
      Other, 0x105596e70, {{0.0, 0.0}, {402.0, 874.0}}
      Other, 0x105596f90, {{0.0, 0.0}, {402.0, 874.0}}
      NavigationBar, 0x1055988d0, {{0.0, 62.0}, {402.0, 106.0}}, identifier: 'Einrichten'
      Other, 0x105598e70, {{0.0, 0.0}, {402.0, 874.0}}
      Other, 0x10559dc10, {{0.0, 0.0}, {402.0, 874.0}}
      Other, 0x1055989f0, {{292.3, 66.0}, {89.7, 36.0}}, identifier: 'setup.create', label: 'Anlegen'
      StaticText, 0x105598d50, {{16.0, 119.7}, {160.3, 40.7}}, label: 'Einrichten'
      Other, 0x105598f90, {{0.0, 0.0}, {402.0, 874.0}}
      Other, 0x10559dd30, {{0.0, 0.0}, {402.0, 874.0}}
      Other, 0x105598b10, {{292.3, 66.0}, {89.7, 36.0}}
      Other, 0x1055990b0, {{0.0, 0.0}, {402.0, 874.0}}
      Button, 0x105598c30, {{292.3, 66.0}, {89.7, 36.0}}, identifier: 'setup.create', label: 'Anlegen', Disabled
      Other, 0x1055991d0, {{0.0, 0.0}, {402.0, 874.0}}
      CollectionView, 0x1055992f0, {{0.0, 0.0}, {402.0, 874.0}}
      Other, 0x105599410, {{-16.0, -1580.0}, {434.0, 1858.0}}
      Other, 0x105599530, {{0.0, 0.0}, {402.0, 874.0}}
      Other, 0x105599650, {{0.0, 0.0}, {402.0, 874.0}}
      Cell, 0x105599770, {{16.0, 168.0}, {370.0, 40.3}}
      Cell, 0x105599e30, {{16.0, 208.3}, {370.0, 52.0}}
      Other, 0x10559a610, {{-16.0, 278.0}, {434.0, 162.0}}
      Cell, 0x10559a730, {{16.0, 278.0}, {370.0, 40.3}}
      Cell, 0x10559adf0, {{16.0, 318.3}, {370.0, 52.0}}
      Cell, 0x10559b5d0, {{16.0, 370.3}, {370.0, 52.0}}
      Other, 0x10559bdb0, {{32.0, 369.3}, {338.0, 1.0}}
      Other, 0x10559bed0, {{-16.0, 439.7}, {434.0, 98.7}}
      Cell, 0x10559bff0, {{16.0, 457.3}, {370.0, 63.7}}
      Other, 0x10559c7d0, {{-16.0, 538.3}, {434.0, 1890.0}}
      Cell, 0x10559c8f0, {{16.0, 538.3}, {370.0, 40.3}}
      Cell, 0x10559cfb0, {{16.0, 578.7}, {370.0, 81.7}}
      Other, 0x10559d790, {{369.0, 116.0}, {30.0, 696.0}}, label: 'Vertikaler Rollbalken, 1 Seite', value: 0 %
      Other, 0x105599890, {{16.0, 168.0}, {370.0, 40.3}}
      Other, 0x1055999b0, {{16.0, 168.0}, {370.0, 40.3}}
      Other, 0x105599f50, {{16.0, 208.3}, {370.0, 52.0}}
      Other, 0x10559a190, {{16.0, 208.3}, {370.0, 52.0}}
      Other, 0x10559a850, {{16.0, 278.0}, {370.0, 40.3}}
      Other, 0x10559a970, {{16.0, 278.0}, {370.0, 40.3}}
      Other, 0x10559af10, {{16.0, 318.3}, {370.0, 52.0}}
      Other, 0x10559b150, {{16.0, 318.3}, {370.0, 52.0}}
      Other, 0x10559b6f0, {{16.0, 370.3}, {370.0, 52.0}}
      Other, 0x10559b930, {{16.0, 370.3}, {370.0, 52.0}}
      Other, 0x10559c110, {{16.0, 457.3}, {370.0, 63.7}}
      Other, 0x10559c350, {{16.0, 457.3}, {370.0, 63.7}}
      Other, 0x10559ca10, {{16.0, 538.3}, {370.0, 40.3}}
      Other, 0x10559cb30, {{16.0, 538.3}, {370.0, 40.3}}
      Other, 0x10559d0d0, {{16.0, 578.7}, {370.0, 81.7}}
      Other, 0x10559d310, {{16.0, 578.7}, {370.0, 81.7}}
      Other, 0x10559d8b0, {{396.0, 278.7}, {3.0, 530.3}}
      Other, 0x105599ad0, {{16.0, 168.0}, {370.0, 40.3}}
      Other, 0x10559a070, {{16.0, 208.3}, {370.0, 52.0}}
      Other, 0x10559a2b0, {{16.0, 208.3}, {370.0, 52.0}}
      Other, 0x10559aa90, {{16.0, 278.0}, {370.0, 40.3}}
      Other, 0x10559b030, {{16.0, 318.3}, {370.0, 52.0}}
      Other, 0x10559b270, {{16.0, 318.3}, {370.0, 52.0}}
      Other, 0x10559b810, {{16.0, 370.3}, {370.0, 52.0}}
      Other, 0x10559ba50, {{16.0, 370.3}, {370.0, 52.0}}
      Other, 0x10559c230, {{16.0, 457.3}, {370.0, 63.7}}
      Other, 0x10559c470, {{16.0, 457.3}, {370.0, 63.7}}
      Other, 0x10559cc50, {{16.0, 538.3}, {370.0, 40.3}}
      Other, 0x10559d1f0, {{16.0, 578.7}, {370.0, 81.7}}
      Other, 0x10559d430, {{16.0, 578.7}, {370.0, 81.7}}
      Other, 0x105599bf0, {{16.0, 168.0}, {370.0, 40.3}}
      Other, 0x10559a3d0, {{16.0, 208.3}, {370.0, 52.0}}
      Other, 0x10559abb0, {{16.0, 278.0}, {370.0, 40.3}}
      Other, 0x10559b390, {{16.0, 318.3}, {370.0, 52.0}}
      Other, 0x10559bb70, {{16.0, 370.3}, {370.0, 52.0}}
      Other, 0x10559c590, {{16.0, 457.3}, {370.0, 63.7}}
      Other, 0x10559cd70, {{16.0, 538.3}, {370.0, 40.3}}
      Other, 0x10559d550, {{16.0, 578.7}, {370.0, 81.7}}
      StaticText, 0x105599d10, {{16.0, 168.0}, {370.0, 40.3}}, label: 'Haushalt'
      TextField, 0x10559a4f0, {{32.0, 223.3}, {338.0, 22.0}}, identifier: 'setup.household', placeholderValue: 'Name, z. B. Familie Muster', value: Name, z. B. Famili...
      StaticText, 0x10559acd0, {{16.0, 278.0}, {370.0, 40.3}}, label: 'Du'
      TextField, 0x10559b4b0, {{32.0, 333.3}, {338.0, 22.0}}, identifier: 'setup.name', placeholderValue: 'Vorname', value: Vorname
      TextField, 0x10559bc90, {{32.0, 385.3}, {338.0, 22.0}}, placeholderValue: 'Kürzel für die Tagesansicht', value: Kürzel für die Tag...
      StaticText, 0x10559c6b0, {{16.0, 457.3}, {370.0, 63.7}}, label: 'Weitere Familienmitglieder legst du danach an. Erst dann wird der Haushalt geteilt.'
      StaticText, 0x10559ce90, {{16.0, 538.3}, {370.0, 40.3}}, label: 'Eingeladen?'
      StaticText, 0x10559d670, {{16.0, 578.7}, {370.0, 81.7}}, label: 'Hast du eine Einladung zu einem bestehenden Familienkalender bekommen? Dann lege hier nichts an, sondern tippe auf den Link in der Einladung.'
    }
    ↪︎Find: Elements matching predicate '"setup.household" IN identifiers'
      Output: {
        TextField, 0x107084f00, {{32.0, 223.3}, {338.0, 22.0}}, identifier: 'setup.household', placeholderValue: 'Name, z. B. Familie Muster', value: Name, z. B. Famili...
      }
      ↪︎Find: First Match
        Output: {
          TextField, 0x10556c910, {{32.0, 223.3}, {338.0, 22.0}}, identifier: 'setup.household', placeholderValue: 'Name, z. B. Familie Muster', value: Name, z. B. Famili...
        }

    t =   124.39s     Wait for de.barg.familienplaner to idle
    t =   125.40s     Retrying `Type 'Testfamilie' into "setup.household" TextField` (attempt #2)
    t =   125.40s         Wait for de.barg.familienplaner to idle
    t =   125.41s         Find the "setup.household" TextField
    t =   125.73s         Check for interrupting elements affecting "setup.household" TextField
    t =   125.99s         Synthesize event
    t =   125.99s             Get number of matches for: Elements containing elements matching predicate 'hasKeyboardFocus == 1'
    t =   126.55s             Requesting snapshot of accessibility hierarchy for app with pid 6766
    t =   126.81s             Requesting snapshot of accessibility hierarchy for app with pid 6766
    t =   126.91s             Requesting snapshot of accessibility hierarchy for app with pid 6766
    t =   126.99s             Find: Descendants matching type Any
    t =   126.99s             Find: Elements matching predicate '"setup.household" IN identifiers'
    t =   126.99s             Requesting snapshot of accessibility hierarchy for app with pid 6766
    t =   127.05s             Find: Descendants matching type Any
    t =   127.05s             Requesting snapshot of accessibility hierarchy for app with pid 6766
    t =   127.66s             Requesting snapshot of accessibility hierarchy for app with pid 6766
    t =   127.96s             Requesting snapshot of accessibility hierarchy for app with pid 6766
    t =   128.06s             Requesting snapshot of accessibility hierarchy for app with pid 6766
    t =   128.14s             Find: Descendants matching type Any
    t =   128.14s             Find: Elements matching predicate '"setup.household" IN identifiers'
    t =   128.15s             Requesting snapshot of accessibility hierarchy for app with pid 6766
    t =   128.23s             Find: Descendants matching type Any
    t =   128.23s             Requesting snapshot of accessibility hierarchy for app with pid 6766
    t =   129.02s             Failed: Neither element nor any descendant has keyboard focus. Event dispatch snapshot: TextField, {{32.0, 223.3}, {338.0, 22.0}}, identifier: 'setup.household', placeholderValue: 'Name, z. B. Familie Muster'
Element debug description:
Attributes: TextField, 0x105751be0, {{32.0, 223.3}, {338.0, 22.0}}, identifier: 'setup.household', placeholderValue: 'Name, z. B. Familie Muster', value: Name, z. B. Famili...
Element subtree:
 →TextField, 0x105751be0, {{32.0, 223.3}, {338.0, 22.0}}, identifier: 'setup.household', placeholderValue: 'Name, z. B. Familie Muster', value: Name, z. B. Famili...
Path to element:
 →Application, 0x1057c06b0, pid: 6766, label: 'Family Planner'
  ↳Window (Main), 0x10578dfc0, {{0.0, 0.0}, {402.0, 874.0}}
   ↳Other, 0x10578d590, {{0.0, 0.0}, {402.0, 874.0}}
    ↳Other, 0x10578d900, {{0.0, 0.0}, {402.0, 874.0}}
     ↳Other, 0x10578d210, {{0.0, 0.0}, {402.0, 874.0}}
      ↳Other, 0x10704a130, {{0.0, 0.0}, {402.0, 874.0}}
       ↳Other, 0x10578bff0, {{0.0, 0.0}, {402.0, 874.0}}
        ↳Other, 0x10578b5c0, {{0.0, 0.0}, {402.0, 874.0}}
         ↳Other, 0x10578b930, {{0.0, 0.0}, {402.0, 874.0}}
          ↳Other, 0x10578bc90, {{0.0, 0.0}, {402.0, 874.0}}
           ↳Other, 0x10578aee0, {{0.0, 0.0}, {402.0, 874.0}}
            ↳CollectionView, 0x10578a810, {{0.0, 0.0}, {402.0, 874.0}}
             ↳Cell, 0x10574fd10, {{16.0, 208.3}, {370.0, 52.0}}
              ↳Other, 0x105750060, {{16.0, 208.3}, {370.0, 52.0}}
               ↳Other, 0x105751510, {{16.0, 208.3}, {370.0, 52.0}}
                ↳Other, 0x105751880, {{16.0, 208.3}, {370.0, 52.0}}
                 ↳TextField, 0x105751be0, {{32.0, 223.3}, {338.0, 22.0}}, identifier: 'setup.household', placeholderValue: 'Name, z. B. Familie Muster', value: Name, z. B. Famili...
Query chain:
 →Find: Target Application 'de.barg.familienplaner'
  Output: {
    Application, 0x1055a66e0, pid: 6766, label: 'Family Planner'
  }
  ↪︎Find: Descendants matching type Any
    Output: {
      Window (Main), 0x1057c07d0, {{0.0, 0.0}, {402.0, 874.0}}
      Other, 0x1057bad70, {{0.0, 0.0}, {402.0, 874.0}}
      Other, 0x10576ea30, {{0.0, 0.0}, {402.0, 874.0}}
      Other, 0x10576e360, {{0.0, 0.0}, {402.0, 874.0}}
      Other, 0x10576dcb0, {{0.0, 0.0}, {402.0, 874.0}}
      Other, 0x10576e6b0, {{0.0, 0.0}, {402.0, 874.0}}
      NavigationBar, 0x10576f100, {{0.0, 62.0}, {402.0, 106.0}}, identifier: 'Einrichten'
      Other, 0x105770250, {{0.0, 0.0}, {402.0, 874.0}}
      Other, 0x1057829f0, {{0.0, 0.0}, {402.0, 874.0}}
      Other, 0x10576f460, {{292.3, 66.0}, {89.7, 36.0}}, identifier: 'setup.create', label: 'Anlegen'
      StaticText, 0x10576fb30, {{16.0, 119.7}, {160.3, 40.7}}, label: 'Einrichten'
      Other, 0x10576fec0, {{0.0, 0.0}, {402.0, 874.0}}
      Other, 0x105782d70, {{0.0, 0.0}, {402.0, 874.0}}
      Other, 0x10576ed90, {{292.3, 66.0}, {89.7, 36.0}}
      Other, 0x1057705c0, {{0.0, 0.0}, {402.0, 874.0}}
      Button, 0x10576f7d0, {{292.3, 66.0}, {89.7, 36.0}}, identifier: 'setup.create', label: 'Anlegen', Disabled
      Other, 0x105770cb0, {{0.0, 0.0}, {402.0, 874.0}}
      CollectionView, 0x105770910, {{0.0, 0.0}, {402.0, 874.0}}
      Other, 0x105771010, {{-16.0, -1580.0}, {434.0, 1858.0}}
      Other, 0x105771390, {{0.0, 0.0}, {402.0, 874.0}}
      Other, 0x105771700, {{0.0, 0.0}, {402.0, 874.0}}
      Cell, 0x105771de0, {{16.0, 168.0}, {370.0, 40.3}}
      Cell, 0x105773230, {{16.0, 208.3}, {370.0, 52.0}}
      Other, 0x105775560, {{-16.0, 278.0}, {434.0, 162.0}}
      Cell, 0x1057758f0, {{16.0, 278.0}, {370.0, 40.3}}
      Cell, 0x105777840, {{16.0, 318.3}, {370.0, 52.0}}
      Cell, 0x105779480, {{16.0, 370.3}, {370.0, 52.0}}
      Other, 0x10577ac80, {{32.0, 369.3}, {338.0, 1.0}}
      Other, 0x10577b330, {{-16.0, 439.7}, {434.0, 98.7}}
      Cell, 0x10577afe0, {{16.0, 457.3}, {370.0, 63.7}}
      Other, 0x10577d8b0, {{-16.0, 538.3}, {434.0, 1890.0}}
      Cell, 0x10577e3f0, {{16.0, 538.3}, {370.0, 40.3}}
      Cell, 0x1057804b0, {{16.0, 578.7}, {370.0, 81.7}}
      Other, 0x105781840, {{369.0, 116.0}, {30.0, 696.0}}, label: 'Vertikaler Rollbalken, 1 Seite', value: 0 %
      Other, 0x105772130, {{16.0, 168.0}, {370.0, 40.3}}
      Other, 0x105771a60, {{16.0, 168.0}, {370.0, 40.3}}
      Other, 0x1057735a0, {{16.0, 208.3}, {370.0, 52.0}}
      Other, 0x105773930, {{16.0, 208.3}, {370.0, 52.0}}
      Other, 0x105776000, {{16.0, 278.0}, {370.0, 40.3}}
      Other, 0x105775c70, {{16.0, 278.0}, {370.0, 40.3}}
      Other, 0x105777be0, {{16.0, 318.3}, {370.0, 52.0}}
      Other, 0x105776e00, {{16.0, 318.3}, {370.0, 52.0}}
      Other, 0x1057797d0, {{16.0, 370.3}, {370.0, 52.0}}
      Other, 0x105779b30, {{16.0, 370.3}, {370.0, 52.0}}
      Other, 0x10577c720, {{16.0, 457.3}, {370.0, 63.7}}
      Other, 0x10577ce30, {{16.0, 457.3}, {370.0, 63.7}}
      Other, 0x10577ef80, {{16.0, 538.3}, {370.0, 40.3}}
      Other, 0x10577f310, {{16.0, 538.3}, {370.0, 40.3}}
      Other, 0x105780120, {{16.0, 578.7}, {370.0, 81.7}}
      Other, 0x105780a20, {{16.0, 578.7}, {370.0, 81.7}}
      Other, 0x105781f50, {{396.0, 278.7}, {3.0, 530.3}}
      Other, 0x1057727f0, {{16.0, 168.0}, {370.0, 40.3}}
      Other, 0x105772ed0, {{16.0, 208.3}, {370.0, 52.0}}
      Other, 0x105774020, {{16.0, 208.3}, {370.0, 52.0}}
      Other, 0x105776720, {{16.0, 278.0}, {370.0, 40.3}}
      Other, 0x105777f60, {{16.0, 318.3}, {370.0, 52.0}}
      Other, 0x105778db0, {{16.0, 318.3}, {370.0, 52.0}}
      Other, 0x105779eb0, {{16.0, 370.3}, {370.0, 52.0}}
      Other, 0x10577a220, {{16.0, 370.3}, {370.0, 52.0}}
      Other, 0x10577c3d0, {{16.0, 457.3}, {370.0, 63.7}}
      Other, 0x10577cab0, {{16.0, 457.3}, {370.0, 63.7}}
      Other, 0x10577f690, {{16.0, 538.3}, {370.0, 40.3}}
      Other, 0x105780da0, {{16.0, 578.7}, {370.0, 81.7}}
      Other, 0x105781130, {{16.0, 578.7}, {370.0, 81.7}}
      Other, 0x105772490, {{16.0, 168.0}, {370.0, 40.3}}
      Other, 0x105773cb0, {{16.0, 208.3}, {370.0, 52.0}}
      Other, 0x105776a90, {{16.0, 278.0}, {370.0, 40.3}}
      Other, 0x1057782c0, {{16.0, 318.3}, {370.0, 52.0}}
      Other, 0x10577a910, {{16.0, 370.3}, {370.0, 52.0}}
      Other, 0x10577d530, {{16.0, 457.3}, {370.0, 63.7}}
      Other, 0x10577fa20, {{16.0, 538.3}, {370.0, 40.3}}
      Other, 0x1057814c0, {{16.0, 578.7}, {370.0, 81.7}}
      StaticText, 0x105772b60, {{16.0, 168.0}, {370.0, 40.3}}, label: 'Haushalt'
      TextField, 0x105774380, {{32.0, 223.3}, {338.0, 22.0}}, identifier: 'setup.household', placeholderValue: 'Name, z. B. Familie Muster', value: Name, z. B. Famili...
      StaticText, 0x1057763a0, {{16.0, 278.0}, {370.0, 40.3}}, label: 'Du'
      TextField, 0x105779130, {{32.0, 333.3}, {338.0, 22.0}}, identifier: 'setup.name', placeholderValue: 'Vorname', value: Vorname
      TextField, 0x10577a580, {{32.0, 385.3}, {338.0, 22.0}}, placeholderValue: 'Kürzel für die Tagesansicht', value: Kürzel für die Tag...
      StaticText, 0x10577d1b0, {{16.0, 457.3}, {370.0, 63.7}}, label: 'Weitere Familienmitglieder legst du danach an. Erst dann wird der Haushalt geteilt.'
      StaticText, 0x10577fd90, {{16.0, 538.3}, {370.0, 40.3}}, label: 'Eingeladen?'
      StaticText, 0x105781bc0, {{16.0, 578.7}, {370.0, 81.7}}, label: 'Hast du eine Einladung zu einem bestehenden Familienkalender bekommen? Dann lege hier nichts an, sondern tippe auf den Link in der Einladung.'
    }
    ↪︎Find: Elements matching predicate '"setup.household" IN identifiers'
      Output: {
        TextField, 0x105794440, {{32.0, 223.3}, {338.0, 22.0}}, identifier: 'setup.household', placeholderValue: 'Name, z. B. Familie Muster', value: Name, z. B. Famili...
      }
      ↪︎Find: First Match
        Output: {
          TextField, 0x10706cde0, {{32.0, 223.3}, {338.0, 22.0}}, identifier: 'setup.household', placeholderValue: 'Name, z. B. Familie Muster', value: Name, z. B. Famili...
        }

    t =   129.04s         Wait for de.barg.familienplaner to idle
    t =   130.05s     Retrying `Type 'Testfamilie' into "setup.household" TextField` (attempt #3)
    t =   130.06s         Wait for de.barg.familienplaner to idle
    t =   130.06s         Find the "setup.household" TextField
    t =   130.27s         Check for interrupting elements affecting "setup.household" TextField
    t =   130.40s         Synthesize event
    t =   130.41s             Get number of matches for: Elements containing elements matching predicate 'hasKeyboardFocus == 1'
    t =   130.67s             Requesting snapshot of accessibility hierarchy for app with pid 6766
    t =   130.85s             Requesting snapshot of accessibility hierarchy for app with pid 6766
    t =   130.95s             Requesting snapshot of accessibility hierarchy for app with pid 6766
    t =   131.02s             Find: Descendants matching type Any
    t =   131.03s             Find: Elements matching predicate '"setup.household" IN identifiers'
    t =   131.03s             Requesting snapshot of accessibility hierarchy for app with pid 6766
    t =   131.10s             Find: Descendants matching type Any
    t =   131.10s             Requesting snapshot of accessibility hierarchy for app with pid 6766
    t =   131.78s             Requesting snapshot of accessibility hierarchy for app with pid 6766
    t =   131.98s             Requesting snapshot of accessibility hierarchy for app with pid 6766
    t =   132.07s             Requesting snapshot of accessibility hierarchy for app with pid 6766
    t =   132.13s             Find: Descendants matching type Any
    t =   132.13s             Find: Elements matching predicate '"setup.household" IN identifiers'
    t =   132.14s             Requesting snapshot of accessibility hierarchy for app with pid 6766
    t =   132.20s             Find: Descendants matching type Any
    t =   132.20s             Requesting snapshot of accessibility hierarchy for app with pid 6766
    t =   132.78s             Failed: Neither element nor any descendant has keyboard focus. Event dispatch snapshot: TextField, {{32.0, 223.3}, {338.0, 22.0}}, identifier: 'setup.household', placeholderValue: 'Name, z. B. Familie Muster'
Element debug description:
Attributes: TextField, 0x10704e5d0, {{32.0, 223.3}, {338.0, 22.0}}, identifier: 'setup.household', placeholderValue: 'Name, z. B. Familie Muster', value: Name, z. B. Famili...
Element subtree:
 →TextField, 0x10704e5d0, {{32.0, 223.3}, {338.0, 22.0}}, identifier: 'setup.household', placeholderValue: 'Name, z. B. Familie Muster', value: Name, z. B. Famili...
Path to element:
 →Application, 0x1070148c0, pid: 6766, label: 'Family Planner'
  ↳Window (Main), 0x10704c290, {{0.0, 0.0}, {402.0, 874.0}}
   ↳Other, 0x10704c650, {{0.0, 0.0}, {402.0, 874.0}}
    ↳Other, 0x10704c770, {{0.0, 0.0}, {402.0, 874.0}}
     ↳Other, 0x10704c3b0, {{0.0, 0.0}, {402.0, 874.0}}
      ↳Other, 0x10704c4d0, {{0.0, 0.0}, {402.0, 874.0}}
       ↳Other, 0x10704c890, {{0.0, 0.0}, {402.0, 874.0}}
        ↳Other, 0x10704cf50, {{0.0, 0.0}, {402.0, 874.0}}
         ↳Other, 0x10704d070, {{0.0, 0.0}, {402.0, 874.0}}
          ↳Other, 0x10704d190, {{0.0, 0.0}, {402.0, 874.0}}
           ↳Other, 0x10704d2b0, {{0.0, 0.0}, {402.0, 874.0}}
            ↳CollectionView, 0x10704d3d0, {{0.0, 0.0}, {402.0, 874.0}}
             ↳Cell, 0x10704df10, {{16.0, 208.3}, {370.0, 52.0}}
              ↳Other, 0x10704e270, {{16.0, 208.3}, {370.0, 52.0}}
               ↳Other, 0x10704e390, {{16.0, 208.3}, {370.0, 52.0}}
                ↳Other, 0x10704e4b0, {{16.0, 208.3}, {370.0, 52.0}}
                 ↳TextField, 0x10704e5d0, {{32.0, 223.3}, {338.0, 22.0}}, identifier: 'setup.household', placeholderValue: 'Name, z. B. Familie Muster', value: Name, z. B. Famili...
Query chain:
 →Find: Target Application 'de.barg.familienplaner'
  Output: {
    Application, 0x1070840f0, pid: 6766, label: 'Family Planner'
  }
  ↪︎Find: Descendants matching type Any
    Output: {
      Window (Main), 0x10576ea30, {{0.0, 0.0}, {402.0, 874.0}}
      Other, 0x10576e360, {{0.0, 0.0}, {402.0, 874.0}}
      Other, 0x105782d70, {{0.0, 0.0}, {402.0, 874.0}}
      Other, 0x10576dcb0, {{0.0, 0.0}, {402.0, 874.0}}
      Other, 0x1057829f0, {{0.0, 0.0}, {402.0, 874.0}}
      Other, 0x105773cb0, {{0.0, 0.0}, {402.0, 874.0}}
      NavigationBar, 0x105774380, {{0.0, 62.0}, {402.0, 106.0}}, identifier: 'Einrichten'
      Other, 0x1057804b0, {{0.0, 0.0}, {402.0, 874.0}}
      Other, 0x10575f6e0, {{0.0, 0.0}, {402.0, 874.0}}
      Other, 0x1057822d0, {{292.3, 66.0}, {89.7, 36.0}}, identifier: 'setup.create', label: 'Anlegen'
      StaticText, 0x105781f50, {{16.0, 119.7}, {160.3, 40.7}}, label: 'Einrichten'
      Other, 0x105773930, {{0.0, 0.0}, {402.0, 874.0}}
      Other, 0x10575db20, {{0.0, 0.0}, {402.0, 874.0}}
      Other, 0x105782670, {{292.3, 66.0}, {89.7, 36.0}}
      Other, 0x105774020, {{0.0, 0.0}, {402.0, 874.0}}
      Button, 0x105781840, {{292.3, 66.0}, {89.7, 36.0}}, identifier: 'setup.create', label: 'Anlegen', Disabled
      Other, 0x105775560, {{0.0, 0.0}, {402.0, 874.0}}
      CollectionView, 0x105773230, {{0.0, 0.0}, {402.0, 874.0}}
      Other, 0x105776720, {{-16.0, -1580.0}, {434.0, 1858.0}}
      Other, 0x105776a90, {{0.0, 0.0}, {402.0, 874.0}}
      Other, 0x1057763a0, {{0.0, 0.0}, {402.0, 874.0}}
      Cell, 0x105776000, {{16.0, 168.0}, {370.0, 40.3}}
      Cell, 0x105777f60, {{16.0, 208.3}, {370.0, 52.0}}
      Other, 0x105777840, {{-16.0, 278.0}, {434.0, 162.0}}
      Cell, 0x10577a220, {{16.0, 278.0}, {370.0, 40.3}}
      Cell, 0x105779480, {{16.0, 318.3}, {370.0, 52.0}}
      Cell, 0x10577cab0, {{16.0, 370.3}, {370.0, 52.0}}
      Other, 0x10577f690, {{32.0, 369.3}, {338.0, 1.0}}
      Other, 0x105780120, {{-16.0, 439.7}, {434.0, 98.7}}
      Cell, 0x1057814c0, {{16.0, 457.3}, {370.0, 63.7}}
      Other, 0x105770cb0, {{-16.0, 538.3}, {434.0, 1890.0}}
      Cell, 0x10575cdc0, {{16.0, 538.3}, {370.0, 40.3}}
      Cell, 0x10575d460, {{16.0, 578.7}, {370.0, 81.7}}
      Other, 0x10575ec90, {{369.0, 116.0}, {30.0, 696.0}}, label: 'Vertikaler Rollbalken, 1 Seite', value: 0 %
      Other, 0x1057758f0, {{16.0, 168.0}, {370.0, 40.3}}
      Other, 0x105775c70, {{16.0, 168.0}, {370.0, 40.3}}
      Other, 0x105778db0, {{16.0, 208.3}, {370.0, 52.0}}
      Other, 0x105779b30, {{16.0, 208.3}, {370.0, 52.0}}
      Other, 0x10577a910, {{16.0, 278.0}, {370.0, 40.3}}
      Other, 0x10577d1b0, {{16.0, 278.0}, {370.0, 40.3}}
      Other, 0x10577c720, {{16.0, 318.3}, {370.0, 52.0}}
      Other, 0x10577fa20, {{16.0, 318.3}, {370.0, 52.0}}
      Other, 0x10577fd90, {{16.0, 370.3}, {370.0, 52.0}}
      Other, 0x105781bc0, {{16.0, 370.3}, {370.0, 52.0}}
      Other, 0x105781130, {{16.0, 457.3}, {370.0, 63.7}}
      Other, 0x105770250, {{16.0, 457.3}, {370.0, 63.7}}
      Other, 0x10575d7d0, {{16.0, 538.3}, {370.0, 40.3}}
      Other, 0x10575ca40, {{16.0, 538.3}, {370.0, 40.3}}
      Other, 0x10575e5a0, {{16.0, 578.7}, {370.0, 81.7}}
      Other, 0x10575dea0, {{16.0, 578.7}, {370.0, 81.7}}
      Other, 0x105752290, {{396.0, 278.7}, {3.0, 530.3}}
      Other, 0x105776e00, {{16.0, 168.0}, {370.0, 40.3}}
      Other, 0x1057782c0, {{16.0, 208.3}, {370.0, 52.0}}
      Other, 0x10577a580, {{16.0, 208.3}, {370.0, 52.0}}
      Other, 0x10577c3d0, {{16.0, 278.0}, {370.0, 40.3}}
      Other, 0x10577d530, {{16.0, 318.3}, {370.0, 52.0}}
      Other, 0x10577d8b0, {{16.0, 318.3}, {370.0, 52.0}}
      Other, 0x10577ef80, {{16.0, 370.3}, {370.0, 52.0}}
      Other, 0x105780da0, {{16.0, 370.3}, {370.0, 52.0}}
      Other, 0x105780a20, {{16.0, 457.3}, {370.0, 63.7}}
      Other, 0x105770910, {{16.0, 457.3}, {370.0, 63.7}}
      Other, 0x10575c390, {{16.0, 538.3}, {370.0, 40.3}}
      Other, 0x10575efe0, {{16.0, 578.7}, {370.0, 81.7}}
      Other, 0x10575e230, {{16.0, 578.7}, {370.0, 81.7}}
      Other, 0x105779130, {{16.0, 168.0}, {370.0, 40.3}}
      Other, 0x1057797d0, {{16.0, 208.3}, {370.0, 52.0}}
      Other, 0x10577b330, {{16.0, 278.0}, {370.0, 40.3}}
      Other, 0x10577afe0, {{16.0, 318.3}, {370.0, 52.0}}
      Other, 0x10577e3f0, {{16.0, 370.3}, {370.0, 52.0}}
      Other, 0x10576fec0, {{16.0, 457.3}, {370.0, 63.7}}
      Other, 0x10575aba0, {{16.0, 538.3}, {370.0, 40.3}}
      Other, 0x10575c6f0, {{16.0, 578.7}, {370.0, 81.7}}
      StaticText, 0x105777be0, {{16.0, 168.0}, {370.0, 40.3}}, label: 'Haushalt'
      TextField, 0x105779eb0, {{32.0, 223.3}, {338.0, 22.0}}, identifier: 'setup.household', placeholderValue: 'Name, z. B. Familie Muster', value: Name, z. B. Famili...
      StaticText, 0x10577ac80, {{16.0, 278.0}, {370.0, 40.3}}, label: 'Du'
      TextField, 0x10577ce30, {{32.0, 333.3}, {338.0, 22.0}}, identifier: 'setup.name', placeholderValue: 'Vorname', value: Vorname
      TextField, 0x10577f310, {{32.0, 385.3}, {338.0, 22.0}}, placeholderValue: 'Kürzel für die Tagesansicht', value: Kürzel für die Tag...
      StaticText, 0x1057705c0, {{16.0, 457.3}, {370.0, 63.7}}, label: 'Weitere Familienmitglieder legst du danach an. Erst dann wird der Haushalt geteilt.'
      StaticText, 0x10575d110, {{16.0, 538.3}, {370.0, 40.3}}, label: 'Eingeladen?'
      StaticText, 0x10575e940, {{16.0, 578.7}, {370.0, 81.7}}, label: 'Hast du eine Einladung zu einem bestehenden Familienkalender bekommen? Dann lege hier nichts an, sondern tippe auf den Link in der Einladung.'
    }
    ↪︎Find: Elements matching predicate '"setup.household" IN identifiers'
      Output: {
        TextField, 0x1057650b0, {{32.0, 223.3}, {338.0, 22.0}}, identifier: 'setup.household', placeholderValue: 'Name, z. B. Familie Muster', value: Name, z. B. Famili...
      }
      ↪︎Find: First Match
        Output: {
          TextField, 0x10559f0d0, {{32.0, 223.3}, {338.0, 22.0}}, identifier: 'setup.household', placeholderValue: 'Name, z. B. Familie Muster', value: Name, z. B. Famili...
        }

    t =   132.80s         Wait for de.barg.familienplaner to idle
    t =   132.81s     Requesting snapshot of accessibility hierarchy for app with pid 6766
<unknown>:0: error: -[FamilienplanerUITests.EndToEndTests testAllDayEventShowsInStrip] : Failed to synthesize event: Neither element nor any descendant has keyboard focus. Event dispatch snapshot: TextField, {{32.0, 223.3}, {338.0, 22.0}}, identifier: 'setup.household', placeholderValue: 'Name, z. B. Familie Muster'
Element debug description:
Attributes: TextField, 0x10704e5d0, {{32.0, 223.3}, {338.0, 22.0}}, identifier: 'setup.household', placeholderValue: 'Name, z. B. Familie Muster', value: Name, z. B. Famili...
Element subtree:
 →TextField, 0x10704e5d0, {{32.0, 223.3}, {338.0, 22.0}}, identifier: 'setup.household', placeholderValue: 'Name, z. B. Familie Muster', value: Name, z. B. Famili...
Path to element:
 →Application, 0x1070148c0, pid: 6766, label: 'Family Planner'
  ↳Window (Main), 0x10704c290, {{0.0, 0.0}, {402.0, 874.0}}
   ↳Other, 0x10704c650, {{0.0, 0.0}, {402.0, 874.0}}
    ↳Other, 0x10704c770, {{0.0, 0.0}, {402.0, 874.0}}
     ↳Other, 0x10704c3b0, {{0.0, 0.0}, {402.0, 874.0}}
      ↳Other, 0x10704c4d0, {{0.0, 0.0}, {402.0, 874.0}}
       ↳Other, 0x10704c890, {{0.0, 0.0}, {402.0, 874.0}}
        ↳Other, 0x10704cf50, {{0.0, 0.0}, {402.0, 874.0}}
         ↳Other, 0x10704d070, {{0.0, 0.0}, {402.0, 874.0}}
          ↳Other, 0x10704d190, {{0.0, 0.0}, {402.0, 874.0}}
           ↳Other, 0x10704d2b0, {{0.0, 0.0}, {402.0, 874.0}}
            ↳CollectionView, 0x10704d3d0, {{0.0, 0.0}, {402.0, 874.0}}
             ↳Cell, 0x10704df10, {{16.0, 208.3}, {370.0, 52.0}}
              ↳Other, 0x10704e270, {{16.0, 208.3}, {370.0, 52.0}}
               ↳Other, 0x10704e390, {{16.0, 208.3}, {370.0, 52.0}}
                ↳Other, 0x10704e4b0, {{16.0, 208.3}, {370.0, 52.0}}
                 ↳TextField, 0x10704e5d0, {{32.0, 223.3}, {338.0, 22.0}}, identifier: 'setup.household', placeholderValue: 'Name, z. B. Familie Muster', value: Name, z. B. Famili...
Query chain:
 →Find: Target Application 'de.barg.familienplaner'
  Output: {
    Application, 0x1070840f0, pid: 6766, label: 'Family Planner'
  }
  ↪︎Find: Descendants matching type Any
    Output: {
      Window (Main), 0x10576ea30, {{0.0, 0.0}, {402.0, 874.0}}
      Other, 0x10576e360, {{0.0, 0.0}, {402.0, 874.0}}
      Other, 0x105782d70, {{0.0, 0.0}, {402.0, 874.0}}
      Other, 0x10576dcb0, {{0.0, 0.0}, {402.0, 874.0}}
      Other, 0x1057829f0, {{0.0, 0.0}, {402.0, 874.0}}
      Other, 0x105773cb0, {{0.0, 0.0}, {402.0, 874.0}}
      NavigationBar, 0x105774380, {{0.0, 62.0}, {402.0, 106.0}}, identifier: 'Einrichten'
      Other, 0x1057804b0, {{0.0, 0.0}, {402.0, 874.0}}
      Other, 0x10575f6e0, {{0.0, 0.0}, {402.0, 874.0}}
      Other, 0x1057822d0, {{292.3, 66.0}, {89.7, 36.0}}, identifier: 'setup.create', label: 'Anlegen'
      StaticText, 0x105781f50, {{16.0, 119.7}, {160.3, 40.7}}, label: 'Einrichten'
      Other, 0x105773930, {{0.0, 0.0}, {402.0, 874.0}}
      Other, 0x10575db20, {{0.0, 0.0}, {402.0, 874.0}}
      Other, 0x105782670, {{292.3, 66.0}, {89.7, 36.0}}
      Other, 0x105774020, {{0.0, 0.0}, {402.0, 874.0}}
      Button, 0x105781840, {{292.3, 66.0}, {89.7, 36.0}}, identifier: 'setup.create', label: 'Anlegen', Disabled
      Other, 0x105775560, {{0.0, 0.0}, {402.0, 874.0}}
      CollectionView, 0x105773230, {{0.0, 0.0}, {402.0, 874.0}}
      Other, 0x105776720, {{-16.0, -1580.0}, {434.0, 1858.0}}
      Other, 0x105776a90, {{0.0, 0.0}, {402.0, 874.0}}
      Other, 0x1057763a0, {{0.0, 0.0}, {402.0, 874.0}}
      Cell, 0x105776000, {{16.0, 168.0}, {370.0, 40.3}}
      Cell, 0x105777f60, {{16.0, 208.3}, {370.0, 52.0}}
      Other, 0x105777840, {{-16.0, 278.0}, {434.0, 162.0}}
      Cell, 0x10577a220, {{16.0, 278.0}, {370.0, 40.3}}
      Cell, 0x105779480, {{16.0, 318.3}, {370.0, 52.0}}
      Cell, 0x10577cab0, {{16.0, 370.3}, {370.0, 52.0}}
      Other, 0x10577f690, {{32.0, 369.3}, {338.0, 1.0}}
      Other, 0x105780120, {{-16.0, 439.7}, {434.0, 98.7}}
      Cell, 0x1057814c0, {{16.0, 457.3}, {370.0, 63.7}}
      Other, 0x105770cb0, {{-16.0, 538.3}, {434.0, 1890.0}}
      Cell, 0x10575cdc0, {{16.0, 538.3}, {370.0, 40.3}}
      Cell, 0x10575d460, {{16.0, 578.7}, {370.0, 81.7}}
      Other, 0x10575ec90, {{369.0, 116.0}, {30.0, 696.0}}, label: 'Vertikaler Rollbalken, 1 Seite', value: 0 %
      Other, 0x1057758f0, {{16.0, 168.0}, {370.0, 40.3}}
      Other, 0x105775c70, {{16.0, 168.0}, {370.0, 40.3}}
      Other, 0x105778db0, {{16.0, 208.3}, {370.0, 52.0}}
      Other, 0x105779b30, {{16.0, 208.3}, {370.0, 52.0}}
      Other, 0x10577a910, {{16.0, 278.0}, {370.0, 40.3}}
      Other, 0x10577d1b0, {{16.0, 278.0}, {370.0, 40.3}}
      Other, 0x10577c720, {{16.0, 318.3}, {370.0, 52.0}}
      Other, 0x10577fa20, {{16.0, 318.3}, {370.0, 52.0}}
      Other, 0x10577fd90, {{16.0, 370.3}, {370.0, 52.0}}
      Other, 0x105781bc0, {{16.0, 370.3}, {370.0, 52.0}}
      Other, 0x105781130, {{16.0, 457.3}, {370.0, 63.7}}
      Other, 0x105770250, {{16.0, 457.3}, {370.0, 63.7}}
      Other, 0x10575d7d0, {{16.0, 538.3}, {370.0, 40.3}}
      Other, 0x10575ca40, {{16.0, 538.3}, {370.0, 40.3}}
      Other, 0x10575e5a0, {{16.0, 578.7}, {370.0, 81.7}}
      Other, 0x10575dea0, {{16.0, 578.7}, {370.0, 81.7}}
      Other, 0x105752290, {{396.0, 278.7}, {3.0, 530.3}}
      Other, 0x105776e00, {{16.0, 168.0}, {370.0, 40.3}}
      Other, 0x1057782c0, {{16.0, 208.3}, {370.0, 52.0}}
      Other, 0x10577a580, {{16.0, 208.3}, {370.0, 52.0}}
      Other, 0x10577c3d0, {{16.0, 278.0}, {370.0, 40.3}}
      Other, 0x10577d530, {{16.0, 318.3}, {370.0, 52.0}}
      Other, 0x10577d8b0, {{16.0, 318.3}, {370.0, 52.0}}
      Other, 0x10577ef80, {{16.0, 370.3}, {370.0, 52.0}}
      Other, 0x105780da0, {{16.0, 370.3}, {370.0, 52.0}}
      Other, 0x105780a20, {{16.0, 457.3}, {370.0, 63.7}}
      Other, 0x105770910, {{16.0, 457.3}, {370.0, 63.7}}
      Other, 0x10575c390, {{16.0, 538.3}, {370.0, 40.3}}
      Other, 0x10575efe0, {{16.0, 578.7}, {370.0, 81.7}}
      Other, 0x10575e230, {{16.0, 578.7}, {370.0, 81.7}}
      Other, 0x105779130, {{16.0, 168.0}, {370.0, 40.3}}
      Other, 0x1057797d0, {{16.0, 208.3}, {370.0, 52.0}}
      Other, 0x10577b330, {{16.0, 278.0}, {370.0, 40.3}}
      Other, 0x10577afe0, {{16.0, 318.3}, {370.0, 52.0}}
      Other, 0x10577e3f0, {{16.0, 370.3}, {370.0, 52.0}}
      Other, 0x10576fec0, {{16.0, 457.3}, {370.0, 63.7}}
      Other, 0x10575aba0, {{16.0, 538.3}, {370.0, 40.3}}
      Other, 0x10575c6f0, {{16.0, 578.7}, {370.0, 81.7}}
      StaticText, 0x105777be0, {{16.0, 168.0}, {370.0, 40.3}}, label: 'Haushalt'
      TextField, 0x105779eb0, {{32.0, 223.3}, {338.0, 22.0}}, identifier: 'setup.household', placeholderValue: 'Name, z. B. Familie Muster', value: Name, z. B. Famili...
      StaticText, 0x10577ac80, {{16.0, 278.0}, {370.0, 40.3}}, label: 'Du'
      TextField, 0x10577ce30, {{32.0, 333.3}, {338.0, 22.0}}, identifier: 'setup.name', placeholderValue: 'Vorname', value: Vorname
      TextField, 0x10577f310, {{32.0, 385.3}, {338.0, 22.0}}, placeholderValue: 'Kürzel für die Tagesansicht', value: Kürzel für die Tag...
      StaticText, 0x1057705c0, {{16.0, 457.3}, {370.0, 63.7}}, label: 'Weitere Familienmitglieder legst du danach an. Erst dann wird der Haushalt geteilt.'
      StaticText, 0x10575d110, {{16.0, 538.3}, {370.0, 40.3}}, label: 'Eingeladen?'
      StaticText, 0x10575e940, {{16.0, 578.7}, {370.0, 81.7}}, label: 'Hast du eine Einladung zu einem bestehenden Familienkalender bekommen? Dann lege hier nichts an, sondern tippe auf den Link in der Einladung.'
    }
    ↪︎Find: Elements matching predicate '"setup.household" IN identifiers'
      Output: {
        TextField, 0x1057650b0, {{32.0, 223.3}, {338.0, 22.0}}, identifier: 'setup.household', placeholderValue: 'Name, z. B. Familie Muster', value: Name, z. B. Famili...
      }
      ↪︎Find: First Match
        Output: {
          TextField, 0x10559f0d0, {{32.0, 223.3}, {338.0, 22.0}}, identifier: 'setup.household', placeholderValue: 'Name, z. B. Familie Muster', value: Name, z. B. Famili...
        }

    t =   133.02s Tear Down
Test Case '-[FamilienplanerUITests.EndToEndTests testAllDayEventShowsInStrip]' failed (133.471 seconds).
Test Case '-[FamilienplanerUITests.EndToEndTests testAppointmentLifecycleWithResponsibility]' started.
    t =     0.00s Start Test at 2026-10-10 00:49:56.687
    t =     0.09s Set Up
    t =     0.10s     Open de.barg.familienplaner
    t =     0.10s         Launch de.barg.familienplaner
    t =     0.10s             Terminate de.barg.familienplaner:6766
2026-10-10 00:49:57.886 xcodebuild[1574:8279] [MT] IDELaunchParametersSnapshot: The operation couldn’t be completed. (DebuggerLLDB.DebuggerVersionStore.StoreError error 0.)
2026-10-10 00:49:57.886 xcodebuild[1574:8279] [MT] IDELaunchParametersSnapshot: no debugger version
    t =     1.85s             Setting up automation session
    t =     4.64s             Wait for de.barg.familienplaner to idle
    t =     7.10s     Waiting 15.0s for "Einrichten" NavigationBar to exist
    t =     8.16s         Checking `Expect predicate `existsNoRetry == 1` for object "Einrichten" NavigationBar`
    t =     8.17s             Checking existence of `"Einrichten" NavigationBar`
    t =     8.39s     Waiting 5.0s for "setup.household" Any to exist
    t =     9.43s         Checking `Expect predicate `existsNoRetry == 1` for object "setup.household" Any`
    t =     9.43s             Checking existence of `"setup.household" Any`
    t =     9.65s     Tap "setup.household" Any
    t =     9.65s         Wait for de.barg.familienplaner to idle
    t =     9.66s         Find the "setup.household" Any
    t =     9.90s         Check for interrupting elements affecting "setup.household" TextField
    t =    10.00s         Synthesize event
    t =    10.32s         Wait for de.barg.familienplaner to idle
    t =    12.77s     Type 'Testfamilie' into "setup.household" TextField
    t =    12.77s         Wait for de.barg.familienplaner to idle
    t =    12.96s         Find the "setup.household" TextField
    t =    13.59s         Check for interrupting elements affecting "setup.household" TextField
    t =    13.75s         Synthesize event
    t =    14.15s         Wait for de.barg.familienplaner to idle
    t =    14.18s     Waiting 5.0s for "setup.name" Any to exist
    t =    15.20s         Checking `Expect predicate `existsNoRetry == 1` for object "setup.name" Any`
    t =    15.20s             Checking existence of `"setup.name" Any`
    t =    15.65s     Tap "setup.name" Any
    t =    15.65s         Wait for de.barg.familienplaner to idle
    t =    15.66s         Find the "setup.name" Any
    t =    16.01s         Check for interrupting elements affecting "setup.name" TextField
    t =    16.12s         Synthesize event
    t =    16.50s         Wait for de.barg.familienplaner to idle
    t =    16.57s     Type 'Anna' into "setup.name" TextField
    t =    16.57s         Wait for de.barg.familienplaner to idle
    t =    16.64s         Find the "setup.name" TextField
    t =    17.00s         Check for interrupting elements affecting "setup.name" TextField
    t =    17.10s         Synthesize event
    t =    17.37s         Wait for de.barg.familienplaner to idle
    t =    17.38s     Waiting 5.0s for "setup.create" Any to exist
    t =    18.42s         Checking `Expect predicate `existsNoRetry == 1` for object "setup.create" Any`
    t =    18.42s             Checking existence of `"setup.create" Any`
    t =    18.59s     Tap "setup.create" Any
    t =    18.59s         Wait for de.barg.familienplaner to idle
    t =    18.60s         Find the "setup.create" Any
    t =    18.75s         Check for interrupting elements affecting "setup.create" Other
    t =    19.00s         Synthesize event
    t =    19.38s         Wait for de.barg.familienplaner to idle
    t =    21.61s     Waiting 10.0s for "toolbar.family" Any to exist
    t =    22.63s         Checking `Expect predicate `existsNoRetry == 1` for object "toolbar.family" Any`
    t =    22.63s             Checking existence of `"toolbar.family" Any`
    t =    23.03s     Waiting 5.0s for "toolbar.family" Any to exist
    t =    24.07s         Checking `Expect predicate `existsNoRetry == 1` for object "toolbar.family" Any`
    t =    24.08s             Checking existence of `"toolbar.family" Any`
    t =    24.38s     Tap "toolbar.family" Any
    t =    24.38s         Wait for de.barg.familienplaner to idle
    t =    24.38s         Find the "toolbar.family" Any
    t =    24.79s         Check for interrupting elements affecting "toolbar.family" Button
    t =    24.97s         Synthesize event
    t =    25.27s         Wait for de.barg.familienplaner to idle
    t =    27.19s     Waiting 5.0s for "members.add" Any to exist
    t =    28.22s         Checking `Expect predicate `existsNoRetry == 1` for object "members.add" Any`
    t =    28.22s             Checking existence of `"members.add" Any`
    t =    29.17s     Tap "members.add" Any
    t =    29.17s         Wait for de.barg.familienplaner to idle
    t =    29.18s         Find the "members.add" Any
    t =    29.95s         Check for interrupting elements affecting "members.add" Button
    t =    30.18s         Synthesize event
    t =    30.50s         Wait for de.barg.familienplaner to idle
    t =    30.85s     Waiting 5.0s for "member.name" Any to exist
    t =    31.91s         Checking `Expect predicate `existsNoRetry == 1` for object "member.name" Any`
    t =    31.91s             Checking existence of `"member.name" Any`
    t =    33.06s     Tap "member.name" Any
    t =    33.06s         Wait for de.barg.familienplaner to idle
    t =    33.06s         Find the "member.name" Any
    t =    34.04s         Check for interrupting elements affecting "member.name" TextField
    t =    34.37s         Synthesize event
    t =    35.28s         Wait for de.barg.familienplaner to idle
    t =    35.64s     Type 'Mia' into "member.name" TextField
    t =    35.64s         Wait for de.barg.familienplaner to idle
    t =    35.65s         Find the "member.name" TextField
    t =    37.58s         Check for interrupting elements affecting "member.name" TextField
    t =    38.58s         Synthesize event
    t =    38.85s         Wait for de.barg.familienplaner to idle
    t =    38.89s     Waiting 5.0s for "member.save" Any to exist
    t =    39.90s         Checking `Expect predicate `existsNoRetry == 1` for object "member.save" Any`
    t =    39.90s             Checking existence of `"member.save" Any`
    t =    40.72s     Tap "member.save" Any
    t =    40.72s         Wait for de.barg.familienplaner to idle
    t =    40.72s         Find the "member.save" Any
    t =    41.93s         Check for interrupting elements affecting "member.save" Other
    t =    42.88s         Synthesize event
    t =    43.25s         Wait for de.barg.familienplaner to idle
    t =    44.27s     Waiting 5.0s for "Mia" StaticText to exist
    t =    45.30s         Checking `Expect predicate `existsNoRetry == 1` for object "Mia" StaticText`
    t =    45.30s             Checking existence of `"Mia" StaticText`
    t =    45.52s     Waiting 5.0s for "members.done" Any to exist
    t =    46.57s         Checking `Expect predicate `existsNoRetry == 1` for object "members.done" Any`
    t =    46.57s             Checking existence of `"members.done" Any`
    t =    47.39s     Tap "members.done" Any
    t =    47.39s         Wait for de.barg.familienplaner to idle
    t =    47.39s         Find the "members.done" Any
    t =    47.70s         Check for interrupting elements affecting "members.done" Other
    t =    47.92s         Synthesize event
    t =    48.23s         Wait for de.barg.familienplaner to idle
    t =    49.01s     Waiting 5.0s for "nav.next" Any to exist
    t =    50.01s         Checking `Expect predicate `existsNoRetry == 1` for object "nav.next" Any`
    t =    50.01s             Checking existence of `"nav.next" Any`
    t =    51.24s     Tap "nav.next" Any
    t =    51.24s         Wait for de.barg.familienplaner to idle
    t =    51.24s         Find the "nav.next" Any
    t =    51.56s         Check for interrupting elements affecting "nav.next" Other
    t =    51.79s         Synthesize event
    t =    52.12s         Wait for de.barg.familienplaner to idle
    t =    53.00s     Waiting 5.0s for "toolbar.new" Any to exist
    t =    54.01s         Checking `Expect predicate `existsNoRetry == 1` for object "toolbar.new" Any`
    t =    54.01s             Checking existence of `"toolbar.new" Any`
    t =    55.24s     Tap "toolbar.new" Any
    t =    55.24s         Wait for de.barg.familienplaner to idle
    t =    55.25s         Find the "toolbar.new" Any
    t =    55.96s         Check for interrupting elements affecting "toolbar.new" Button
    t =    56.34s         Synthesize event
    t =    56.68s         Wait for de.barg.familienplaner to idle
    t =    58.52s     Waiting 5.0s for "editor.title" Any to exist
    t =    59.53s         Checking `Expect predicate `existsNoRetry == 1` for object "editor.title" Any`
    t =    59.53s             Checking existence of `"editor.title" Any`
    t =    61.77s     Tap "editor.title" Any
    t =    61.78s         Wait for de.barg.familienplaner to idle
    t =    61.79s         Find the "editor.title" Any
    t =    64.07s         Check for interrupting elements affecting "editor.title" TextField
    t =    64.36s         Synthesize event
    t =    64.67s         Wait for de.barg.familienplaner to idle
    t =    65.29s     Type 'Schwimmen' into "editor.title" TextField
    t =    65.29s         Wait for de.barg.familienplaner to idle
    t =    65.32s         Find the "editor.title" TextField
    t =    66.72s         Check for interrupting elements affecting "editor.title" TextField
    t =    67.02s         Synthesize event
    t =    67.39s         Wait for de.barg.familienplaner to idle
    t =    67.44s     Waiting 5.0s for "editor.subject.Mia" Any to exist
    t =    68.48s         Checking `Expect predicate `existsNoRetry == 1` for object "editor.subject.Mia" Any`
    t =    68.48s             Checking existence of `"editor.subject.Mia" Any`
    t =    70.01s     Tap "editor.subject.Mia" Any
    t =    70.01s         Wait for de.barg.familienplaner to idle
    t =    70.01s         Find the "editor.subject.Mia" Any
    t =    71.30s         Check for interrupting elements affecting "editor.subject.Mia" Button
    t =    71.67s         Synthesize event
    t =    71.69s             Scroll element to visible
    t =    71.70s             Find the "editor.subject.Mia" Button
    t =    73.65s             Computed hit point {201, 158.16666666666671} after scrolling to visible
    t =    73.97s         Wait for de.barg.familienplaner to idle
    t =    74.14s     Waiting 1.0s for "editor.role.driveFrom" Switch to exist
    t =    75.15s         Checking `Expect predicate `existsNoRetry == 1` for object "editor.role.driveFrom" Switch`
    t =    75.16s             Checking existence of `"editor.role.driveFrom" Switch`
    t =    75.43s             Capturing element debug description
    t =    75.43s         Checking existence of `"editor.role.driveFrom" Switch`
    t =    76.78s     Checking existence of `"editor.role.driveFrom" Switch`
    t =    77.73s     Find the "editor.role.driveFrom" Switch
    t =    78.60s     Find the "editor.role.driveFrom" Switch
    t =    79.34s     Tap "editor.role.driveFrom" Switch[0.93, 0.50]
    t =    79.34s         Wait for de.barg.familienplaner to idle
    t =    79.35s         Find the "editor.role.driveFrom" Switch
    t =    79.91s         Check for interrupting elements affecting "editor.role.driveFrom" Switch
    t =    80.08s         Synthesize event
    t =    80.08s             Find the "editor.role.driveFrom" Switch
    t =    81.03s             Find the "editor.role.driveFrom" Switch
    t =    82.91s             Find the "editor.role.driveFrom" Switch
    t =    84.09s         Wait for de.barg.familienplaner to idle
    t =    85.41s     Find the "editor.role.driveFrom" Switch
    t =    86.14s     Waiting 5.0s for "editor.save" Any to exist
    t =    87.18s         Checking `Expect predicate `existsNoRetry == 1` for object "editor.save" Any`
    t =    87.18s             Checking existence of `"editor.save" Any`
    t =    87.43s     Tap "editor.save" Any
    t =    87.43s         Wait for de.barg.familienplaner to idle
    t =    87.43s         Find the "editor.save" Any
    t =    87.84s         Check for interrupting elements affecting "editor.save" Other
    t =    88.04s         Synthesize event
    t =    88.36s         Wait for de.barg.familienplaner to idle
    t =    89.43s     Waiting 5.0s for "event.Schwimmen" Any to exist
    t =    90.48s         Checking `Expect predicate `existsNoRetry == 1` for object "event.Schwimmen" Any`
    t =    90.48s             Checking existence of `"event.Schwimmen" Any`
    t =    90.68s     Find the "event.Schwimmen" Any
    t =    90.84s     Waiting 5.0s for "banner.open" Any to exist
    t =    91.89s         Checking `Expect predicate `existsNoRetry == 1` for object "banner.open" Any`
    t =    91.90s             Checking existence of `"banner.open" Any`
    t =    92.03s     Find the "banner.open" Any
    t =    92.12s     Tap "banner.open" Button
    t =    92.12s         Wait for de.barg.familienplaner to idle
    t =    92.12s         Find the "banner.open" Button
    t =    92.19s         Check for interrupting elements affecting "banner.open" Button
    t =    92.31s         Synthesize event
    t =    92.61s         Wait for de.barg.familienplaner to idle
    t =    92.73s     Waiting 5.0s for "claim.Schwimmen" Any to exist
    t =    93.77s         Checking `Expect predicate `existsNoRetry == 1` for object "claim.Schwimmen" Any`
    t =    93.77s             Checking existence of `"claim.Schwimmen" Any`
    t =    94.22s     Tap "claim.Schwimmen" Any
    t =    94.22s         Wait for de.barg.familienplaner to idle
    t =    94.22s         Find the "claim.Schwimmen" Any
    t =    94.62s         Check for interrupting elements affecting "claim.Schwimmen" Button
    t =    94.78s         Synthesize event
    t =    95.08s         Wait for de.barg.familienplaner to idle
    t =    95.66s     Waiting 5.0s for "Alles vergeben" StaticText to exist
    t =    96.71s         Checking `Expect predicate `existsNoRetry == 1` for object "Alles vergeben" StaticText`
    t =    96.71s             Checking existence of `"Alles vergeben" StaticText`
    t =    96.81s     Waiting 5.0s for "responsibilities.done" Any to exist
    t =    97.84s         Checking `Expect predicate `existsNoRetry == 1` for object "responsibilities.done" Any`
    t =    97.84s             Checking existence of `"responsibilities.done" Any`
    t =    98.02s     Tap "responsibilities.done" Any
    t =    98.02s         Wait for de.barg.familienplaner to idle
    t =    98.03s         Find the "responsibilities.done" Any
    t =    98.22s         Check for interrupting elements affecting "responsibilities.done" Other
    t =    98.36s         Synthesize event
    t =    98.68s         Wait for de.barg.familienplaner to idle
    t =    99.35s     Waiting 5.0s for "banner.open" Button to not exist
    t =   100.41s         Checking `Expect predicate `existsNoRetry == 0` for object "banner.open" Button`
    t =   100.41s             Checking existence of `"banner.open" Button`
    t =   100.88s     Waiting 5.0s for "nav.previous" Any to exist
    t =   101.93s         Checking `Expect predicate `existsNoRetry == 1` for object "nav.previous" Any`
    t =   101.94s             Checking existence of `"nav.previous" Any`
    t =   102.04s     Tap "nav.previous" Any
    t =   102.04s         Wait for de.barg.familienplaner to idle
    t =   102.05s         Find the "nav.previous" Any
    t =   102.13s         Check for interrupting elements affecting "nav.previous" Other
    t =   102.28s         Synthesize event
    t =   102.61s         Wait for de.barg.familienplaner to idle
    t =   103.57s     Checking existence of `"event.Schwimmen" Any`
    t =   104.19s     Waiting 5.0s for "toolbar.search" Any to exist
    t =   105.23s         Checking `Expect predicate `existsNoRetry == 1` for object "toolbar.search" Any`
    t =   105.23s             Checking existence of `"toolbar.search" Any`
    t =   105.63s     Tap "toolbar.search" Any
    t =   105.63s         Wait for de.barg.familienplaner to idle
    t =   105.64s         Find the "toolbar.search" Any
    t =   105.94s         Check for interrupting elements affecting "toolbar.search" Button
    t =   106.07s         Synthesize event
    t =   106.39s         Wait for de.barg.familienplaner to idle
    t =   107.40s     Waiting 5.0s for SearchField (First Match) to exist
    t =   108.41s         Checking `Expect predicate `existsNoRetry == 1` for object SearchField (First Match)`
    t =   108.41s             Checking existence of `SearchField (First Match)`
    t =   108.52s     Tap SearchField (First Match)
    t =   108.52s         Wait for de.barg.familienplaner to idle
    t =   108.53s         Find the SearchField (First Match)
    t =   108.61s         Check for interrupting elements affecting "Titel, Ort, Notiz" SearchField
    t =   108.73s         Synthesize event
    t =   109.03s         Wait for de.barg.familienplaner to idle
    t =   109.41s     Type 'schwimm' into "Titel, Ort, Notiz" SearchField
    t =   109.41s         Wait for de.barg.familienplaner to idle
    t =   109.84s         Find the "Titel, Ort, Notiz" SearchField
    t =   110.14s         Check for interrupting elements affecting "Titel, Ort, Notiz" SearchField
    t =   110.26s         Synthesize event
    t =   110.60s         Wait for de.barg.familienplaner to idle
    t =   111.21s     Waiting 5.0s for "search.result.Schwimmen" Any to exist
    t =   112.21s         Checking `Expect predicate `existsNoRetry == 1` for object "search.result.Schwimmen" Any`
    t =   112.21s             Checking existence of `"search.result.Schwimmen" Any`
    t =   112.83s     Tap "search.result.Schwimmen" Any
    t =   112.83s         Wait for de.barg.familienplaner to idle
    t =   112.83s         Find the "search.result.Schwimmen" Any
    t =   113.61s         Check for interrupting elements affecting "search.result.Schwimmen" Button
    t =   113.77s         Synthesize event
    t =   114.09s         Wait for de.barg.familienplaner to idle
    t =   114.37s     Waiting 5.0s for "event.Schwimmen" Any to exist
    t =   115.44s         Checking `Expect predicate `existsNoRetry == 1` for object "event.Schwimmen" Any`
    t =   115.44s             Checking existence of `"event.Schwimmen" Any`
    t =   115.67s     Waiting 5.0s for "view.menu" Any to exist
    t =   116.68s         Checking `Expect predicate `existsNoRetry == 1` for object "view.menu" Any`
    t =   116.68s             Checking existence of `"view.menu" Any`
    t =   116.97s     Tap "view.menu" Any
    t =   116.97s         Wait for de.barg.familienplaner to idle
    t =   116.98s         Find the "view.menu" Any
    t =   117.25s         Check for interrupting elements affecting "view.menu" Button
    t =   117.38s         Synthesize event
    t =   117.70s         Wait for de.barg.familienplaner to idle
    t =   119.00s     Waiting 5.0s for "Woche" Button to exist
    t =   120.08s         Checking `Expect predicate `existsNoRetry == 1` for object "Woche" Button`
    t =   120.08s             Checking existence of `"Woche" Button`
    t =   120.21s     Tap "Woche" Button
    t =   120.21s         Wait for de.barg.familienplaner to idle
    t =   120.22s         Find the "Woche" Button
    t =   120.36s         Check for interrupting elements affecting "rectangle.split.3x1" Button
    t =   120.49s         Synthesize event
    t =   120.82s         Wait for de.barg.familienplaner to idle
    t =   122.46s     Waiting 5.0s for "week.event.Schwimmen" Any to exist
    t =   123.48s         Checking `Expect predicate `existsNoRetry == 1` for object "week.event.Schwimmen" Any`
    t =   123.48s             Checking existence of `"week.event.Schwimmen" Any`
    t =   123.69s     Waiting 5.0s for "view.menu" Any to exist
    t =   124.76s         Checking `Expect predicate `existsNoRetry == 1` for object "view.menu" Any`
    t =   124.76s             Checking existence of `"view.menu" Any`
    t =   124.87s     Tap "view.menu" Any
    t =   124.87s         Wait for de.barg.familienplaner to idle
    t =   124.88s         Find the "view.menu" Any
    t =   124.96s         Check for interrupting elements affecting "view.menu" Button
    t =   125.10s         Synthesize event
    t =   125.40s         Wait for de.barg.familienplaner to idle
    t =   126.73s     Waiting 5.0s for "Tag" Button to exist
    t =   127.74s         Checking `Expect predicate `existsNoRetry == 1` for object "Tag" Button`
    t =   127.74s             Checking existence of `"Tag" Button`
    t =   127.82s     Tap "Tag" Button
    t =   127.82s         Wait for de.barg.familienplaner to idle
    t =   127.83s         Find the "Tag" Button
    t =   127.90s         Check for interrupting elements affecting "calendar.day.timeline.left" Button
    t =   128.02s         Synthesize event
    t =   128.32s         Wait for de.barg.familienplaner to idle
    t =   129.94s     Waiting 5.0s for "event.Schwimmen" Any to exist
    t =   130.94s         Checking `Expect predicate `existsNoRetry == 1` for object "event.Schwimmen" Any`
    t =   130.94s             Checking existence of `"event.Schwimmen" Any`
    t =   131.15s     Tap "event.Schwimmen" Any
    t =   131.15s         Wait for de.barg.familienplaner to idle
    t =   131.16s         Find the "event.Schwimmen" Any
    t =   131.35s         Check for interrupting elements affecting "event.Schwimmen" Button
    t =   131.46s         Synthesize event
    t =   131.76s         Wait for de.barg.familienplaner to idle
    t =   131.89s     Waiting 5.0s for "detail.edit" Any to exist
    t =   132.90s         Checking `Expect predicate `existsNoRetry == 1` for object "detail.edit" Any`
    t =   132.90s             Checking existence of `"detail.edit" Any`
    t =   133.16s     Tap "detail.edit" Any
    t =   133.16s         Wait for de.barg.familienplaner to idle
    t =   133.17s         Find the "detail.edit" Any
    t =   133.46s         Check for interrupting elements affecting "detail.edit" Other
    t =   133.68s         Synthesize event
    t =   134.01s         Wait for de.barg.familienplaner to idle
    t =   135.01s     Waiting 5.0s for "editor.title" Any to exist
    t =   136.06s         Checking `Expect predicate `existsNoRetry == 1` for object "editor.title" Any`
    t =   136.06s             Checking existence of `"editor.title" Any`
    t =   137.09s     Checking existence of `"editor.delete" Button`
    t =   137.31s     Swipe up Target Application 'de.barg.familienplaner'
    t =   137.31s         Wait for de.barg.familienplaner to idle
    t =   137.32s         Find the Target Application 'de.barg.familienplaner'
    t =   137.47s         Check for interrupting elements affecting "Family Planner" Application
    t =   137.63s         Synthesize event
    t =   138.07s         Wait for de.barg.familienplaner to idle
    t =   140.34s     Checking existence of `"editor.delete" Button`
    t =   140.73s     Swipe up Target Application 'de.barg.familienplaner'
    t =   140.73s         Wait for de.barg.familienplaner to idle
    t =   140.74s         Find the Target Application 'de.barg.familienplaner'
    t =   140.95s         Check for interrupting elements affecting "Family Planner" Application
    t =   141.13s         Synthesize event
    t =   141.56s         Wait for de.barg.familienplaner to idle
    t =   142.56s     Checking existence of `"editor.delete" Button`
    t =   142.85s     Waiting 5.0s for "editor.delete" Any to exist
    t =   143.88s         Checking `Expect predicate `existsNoRetry == 1` for object "editor.delete" Any`
    t =   143.88s             Checking existence of `"editor.delete" Any`
    t =   144.65s     Tap "editor.delete" Any
    t =   144.65s         Wait for de.barg.familienplaner to idle
    t =   144.66s         Find the "editor.delete" Any
    t =   145.41s         Check for interrupting elements affecting "editor.delete" Button
    t =   145.65s         Synthesize event
    t =   145.98s         Wait for de.barg.familienplaner to idle
    t =   151.82s     Waiting 5.0s for Button (First Match) to exist
    t =   152.88s         Checking `Expect predicate `existsNoRetry == 1` for object Button (First Match)`
    t =   152.88s             Checking existence of `Button (First Match)`
    t =   153.06s     Tap Button (First Match)
    t =   153.07s         Wait for de.barg.familienplaner to idle
    t =   153.07s         Find the Button (First Match)
    t =   153.30s         Check for interrupting elements affecting "Löschen" Button
    t =   153.49s         Synthesize event
    t =   153.80s         Wait for de.barg.familienplaner to idle
    t =   154.27s     Waiting 5.0s for "event.Schwimmen" Any to not exist
    t =   155.31s         Checking `Expect predicate `existsNoRetry == 0` for object "event.Schwimmen" Any`
    t =   155.31s             Checking existence of `"event.Schwimmen" Any`
    t =   155.76s Tear Down
Test Case '-[FamilienplanerUITests.EndToEndTests testAppointmentLifecycleWithResponsibility]' passed (156.134 seconds).
Test Case '-[FamilienplanerUITests.EndToEndTests testChildPreviewHidesAdultTitles]' started.
    t =     0.00s Start Test at 2026-10-10 00:52:32.824
    t =     0.09s Set Up
    t =     0.09s     Open de.barg.familienplaner
    t =     0.10s         Launch de.barg.familienplaner
    t =     0.10s             Terminate de.barg.familienplaner:7536
2026-10-10 00:52:34.014 xcodebuild[1574:8279] [MT] IDELaunchParametersSnapshot: The operation couldn’t be completed. (DebuggerLLDB.DebuggerVersionStore.StoreError error 0.)
2026-10-10 00:52:34.015 xcodebuild[1574:8279] [MT] IDELaunchParametersSnapshot: no debugger version
    t =     1.84s             Setting up automation session
    t =     4.65s             Wait for de.barg.familienplaner to idle
    t =     6.84s     Waiting 15.0s for "Einrichten" NavigationBar to exist
    t =     7.87s         Checking `Expect predicate `existsNoRetry == 1` for object "Einrichten" NavigationBar`
    t =     7.87s             Checking existence of `"Einrichten" NavigationBar`
    t =     8.03s     Waiting 5.0s for "setup.household" Any to exist
    t =     9.09s         Checking `Expect predicate `existsNoRetry == 1` for object "setup.household" Any`
    t =     9.09s             Checking existence of `"setup.household" Any`
    t =     9.30s     Tap "setup.household" Any
    t =     9.30s         Wait for de.barg.familienplaner to idle
    t =     9.31s         Find the "setup.household" Any
    t =     9.47s         Check for interrupting elements affecting "setup.household" TextField
    t =     9.56s         Synthesize event
    t =     9.87s         Wait for de.barg.familienplaner to idle
    t =    10.47s     Type 'Testfamilie' into "setup.household" TextField
    t =    10.48s         Wait for de.barg.familienplaner to idle
    t =    10.79s         Find the "setup.household" TextField
    t =    12.43s         Check for interrupting elements affecting "setup.household" TextField
    t =    12.56s         Synthesize event
    t =    12.94s         Wait for de.barg.familienplaner to idle
    t =    12.95s     Waiting 5.0s for "setup.name" Any to exist
    t =    13.98s         Checking `Expect predicate `existsNoRetry == 1` for object "setup.name" Any`
    t =    13.98s             Checking existence of `"setup.name" Any`
    t =    14.35s     Tap "setup.name" Any
    t =    14.35s         Wait for de.barg.familienplaner to idle
    t =    14.36s         Find the "setup.name" Any
    t =    14.78s         Check for interrupting elements affecting "setup.name" TextField
    t =    14.87s         Synthesize event
    t =    15.20s         Wait for de.barg.familienplaner to idle
    t =    15.25s     Type 'Anna' into "setup.name" TextField
    t =    15.25s         Wait for de.barg.familienplaner to idle
    t =    15.27s         Find the "setup.name" TextField
    t =    15.76s         Check for interrupting elements affecting "setup.name" TextField
    t =    15.88s         Synthesize event
    t =    16.15s         Wait for de.barg.familienplaner to idle
    t =    16.16s     Waiting 5.0s for "setup.create" Any to exist
    t =    17.21s         Checking `Expect predicate `existsNoRetry == 1` for object "setup.create" Any`
    t =    17.21s             Checking existence of `"setup.create" Any`
    t =    17.35s     Tap "setup.create" Any
    t =    17.35s         Wait for de.barg.familienplaner to idle
    t =    17.36s         Find the "setup.create" Any
    t =    17.44s         Check for interrupting elements affecting "setup.create" Other
    t =    17.53s         Synthesize event
    t =    17.84s         Wait for de.barg.familienplaner to idle
    t =    19.63s     Waiting 10.0s for "toolbar.family" Any to exist
    t =    20.67s         Checking `Expect predicate `existsNoRetry == 1` for object "toolbar.family" Any`
    t =    20.67s             Checking existence of `"toolbar.family" Any`
    t =    20.99s     Waiting 5.0s for "toolbar.family" Any to exist
    t =    22.01s         Checking `Expect predicate `existsNoRetry == 1` for object "toolbar.family" Any`
    t =    22.01s             Checking existence of `"toolbar.family" Any`
    t =    22.41s     Tap "toolbar.family" Any
    t =    22.41s         Wait for de.barg.familienplaner to idle
    t =    22.42s         Find the "toolbar.family" Any
    t =    22.70s         Check for interrupting elements affecting "toolbar.family" Button
    t =    22.82s         Synthesize event
    t =    23.15s         Wait for de.barg.familienplaner to idle
    t =    24.75s     Waiting 5.0s for "members.add" Any to exist
    t =    25.76s         Checking `Expect predicate `existsNoRetry == 1` for object "members.add" Any`
    t =    25.76s             Checking existence of `"members.add" Any`
    t =    27.87s     Tap "members.add" Any
    t =    27.87s         Wait for de.barg.familienplaner to idle
    t =    27.87s         Find the "members.add" Any
    t =    29.13s         Check for interrupting elements affecting "members.add" Button
    t =    29.45s         Synthesize event
    t =    29.86s         Wait for de.barg.familienplaner to idle
    t =    30.21s     Waiting 5.0s for "member.name" Any to exist
    t =    31.25s         Checking `Expect predicate `existsNoRetry == 1` for object "member.name" Any`
    t =    31.25s             Checking existence of `"member.name" Any`
    t =    33.26s     Tap "member.name" Any
    t =    33.26s         Wait for de.barg.familienplaner to idle
    t =    33.26s         Find the "member.name" Any
    t =    34.46s         Check for interrupting elements affecting "member.name" TextField
    t =    34.76s         Synthesize event
    t =    35.06s         Wait for de.barg.familienplaner to idle
    t =    35.42s     Type 'Mia' into "member.name" TextField
    t =    35.42s         Wait for de.barg.familienplaner to idle
    t =    35.60s         Find the "member.name" TextField
    t =    36.87s         Check for interrupting elements affecting "member.name" TextField
    t =    37.17s         Synthesize event
    t =    37.43s         Wait for de.barg.familienplaner to idle
    t =    37.43s     Waiting 5.0s for "member.save" Any to exist
    t =    38.45s         Checking `Expect predicate `existsNoRetry == 1` for object "member.save" Any`
    t =    38.45s             Checking existence of `"member.save" Any`
    t =    38.86s     Tap "member.save" Any
    t =    38.86s         Wait for de.barg.familienplaner to idle
    t =    38.87s         Find the "member.save" Any
    t =    39.14s         Check for interrupting elements affecting "member.save" Other
    t =    39.36s         Synthesize event
    t =    39.68s         Wait for de.barg.familienplaner to idle
    t =    40.67s     Waiting 5.0s for "Mia" StaticText to exist
    t =    41.70s         Checking `Expect predicate `existsNoRetry == 1` for object "Mia" StaticText`
    t =    41.70s             Checking existence of `"Mia" StaticText`
    t =    41.79s     Waiting 5.0s for "members.done" Any to exist
    t =    42.84s         Checking `Expect predicate `existsNoRetry == 1` for object "members.done" Any`
    t =    42.84s             Checking existence of `"members.done" Any`
    t =    42.95s     Tap "members.done" Any
    t =    42.95s         Wait for de.barg.familienplaner to idle
    t =    42.95s         Find the "members.done" Any
    t =    43.03s         Check for interrupting elements affecting "members.done" Other
    t =    43.13s         Synthesize event
    t =    43.44s         Wait for de.barg.familienplaner to idle
    t =    44.20s     Waiting 5.0s for "nav.next" Any to exist
    t =    45.24s         Checking `Expect predicate `existsNoRetry == 1` for object "nav.next" Any`
    t =    45.24s             Checking existence of `"nav.next" Any`
    t =    45.29s     Tap "nav.next" Any
    t =    45.29s         Wait for de.barg.familienplaner to idle
    t =    45.30s         Find the "nav.next" Any
    t =    45.33s         Check for interrupting elements affecting "nav.next" Other
    t =    45.39s         Synthesize event
    t =    45.70s         Wait for de.barg.familienplaner to idle
    t =    46.57s     Waiting 5.0s for "toolbar.new" Any to exist
    t =    47.61s         Checking `Expect predicate `existsNoRetry == 1` for object "toolbar.new" Any`
    t =    47.61s             Checking existence of `"toolbar.new" Any`
    t =    47.90s     Tap "toolbar.new" Any
    t =    47.90s         Wait for de.barg.familienplaner to idle
    t =    47.90s         Find the "toolbar.new" Any
    t =    48.19s         Check for interrupting elements affecting "toolbar.new" Button
    t =    48.30s         Synthesize event
    t =    48.61s         Wait for de.barg.familienplaner to idle
    t =    50.00s     Waiting 5.0s for "editor.title" Any to exist
    t =    51.03s         Checking `Expect predicate `existsNoRetry == 1` for object "editor.title" Any`
    t =    51.03s             Checking existence of `"editor.title" Any`
    t =    51.68s     Tap "editor.title" Any
    t =    51.68s         Wait for de.barg.familienplaner to idle
    t =    51.68s         Find the "editor.title" Any
    t =    52.38s         Check for interrupting elements affecting "editor.title" TextField
    t =    52.58s         Synthesize event
    t =    52.95s         Wait for de.barg.familienplaner to idle
    t =    53.31s     Type 'Zahnarzt' into "editor.title" TextField
    t =    53.31s         Wait for de.barg.familienplaner to idle
    t =    53.32s         Find the "editor.title" TextField
    t =    54.29s         Check for interrupting elements affecting "editor.title" TextField
    t =    54.49s         Synthesize event
    t =    54.83s         Wait for de.barg.familienplaner to idle
    t =    54.83s     Waiting 5.0s for "editor.save" Any to exist
    t =    55.88s         Checking `Expect predicate `existsNoRetry == 1` for object "editor.save" Any`
    t =    55.88s             Checking existence of `"editor.save" Any`
    t =    56.43s     Tap "editor.save" Any
    t =    56.43s         Wait for de.barg.familienplaner to idle
    t =    56.44s         Find the "editor.save" Any
    t =    56.91s         Check for interrupting elements affecting "editor.save" Other
    t =    57.13s         Synthesize event
    t =    57.51s         Wait for de.barg.familienplaner to idle
    t =    58.39s     Waiting 5.0s for "event.Zahnarzt" Any to exist
    t =    59.41s         Checking `Expect predicate `existsNoRetry == 1` for object "event.Zahnarzt" Any`
    t =    59.41s             Checking existence of `"event.Zahnarzt" Any`
    t =    59.56s     Waiting 5.0s for "nav.next" Any to exist
    t =    60.61s         Checking `Expect predicate `existsNoRetry == 1` for object "nav.next" Any`
    t =    60.62s             Checking existence of `"nav.next" Any`
    t =    60.67s     Tap "nav.next" Any
    t =    60.67s         Wait for de.barg.familienplaner to idle
    t =    60.67s         Find the "nav.next" Any
    t =    60.73s         Check for interrupting elements affecting "nav.next" Other
    t =    60.84s         Synthesize event
    t =    61.16s         Wait for de.barg.familienplaner to idle
    t =    61.94s     Waiting 5.0s for "toolbar.new" Any to exist
    t =    62.98s         Checking `Expect predicate `existsNoRetry == 1` for object "toolbar.new" Any`
    t =    62.98s             Checking existence of `"toolbar.new" Any`
    t =    63.41s     Tap "toolbar.new" Any
    t =    63.42s         Wait for de.barg.familienplaner to idle
    t =    63.42s         Find the "toolbar.new" Any
    t =    63.89s         Check for interrupting elements affecting "toolbar.new" Button
    t =    64.07s         Synthesize event
    t =    64.40s         Wait for de.barg.familienplaner to idle
    t =    65.31s     Waiting 5.0s for "editor.title" Any to exist
    t =    66.35s         Checking `Expect predicate `existsNoRetry == 1` for object "editor.title" Any`
    t =    66.35s             Checking existence of `"editor.title" Any`
    t =    67.32s     Tap "editor.title" Any
    t =    67.32s         Wait for de.barg.familienplaner to idle
    t =    67.33s         Find the "editor.title" Any
    t =    68.16s         Check for interrupting elements affecting "editor.title" TextField
    t =    68.43s         Synthesize event
    t =    68.74s         Wait for de.barg.familienplaner to idle
    t =    69.23s     Type 'Turnen' into "editor.title" TextField
    t =    69.23s         Wait for de.barg.familienplaner to idle
    t =    69.28s         Find the "editor.title" TextField
    t =    70.75s         Check for interrupting elements affecting "editor.title" TextField
    t =    71.06s         Synthesize event
    t =    71.37s         Wait for de.barg.familienplaner to idle
    t =    71.39s     Waiting 5.0s for "editor.subject.Anna" Any to exist
    t =    72.42s         Checking `Expect predicate `existsNoRetry == 1` for object "editor.subject.Anna" Any`
    t =    72.42s             Checking existence of `"editor.subject.Anna" Any`
    t =    73.62s     Tap "editor.subject.Anna" Any
    t =    73.62s         Wait for de.barg.familienplaner to idle
    t =    73.62s         Find the "editor.subject.Anna" Any
    t =    74.77s         Check for interrupting elements affecting "editor.subject.Anna" Button
    t =    74.98s         Synthesize event
    t =    75.02s             Scroll element to visible
    t =    75.02s             Find the "editor.subject.Anna" Button
    t =    76.34s             Computed hit point {201, 158} after scrolling to visible
    t =    76.64s         Wait for de.barg.familienplaner to idle
    t =    76.64s     Waiting 5.0s for "editor.subject.Mia" Any to exist
    t =    77.67s         Checking `Expect predicate `existsNoRetry == 1` for object "editor.subject.Mia" Any`
    t =    77.67s             Checking existence of `"editor.subject.Mia" Any`
    t =    78.63s     Tap "editor.subject.Mia" Any
    t =    78.63s         Wait for de.barg.familienplaner to idle
    t =    78.63s         Find the "editor.subject.Mia" Any
    t =    79.81s         Check for interrupting elements affecting "editor.subject.Mia" Button
    t =    80.02s         Synthesize event
    t =    80.32s         Wait for de.barg.familienplaner to idle
    t =    80.33s     Waiting 5.0s for "editor.save" Any to exist
    t =    81.38s         Checking `Expect predicate `existsNoRetry == 1` for object "editor.save" Any`
    t =    81.38s             Checking existence of `"editor.save" Any`
    t =    81.72s     Tap "editor.save" Any
    t =    81.72s         Wait for de.barg.familienplaner to idle
    t =    81.73s         Find the "editor.save" Any
    t =    82.08s         Check for interrupting elements affecting "editor.save" Other
    t =    82.29s         Synthesize event
    t =    82.62s         Wait for de.barg.familienplaner to idle
    t =    83.54s     Waiting 5.0s for "event.Turnen" Any to exist
    t =    84.56s         Checking `Expect predicate `existsNoRetry == 1` for object "event.Turnen" Any`
    t =    84.56s             Checking existence of `"event.Turnen" Any`
    t =    84.68s     Waiting 5.0s for "nav.previous" Any to exist
    t =    85.68s         Checking `Expect predicate `existsNoRetry == 1` for object "nav.previous" Any`
    t =    85.68s             Checking existence of `"nav.previous" Any`
    t =    85.71s     Tap "nav.previous" Any
    t =    85.71s         Wait for de.barg.familienplaner to idle
    t =    85.72s         Find the "nav.previous" Any
    t =    85.75s         Check for interrupting elements affecting "nav.previous" Other
    t =    85.84s         Synthesize event
    t =    86.15s         Wait for de.barg.familienplaner to idle
    t =    86.98s     Waiting 5.0s for "toolbar.family" Any to exist
    t =    88.02s         Checking `Expect predicate `existsNoRetry == 1` for object "toolbar.family" Any`
    t =    88.02s             Checking existence of `"toolbar.family" Any`
    t =    88.61s     Tap "toolbar.family" Any
    t =    88.61s         Wait for de.barg.familienplaner to idle
    t =    88.62s         Find the "toolbar.family" Any
    t =    89.03s         Check for interrupting elements affecting "toolbar.family" Button
    t =    89.18s         Synthesize event
    t =    89.49s         Wait for de.barg.familienplaner to idle
    t =    90.76s     Waiting 1.0s for "members.kidsSeeTitles" Switch to exist
    t =    91.77s         Checking `Expect predicate `existsNoRetry == 1` for object "members.kidsSeeTitles" Switch`
    t =    91.77s             Checking existence of `"members.kidsSeeTitles" Switch`
    t =    92.04s             Capturing element debug description
    t =    92.05s         Checking existence of `"members.kidsSeeTitles" Switch`
    t =    92.29s     Checking existence of `"members.kidsSeeTitles" Switch`
    t =    92.50s     Find the "members.kidsSeeTitles" Switch
    t =    92.79s     Find the "members.kidsSeeTitles" Switch
    t =    93.00s     Tap "members.kidsSeeTitles" Switch[0.93, 0.50]
    t =    93.00s         Wait for de.barg.familienplaner to idle
    t =    93.00s         Find the "members.kidsSeeTitles" Switch
    t =    93.23s         Check for interrupting elements affecting "members.kidsSeeTitles" Switch
    t =    93.34s         Synthesize event
    t =    93.34s             Find the "members.kidsSeeTitles" Switch
    t =    93.53s             Find the "members.kidsSeeTitles" Switch
    t =    93.73s             Find the "members.kidsSeeTitles" Switch
    t =    94.21s         Wait for de.barg.familienplaner to idle
    t =    95.54s     Find the "members.kidsSeeTitles" Switch
    t =    95.78s     Swipe up Target Application 'de.barg.familienplaner'
    t =    95.78s         Wait for de.barg.familienplaner to idle
    t =    95.78s         Find the Target Application 'de.barg.familienplaner'
    t =    95.89s         Check for interrupting elements affecting "Family Planner" Application
    t =    95.98s         Synthesize event
    t =    96.40s         Wait for de.barg.familienplaner to idle
    t =    97.78s     Waiting 5.0s for "members.preview.Mia" Any to exist
    t =    98.81s         Checking `Expect predicate `existsNoRetry == 1` for object "members.preview.Mia" Any`
    t =    98.81s             Checking existence of `"members.preview.Mia" Any`
    t =    99.23s     Tap "members.preview.Mia" Any
    t =    99.23s         Wait for de.barg.familienplaner to idle
    t =    99.23s         Find the "members.preview.Mia" Any
    t =    99.61s         Check for interrupting elements affecting "members.preview.Mia" Button
    t =    99.73s         Synthesize event
    t =   100.03s         Wait for de.barg.familienplaner to idle
    t =   100.68s     Waiting 5.0s for "preview.end" Any to exist
    t =   101.74s         Checking `Expect predicate `existsNoRetry == 1` for object "preview.end" Any`
    t =   101.74s             Checking existence of `"preview.end" Any`
    t =   101.81s     Waiting 5.0s for "event.Belegt" Any to exist
    t =   102.87s         Checking `Expect predicate `existsNoRetry == 1` for object "event.Belegt" Any`
    t =   102.87s             Checking existence of `"event.Belegt" Any`
    t =   102.98s     Checking existence of `"event.Zahnarzt" Any`
    t =   103.17s     Checking existence of `"toolbar.new" Any`
    t =   103.39s     Waiting 5.0s for "nav.next" Any to exist
    t =   104.41s         Checking `Expect predicate `existsNoRetry == 1` for object "nav.next" Any`
    t =   104.41s             Checking existence of `"nav.next" Any`
    t =   104.48s     Tap "nav.next" Any
    t =   104.48s         Wait for de.barg.familienplaner to idle
    t =   104.49s         Find the "nav.next" Any
    t =   104.56s         Check for interrupting elements affecting "nav.next" Other
    t =   104.66s         Synthesize event
    t =   105.01s         Wait for de.barg.familienplaner to idle
    t =   105.82s     Waiting 5.0s for "event.Turnen" Any to exist
    t =   106.84s         Checking `Expect predicate `existsNoRetry == 1` for object "event.Turnen" Any`
    t =   106.84s             Checking existence of `"event.Turnen" Any`
    t =   106.96s     Waiting 5.0s for "preview.end" Any to exist
    t =   107.96s         Checking `Expect predicate `existsNoRetry == 1` for object "preview.end" Any`
    t =   107.96s             Checking existence of `"preview.end" Any`
    t =   108.03s     Tap "preview.end" Any
    t =   108.03s         Wait for de.barg.familienplaner to idle
    t =   108.03s         Find the "preview.end" Any
    t =   108.11s         Check for interrupting elements affecting "preview.end" Button
    t =   108.18s         Synthesize event
    t =   108.48s         Wait for de.barg.familienplaner to idle
    t =   109.12s     Waiting 5.0s for "nav.previous" Any to exist
    t =   110.14s         Checking `Expect predicate `existsNoRetry == 1` for object "nav.previous" Any`
    t =   110.14s             Checking existence of `"nav.previous" Any`
    t =   110.19s     Tap "nav.previous" Any
    t =   110.19s         Wait for de.barg.familienplaner to idle
    t =   110.19s         Find the "nav.previous" Any
    t =   110.22s         Check for interrupting elements affecting "nav.previous" Other
    t =   110.31s         Synthesize event
    t =   110.63s         Wait for de.barg.familienplaner to idle
    t =   111.46s     Waiting 5.0s for "event.Zahnarzt" Any to exist
    t =   112.47s         Checking `Expect predicate `existsNoRetry == 1` for object "event.Zahnarzt" Any`
    t =   112.47s             Checking existence of `"event.Zahnarzt" Any`
    t =   112.69s     Checking existence of `"toolbar.new" Any`
    t =   112.90s Tear Down
Test Case '-[FamilienplanerUITests.EndToEndTests testChildPreviewHidesAdultTitles]' passed (113.242 seconds).
Test Case '-[FamilienplanerUITests.EndToEndTests testClaimForWholeSeries]' started.
    t =     0.00s Start Test at 2026-10-10 00:54:26.068
    t =     0.07s Set Up
    t =     0.08s     Open de.barg.familienplaner
    t =     0.08s         Launch de.barg.familienplaner
    t =     0.08s             Terminate de.barg.familienplaner:13506
2026-10-10 00:54:27.242 xcodebuild[1574:8279] [MT] IDELaunchParametersSnapshot: The operation couldn’t be completed. (DebuggerLLDB.DebuggerVersionStore.StoreError error 0.)
2026-10-10 00:54:27.242 xcodebuild[1574:8279] [MT] IDELaunchParametersSnapshot: no debugger version
    t =     1.85s             Setting up automation session
    t =     3.89s             Wait for de.barg.familienplaner to idle
    t =     5.87s     Waiting 15.0s for "Einrichten" NavigationBar to exist
    t =     6.89s         Checking `Expect predicate `existsNoRetry == 1` for object "Einrichten" NavigationBar`
    t =     6.89s             Checking existence of `"Einrichten" NavigationBar`
    t =     7.04s     Waiting 5.0s for "setup.household" Any to exist
    t =     8.06s         Checking `Expect predicate `existsNoRetry == 1` for object "setup.household" Any`
    t =     8.06s             Checking existence of `"setup.household" Any`
    t =     9.08s     Tap "setup.household" Any
    t =     9.08s         Wait for de.barg.familienplaner to idle
    t =     9.10s         Find the "setup.household" Any
    t =    10.18s         Check for interrupting elements affecting "setup.household" TextField
    t =    13.97s         Synthesize event
    t =    14.84s         Wait for de.barg.familienplaner to idle
    t =    15.79s     Type 'Testfamilie' into "setup.household" TextField
    t =    15.79s         Wait for de.barg.familienplaner to idle
    t =    15.95s         Find the "setup.household" TextField
    t =    22.85s         Check for interrupting elements affecting "setup.household" TextField
    t =    23.20s         Synthesize event
    t =    23.63s         Wait for de.barg.familienplaner to idle
    t =    23.69s     Waiting 5.0s for "setup.name" Any to exist
    t =    24.74s         Checking `Expect predicate `existsNoRetry == 1` for object "setup.name" Any`
    t =    24.74s             Checking existence of `"setup.name" Any`
    t =    25.16s     Tap "setup.name" Any
    t =    25.16s         Wait for de.barg.familienplaner to idle
    t =    25.17s         Find the "setup.name" Any
    t =    26.05s         Check for interrupting elements affecting "setup.name" TextField
    t =    26.19s         Synthesize event
    t =    26.59s         Wait for de.barg.familienplaner to idle
    t =    26.63s     Type 'Anna' into "setup.name" TextField
    t =    26.63s         Wait for de.barg.familienplaner to idle
    t =    26.65s         Find the "setup.name" TextField
    t =    27.24s         Check for interrupting elements affecting "setup.name" TextField
    t =    27.42s         Synthesize event
    t =    27.71s         Wait for de.barg.familienplaner to idle
    t =    27.72s     Waiting 5.0s for "setup.create" Any to exist
    t =    28.74s         Checking `Expect predicate `existsNoRetry == 1` for object "setup.create" Any`
    t =    28.74s             Checking existence of `"setup.create" Any`
    t =    28.83s     Tap "setup.create" Any
    t =    28.83s         Wait for de.barg.familienplaner to idle
    t =    28.83s         Find the "setup.create" Any
    t =    28.94s         Check for interrupting elements affecting "setup.create" Other
    t =    29.01s         Synthesize event
    t =    29.33s         Wait for de.barg.familienplaner to idle
    t =    30.92s     Waiting 10.0s for "toolbar.family" Any to exist
    t =    31.93s         Checking `Expect predicate `existsNoRetry == 1` for object "toolbar.family" Any`
    t =    31.93s             Checking existence of `"toolbar.family" Any`
    t =    32.33s     Waiting 5.0s for "nav.next" Any to exist
    t =    33.38s         Checking `Expect predicate `existsNoRetry == 1` for object "nav.next" Any`
    t =    33.38s             Checking existence of `"nav.next" Any`
    t =    33.43s     Tap "nav.next" Any
    t =    33.43s         Wait for de.barg.familienplaner to idle
    t =    33.43s         Find the "nav.next" Any
    t =    33.47s         Check for interrupting elements affecting "nav.next" Other
    t =    33.55s         Synthesize event
    t =    33.87s         Wait for de.barg.familienplaner to idle
    t =    34.75s     Waiting 5.0s for "toolbar.new" Any to exist
    t =    35.78s         Checking `Expect predicate `existsNoRetry == 1` for object "toolbar.new" Any`
    t =    35.78s             Checking existence of `"toolbar.new" Any`
    t =    36.04s     Tap "toolbar.new" Any
    t =    36.04s         Wait for de.barg.familienplaner to idle
    t =    36.04s         Find the "toolbar.new" Any
    t =    36.39s         Check for interrupting elements affecting "toolbar.new" Button
    t =    36.66s         Synthesize event
    t =    36.99s         Wait for de.barg.familienplaner to idle
    t =    38.54s     Waiting 5.0s for "editor.title" Any to exist
    t =    39.58s         Checking `Expect predicate `existsNoRetry == 1` for object "editor.title" Any`
    t =    39.58s             Checking existence of `"editor.title" Any`
    t =    40.51s     Tap "editor.title" Any
    t =    40.52s         Wait for de.barg.familienplaner to idle
    t =    40.52s         Find the "editor.title" Any
    t =    42.15s         Check for interrupting elements affecting "editor.title" TextField
    t =    42.38s         Synthesize event
    t =    42.75s         Wait for de.barg.familienplaner to idle
    t =    43.10s     Type 'Tanzen' into "editor.title" TextField
    t =    43.10s         Wait for de.barg.familienplaner to idle
    t =    43.12s         Find the "editor.title" TextField
    t =    43.66s         Check for interrupting elements affecting "editor.title" TextField
    t =    43.80s         Synthesize event
    t =    44.10s         Wait for de.barg.familienplaner to idle
    t =    44.11s     Waiting 1.0s for "editor.role.driveFrom" Switch to exist
    t =    45.11s         Checking `Expect predicate `existsNoRetry == 1` for object "editor.role.driveFrom" Switch`
    t =    45.11s             Checking existence of `"editor.role.driveFrom" Switch`
    t =    45.37s         Checking existence of `"editor.role.driveFrom" Switch`
    t =    45.65s     Checking existence of `"editor.role.driveFrom" Switch`
    t =    45.90s     Find the "editor.role.driveFrom" Switch
    t =    46.16s     Swipe up Target Application 'de.barg.familienplaner'
    t =    46.16s         Wait for de.barg.familienplaner to idle
    t =    46.17s         Find the Target Application 'de.barg.familienplaner'
    t =    46.26s         Check for interrupting elements affecting "Family Planner" Application
    t =    46.35s         Synthesize event
    t =    46.85s         Wait for de.barg.familienplaner to idle
    t =    48.97s     Find the "editor.role.driveFrom" Switch
    t =    49.35s     Find the "editor.role.driveFrom" Switch
    t =    49.60s     Tap "editor.role.driveFrom" Switch[0.93, 0.50]
    t =    49.60s         Wait for de.barg.familienplaner to idle
    t =    49.60s         Find the "editor.role.driveFrom" Switch
    t =    49.90s         Check for interrupting elements affecting "editor.role.driveFrom" Switch
    t =    50.01s         Synthesize event
    t =    50.01s             Find the "editor.role.driveFrom" Switch
    t =    50.27s             Find the "editor.role.driveFrom" Switch
    t =    50.56s             Find the "editor.role.driveFrom" Switch
    t =    51.10s         Wait for de.barg.familienplaner to idle
    t =    52.41s     Find the "editor.role.driveFrom" Switch
    t =    52.80s     Checking existence of `"editor.repeat" Any`
    t =    54.75s     Find the "editor.repeat" Any
    t =    55.50s     Checking existence of `"editor.repeat" Button`
    t =    56.30s     Waiting 5.0s for "editor.repeat" Any to exist
    t =    57.33s         Checking `Expect predicate `existsNoRetry == 1` for object "editor.repeat" Any`
    t =    57.34s             Checking existence of `"editor.repeat" Any`
    t =    58.04s     Tap "editor.repeat" Any
    t =    58.04s         Wait for de.barg.familienplaner to idle
    t =    58.04s         Find the "editor.repeat" Any
    t =    58.64s         Check for interrupting elements affecting "editor.repeat" Button
    t =    58.80s         Synthesize event
    t =    59.11s         Wait for de.barg.familienplaner to idle
    t =    61.26s     Tap "Wöchentlich" Button
    t =    61.26s         Wait for de.barg.familienplaner to idle
    t =    61.53s         Find the "Wöchentlich" Button
    t =    61.82s         Check for interrupting elements affecting "Wöchentlich" Button
    t =    62.06s         Synthesize event
    t =    62.36s         Wait for de.barg.familienplaner to idle
    t =    64.06s     Waiting 5.0s for "editor.save" Any to exist
    t =    65.11s         Checking `Expect predicate `existsNoRetry == 1` for object "editor.save" Any`
    t =    65.12s             Checking existence of `"editor.save" Any`
    t =    65.41s     Tap "editor.save" Any
    t =    65.41s         Wait for de.barg.familienplaner to idle
    t =    65.41s         Find the "editor.save" Any
    t =    65.68s         Check for interrupting elements affecting "editor.save" Other
    t =    65.82s         Synthesize event
    t =    66.18s         Wait for de.barg.familienplaner to idle
    t =    67.00s     Waiting 5.0s for "banner.open" Any to exist
    t =    68.06s         Checking `Expect predicate `existsNoRetry == 1` for object "banner.open" Any`
    t =    68.06s             Checking existence of `"banner.open" Any`
    t =    68.16s     Find the "banner.open" Any
    t =    68.26s     Tap "banner.open" Button
    t =    68.26s         Wait for de.barg.familienplaner to idle
    t =    68.26s         Find the "banner.open" Button
    t =    68.35s         Check for interrupting elements affecting "banner.open" Button
    t =    68.42s         Synthesize event
    t =    68.72s         Wait for de.barg.familienplaner to idle
    t =    68.80s     Waiting 5.0s for "claim.Tanzen" Any to exist
    t =    69.90s         Checking `Expect predicate `existsNoRetry == 1` for object "claim.Tanzen" Any`
    t =    69.90s             Checking existence of `"claim.Tanzen" Any`
    t =    70.59s     Tap "claim.Tanzen" Any
    t =    70.59s         Wait for de.barg.familienplaner to idle
    t =    70.60s         Find the "claim.Tanzen" Any
    t =    71.47s         Check for interrupting elements affecting "claim.Tanzen" Button
    t =    71.73s         Synthesize event
    t =    72.07s         Wait for de.barg.familienplaner to idle
    t =    73.30s     Waiting 5.0s for "claimScope.series" Any to exist
    t =    74.34s         Checking `Expect predicate `existsNoRetry == 1` for object "claimScope.series" Any`
    t =    74.34s             Checking existence of `"claimScope.series" Any`
    t =    74.89s     Tap "claimScope.series" Any
    t =    74.89s         Wait for de.barg.familienplaner to idle
    t =    74.89s         Find the "claimScope.series" Any
    t =    75.26s         Check for interrupting elements affecting "claimScope.series" Button
    t =    75.39s         Synthesize event
    t =    75.69s         Wait for de.barg.familienplaner to idle
    t =    76.07s     Waiting 5.0s for "OK" Button to exist
    t =    77.11s         Checking `Expect predicate `existsNoRetry == 1` for object "OK" Button`
    t =    77.11s             Checking existence of `"OK" Button`
    t =    77.17s     Tap "OK" Button
    t =    77.17s         Wait for de.barg.familienplaner to idle
    t =    77.20s         Find the "OK" Button
    t =    77.25s         Check for interrupting elements affecting "OK" Button
    t =    77.38s         Synthesize event
    t =    77.68s         Wait for de.barg.familienplaner to idle
    t =    77.98s     Waiting 5.0s for "Alles vergeben" StaticText to exist
    t =    78.98s         Checking `Expect predicate `existsNoRetry == 1` for object "Alles vergeben" StaticText`
    t =    78.98s             Checking existence of `"Alles vergeben" StaticText`
    t =    79.05s     Waiting 5.0s for "responsibilities.done" Any to exist
    t =    80.10s         Checking `Expect predicate `existsNoRetry == 1` for object "responsibilities.done" Any`
    t =    80.10s             Checking existence of `"responsibilities.done" Any`
    t =    80.41s     Tap "responsibilities.done" Any
    t =    80.41s         Wait for de.barg.familienplaner to idle
    t =    80.42s         Find the "responsibilities.done" Any
    t =    80.95s         Check for interrupting elements affecting "responsibilities.done" Other
    t =    81.11s         Synthesize event
    t =    81.43s         Wait for de.barg.familienplaner to idle
    t =    82.19s     Waiting 5.0s for "banner.open" Button to not exist
    t =    83.23s         Checking `Expect predicate `existsNoRetry == 0` for object "banner.open" Button`
    t =    83.23s             Checking existence of `"banner.open" Button`
    t =    83.51s Tear Down
Test Case '-[FamilienplanerUITests.EndToEndTests testClaimForWholeSeries]' passed (83.946 seconds).
Test Case '-[FamilienplanerUITests.EndToEndTests testClaimInsideEditor]' started.
    t =     0.00s Start Test at 2026-10-10 00:55:50.015
    t =     0.07s Set Up
    t =     0.07s     Open de.barg.familienplaner
    t =     0.07s         Launch de.barg.familienplaner
    t =     0.07s             Terminate de.barg.familienplaner:18228
2026-10-10 00:55:51.195 xcodebuild[1574:8279] [MT] IDELaunchParametersSnapshot: The operation couldn’t be completed. (DebuggerLLDB.DebuggerVersionStore.StoreError error 0.)
2026-10-10 00:55:51.195 xcodebuild[1574:8279] [MT] IDELaunchParametersSnapshot: no debugger version
    t =     1.86s             Setting up automation session
    t =     4.61s             Wait for de.barg.familienplaner to idle
    t =     6.62s     Waiting 15.0s for "Einrichten" NavigationBar to exist
    t =     7.64s         Checking `Expect predicate `existsNoRetry == 1` for object "Einrichten" NavigationBar`
    t =     7.64s             Checking existence of `"Einrichten" NavigationBar`
    t =     7.87s     Waiting 5.0s for "setup.household" Any to exist
    t =     8.88s         Checking `Expect predicate `existsNoRetry == 1` for object "setup.household" Any`
    t =     8.88s             Checking existence of `"setup.household" Any`
    t =     9.24s     Tap "setup.household" Any
    t =     9.24s         Wait for de.barg.familienplaner to idle
    t =     9.24s         Find the "setup.household" Any
    t =     9.84s         Check for interrupting elements affecting "setup.household" TextField
    t =    10.08s         Synthesize event
    t =    10.43s         Wait for de.barg.familienplaner to idle
    t =    10.98s     Type 'Testfamilie' into "setup.household" TextField
    t =    10.98s         Wait for de.barg.familienplaner to idle
    t =    11.22s         Find the "setup.household" TextField
    t =    12.21s         Check for interrupting elements affecting "setup.household" TextField
    t =    12.38s         Synthesize event
    t =    12.77s         Wait for de.barg.familienplaner to idle
    t =    12.77s     Waiting 5.0s for "setup.name" Any to exist
    t =    13.82s         Checking `Expect predicate `existsNoRetry == 1` for object "setup.name" Any`
    t =    13.82s             Checking existence of `"setup.name" Any`
    t =    14.60s     Tap "setup.name" Any
    t =    14.60s         Wait for de.barg.familienplaner to idle
    t =    14.61s         Find the "setup.name" Any
    t =    15.43s         Check for interrupting elements affecting "setup.name" TextField
    t =    15.59s         Synthesize event
    t =    15.90s         Wait for de.barg.familienplaner to idle
    t =    16.00s     Type 'Anna' into "setup.name" TextField
    t =    16.00s         Wait for de.barg.familienplaner to idle
    t =    16.03s         Find the "setup.name" TextField
    t =    16.82s         Check for interrupting elements affecting "setup.name" TextField
    t =    16.99s         Synthesize event
    t =    17.27s         Wait for de.barg.familienplaner to idle
    t =    17.28s     Waiting 5.0s for "setup.create" Any to exist
    t =    18.28s         Checking `Expect predicate `existsNoRetry == 1` for object "setup.create" Any`
    t =    18.28s             Checking existence of `"setup.create" Any`
    t =    18.52s     Tap "setup.create" Any
    t =    18.52s         Wait for de.barg.familienplaner to idle
    t =    18.53s         Find the "setup.create" Any
    t =    18.77s         Check for interrupting elements affecting "setup.create" Other
    t =    18.89s         Synthesize event
    t =    19.21s         Wait for de.barg.familienplaner to idle
    t =    20.44s     Waiting 10.0s for "toolbar.family" Any to exist
    t =    21.48s         Checking `Expect predicate `existsNoRetry == 1` for object "toolbar.family" Any`
    t =    21.48s             Checking existence of `"toolbar.family" Any`
    t =    22.02s     Waiting 5.0s for "nav.next" Any to exist
    t =    23.03s         Checking `Expect predicate `existsNoRetry == 1` for object "nav.next" Any`
    t =    23.03s             Checking existence of `"nav.next" Any`
    t =    23.09s     Tap "nav.next" Any
    t =    23.09s         Wait for de.barg.familienplaner to idle
    t =    23.09s         Find the "nav.next" Any
    t =    23.15s         Check for interrupting elements affecting "nav.next" Other
    t =    23.23s         Synthesize event
    t =    23.59s         Wait for de.barg.familienplaner to idle
    t =    24.48s     Waiting 5.0s for "toolbar.new" Any to exist
    t =    25.55s         Checking `Expect predicate `existsNoRetry == 1` for object "toolbar.new" Any`
    t =    25.55s             Checking existence of `"toolbar.new" Any`
    t =    25.83s     Tap "toolbar.new" Any
    t =    25.83s         Wait for de.barg.familienplaner to idle
    t =    25.83s         Find the "toolbar.new" Any
    t =    26.12s         Check for interrupting elements affecting "toolbar.new" Button
    t =    26.32s         Synthesize event
    t =    26.66s         Wait for de.barg.familienplaner to idle
    t =    28.32s     Waiting 5.0s for "editor.title" Any to exist
    t =    29.38s         Checking `Expect predicate `existsNoRetry == 1` for object "editor.title" Any`
    t =    29.38s             Checking existence of `"editor.title" Any`
    t =    30.10s     Tap "editor.title" Any
    t =    30.10s         Wait for de.barg.familienplaner to idle
    t =    30.11s         Find the "editor.title" Any
    t =    30.68s         Check for interrupting elements affecting "editor.title" TextField
    t =    30.83s         Synthesize event
    t =    31.17s         Wait for de.barg.familienplaner to idle
    t =    31.57s     Type 'Turnen' into "editor.title" TextField
    t =    31.57s         Wait for de.barg.familienplaner to idle
    t =    31.60s         Find the "editor.title" TextField
    t =    32.75s         Check for interrupting elements affecting "editor.title" TextField
    t =    32.95s         Synthesize event
    t =    33.24s         Wait for de.barg.familienplaner to idle
    t =    33.24s     Waiting 1.0s for "editor.role.driveFrom" Switch to exist
    t =    34.25s         Checking `Expect predicate `existsNoRetry == 1` for object "editor.role.driveFrom" Switch`
    t =    34.25s             Checking existence of `"editor.role.driveFrom" Switch`
    t =    34.55s             Capturing element debug description
    t =    34.55s         Checking existence of `"editor.role.driveFrom" Switch`
    t =    35.25s     Checking existence of `"editor.role.driveFrom" Switch`
    t =    35.71s     Find the "editor.role.driveFrom" Switch
    t =    36.16s     Swipe up Target Application 'de.barg.familienplaner'
    t =    36.16s         Wait for de.barg.familienplaner to idle
    t =    36.16s         Find the Target Application 'de.barg.familienplaner'
    t =    36.26s         Check for interrupting elements affecting "Family Planner" Application
    t =    36.38s         Synthesize event
    t =    36.89s         Wait for de.barg.familienplaner to idle
    t =    38.98s     Find the "editor.role.driveFrom" Switch
    t =    40.01s     Find the "editor.role.driveFrom" Switch
    t =    40.58s     Tap "editor.role.driveFrom" Switch[0.93, 0.50]
    t =    40.58s         Wait for de.barg.familienplaner to idle
    t =    40.58s         Find the "editor.role.driveFrom" Switch
    t =    41.28s         Check for interrupting elements affecting "editor.role.driveFrom" Switch
    t =    41.45s         Synthesize event
    t =    41.45s             Find the "editor.role.driveFrom" Switch
    t =    42.30s             Find the "editor.role.driveFrom" Switch
    t =    42.75s             Find the "editor.role.driveFrom" Switch
    t =    43.51s         Wait for de.barg.familienplaner to idle
    t =    44.83s     Find the "editor.role.driveFrom" Switch
    t =    45.37s     Waiting 5.0s for "editor.save" Any to exist
    t =    46.38s         Checking `Expect predicate `existsNoRetry == 1` for object "editor.save" Any`
    t =    46.38s             Checking existence of `"editor.save" Any`
    t =    46.76s     Tap "editor.save" Any
    t =    46.76s         Wait for de.barg.familienplaner to idle
    t =    46.77s         Find the "editor.save" Any
    t =    47.06s         Check for interrupting elements affecting "editor.save" Other
    t =    47.24s         Synthesize event
    t =    47.60s         Wait for de.barg.familienplaner to idle
    t =    48.41s     Waiting 5.0s for "event.Turnen" Any to exist
    t =    49.43s         Checking `Expect predicate `existsNoRetry == 1` for object "event.Turnen" Any`
    t =    49.43s             Checking existence of `"event.Turnen" Any`
    t =    49.61s     Waiting 5.0s for "banner.open" Any to exist
    t =    50.64s         Checking `Expect predicate `existsNoRetry == 1` for object "banner.open" Any`
    t =    50.65s             Checking existence of `"banner.open" Any`
    t =    50.77s     Waiting 5.0s for "event.Turnen" Any to exist
    t =    51.83s         Checking `Expect predicate `existsNoRetry == 1` for object "event.Turnen" Any`
    t =    51.83s             Checking existence of `"event.Turnen" Any`
    t =    52.09s     Tap "event.Turnen" Any
    t =    52.09s         Wait for de.barg.familienplaner to idle
    t =    52.11s         Find the "event.Turnen" Any
    t =    52.44s         Check for interrupting elements affecting "event.Turnen" Button
    t =    52.54s         Synthesize event
    t =    52.85s         Wait for de.barg.familienplaner to idle
    t =    52.93s     Waiting 5.0s for "detail.claim.driveFrom" Any to exist
    t =    53.95s         Checking `Expect predicate `existsNoRetry == 1` for object "detail.claim.driveFrom" Any`
    t =    53.95s             Checking existence of `"detail.claim.driveFrom" Any`
    t =    54.69s     Tap "detail.claim.driveFrom" Any
    t =    54.69s         Wait for de.barg.familienplaner to idle
    t =    54.69s         Find the "detail.claim.driveFrom" Any
    t =    55.24s         Check for interrupting elements affecting "detail.claim.driveFrom" Button
    t =    55.41s         Synthesize event
    t =    55.72s         Wait for de.barg.familienplaner to idle
    t =    56.56s     Waiting 5.0s for "detail.claim.driveFrom" Any to not exist
    t =    57.58s         Checking `Expect predicate `existsNoRetry == 0` for object "detail.claim.driveFrom" Any`
    t =    57.58s             Checking existence of `"detail.claim.driveFrom" Any`
    t =    58.20s     Waiting 5.0s for "detail.done" Any to exist
    t =    59.25s         Checking `Expect predicate `existsNoRetry == 1` for object "detail.done" Any`
    t =    59.25s             Checking existence of `"detail.done" Any`
    t =    59.41s     Tap "detail.done" Any
    t =    59.41s         Wait for de.barg.familienplaner to idle
    t =    59.41s         Find the "detail.done" Any
    t =    59.72s         Check for interrupting elements affecting "detail.done" Other
    t =    59.84s         Synthesize event
    t =    60.16s         Wait for de.barg.familienplaner to idle
    t =    60.94s     Waiting 5.0s for "banner.open" Any to not exist
    t =    61.97s         Checking `Expect predicate `existsNoRetry == 0` for object "banner.open" Any`
    t =    61.97s             Checking existence of `"banner.open" Any`
    t =    62.31s Tear Down
Test Case '-[FamilienplanerUITests.EndToEndTests testClaimInsideEditor]' passed (62.565 seconds).
Test Case '-[FamilienplanerUITests.EndToEndTests testDeleteHouseholdReturnsToSetup]' started.
    t =     0.00s Start Test at 2026-10-10 00:56:52.580
    t =     0.03s Set Up
    t =     0.03s     Open de.barg.familienplaner
    t =     0.03s         Launch de.barg.familienplaner
    t =     0.03s             Terminate de.barg.familienplaner:21739
2026-10-10 00:56:53.703 xcodebuild[1574:8279] [MT] IDELaunchParametersSnapshot: The operation couldn’t be completed. (DebuggerLLDB.DebuggerVersionStore.StoreError error 0.)
2026-10-10 00:56:53.704 xcodebuild[1574:8279] [MT] IDELaunchParametersSnapshot: no debugger version
    t =     1.84s             Setting up automation session
    t =     3.32s             Wait for de.barg.familienplaner to idle
    t =     5.13s     Waiting 15.0s for "Einrichten" NavigationBar to exist
    t =     6.13s         Checking `Expect predicate `existsNoRetry == 1` for object "Einrichten" NavigationBar`
    t =     6.13s             Checking existence of `"Einrichten" NavigationBar`
    t =     6.27s     Waiting 5.0s for "setup.household" Any to exist
    t =     7.33s         Checking `Expect predicate `existsNoRetry == 1` for object "setup.household" Any`
    t =     7.33s             Checking existence of `"setup.household" Any`
    t =     7.67s     Tap "setup.household" Any
    t =     7.67s         Wait for de.barg.familienplaner to idle
    t =     7.67s         Find the "setup.household" Any
    t =     8.08s         Check for interrupting elements affecting "setup.household" TextField
    t =     8.18s         Synthesize event
    t =     8.50s         Wait for de.barg.familienplaner to idle
    t =     8.87s     Type 'Testfamilie' into "setup.household" TextField
    t =     8.87s         Wait for de.barg.familienplaner to idle
    t =     9.15s         Find the "setup.household" TextField
    t =     9.80s         Check for interrupting elements affecting "setup.household" TextField
    t =     9.97s         Synthesize event
    t =    10.35s         Wait for de.barg.familienplaner to idle
    t =    10.35s     Waiting 5.0s for "setup.name" Any to exist
    t =    11.38s         Checking `Expect predicate `existsNoRetry == 1` for object "setup.name" Any`
    t =    11.38s             Checking existence of `"setup.name" Any`
    t =    11.82s     Tap "setup.name" Any
    t =    11.82s         Wait for de.barg.familienplaner to idle
    t =    11.82s         Find the "setup.name" Any
    t =    12.21s         Check for interrupting elements affecting "setup.name" TextField
    t =    12.30s         Synthesize event
    t =    12.62s         Wait for de.barg.familienplaner to idle
    t =    12.66s     Type 'Anna' into "setup.name" TextField
    t =    12.66s         Wait for de.barg.familienplaner to idle
    t =    12.67s         Find the "setup.name" TextField
    t =    13.29s         Check for interrupting elements affecting "setup.name" TextField
    t =    13.40s         Synthesize event
    t =    13.67s         Wait for de.barg.familienplaner to idle
    t =    13.68s     Waiting 5.0s for "setup.create" Any to exist
    t =    14.72s         Checking `Expect predicate `existsNoRetry == 1` for object "setup.create" Any`
    t =    14.72s             Checking existence of `"setup.create" Any`
    t =    14.84s     Tap "setup.create" Any
    t =    14.84s         Wait for de.barg.familienplaner to idle
    t =    14.84s         Find the "setup.create" Any
    t =    14.99s         Check for interrupting elements affecting "setup.create" Other
    t =    15.07s         Synthesize event
    t =    15.38s         Wait for de.barg.familienplaner to idle
    t =    16.61s     Waiting 10.0s for "toolbar.family" Any to exist
    t =    17.65s         Checking `Expect predicate `existsNoRetry == 1` for object "toolbar.family" Any`
    t =    17.65s             Checking existence of `"toolbar.family" Any`
    t =    17.97s     Waiting 5.0s for "toolbar.family" Any to exist
    t =    19.00s         Checking `Expect predicate `existsNoRetry == 1` for object "toolbar.family" Any`
    t =    19.00s             Checking existence of `"toolbar.family" Any`
    t =    19.51s     Tap "toolbar.family" Any
    t =    19.51s         Wait for de.barg.familienplaner to idle
    t =    19.52s         Find the "toolbar.family" Any
    t =    20.00s         Check for interrupting elements affecting "toolbar.family" Button
    t =    20.20s         Synthesize event
    t =    20.53s         Wait for de.barg.familienplaner to idle
    t =    21.74s     Checking existence of `"household.remove" Button`
    t =    21.97s     Swipe up Target Application 'de.barg.familienplaner'
    t =    21.97s         Wait for de.barg.familienplaner to idle
    t =    21.98s         Find the Target Application 'de.barg.familienplaner'
    t =    22.12s         Check for interrupting elements affecting "Family Planner" Application
    t =    22.27s         Synthesize event
    t =    22.72s         Wait for de.barg.familienplaner to idle
    t =    23.39s     Checking existence of `"household.remove" Button`
    t =    23.71s     Waiting 5.0s for "household.remove" Any to exist
    t =    24.74s         Checking `Expect predicate `existsNoRetry == 1` for object "household.remove" Any`
    t =    24.74s             Checking existence of `"household.remove" Any`
    t =    25.36s     Tap "household.remove" Any
    t =    25.36s         Wait for de.barg.familienplaner to idle
    t =    25.36s         Find the "household.remove" Any
    t =    26.09s         Check for interrupting elements affecting "household.remove" Button
    t =    26.25s         Synthesize event
    t =    26.55s         Wait for de.barg.familienplaner to idle
    t =    27.13s     Waiting 5.0s for "Vorher alle Termine sichern (.ics)" Button to exist
    t =    28.13s         Checking `Expect predicate `existsNoRetry == 1` for object "Vorher alle Termine sichern (.ics)" Button`
    t =    28.13s             Checking existence of `"Vorher alle Termine sichern (.ics)" Button`
    t =    28.27s     Waiting 5.0s for "household.remove.confirm" Any to exist
    t =    29.32s         Checking `Expect predicate `existsNoRetry == 1` for object "household.remove.confirm" Any`
    t =    29.32s             Checking existence of `"household.remove.confirm" Any`
    t =    29.58s     Tap "household.remove.confirm" Any
    t =    29.58s         Wait for de.barg.familienplaner to idle
    t =    29.59s         Find the "household.remove.confirm" Any
    t =    29.85s         Check for interrupting elements affecting "household.remove.confirm" Button
    t =    29.97s         Synthesize event
    t =    30.27s         Wait for de.barg.familienplaner to idle
    t =    30.68s     Waiting 5.0s for Alert (First Match) to exist
    t =    31.70s         Checking `Expect predicate `existsNoRetry == 1` for object Alert (First Match)`
    t =    31.70s             Checking existence of `Alert (First Match)`
    t =    31.89s     Waiting 5.0s for TextField (First Match) to exist
    t =    32.92s         Checking `Expect predicate `existsNoRetry == 1` for object TextField (First Match)`
    t =    32.92s             Checking existence of `TextField (First Match)`
    t =    33.01s     Tap TextField (First Match)
    t =    33.01s         Wait for de.barg.familienplaner to idle
    t =    33.02s         Find the TextField (First Match)
    t =    33.11s         Check for interrupting elements affecting "Testfamilie" TextField
    t =    33.26s         Synthesize event
    t =    33.56s         Wait for de.barg.familienplaner to idle
    t =    34.29s     Type 'Testfamilie' into "Testfamilie" TextField
    t =    34.29s         Wait for de.barg.familienplaner to idle
    t =    34.30s         Find the "Testfamilie" TextField
    t =    34.46s         Check for interrupting elements affecting "Testfamilie" TextField
    t =    34.59s         Synthesize event
    t =    34.97s         Wait for de.barg.familienplaner to idle
    t =    35.11s     Tap "Endgültig löschen" Button
    t =    35.11s         Wait for de.barg.familienplaner to idle
    t =    35.11s         Find the "Endgültig löschen" Button
    t =    35.25s         Check for interrupting elements affecting "Endgültig löschen" Button
    t =    35.42s         Synthesize event
    t =    35.76s         Wait for de.barg.familienplaner to idle
    t =    36.31s     Waiting 10.0s for "Einrichten" NavigationBar to exist
    t =    37.36s         Checking `Expect predicate `existsNoRetry == 1` for object "Einrichten" NavigationBar`
    t =    37.36s             Checking existence of `"Einrichten" NavigationBar`
    t =    37.43s     Waiting 15.0s for "Einrichten" NavigationBar to exist
    t =    38.47s         Checking `Expect predicate `existsNoRetry == 1` for object "Einrichten" NavigationBar`
    t =    38.47s             Checking existence of `"Einrichten" NavigationBar`
    t =    38.51s     Waiting 5.0s for "setup.household" Any to exist
    t =    39.53s         Checking `Expect predicate `existsNoRetry == 1` for object "setup.household" Any`
    t =    39.53s             Checking existence of `"setup.household" Any`
    t =    39.74s     Tap "setup.household" Any
    t =    39.74s         Wait for de.barg.familienplaner to idle
    t =    39.75s         Find the "setup.household" Any
    t =    39.96s         Check for interrupting elements affecting "setup.household" TextField
    t =    40.05s         Synthesize event
    t =    40.38s         Wait for de.barg.familienplaner to idle
    t =    40.73s     Type 'Testfamilie' into "setup.household" TextField
    t =    40.73s         Wait for de.barg.familienplaner to idle
    t =    40.74s         Find the "setup.household" TextField
    t =    41.24s         Check for interrupting elements affecting "setup.household" TextField
    t =    41.44s         Synthesize event
    t =    41.86s         Wait for de.barg.familienplaner to idle
    t =    41.87s     Waiting 5.0s for "setup.name" Any to exist
    t =    42.87s         Checking `Expect predicate `existsNoRetry == 1` for object "setup.name" Any`
    t =    42.87s             Checking existence of `"setup.name" Any`
    t =    43.46s     Tap "setup.name" Any
    t =    43.46s         Wait for de.barg.familienplaner to idle
    t =    43.46s         Find the "setup.name" Any
    t =    44.06s         Check for interrupting elements affecting "setup.name" TextField
    t =    44.17s         Synthesize event
    t =    44.49s         Wait for de.barg.familienplaner to idle
    t =    44.53s     Type 'Anna' into "setup.name" TextField
    t =    44.53s         Wait for de.barg.familienplaner to idle
    t =    44.55s         Find the "setup.name" TextField
    t =    45.18s         Check for interrupting elements affecting "setup.name" TextField
    t =    45.33s         Synthesize event
    t =    45.61s         Wait for de.barg.familienplaner to idle
    t =    45.61s     Waiting 5.0s for "setup.create" Any to exist
    t =    46.65s         Checking `Expect predicate `existsNoRetry == 1` for object "setup.create" Any`
    t =    46.65s             Checking existence of `"setup.create" Any`
    t =    46.78s     Tap "setup.create" Any
    t =    46.78s         Wait for de.barg.familienplaner to idle
    t =    46.79s         Find the "setup.create" Any
    t =    46.89s         Check for interrupting elements affecting "setup.create" Other
    t =    47.00s         Synthesize event
    t =    47.31s         Wait for de.barg.familienplaner to idle
    t =    48.19s     Waiting 10.0s for "toolbar.family" Any to exist
    t =    49.25s         Checking `Expect predicate `existsNoRetry == 1` for object "toolbar.family" Any`
    t =    49.25s             Checking existence of `"toolbar.family" Any`
    t =    50.02s Tear Down
Test Case '-[FamilienplanerUITests.EndToEndTests testDeleteHouseholdReturnsToSetup]' passed (50.328 seconds).
Test Case '-[FamilienplanerUITests.EndToEndTests testDragMovesAppointmentLater]' started.
    t =     0.00s Start Test at 2026-10-10 00:57:42.908
    t =     0.03s Set Up
    t =     0.03s     Open de.barg.familienplaner
    t =     0.03s         Launch de.barg.familienplaner
    t =     0.03s             Terminate de.barg.familienplaner:24355
2026-10-10 00:57:43.987 xcodebuild[1574:8279] [MT] IDELaunchParametersSnapshot: The operation couldn’t be completed. (DebuggerLLDB.DebuggerVersionStore.StoreError error 0.)
2026-10-10 00:57:43.987 xcodebuild[1574:8279] [MT] IDELaunchParametersSnapshot: no debugger version
    t =     1.86s             Setting up automation session
    t =     3.52s             Wait for de.barg.familienplaner to idle
    t =     5.21s     Waiting 15.0s for "Einrichten" NavigationBar to exist
    t =     6.21s         Checking `Expect predicate `existsNoRetry == 1` for object "Einrichten" NavigationBar`
    t =     6.21s             Checking existence of `"Einrichten" NavigationBar`
    t =     6.38s     Waiting 5.0s for "setup.household" Any to exist
    t =     7.40s         Checking `Expect predicate `existsNoRetry == 1` for object "setup.household" Any`
    t =     7.40s             Checking existence of `"setup.household" Any`
    t =     7.68s     Tap "setup.household" Any
    t =     7.68s         Wait for de.barg.familienplaner to idle
    t =     7.69s         Find the "setup.household" Any
    t =     7.95s         Check for interrupting elements affecting "setup.household" TextField
    t =     8.09s         Synthesize event
    t =     8.41s         Wait for de.barg.familienplaner to idle
    t =     9.06s     Type 'Testfamilie' into "setup.household" TextField
    t =     9.06s         Wait for de.barg.familienplaner to idle
    t =     9.14s         Find the "setup.household" TextField
    t =    10.15s         Check for interrupting elements affecting "setup.household" TextField
    t =    10.34s         Synthesize event
    t =    10.75s         Wait for de.barg.familienplaner to idle
    t =    10.76s     Waiting 5.0s for "setup.name" Any to exist
    t =    11.79s         Checking `Expect predicate `existsNoRetry == 1` for object "setup.name" Any`
    t =    11.79s             Checking existence of `"setup.name" Any`
    t =    12.41s     Tap "setup.name" Any
    t =    12.41s         Wait for de.barg.familienplaner to idle
    t =    12.42s         Find the "setup.name" Any
    t =    13.14s         Check for interrupting elements affecting "setup.name" TextField
    t =    13.28s         Synthesize event
    t =    13.61s         Wait for de.barg.familienplaner to idle
    t =    13.70s     Type 'Anna' into "setup.name" TextField
    t =    13.71s         Wait for de.barg.familienplaner to idle
    t =    13.71s         Find the "setup.name" TextField
    t =    14.23s         Check for interrupting elements affecting "setup.name" TextField
    t =    14.33s         Synthesize event
    t =    14.61s         Wait for de.barg.familienplaner to idle
    t =    14.61s     Waiting 5.0s for "setup.create" Any to exist
    t =    15.61s         Checking `Expect predicate `existsNoRetry == 1` for object "setup.create" Any`
    t =    15.62s             Checking existence of `"setup.create" Any`
    t =    15.73s     Tap "setup.create" Any
    t =    15.73s         Wait for de.barg.familienplaner to idle
    t =    15.73s         Find the "setup.create" Any
    t =    15.87s         Check for interrupting elements affecting "setup.create" Other
    t =    15.95s         Synthesize event
    t =    16.28s         Wait for de.barg.familienplaner to idle
    t =    17.60s     Waiting 10.0s for "toolbar.family" Any to exist
    t =    18.61s         Checking `Expect predicate `existsNoRetry == 1` for object "toolbar.family" Any`
    t =    18.62s             Checking existence of `"toolbar.family" Any`
    t =    18.96s     Waiting 5.0s for "nav.next" Any to exist
    t =    20.01s         Checking `Expect predicate `existsNoRetry == 1` for object "nav.next" Any`
    t =    20.01s             Checking existence of `"nav.next" Any`
    t =    20.08s     Tap "nav.next" Any
    t =    20.08s         Wait for de.barg.familienplaner to idle
    t =    20.08s         Find the "nav.next" Any
    t =    20.16s         Check for interrupting elements affecting "nav.next" Other
    t =    20.26s         Synthesize event
    t =    20.58s         Wait for de.barg.familienplaner to idle
    t =    21.45s     Waiting 5.0s for "toolbar.new" Any to exist
    t =    22.47s         Checking `Expect predicate `existsNoRetry == 1` for object "toolbar.new" Any`
    t =    22.47s             Checking existence of `"toolbar.new" Any`
    t =    22.86s     Tap "toolbar.new" Any
    t =    22.86s         Wait for de.barg.familienplaner to idle
    t =    22.86s         Find the "toolbar.new" Any
    t =    23.37s         Check for interrupting elements affecting "toolbar.new" Button
    t =    23.54s         Synthesize event
    t =    23.86s         Wait for de.barg.familienplaner to idle
    t =    25.46s     Waiting 5.0s for "editor.title" Any to exist
    t =    26.47s         Checking `Expect predicate `existsNoRetry == 1` for object "editor.title" Any`
    t =    26.47s             Checking existence of `"editor.title" Any`
    t =    27.64s     Tap "editor.title" Any
    t =    27.64s         Wait for de.barg.familienplaner to idle
    t =    27.65s         Find the "editor.title" Any
    t =    28.56s         Check for interrupting elements affecting "editor.title" TextField
    t =    28.76s         Synthesize event
    t =    29.08s         Wait for de.barg.familienplaner to idle
    t =    29.44s     Type 'Arzt' into "editor.title" TextField
    t =    29.44s         Wait for de.barg.familienplaner to idle
    t =    29.48s         Find the "editor.title" TextField
    t =    30.72s         Check for interrupting elements affecting "editor.title" TextField
    t =    30.91s         Synthesize event
    t =    31.18s         Wait for de.barg.familienplaner to idle
    t =    31.18s     Waiting 5.0s for "editor.save" Any to exist
    t =    32.19s         Checking `Expect predicate `existsNoRetry == 1` for object "editor.save" Any`
    t =    32.19s             Checking existence of `"editor.save" Any`
    t =    32.88s     Tap "editor.save" Any
    t =    32.88s         Wait for de.barg.familienplaner to idle
    t =    32.88s         Find the "editor.save" Any
    t =    33.51s         Check for interrupting elements affecting "editor.save" Other
    t =    33.74s         Synthesize event
    t =    34.14s         Wait for de.barg.familienplaner to idle
    t =    34.95s     Waiting 5.0s for "event.Arzt" Any to exist
    t =    35.99s         Checking `Expect predicate `existsNoRetry == 1` for object "event.Arzt" Any`
    t =    35.99s             Checking existence of `"event.Arzt" Any`
    t =    36.16s     Find the "event.Arzt" Any
    t =    36.36s     Press "event.Arzt" Button[0.50, 0.30] for 0.8 seconds, then drag to "event.Arzt" Button[0.50, 0.30] -> (0.0, 104.0) with velocity of 500.00 pixels per second, and then hold for 0.0 seconds 
    t =    36.36s         Wait for de.barg.familienplaner to idle
    t =    36.37s         Find the "event.Arzt" Button
    t =    36.62s         Check for interrupting elements affecting "event.Arzt" Button
    t =    36.76s         Synthesize event
    t =    36.76s             Find the "event.Arzt" Button
    t =    36.99s             Find the "event.Arzt" Button
    t =    37.23s             Find the "event.Arzt" Button
    t =    37.44s             Find the "event.Arzt" Button
    t =    37.65s             Find the "event.Arzt" Button
    t =    39.12s         Wait for de.barg.familienplaner to idle
    t =    40.15s     Checking `Expect predicate `value != "10:00"` for object "event.Arzt" Button`
    t =    40.15s         Find the "event.Arzt" Button
    t =    40.37s     Find the "event.Arzt" Button
    t =    40.97s     Waiting 5.0s for "undo.button" Any to exist
    t =    42.00s         Checking `Expect predicate `existsNoRetry == 1` for object "undo.button" Any`
    t =    42.00s             Checking existence of `"undo.button" Any`
    t =    42.14s     Tap "undo.button" Any
    t =    42.14s         Wait for de.barg.familienplaner to idle
    t =    42.15s         Find the "undo.button" Any
    t =    42.28s         Check for interrupting elements affecting "undo.button" Button
    t =    42.40s         Synthesize event
    t =    42.69s         Wait for de.barg.familienplaner to idle
    t =    43.72s     Checking `Expect predicate `value == "10:00"` for object "event.Arzt" Button`
    t =    43.72s         Find the "event.Arzt" Button
    t =    43.95s Tear Down
Test Case '-[FamilienplanerUITests.EndToEndTests testDragMovesAppointmentLater]' passed (44.187 seconds).
Test Case '-[FamilienplanerUITests.EndToEndTests testDragToOtherPersonColumn]' started.
    t =     0.00s Start Test at 2026-10-10 00:58:27.095
    t =     0.03s Set Up
    t =     0.03s     Open de.barg.familienplaner
    t =     0.04s         Launch de.barg.familienplaner
    t =     0.04s             Terminate de.barg.familienplaner:26280
2026-10-10 00:58:28.207 xcodebuild[1574:8279] [MT] IDELaunchParametersSnapshot: The operation couldn’t be completed. (DebuggerLLDB.DebuggerVersionStore.StoreError error 0.)
2026-10-10 00:58:28.207 xcodebuild[1574:8279] [MT] IDELaunchParametersSnapshot: no debugger version
    t =     1.92s             Setting up automation session
    t =     3.48s             Wait for de.barg.familienplaner to idle
    t =     5.29s     Waiting 15.0s for "Einrichten" NavigationBar to exist
    t =     6.33s         Checking `Expect predicate `existsNoRetry == 1` for object "Einrichten" NavigationBar`
    t =     6.33s             Checking existence of `"Einrichten" NavigationBar`
    t =     6.45s     Waiting 5.0s for "setup.household" Any to exist
    t =     7.47s         Checking `Expect predicate `existsNoRetry == 1` for object "setup.household" Any`
    t =     7.47s             Checking existence of `"setup.household" Any`
    t =     7.80s     Tap "setup.household" Any
    t =     7.80s         Wait for de.barg.familienplaner to idle
    t =     7.80s         Find the "setup.household" Any
    t =     8.15s         Check for interrupting elements affecting "setup.household" TextField
    t =     8.27s         Synthesize event
    t =     8.59s         Wait for de.barg.familienplaner to idle
    t =     8.92s     Type 'Testfamilie' into "setup.household" TextField
    t =     8.92s         Wait for de.barg.familienplaner to idle
    t =     9.15s         Find the "setup.household" TextField
    t =    10.12s         Check for interrupting elements affecting "setup.household" TextField
    t =    10.27s         Synthesize event
    t =    10.66s         Wait for de.barg.familienplaner to idle
    t =    10.68s     Waiting 5.0s for "setup.name" Any to exist
    t =    11.68s         Checking `Expect predicate `existsNoRetry == 1` for object "setup.name" Any`
    t =    11.68s             Checking existence of `"setup.name" Any`
    t =    12.41s     Tap "setup.name" Any
    t =    12.41s         Wait for de.barg.familienplaner to idle
    t =    12.42s         Find the "setup.name" Any
    t =    13.18s         Check for interrupting elements affecting "setup.name" TextField
    t =    13.31s         Synthesize event
    t =    13.69s         Wait for de.barg.familienplaner to idle
    t =    13.74s     Type 'Anna' into "setup.name" TextField
    t =    13.74s         Wait for de.barg.familienplaner to idle
    t =    13.76s         Find the "setup.name" TextField
    t =    14.53s         Check for interrupting elements affecting "setup.name" TextField
    t =    14.68s         Synthesize event
    t =    14.95s         Wait for de.barg.familienplaner to idle
    t =    14.95s     Waiting 5.0s for "setup.create" Any to exist
    t =    16.00s         Checking `Expect predicate `existsNoRetry == 1` for object "setup.create" Any`
    t =    16.00s             Checking existence of `"setup.create" Any`
    t =    16.11s     Tap "setup.create" Any
    t =    16.11s         Wait for de.barg.familienplaner to idle
    t =    16.11s         Find the "setup.create" Any
    t =    16.25s         Check for interrupting elements affecting "setup.create" Other
    t =    16.34s         Synthesize event
    t =    16.65s         Wait for de.barg.familienplaner to idle
    t =    17.91s     Waiting 10.0s for "toolbar.family" Any to exist
    t =    18.95s         Checking `Expect predicate `existsNoRetry == 1` for object "toolbar.family" Any`
    t =    18.95s             Checking existence of `"toolbar.family" Any`
    t =    19.23s     Waiting 5.0s for "toolbar.family" Any to exist
    t =    20.23s         Checking `Expect predicate `existsNoRetry == 1` for object "toolbar.family" Any`
    t =    20.23s             Checking existence of `"toolbar.family" Any`
    t =    20.56s     Tap "toolbar.family" Any
    t =    20.56s         Wait for de.barg.familienplaner to idle
    t =    20.57s         Find the "toolbar.family" Any
    t =    20.82s         Check for interrupting elements affecting "toolbar.family" Button
    t =    20.91s         Synthesize event
    t =    21.20s         Wait for de.barg.familienplaner to idle
    t =    22.38s     Waiting 5.0s for "members.add" Any to exist
    t =    23.39s         Checking `Expect predicate `existsNoRetry == 1` for object "members.add" Any`
    t =    23.39s             Checking existence of `"members.add" Any`
    t =    24.05s     Tap "members.add" Any
    t =    24.05s         Wait for de.barg.familienplaner to idle
    t =    24.06s         Find the "members.add" Any
    t =    24.60s         Check for interrupting elements affecting "members.add" Button
    t =    24.72s         Synthesize event
    t =    25.02s         Wait for de.barg.familienplaner to idle
    t =    25.16s     Waiting 5.0s for "member.name" Any to exist
    t =    26.20s         Checking `Expect predicate `existsNoRetry == 1` for object "member.name" Any`
    t =    26.20s             Checking existence of `"member.name" Any`
    t =    26.87s     Tap "member.name" Any
    t =    26.87s         Wait for de.barg.familienplaner to idle
    t =    26.88s         Find the "member.name" Any
    t =    27.58s         Check for interrupting elements affecting "member.name" TextField
    t =    27.74s         Synthesize event
    t =    28.14s         Wait for de.barg.familienplaner to idle
    t =    28.46s     Type 'Mia' into "member.name" TextField
    t =    28.46s         Wait for de.barg.familienplaner to idle
    t =    28.48s         Find the "member.name" TextField
    t =    29.26s         Check for interrupting elements affecting "member.name" TextField
    t =    29.43s         Synthesize event
    t =    29.67s         Wait for de.barg.familienplaner to idle
    t =    29.67s     Waiting 5.0s for "member.save" Any to exist
    t =    30.68s         Checking `Expect predicate `existsNoRetry == 1` for object "member.save" Any`
    t =    30.68s             Checking existence of `"member.save" Any`
    t =    30.96s     Tap "member.save" Any
    t =    30.96s         Wait for de.barg.familienplaner to idle
    t =    30.97s         Find the "member.save" Any
    t =    31.23s         Check for interrupting elements affecting "member.save" Other
    t =    31.37s         Synthesize event
    t =    31.67s         Wait for de.barg.familienplaner to idle
    t =    32.57s     Waiting 5.0s for "Mia" StaticText to exist
    t =    33.64s         Checking `Expect predicate `existsNoRetry == 1` for object "Mia" StaticText`
    t =    33.64s             Checking existence of `"Mia" StaticText`
    t =    33.78s     Waiting 5.0s for "members.done" Any to exist
    t =    34.81s         Checking `Expect predicate `existsNoRetry == 1` for object "members.done" Any`
    t =    34.81s             Checking existence of `"members.done" Any`
    t =    34.89s     Tap "members.done" Any
    t =    34.89s         Wait for de.barg.familienplaner to idle
    t =    34.90s         Find the "members.done" Any
    t =    34.98s         Check for interrupting elements affecting "members.done" Other
    t =    35.07s         Synthesize event
    t =    35.39s         Wait for de.barg.familienplaner to idle
    t =    36.14s     Waiting 5.0s for "nav.next" Any to exist
    t =    37.17s         Checking `Expect predicate `existsNoRetry == 1` for object "nav.next" Any`
    t =    37.17s             Checking existence of `"nav.next" Any`
    t =    37.21s     Tap "nav.next" Any
    t =    37.21s         Wait for de.barg.familienplaner to idle
    t =    37.21s         Find the "nav.next" Any
    t =    37.25s         Check for interrupting elements affecting "nav.next" Other
    t =    37.31s         Synthesize event
    t =    37.63s         Wait for de.barg.familienplaner to idle
    t =    38.48s     Waiting 5.0s for "toolbar.new" Any to exist
    t =    39.50s         Checking `Expect predicate `existsNoRetry == 1` for object "toolbar.new" Any`
    t =    39.51s             Checking existence of `"toolbar.new" Any`
    t =    39.77s     Tap "toolbar.new" Any
    t =    39.77s         Wait for de.barg.familienplaner to idle
    t =    39.77s         Find the "toolbar.new" Any
    t =    40.07s         Check for interrupting elements affecting "toolbar.new" Button
    t =    40.16s         Synthesize event
    t =    40.46s         Wait for de.barg.familienplaner to idle
    t =    41.77s     Waiting 5.0s for "editor.title" Any to exist
    t =    42.82s         Checking `Expect predicate `existsNoRetry == 1` for object "editor.title" Any`
    t =    42.82s             Checking existence of `"editor.title" Any`
    t =    43.40s     Tap "editor.title" Any
    t =    43.40s         Wait for de.barg.familienplaner to idle
    t =    43.41s         Find the "editor.title" Any
    t =    44.18s         Check for interrupting elements affecting "editor.title" TextField
    t =    44.39s         Synthesize event
    t =    44.79s         Wait for de.barg.familienplaner to idle
    t =    45.11s     Type 'Arzt' into "editor.title" TextField
    t =    45.11s         Wait for de.barg.familienplaner to idle
    t =    45.13s         Find the "editor.title" TextField
    t =    46.20s         Check for interrupting elements affecting "editor.title" TextField
    t =    46.39s         Synthesize event
    t =    46.65s         Wait for de.barg.familienplaner to idle
    t =    46.66s     Waiting 5.0s for "editor.save" Any to exist
    t =    47.67s         Checking `Expect predicate `existsNoRetry == 1` for object "editor.save" Any`
    t =    47.67s             Checking existence of `"editor.save" Any`
    t =    48.00s     Tap "editor.save" Any
    t =    48.00s         Wait for de.barg.familienplaner to idle
    t =    48.00s         Find the "editor.save" Any
    t =    48.37s         Check for interrupting elements affecting "editor.save" Other
    t =    48.51s         Synthesize event
    t =    48.82s         Wait for de.barg.familienplaner to idle
    t =    49.59s     Waiting 5.0s for "event.Arzt" Any to exist
    t =    50.62s         Checking `Expect predicate `existsNoRetry == 1` for object "event.Arzt" Any`
    t =    50.62s             Checking existence of `"event.Arzt" Any`
    t =    50.79s     Find the "event.Arzt" Any
    t =    50.95s     Find the Window (First Match)
    t =    50.97s     Press "event.Arzt" Button[0.50, 0.30] for 0.8 seconds, then drag to "event.Arzt" Button[0.50, 0.30] -> (179.0, 0.0) with velocity of 250.00 pixels per second, and then hold for 0.3 seconds 
    t =    50.97s         Wait for de.barg.familienplaner to idle
    t =    50.97s         Find the "event.Arzt" Button
    t =    51.12s         Check for interrupting elements affecting "event.Arzt" Button
    t =    51.21s         Synthesize event
    t =    51.21s             Find the "event.Arzt" Button
    t =    51.37s             Find the "event.Arzt" Button
    t =    51.53s             Find the "event.Arzt" Button
    t =    51.70s             Find the "event.Arzt" Button
    t =    51.87s             Find the "event.Arzt" Button
    t =    54.06s         Wait for de.barg.familienplaner to idle
    t =    54.07s     Find the "event.Arzt" Button
    t =    54.27s     Find the "event.Arzt" Button
    t =    54.51s     Find the "debug.gesture" Any
    t =    54.63s     Find the "event.Arzt" Button
    t =    54.83s     Find the "event.Arzt" Button
    t =    55.01s Tear Down
Test Case '-[FamilienplanerUITests.EndToEndTests testDragToOtherPersonColumn]' passed (55.280 seconds).
Test Case '-[FamilienplanerUITests.EndToEndTests testDuplicateMemberNameIsRejected]' started.
    t =     0.00s Start Test at 2026-10-10 00:59:22.376
    t =     0.04s Set Up
    t =     0.04s     Open de.barg.familienplaner
    t =     0.04s         Launch de.barg.familienplaner
    t =     0.04s             Terminate de.barg.familienplaner:27785
2026-10-10 00:59:23.485 xcodebuild[1574:8279] [MT] IDELaunchParametersSnapshot: The operation couldn’t be completed. (DebuggerLLDB.DebuggerVersionStore.StoreError error 0.)
2026-10-10 00:59:23.485 xcodebuild[1574:8279] [MT] IDELaunchParametersSnapshot: no debugger version
    t =     1.85s             Setting up automation session
    t =     3.16s             Wait for de.barg.familienplaner to idle
    t =     4.84s     Waiting 15.0s for "Einrichten" NavigationBar to exist
    t =     5.88s         Checking `Expect predicate `existsNoRetry == 1` for object "Einrichten" NavigationBar`
    t =     5.88s             Checking existence of `"Einrichten" NavigationBar`
    t =     5.99s     Waiting 5.0s for "setup.household" Any to exist
    t =     7.00s         Checking `Expect predicate `existsNoRetry == 1` for object "setup.household" Any`
    t =     7.00s             Checking existence of `"setup.household" Any`
    t =     7.19s     Tap "setup.household" Any
    t =     7.19s         Wait for de.barg.familienplaner to idle
    t =     7.19s         Find the "setup.household" Any
    t =     7.37s         Check for interrupting elements affecting "setup.household" TextField
    t =     7.45s         Synthesize event
    t =     7.75s         Wait for de.barg.familienplaner to idle
    t =     8.07s     Type 'Testfamilie' into "setup.household" TextField
    t =     8.07s         Wait for de.barg.familienplaner to idle
    t =     8.31s         Find the "setup.household" TextField
    t =     8.91s         Check for interrupting elements affecting "setup.household" TextField
    t =     9.02s         Synthesize event
    t =     9.40s         Wait for de.barg.familienplaner to idle
    t =     9.41s     Waiting 5.0s for "setup.name" Any to exist
    t =    10.42s         Checking `Expect predicate `existsNoRetry == 1` for object "setup.name" Any`
    t =    10.42s             Checking existence of `"setup.name" Any`
    t =    10.95s     Tap "setup.name" Any
    t =    10.95s         Wait for de.barg.familienplaner to idle
    t =    10.95s         Find the "setup.name" Any
    t =    11.58s         Check for interrupting elements affecting "setup.name" TextField
    t =    11.75s         Synthesize event
    t =    12.09s         Wait for de.barg.familienplaner to idle
    t =    12.13s     Type 'Anna' into "setup.name" TextField
    t =    12.13s         Wait for de.barg.familienplaner to idle
    t =    12.16s         Find the "setup.name" TextField
    t =    12.66s         Check for interrupting elements affecting "setup.name" TextField
    t =    12.80s         Synthesize event
    t =    13.07s         Wait for de.barg.familienplaner to idle
    t =    13.07s     Waiting 5.0s for "setup.create" Any to exist
    t =    14.12s         Checking `Expect predicate `existsNoRetry == 1` for object "setup.create" Any`
    t =    14.12s             Checking existence of `"setup.create" Any`
    t =    14.30s     Tap "setup.create" Any
    t =    14.30s         Wait for de.barg.familienplaner to idle
    t =    14.30s         Find the "setup.create" Any
    t =    14.44s         Check for interrupting elements affecting "setup.create" Other
    t =    14.54s         Synthesize event
    t =    14.84s         Wait for de.barg.familienplaner to idle
    t =    16.03s     Waiting 10.0s for "toolbar.family" Any to exist
    t =    17.08s         Checking `Expect predicate `existsNoRetry == 1` for object "toolbar.family" Any`
    t =    17.08s             Checking existence of `"toolbar.family" Any`
    t =    17.37s     Waiting 5.0s for "toolbar.family" Any to exist
    t =    18.40s         Checking `Expect predicate `existsNoRetry == 1` for object "toolbar.family" Any`
    t =    18.40s             Checking existence of `"toolbar.family" Any`
    t =    18.68s     Tap "toolbar.family" Any
    t =    18.68s         Wait for de.barg.familienplaner to idle
    t =    18.68s         Find the "toolbar.family" Any
    t =    18.96s         Check for interrupting elements affecting "toolbar.family" Button
    t =    19.10s         Synthesize event
    t =    19.44s         Wait for de.barg.familienplaner to idle
    t =    20.68s     Waiting 5.0s for "members.add" Any to exist
    t =    21.72s         Checking `Expect predicate `existsNoRetry == 1` for object "members.add" Any`
    t =    21.72s             Checking existence of `"members.add" Any`
    t =    22.50s     Tap "members.add" Any
    t =    22.50s         Wait for de.barg.familienplaner to idle
    t =    22.51s         Find the "members.add" Any
    t =    23.12s         Check for interrupting elements affecting "members.add" Button
    t =    23.27s         Synthesize event
    t =    23.58s         Wait for de.barg.familienplaner to idle
    t =    23.71s     Waiting 5.0s for "member.name" Any to exist
    t =    24.75s         Checking `Expect predicate `existsNoRetry == 1` for object "member.name" Any`
    t =    24.75s             Checking existence of `"member.name" Any`
    t =    25.52s     Tap "member.name" Any
    t =    25.52s         Wait for de.barg.familienplaner to idle
    t =    25.52s         Find the "member.name" Any
    t =    26.39s         Check for interrupting elements affecting "member.name" TextField
    t =    26.55s         Synthesize event
    t =    26.89s         Wait for de.barg.familienplaner to idle
    t =    27.21s     Type 'Mia' into "member.name" TextField
    t =    27.21s         Wait for de.barg.familienplaner to idle
    t =    27.22s         Find the "member.name" TextField
    t =    29.29s         Check for interrupting elements affecting "member.name" TextField
    t =    29.69s         Synthesize event
    t =    29.96s         Wait for de.barg.familienplaner to idle
    t =    29.97s     Waiting 5.0s for "member.save" Any to exist
    t =    30.99s         Checking `Expect predicate `existsNoRetry == 1` for object "member.save" Any`
    t =    31.00s             Checking existence of `"member.save" Any`
    t =    31.67s     Tap "member.save" Any
    t =    31.67s         Wait for de.barg.familienplaner to idle
    t =    31.67s         Find the "member.save" Any
    t =    32.72s         Check for interrupting elements affecting "member.save" Other
    t =    33.03s         Synthesize event
    t =    33.45s         Wait for de.barg.familienplaner to idle
    t =    34.31s     Waiting 5.0s for "Mia" StaticText to exist
    t =    35.35s         Checking `Expect predicate `existsNoRetry == 1` for object "Mia" StaticText`
    t =    35.35s             Checking existence of `"Mia" StaticText`
    t =    35.50s     Waiting 5.0s for "members.add" Any to exist
    t =    36.52s         Checking `Expect predicate `existsNoRetry == 1` for object "members.add" Any`
    t =    36.52s             Checking existence of `"members.add" Any`
    t =    37.65s     Tap "members.add" Any
    t =    37.65s         Wait for de.barg.familienplaner to idle
    t =    37.67s         Find the "members.add" Any
    t =    39.06s         Check for interrupting elements affecting "members.add" Button
    t =    39.25s         Synthesize event
    t =    39.57s         Wait for de.barg.familienplaner to idle
    t =    39.66s     Waiting 5.0s for "member.name" Any to exist
    t =    40.69s         Checking `Expect predicate `existsNoRetry == 1` for object "member.name" Any`
    t =    40.69s             Checking existence of `"member.name" Any`
    t =    41.42s     Tap "member.name" Any
    t =    41.42s         Wait for de.barg.familienplaner to idle
    t =    41.42s         Find the "member.name" Any
    t =    42.19s         Check for interrupting elements affecting "member.name" TextField
    t =    42.36s         Synthesize event
    t =    42.74s         Wait for de.barg.familienplaner to idle
    t =    43.09s     Type 'mia' into "member.name" TextField
    t =    43.09s         Wait for de.barg.familienplaner to idle
    t =    43.10s         Find the "member.name" TextField
    t =    43.79s         Check for interrupting elements affecting "member.name" TextField
    t =    43.94s         Synthesize event
    t =    44.19s         Wait for de.barg.familienplaner to idle
    t =    44.19s     Waiting 5.0s for "member.duplicate" Any to exist
    t =    45.21s         Checking `Expect predicate `existsNoRetry == 1` for object "member.duplicate" Any`
    t =    45.21s             Checking existence of `"member.duplicate" Any`
    t =    45.91s     Find the "member.save" Button
    t =    46.05s Tear Down
Test Case '-[FamilienplanerUITests.EndToEndTests testDuplicateMemberNameIsRejected]' passed (46.304 seconds).
Test Case '-[FamilienplanerUITests.EndToEndTests testEditorExplainsWhatIsMissing]' started.
    t =     0.00s Start Test at 2026-10-10 01:00:08.680
    t =     0.02s Set Up
    t =     0.03s     Open de.barg.familienplaner
    t =     0.03s         Launch de.barg.familienplaner
    t =     0.03s             Terminate de.barg.familienplaner:30377
2026-10-10 01:00:09.744 xcodebuild[1574:8279] [MT] IDELaunchParametersSnapshot: The operation couldn’t be completed. (DebuggerLLDB.DebuggerVersionStore.StoreError error 0.)
2026-10-10 01:00:09.744 xcodebuild[1574:8279] [MT] IDELaunchParametersSnapshot: no debugger version
    t =     1.51s             Setting up automation session
    t =     3.14s             Wait for de.barg.familienplaner to idle
    t =     4.83s     Waiting 15.0s for "Einrichten" NavigationBar to exist
    t =     5.87s         Checking `Expect predicate `existsNoRetry == 1` for object "Einrichten" NavigationBar`
    t =     5.87s             Checking existence of `"Einrichten" NavigationBar`
    t =     5.98s     Waiting 5.0s for "setup.household" Any to exist
    t =     7.01s         Checking `Expect predicate `existsNoRetry == 1` for object "setup.household" Any`
    t =     7.02s             Checking existence of `"setup.household" Any`
    t =     7.16s     Tap "setup.household" Any
    t =     7.16s         Wait for de.barg.familienplaner to idle
    t =     7.16s         Find the "setup.household" Any
    t =     7.30s         Check for interrupting elements affecting "setup.household" TextField
    t =     7.37s         Synthesize event
    t =     7.68s         Wait for de.barg.familienplaner to idle
    t =     7.93s     Type 'Testfamilie' into "setup.household" TextField
    t =     7.93s         Wait for de.barg.familienplaner to idle
    t =     8.18s         Find the "setup.household" TextField
    t =     8.56s         Check for interrupting elements affecting "setup.household" TextField
    t =     8.66s         Synthesize event
    t =     9.04s         Wait for de.barg.familienplaner to idle
    t =     9.04s     Waiting 5.0s for "setup.name" Any to exist
    t =    10.08s         Checking `Expect predicate `existsNoRetry == 1` for object "setup.name" Any`
    t =    10.08s             Checking existence of `"setup.name" Any`
    t =    10.34s     Tap "setup.name" Any
    t =    10.34s         Wait for de.barg.familienplaner to idle
    t =    10.35s         Find the "setup.name" Any
    t =    10.60s         Check for interrupting elements affecting "setup.name" TextField
    t =    10.67s         Synthesize event
    t =    10.97s         Wait for de.barg.familienplaner to idle
    t =    11.00s     Type 'Anna' into "setup.name" TextField
    t =    11.00s         Wait for de.barg.familienplaner to idle
    t =    11.00s         Find the "setup.name" TextField
    t =    11.26s         Check for interrupting elements affecting "setup.name" TextField
    t =    11.34s         Synthesize event
    t =    11.60s         Wait for de.barg.familienplaner to idle
    t =    11.61s     Waiting 5.0s for "setup.create" Any to exist
    t =    12.64s         Checking `Expect predicate `existsNoRetry == 1` for object "setup.create" Any`
    t =    12.64s             Checking existence of `"setup.create" Any`
    t =    12.70s     Tap "setup.create" Any
    t =    12.70s         Wait for de.barg.familienplaner to idle
    t =    12.71s         Find the "setup.create" Any
    t =    12.78s         Check for interrupting elements affecting "setup.create" Other
    t =    12.85s         Synthesize event
    t =    13.16s         Wait for de.barg.familienplaner to idle
    t =    14.46s     Waiting 10.0s for "toolbar.family" Any to exist
    t =    15.52s         Checking `Expect predicate `existsNoRetry == 1` for object "toolbar.family" Any`
    t =    15.52s             Checking existence of `"toolbar.family" Any`
    t =    15.81s     Waiting 5.0s for "toolbar.new" Any to exist
    t =    16.89s         Checking `Expect predicate `existsNoRetry == 1` for object "toolbar.new" Any`
    t =    16.89s             Checking existence of `"toolbar.new" Any`
    t =    17.32s     Tap "toolbar.new" Any
    t =    17.32s         Wait for de.barg.familienplaner to idle
    t =    17.32s         Find the "toolbar.new" Any
    t =    17.56s         Check for interrupting elements affecting "toolbar.new" Button
    t =    17.64s         Synthesize event
    t =    18.04s         Wait for de.barg.familienplaner to idle
    t =    19.31s     Waiting 5.0s for "editor.missing" Any to exist
    t =    20.32s         Checking `Expect predicate `existsNoRetry == 1` for object "editor.missing" Any`
    t =    20.32s             Checking existence of `"editor.missing" Any`
    t =    21.04s     Find the "editor.missing" Any
    t =    21.51s     Waiting 5.0s for "editor.title" Any to exist
    t =    22.55s         Checking `Expect predicate `existsNoRetry == 1` for object "editor.title" Any`
    t =    22.55s             Checking existence of `"editor.title" Any`
    t =    22.97s     Tap "editor.title" Any
    t =    22.97s         Wait for de.barg.familienplaner to idle
    t =    22.97s         Find the "editor.title" Any
    t =    23.39s         Check for interrupting elements affecting "editor.title" TextField
    t =    23.53s         Synthesize event
    t =    23.92s         Wait for de.barg.familienplaner to idle
    t =    24.23s     Type 'Chor' into "editor.title" TextField
    t =    24.23s         Wait for de.barg.familienplaner to idle
    t =    24.24s         Find the "editor.title" TextField
    t =    25.07s         Check for interrupting elements affecting "editor.title" TextField
    t =    25.26s         Synthesize event
    t =    25.53s         Wait for de.barg.familienplaner to idle
    t =    25.55s     Waiting 5.0s for "editor.missing" StaticText to not exist
    t =    26.58s         Checking `Expect predicate `existsNoRetry == 0` for object "editor.missing" StaticText`
    t =    26.58s             Checking existence of `"editor.missing" StaticText`
    t =    27.34s Tear Down
Test Case '-[FamilienplanerUITests.EndToEndTests testEditorExplainsWhatIsMissing]' passed (27.566 seconds).
Test Case '-[FamilienplanerUITests.EndToEndTests testFreeTimeFinder]' started.
    t =     0.00s Start Test at 2026-10-10 01:00:36.247
    t =     0.03s Set Up
    t =     0.03s     Open de.barg.familienplaner
    t =     0.03s         Launch de.barg.familienplaner
    t =     0.03s             Terminate de.barg.familienplaner:32304
2026-10-10 01:00:37.299 xcodebuild[1574:8279] [MT] IDELaunchParametersSnapshot: The operation couldn’t be completed. (DebuggerLLDB.DebuggerVersionStore.StoreError error 0.)
2026-10-10 01:00:37.299 xcodebuild[1574:8279] [MT] IDELaunchParametersSnapshot: no debugger version
    t =     1.64s             Setting up automation session
    t =     2.89s             Wait for de.barg.familienplaner to idle
    t =     4.66s     Waiting 15.0s for "Einrichten" NavigationBar to exist
    t =     5.67s         Checking `Expect predicate `existsNoRetry == 1` for object "Einrichten" NavigationBar`
    t =     5.67s             Checking existence of `"Einrichten" NavigationBar`
    t =     5.98s     Waiting 5.0s for "setup.household" Any to exist
    t =     7.07s         Checking `Expect predicate `existsNoRetry == 1` for object "setup.household" Any`
    t =     7.07s             Checking existence of `"setup.household" Any`
    t =     7.21s     Tap "setup.household" Any
    t =     7.21s         Wait for de.barg.familienplaner to idle
    t =     7.21s         Find the "setup.household" Any
    t =     7.34s         Check for interrupting elements affecting "setup.household" TextField
    t =     7.41s         Synthesize event
    t =     7.73s         Wait for de.barg.familienplaner to idle
    t =     7.91s     Type 'Testfamilie' into "setup.household" TextField
    t =     7.91s         Wait for de.barg.familienplaner to idle
    t =     8.21s         Find the "setup.household" TextField
    t =     8.57s         Check for interrupting elements affecting "setup.household" TextField
    t =     8.67s         Synthesize event
    t =     9.05s         Wait for de.barg.familienplaner to idle
    t =     9.05s     Waiting 5.0s for "setup.name" Any to exist
    t =    10.07s         Checking `Expect predicate `existsNoRetry == 1` for object "setup.name" Any`
    t =    10.07s             Checking existence of `"setup.name" Any`
    t =    10.60s     Tap "setup.name" Any
    t =    10.60s         Wait for de.barg.familienplaner to idle
    t =    10.60s         Find the "setup.name" Any
    t =    11.33s         Check for interrupting elements affecting "setup.name" TextField
    t =    11.44s         Synthesize event
    t =    11.75s         Wait for de.barg.familienplaner to idle
    t =    11.78s     Type 'Anna' into "setup.name" TextField
    t =    11.78s         Wait for de.barg.familienplaner to idle
    t =    11.79s         Find the "setup.name" TextField
    t =    12.29s         Check for interrupting elements affecting "setup.name" TextField
    t =    12.40s         Synthesize event
    t =    12.67s         Wait for de.barg.familienplaner to idle
    t =    12.67s     Waiting 5.0s for "setup.create" Any to exist
    t =    13.70s         Checking `Expect predicate `existsNoRetry == 1` for object "setup.create" Any`
    t =    13.70s             Checking existence of `"setup.create" Any`
    t =    13.85s     Tap "setup.create" Any
    t =    13.85s         Wait for de.barg.familienplaner to idle
    t =    13.86s         Find the "setup.create" Any
    t =    13.96s         Check for interrupting elements affecting "setup.create" Other
    t =    14.05s         Synthesize event
    t =    14.35s         Wait for de.barg.familienplaner to idle
    t =    15.64s     Waiting 10.0s for "toolbar.family" Any to exist
    t =    16.67s         Checking `Expect predicate `existsNoRetry == 1` for object "toolbar.family" Any`
    t =    16.67s             Checking existence of `"toolbar.family" Any`
    t =    16.99s     Waiting 5.0s for "nav.next" Any to exist
    t =    18.02s         Checking `Expect predicate `existsNoRetry == 1` for object "nav.next" Any`
    t =    18.02s             Checking existence of `"nav.next" Any`
    t =    18.18s     Tap "nav.next" Any
    t =    18.18s         Wait for de.barg.familienplaner to idle
    t =    18.18s         Find the "nav.next" Any
    t =    18.23s         Check for interrupting elements affecting "nav.next" Other
    t =    18.30s         Synthesize event
    t =    18.63s         Wait for de.barg.familienplaner to idle
    t =    19.47s     Waiting 5.0s for "toolbar.new" Any to exist
    t =    20.52s         Checking `Expect predicate `existsNoRetry == 1` for object "toolbar.new" Any`
    t =    20.52s             Checking existence of `"toolbar.new" Any`
    t =    20.78s     Tap "toolbar.new" Any
    t =    20.78s         Wait for de.barg.familienplaner to idle
    t =    20.79s         Find the "toolbar.new" Any
    t =    21.07s         Check for interrupting elements affecting "toolbar.new" Button
    t =    21.22s         Synthesize event
    t =    21.53s         Wait for de.barg.familienplaner to idle
    t =    22.73s     Waiting 5.0s for "editor.title" Any to exist
    t =    23.75s         Checking `Expect predicate `existsNoRetry == 1` for object "editor.title" Any`
    t =    23.75s             Checking existence of `"editor.title" Any`
    t =    24.54s     Tap "editor.title" Any
    t =    24.55s         Wait for de.barg.familienplaner to idle
    t =    24.55s         Find the "editor.title" Any
    t =    25.15s         Check for interrupting elements affecting "editor.title" TextField
    t =    25.31s         Synthesize event
    t =    25.66s         Wait for de.barg.familienplaner to idle
    t =    26.03s     Type 'Arzt' into "editor.title" TextField
    t =    26.03s         Wait for de.barg.familienplaner to idle
    t =    26.06s         Find the "editor.title" TextField
    t =    27.21s         Check for interrupting elements affecting "editor.title" TextField
    t =    27.48s         Synthesize event
    t =    27.75s         Wait for de.barg.familienplaner to idle
    t =    27.75s     Waiting 5.0s for "editor.save" Any to exist
    t =    28.78s         Checking `Expect predicate `existsNoRetry == 1` for object "editor.save" Any`
    t =    28.78s             Checking existence of `"editor.save" Any`
    t =    29.43s     Tap "editor.save" Any
    t =    29.43s         Wait for de.barg.familienplaner to idle
    t =    29.43s         Find the "editor.save" Any
    t =    30.02s         Check for interrupting elements affecting "editor.save" Other
    t =    30.18s         Synthesize event
    t =    30.49s         Wait for de.barg.familienplaner to idle
    t =    31.26s     Waiting 5.0s for "event.Arzt" Any to exist
    t =    32.27s         Checking `Expect predicate `existsNoRetry == 1` for object "event.Arzt" Any`
    t =    32.27s             Checking existence of `"event.Arzt" Any`
    t =    32.43s     Waiting 5.0s for "toolbar.free" Any to exist
    t =    33.45s         Checking `Expect predicate `existsNoRetry == 1` for object "toolbar.free" Any`
    t =    33.45s             Checking existence of `"toolbar.free" Any`
    t =    33.88s     Tap "toolbar.free" Any
    t =    33.88s         Wait for de.barg.familienplaner to idle
    t =    33.88s         Find the "toolbar.free" Any
    t =    34.18s         Check for interrupting elements affecting "toolbar.free" Button
    t =    34.28s         Synthesize event
    t =    34.59s         Wait for de.barg.familienplaner to idle
    t =    35.83s     Checking existence of `"free.slot.2026-10-11.10:30" Button`
    t =    36.23s     Checking existence of `"free.slot.2026-10-11.10:30" Button`
    t =    36.54s     Checking existence of `"free.slot.2026-10-11.07:00" Button`
    t =    36.65s     Tap "free.slot.2026-10-11.10:30" Button
    t =    36.65s         Wait for de.barg.familienplaner to idle
    t =    36.65s         Find the "free.slot.2026-10-11.10:30" Button
    t =    36.98s         Check for interrupting elements affecting "free.slot.2026-10-11.10:30" Button
    t =    37.10s         Synthesize event
    t =    37.40s         Wait for de.barg.familienplaner to idle
    t =    37.63s     Waiting 5.0s for "Neu" NavigationBar to exist
    t =    38.67s         Checking `Expect predicate `existsNoRetry == 1` for object "Neu" NavigationBar`
    t =    38.67s             Checking existence of `"Neu" NavigationBar`
    t =    38.86s Tear Down
Test Case '-[FamilienplanerUITests.EndToEndTests testFreeTimeFinder]' passed (39.090 seconds).
Test Case '-[FamilienplanerUITests.EndToEndTests testJumpToDateAndBackToToday]' started.
    t =     0.00s Start Test at 2026-10-10 01:01:15.337
    t =     0.03s Set Up
    t =     0.03s     Open de.barg.familienplaner
    t =     0.03s         Launch de.barg.familienplaner
    t =     0.03s             Terminate de.barg.familienplaner:33800
2026-10-10 01:01:16.382 xcodebuild[1574:8279] [MT] IDELaunchParametersSnapshot: The operation couldn’t be completed. (DebuggerLLDB.DebuggerVersionStore.StoreError error 0.)
2026-10-10 01:01:16.382 xcodebuild[1574:8279] [MT] IDELaunchParametersSnapshot: no debugger version
    t =     1.80s             Setting up automation session
    t =     3.00s             Wait for de.barg.familienplaner to idle
    t =     4.29s     Waiting 15.0s for "Einrichten" NavigationBar to exist
    t =     5.32s         Checking `Expect predicate `existsNoRetry == 1` for object "Einrichten" NavigationBar`
    t =     5.32s             Checking existence of `"Einrichten" NavigationBar`
    t =     5.44s     Waiting 5.0s for "setup.household" Any to exist
    t =     6.49s         Checking `Expect predicate `existsNoRetry == 1` for object "setup.household" Any`
    t =     6.49s             Checking existence of `"setup.household" Any`
    t =     6.62s     Tap "setup.household" Any
    t =     6.62s         Wait for de.barg.familienplaner to idle
    t =     6.62s         Find the "setup.household" Any
    t =     6.74s         Check for interrupting elements affecting "setup.household" TextField
    t =     6.81s         Synthesize event
    t =     7.11s         Wait for de.barg.familienplaner to idle
    t =     7.34s     Type 'Testfamilie' into "setup.household" TextField
    t =     7.34s         Wait for de.barg.familienplaner to idle
    t =     7.65s         Find the "setup.household" TextField
    t =     8.01s         Check for interrupting elements affecting "setup.household" TextField
    t =     8.11s         Synthesize event
    t =     8.49s         Wait for de.barg.familienplaner to idle
    t =     8.50s     Waiting 5.0s for "setup.name" Any to exist
    t =     9.52s         Checking `Expect predicate `existsNoRetry == 1` for object "setup.name" Any`
    t =     9.52s             Checking existence of `"setup.name" Any`
    t =     9.96s     Tap "setup.name" Any
    t =     9.96s         Wait for de.barg.familienplaner to idle
    t =     9.97s         Find the "setup.name" Any
    t =    10.32s         Check for interrupting elements affecting "setup.name" TextField
    t =    10.41s         Synthesize event
    t =    10.71s         Wait for de.barg.familienplaner to idle
    t =    10.73s     Type 'Anna' into "setup.name" TextField
    t =    10.73s         Wait for de.barg.familienplaner to idle
    t =    10.74s         Find the "setup.name" TextField
    t =    11.06s         Check for interrupting elements affecting "setup.name" TextField
    t =    11.14s         Synthesize event
    t =    11.41s         Wait for de.barg.familienplaner to idle
    t =    11.41s     Waiting 5.0s for "setup.create" Any to exist
    t =    12.44s         Checking `Expect predicate `existsNoRetry == 1` for object "setup.create" Any`
    t =    12.44s             Checking existence of `"setup.create" Any`
    t =    12.51s     Tap "setup.create" Any
    t =    12.51s         Wait for de.barg.familienplaner to idle
    t =    12.51s         Find the "setup.create" Any
    t =    12.59s         Check for interrupting elements affecting "setup.create" Other
    t =    12.65s         Synthesize event
    t =    12.95s         Wait for de.barg.familienplaner to idle
    t =    14.18s     Waiting 10.0s for "toolbar.family" Any to exist
    t =    15.26s         Checking `Expect predicate `existsNoRetry == 1` for object "toolbar.family" Any`
    t =    15.26s             Checking existence of `"toolbar.family" Any`
    t =    15.49s     Checking existence of `"nav.today" Any`
    t =    15.74s     Waiting 5.0s for "nav.next" Any to exist
    t =    16.78s         Checking `Expect predicate `existsNoRetry == 1` for object "nav.next" Any`
    t =    16.78s             Checking existence of `"nav.next" Any`
    t =    16.82s     Tap "nav.next" Any
    t =    16.82s         Wait for de.barg.familienplaner to idle
    t =    16.83s         Find the "nav.next" Any
    t =    16.87s         Check for interrupting elements affecting "nav.next" Other
    t =    16.93s         Synthesize event
    t =    17.24s         Wait for de.barg.familienplaner to idle
    t =    18.15s     Waiting 5.0s for "nav.next" Any to exist
    t =    19.18s         Checking `Expect predicate `existsNoRetry == 1` for object "nav.next" Any`
    t =    19.18s             Checking existence of `"nav.next" Any`
    t =    19.24s     Tap "nav.next" Any
    t =    19.25s         Wait for de.barg.familienplaner to idle
    t =    19.25s         Find the "nav.next" Any
    t =    19.32s         Check for interrupting elements affecting "nav.next" Other
    t =    19.39s         Synthesize event
    t =    19.71s         Wait for de.barg.familienplaner to idle
    t =    20.44s     Waiting 5.0s for "nav.today" Any to exist
    t =    21.46s         Checking `Expect predicate `existsNoRetry == 1` for object "nav.today" Any`
    t =    21.46s             Checking existence of `"nav.today" Any`
    t =    21.52s     Tap "nav.today" Any
    t =    21.52s         Wait for de.barg.familienplaner to idle
    t =    21.52s         Find the "nav.today" Any
    t =    21.57s         Check for interrupting elements affecting "nav.today" Other
    t =    21.64s         Synthesize event
    t =    21.95s         Wait for de.barg.familienplaner to idle
    t =    22.80s     Waiting 5.0s for "nav.today" Any to not exist
    t =    23.83s         Checking `Expect predicate `existsNoRetry == 0` for object "nav.today" Any`
    t =    23.83s             Checking existence of `"nav.today" Any`
    t =    24.21s     Waiting 5.0s for "nav.title" Any to exist
    t =    25.22s         Checking `Expect predicate `existsNoRetry == 1` for object "nav.title" Any`
    t =    25.23s             Checking existence of `"nav.title" Any`
    t =    25.32s     Tap "nav.title" Any
    t =    25.32s         Wait for de.barg.familienplaner to idle
    t =    25.32s         Find the "nav.title" Any
    t =    25.41s         Check for interrupting elements affecting "nav.title" Button
    t =    25.53s         Synthesize event
    t =    25.83s         Wait for de.barg.familienplaner to idle
    t =    26.06s     Waiting 5.0s for "Datum wählen" NavigationBar to exist
    t =    27.12s         Checking `Expect predicate `existsNoRetry == 1` for object "Datum wählen" NavigationBar`
    t =    27.12s             Checking existence of `"Datum wählen" NavigationBar`
    t =    27.29s     Waiting 5.0s for "datepicker.today" Any to exist
    t =    28.33s         Checking `Expect predicate `existsNoRetry == 1` for object "datepicker.today" Any`
    t =    28.33s             Checking existence of `"datepicker.today" Any`
    t =    28.49s     Tap "datepicker.today" Any
    t =    28.49s         Wait for de.barg.familienplaner to idle
    t =    28.50s         Find the "datepicker.today" Any
    t =    28.68s         Check for interrupting elements affecting "datepicker.today" Other
    t =    28.82s         Synthesize event
    t =    29.14s         Wait for de.barg.familienplaner to idle
    t =    29.90s     Waiting 5.0s for "Datum wählen" NavigationBar to not exist
    t =    30.92s         Checking `Expect predicate `existsNoRetry == 0` for object "Datum wählen" NavigationBar`
    t =    30.92s             Checking existence of `"Datum wählen" NavigationBar`
    t =    30.98s Tear Down
Test Case '-[FamilienplanerUITests.EndToEndTests testJumpToDateAndBackToToday]' passed (31.225 seconds).
Test Case '-[FamilienplanerUITests.EndToEndTests testMonthOverviewOpensDay]' started.
    t =     0.00s Start Test at 2026-10-10 01:01:46.562
    t =     0.03s Set Up
    t =     0.03s     Open de.barg.familienplaner
    t =     0.03s         Launch de.barg.familienplaner
    t =     0.03s             Terminate de.barg.familienplaner:35697
2026-10-10 01:01:47.655 xcodebuild[1574:8279] [MT] IDELaunchParametersSnapshot: The operation couldn’t be completed. (DebuggerLLDB.DebuggerVersionStore.StoreError error 0.)
2026-10-10 01:01:47.655 xcodebuild[1574:8279] [MT] IDELaunchParametersSnapshot: no debugger version
    t =     1.55s             Setting up automation session
    t =     3.03s             Wait for de.barg.familienplaner to idle
    t =     4.82s     Waiting 15.0s for "Einrichten" NavigationBar to exist
    t =     5.82s         Checking `Expect predicate `existsNoRetry == 1` for object "Einrichten" NavigationBar`
    t =     5.83s             Checking existence of `"Einrichten" NavigationBar`
    t =     5.91s     Waiting 5.0s for "setup.household" Any to exist
    t =     6.95s         Checking `Expect predicate `existsNoRetry == 1` for object "setup.household" Any`
    t =     6.95s             Checking existence of `"setup.household" Any`
    t =     7.12s     Tap "setup.household" Any
    t =     7.12s         Wait for de.barg.familienplaner to idle
    t =     7.12s         Find the "setup.household" Any
    t =     7.30s         Check for interrupting elements affecting "setup.household" TextField
    t =     7.38s         Synthesize event
    t =     7.68s         Wait for de.barg.familienplaner to idle
    t =     8.04s     Type 'Testfamilie' into "setup.household" TextField
    t =     8.04s         Wait for de.barg.familienplaner to idle
    t =     8.23s         Find the "setup.household" TextField
    t =     8.67s         Check for interrupting elements affecting "setup.household" TextField
    t =     8.80s         Synthesize event
    t =     9.18s         Wait for de.barg.familienplaner to idle
    t =     9.19s     Waiting 5.0s for "setup.name" Any to exist
    t =    10.20s         Checking `Expect predicate `existsNoRetry == 1` for object "setup.name" Any`
    t =    10.20s             Checking existence of `"setup.name" Any`
    t =    10.71s     Tap "setup.name" Any
    t =    10.71s         Wait for de.barg.familienplaner to idle
    t =    10.72s         Find the "setup.name" Any
    t =    11.18s         Check for interrupting elements affecting "setup.name" TextField
    t =    11.28s         Synthesize event
    t =    11.58s         Wait for de.barg.familienplaner to idle
    t =    11.61s     Type 'Anna' into "setup.name" TextField
    t =    11.61s         Wait for de.barg.familienplaner to idle
    t =    11.64s         Find the "setup.name" TextField
    t =    12.12s         Check for interrupting elements affecting "setup.name" TextField
    t =    12.23s         Synthesize event
    t =    12.50s         Wait for de.barg.familienplaner to idle
    t =    12.50s     Waiting 5.0s for "setup.create" Any to exist
    t =    13.55s         Checking `Expect predicate `existsNoRetry == 1` for object "setup.create" Any`
    t =    13.55s             Checking existence of `"setup.create" Any`
    t =    13.70s     Tap "setup.create" Any
    t =    13.70s         Wait for de.barg.familienplaner to idle
    t =    13.70s         Find the "setup.create" Any
    t =    13.87s         Check for interrupting elements affecting "setup.create" Other
    t =    13.98s         Synthesize event
    t =    14.29s         Wait for de.barg.familienplaner to idle
    t =    15.51s     Waiting 10.0s for "toolbar.family" Any to exist
    t =    16.51s         Checking `Expect predicate `existsNoRetry == 1` for object "toolbar.family" Any`
    t =    16.51s             Checking existence of `"toolbar.family" Any`
    t =    16.82s     Waiting 5.0s for "toolbar.new" Any to exist
    t =    17.83s         Checking `Expect predicate `existsNoRetry == 1` for object "toolbar.new" Any`
    t =    17.83s             Checking existence of `"toolbar.new" Any`
    t =    18.07s     Tap "toolbar.new" Any
    t =    18.07s         Wait for de.barg.familienplaner to idle
    t =    18.07s         Find the "toolbar.new" Any
    t =    18.34s         Check for interrupting elements affecting "toolbar.new" Button
    t =    18.43s         Synthesize event
    t =    18.74s         Wait for de.barg.familienplaner to idle
    t =    19.92s     Waiting 5.0s for "editor.title" Any to exist
    t =    20.93s         Checking `Expect predicate `existsNoRetry == 1` for object "editor.title" Any`
    t =    20.93s             Checking existence of `"editor.title" Any`
    t =    21.69s     Tap "editor.title" Any
    t =    21.69s         Wait for de.barg.familienplaner to idle
    t =    21.70s         Find the "editor.title" Any
    t =    22.37s         Check for interrupting elements affecting "editor.title" TextField
    t =    22.50s         Synthesize event
    t =    22.80s         Wait for de.barg.familienplaner to idle
    t =    23.12s     Type 'Zahnarzt' into "editor.title" TextField
    t =    23.12s         Wait for de.barg.familienplaner to idle
    t =    23.13s         Find the "editor.title" TextField
    t =    24.05s         Check for interrupting elements affecting "editor.title" TextField
    t =    24.21s         Synthesize event
    t =    24.55s         Wait for de.barg.familienplaner to idle
    t =    24.55s     Waiting 5.0s for "editor.save" Any to exist
    t =    25.59s         Checking `Expect predicate `existsNoRetry == 1` for object "editor.save" Any`
    t =    25.59s             Checking existence of `"editor.save" Any`
    t =    26.00s     Tap "editor.save" Any
    t =    26.00s         Wait for de.barg.familienplaner to idle
    t =    26.01s         Find the "editor.save" Any
    t =    26.34s         Check for interrupting elements affecting "editor.save" Other
    t =    26.48s         Synthesize event
    t =    26.79s         Wait for de.barg.familienplaner to idle
    t =    27.56s     Waiting 5.0s for "event.Zahnarzt" Any to exist
    t =    28.58s         Checking `Expect predicate `existsNoRetry == 1` for object "event.Zahnarzt" Any`
    t =    28.58s             Checking existence of `"event.Zahnarzt" Any`
    t =    28.82s     Waiting 5.0s for "view.menu" Any to exist
    t =    29.87s         Checking `Expect predicate `existsNoRetry == 1` for object "view.menu" Any`
    t =    29.87s             Checking existence of `"view.menu" Any`
    t =    30.01s     Tap "view.menu" Any
    t =    30.01s         Wait for de.barg.familienplaner to idle
    t =    30.01s         Find the "view.menu" Any
    t =    30.15s         Check for interrupting elements affecting "view.menu" Button
    t =    30.24s         Synthesize event
    t =    30.53s         Wait for de.barg.familienplaner to idle
    t =    30.88s     Waiting 5.0s for "Monat" Button to exist
    t =    31.90s         Checking `Expect predicate `existsNoRetry == 1` for object "Monat" Button`
    t =    31.90s             Checking existence of `"Monat" Button`
    t =    33.24s     Tap "Monat" Button
    t =    33.24s         Wait for de.barg.familienplaner to idle
    t =    33.25s         Find the "Monat" Button
    t =    33.38s         Check for interrupting elements affecting "calendar" Button
    t =    33.45s         Synthesize event
    t =    33.76s         Wait for de.barg.familienplaner to idle
    t =    35.34s     Waiting 5.0s for "month.grid" Any to exist
    t =    36.36s         Checking `Expect predicate `existsNoRetry == 1` for object "month.grid" Any`
    t =    36.37s             Checking existence of `"month.grid" Any`
    t =    36.53s     Waiting 5.0s for "month.day.2026-10-10" Any to exist
    t =    37.55s         Checking `Expect predicate `existsNoRetry == 1` for object "month.day.2026-10-10" Any`
    t =    37.55s             Checking existence of `"month.day.2026-10-10" Any`
    t =    37.90s     Find the "month.day.2026-10-10" Any
    t =    38.23s     Tap "month.day.2026-10-10" Button
    t =    38.23s         Wait for de.barg.familienplaner to idle
    t =    38.24s         Find the "month.day.2026-10-10" Button
    t =    38.58s         Check for interrupting elements affecting "month.day.2026-10-10" Button
    t =    38.74s         Synthesize event
    t =    39.04s         Wait for de.barg.familienplaner to idle
    t =    39.04s     Waiting 5.0s for "event.Zahnarzt" Any to exist
    t =    40.07s         Checking `Expect predicate `existsNoRetry == 1` for object "event.Zahnarzt" Any`
    t =    40.07s             Checking existence of `"event.Zahnarzt" Any`
    t =    40.19s Tear Down
Test Case '-[FamilienplanerUITests.EndToEndTests testMonthOverviewOpensDay]' passed (40.425 seconds).
Test Case '-[FamilienplanerUITests.EndToEndTests testSwipeChangesDay]' started.
    t =     0.00s Start Test at 2026-10-10 01:02:26.988
    t =     0.02s Set Up
    t =     0.03s     Open de.barg.familienplaner
    t =     0.03s         Launch de.barg.familienplaner
    t =     0.03s             Terminate de.barg.familienplaner:37161
2026-10-10 01:02:28.031 xcodebuild[1574:8279] [MT] IDELaunchParametersSnapshot: The operation couldn’t be completed. (DebuggerLLDB.DebuggerVersionStore.StoreError error 0.)
2026-10-10 01:02:28.031 xcodebuild[1574:8279] [MT] IDELaunchParametersSnapshot: no debugger version
    t =     1.71s             Setting up automation session
    t =     2.91s             Wait for de.barg.familienplaner to idle
    t =     4.71s     Waiting 15.0s for "Einrichten" NavigationBar to exist
    t =     5.72s         Checking `Expect predicate `existsNoRetry == 1` for object "Einrichten" NavigationBar`
    t =     5.72s             Checking existence of `"Einrichten" NavigationBar`
    t =     5.83s     Waiting 5.0s for "setup.household" Any to exist
    t =     6.87s         Checking `Expect predicate `existsNoRetry == 1` for object "setup.household" Any`
    t =     6.87s             Checking existence of `"setup.household" Any`
    t =     7.05s     Tap "setup.household" Any
    t =     7.05s         Wait for de.barg.familienplaner to idle
    t =     7.05s         Find the "setup.household" Any
    t =     7.29s         Check for interrupting elements affecting "setup.household" TextField
    t =     7.38s         Synthesize event
    t =     7.68s         Wait for de.barg.familienplaner to idle
    t =     7.98s     Type 'Testfamilie' into "setup.household" TextField
    t =     7.98s         Wait for de.barg.familienplaner to idle
    t =     8.18s         Find the "setup.household" TextField
    t =     8.61s         Check for interrupting elements affecting "setup.household" TextField
    t =     8.77s         Synthesize event
    t =     9.17s         Wait for de.barg.familienplaner to idle
    t =     9.17s     Waiting 5.0s for "setup.name" Any to exist
    t =    10.19s         Checking `Expect predicate `existsNoRetry == 1` for object "setup.name" Any`
    t =    10.19s             Checking existence of `"setup.name" Any`
    t =    10.67s     Tap "setup.name" Any
    t =    10.67s         Wait for de.barg.familienplaner to idle
    t =    10.70s         Find the "setup.name" Any
    t =    11.19s         Check for interrupting elements affecting "setup.name" TextField
    t =    11.29s         Synthesize event
    t =    11.59s         Wait for de.barg.familienplaner to idle
    t =    11.63s     Type 'Anna' into "setup.name" TextField
    t =    11.63s         Wait for de.barg.familienplaner to idle
    t =    11.64s         Find the "setup.name" TextField
    t =    12.08s         Check for interrupting elements affecting "setup.name" TextField
    t =    12.18s         Synthesize event
    t =    12.46s         Wait for de.barg.familienplaner to idle
    t =    12.46s     Waiting 5.0s for "setup.create" Any to exist
    t =    13.51s         Checking `Expect predicate `existsNoRetry == 1` for object "setup.create" Any`
    t =    13.51s             Checking existence of `"setup.create" Any`
    t =    13.61s     Tap "setup.create" Any
    t =    13.61s         Wait for de.barg.familienplaner to idle
    t =    13.61s         Find the "setup.create" Any
    t =    13.71s         Check for interrupting elements affecting "setup.create" Other
    t =    13.79s         Synthesize event
    t =    14.10s         Wait for de.barg.familienplaner to idle
    t =    15.35s     Waiting 10.0s for "toolbar.family" Any to exist
    t =    16.38s         Checking `Expect predicate `existsNoRetry == 1` for object "toolbar.family" Any`
    t =    16.38s             Checking existence of `"toolbar.family" Any`
    t =    16.73s     Find the NavigationBar (First Match)
    t =    16.76s     Swipe left Target Application 'de.barg.familienplaner'
    t =    16.76s         Wait for de.barg.familienplaner to idle
    t =    16.76s         Find the Target Application 'de.barg.familienplaner'
    t =    16.80s         Check for interrupting elements affecting "Family Planner" Application
    t =    16.84s         Synthesize event
    t =    17.28s         Wait for de.barg.familienplaner to idle
    t =    19.17s     Checking `Expect predicate `identifier != "Heute, 10. Oktober"` for object "Heute, 10. Oktober" NavigationBar`
    t =    19.18s         Find the "Heute, 10. Oktober" NavigationBar
    t =    19.19s     Swipe right Target Application 'de.barg.familienplaner'
    t =    19.19s         Wait for de.barg.familienplaner to idle
    t =    19.20s         Find the Target Application 'de.barg.familienplaner'
    t =    19.25s         Check for interrupting elements affecting "Family Planner" Application
    t =    19.29s         Synthesize event
    t =    19.71s         Wait for de.barg.familienplaner to idle
    t =    21.57s     Checking `Expect predicate `identifier == "Heute, 10. Oktober"` for object "Morgen, 11. Okt." NavigationBar`
    t =    21.57s         Find the "Morgen, 11. Okt." NavigationBar
    t =    21.59s Tear Down
Test Case '-[FamilienplanerUITests.EndToEndTests testSwipeChangesDay]' passed (21.822 seconds).
Test Case '-[FamilienplanerUITests.EndToEndTests testWeeklySeries]' started.
    t =     0.00s Start Test at 2026-10-10 01:02:48.811
    t =     0.02s Set Up
    t =     0.02s     Open de.barg.familienplaner
    t =     0.02s         Launch de.barg.familienplaner
    t =     0.02s             Terminate de.barg.familienplaner:39069
2026-10-10 01:02:49.906 xcodebuild[1574:8279] [MT] IDELaunchParametersSnapshot: The operation couldn’t be completed. (DebuggerLLDB.DebuggerVersionStore.StoreError error 0.)
2026-10-10 01:02:49.906 xcodebuild[1574:8279] [MT] IDELaunchParametersSnapshot: no debugger version
    t =     1.45s             Setting up automation session
    t =     2.79s             Wait for de.barg.familienplaner to idle
    t =     4.50s     Waiting 15.0s for "Einrichten" NavigationBar to exist
    t =     5.55s         Checking `Expect predicate `existsNoRetry == 1` for object "Einrichten" NavigationBar`
    t =     5.55s             Checking existence of `"Einrichten" NavigationBar`
    t =     5.66s     Waiting 5.0s for "setup.household" Any to exist
    t =     6.69s         Checking `Expect predicate `existsNoRetry == 1` for object "setup.household" Any`
    t =     6.69s             Checking existence of `"setup.household" Any`
    t =     6.88s     Tap "setup.household" Any
    t =     6.88s         Wait for de.barg.familienplaner to idle
    t =     6.89s         Find the "setup.household" Any
    t =     7.06s         Check for interrupting elements affecting "setup.household" TextField
    t =     7.15s         Synthesize event
    t =     7.44s         Wait for de.barg.familienplaner to idle
    t =     7.72s     Type 'Testfamilie' into "setup.household" TextField
    t =     7.72s         Wait for de.barg.familienplaner to idle
    t =     8.03s         Find the "setup.household" TextField
    t =     8.70s         Check for interrupting elements affecting "setup.household" TextField
    t =     8.79s         Synthesize event
    t =     9.17s         Wait for de.barg.familienplaner to idle
    t =     9.17s     Waiting 5.0s for "setup.name" Any to exist
    t =    10.22s         Checking `Expect predicate `existsNoRetry == 1` for object "setup.name" Any`
    t =    10.22s             Checking existence of `"setup.name" Any`
    t =    11.43s     Tap "setup.name" Any
    t =    11.43s         Wait for de.barg.familienplaner to idle
    t =    11.43s         Find the "setup.name" Any
    t =    11.77s         Check for interrupting elements affecting "setup.name" TextField
    t =    11.90s         Synthesize event
    t =    12.22s         Wait for de.barg.familienplaner to idle
    t =    12.25s     Type 'Anna' into "setup.name" TextField
    t =    12.25s         Wait for de.barg.familienplaner to idle
    t =    12.25s         Find the "setup.name" TextField
    t =    12.57s         Check for interrupting elements affecting "setup.name" TextField
    t =    12.67s         Synthesize event
    t =    12.94s         Wait for de.barg.familienplaner to idle
    t =    12.94s     Waiting 5.0s for "setup.create" Any to exist
    t =    13.95s         Checking `Expect predicate `existsNoRetry == 1` for object "setup.create" Any`
    t =    13.95s             Checking existence of `"setup.create" Any`
    t =    14.05s     Tap "setup.create" Any
    t =    14.05s         Wait for de.barg.familienplaner to idle
    t =    14.05s         Find the "setup.create" Any
    t =    14.13s         Check for interrupting elements affecting "setup.create" Other
    t =    14.19s         Synthesize event
    t =    14.49s         Wait for de.barg.familienplaner to idle
    t =    15.89s     Waiting 10.0s for "toolbar.family" Any to exist
    t =    16.91s         Checking `Expect predicate `existsNoRetry == 1` for object "toolbar.family" Any`
    t =    16.91s             Checking existence of `"toolbar.family" Any`
    t =    17.36s     Waiting 5.0s for "nav.next" Any to exist
    t =    18.37s         Checking `Expect predicate `existsNoRetry == 1` for object "nav.next" Any`
    t =    18.37s             Checking existence of `"nav.next" Any`
    t =    18.41s     Tap "nav.next" Any
    t =    18.41s         Wait for de.barg.familienplaner to idle
    t =    18.41s         Find the "nav.next" Any
    t =    18.45s         Check for interrupting elements affecting "nav.next" Other
    t =    18.52s         Synthesize event
    t =    18.83s         Wait for de.barg.familienplaner to idle
    t =    19.69s     Waiting 5.0s for "toolbar.new" Any to exist
    t =    20.72s         Checking `Expect predicate `existsNoRetry == 1` for object "toolbar.new" Any`
    t =    20.72s             Checking existence of `"toolbar.new" Any`
    t =    21.00s     Tap "toolbar.new" Any
    t =    21.00s         Wait for de.barg.familienplaner to idle
    t =    21.00s         Find the "toolbar.new" Any
    t =    21.23s         Check for interrupting elements affecting "toolbar.new" Button
    t =    21.31s         Synthesize event
    t =    21.63s         Wait for de.barg.familienplaner to idle
    t =    23.03s     Waiting 5.0s for "editor.title" Any to exist
    t =    24.07s         Checking `Expect predicate `existsNoRetry == 1` for object "editor.title" Any`
    t =    24.07s             Checking existence of `"editor.title" Any`
    t =    24.65s     Tap "editor.title" Any
    t =    24.65s         Wait for de.barg.familienplaner to idle
    t =    24.65s         Find the "editor.title" Any
    t =    25.13s         Check for interrupting elements affecting "editor.title" TextField
    t =    25.28s         Synthesize event
    t =    25.67s         Wait for de.barg.familienplaner to idle
    t =    25.99s     Type 'Chor' into "editor.title" TextField
    t =    25.99s         Wait for de.barg.familienplaner to idle
    t =    26.00s         Find the "editor.title" TextField
    t =    26.79s         Check for interrupting elements affecting "editor.title" TextField
    t =    26.94s         Synthesize event
    t =    27.21s         Wait for de.barg.familienplaner to idle
    t =    27.22s     Checking existence of `"editor.repeat" Any`
    t =    28.08s     Swipe up Target Application 'de.barg.familienplaner'
    t =    28.08s         Wait for de.barg.familienplaner to idle
    t =    28.09s         Find the Target Application 'de.barg.familienplaner'
    t =    28.20s         Check for interrupting elements affecting "Family Planner" Application
    t =    28.30s         Synthesize event
    t =    28.81s         Wait for de.barg.familienplaner to idle
    t =    30.89s     Checking existence of `"editor.repeat" Any`
    t =    31.57s     Find the "editor.repeat" Any
    t =    32.13s     Checking existence of `"editor.repeat" Button`
    t =    32.67s     Waiting 5.0s for "editor.repeat" Any to exist
    t =    33.71s         Checking `Expect predicate `existsNoRetry == 1` for object "editor.repeat" Any`
    t =    33.71s             Checking existence of `"editor.repeat" Any`
    t =    34.25s     Tap "editor.repeat" Any
    t =    34.25s         Wait for de.barg.familienplaner to idle
    t =    34.25s         Find the "editor.repeat" Any
    t =    34.81s         Check for interrupting elements affecting "editor.repeat" Button
    t =    34.96s         Synthesize event
    t =    35.25s         Wait for de.barg.familienplaner to idle
    t =    36.69s     Waiting 5.0s for "Wöchentlich" Button to exist
    t =    37.73s         Checking `Expect predicate `existsNoRetry == 1` for object "Wöchentlich" Button`
    t =    37.73s             Checking existence of `"Wöchentlich" Button`
    t =    37.85s     Tap "Wöchentlich" Button
    t =    37.85s         Wait for de.barg.familienplaner to idle
    t =    37.85s         Find the "Wöchentlich" Button
    t =    37.95s         Check for interrupting elements affecting "Wöchentlich" Button
    t =    38.07s         Synthesize event
    t =    38.37s         Wait for de.barg.familienplaner to idle
    t =    40.00s     Waiting 5.0s for "editor.save" Any to exist
    t =    41.02s         Checking `Expect predicate `existsNoRetry == 1` for object "editor.save" Any`
    t =    41.02s             Checking existence of `"editor.save" Any`
    t =    41.42s     Tap "editor.save" Any
    t =    41.42s         Wait for de.barg.familienplaner to idle
    t =    41.42s         Find the "editor.save" Any
    t =    41.77s         Check for interrupting elements affecting "editor.save" Other
    t =    41.91s         Synthesize event
    t =    42.29s         Wait for de.barg.familienplaner to idle
    t =    43.09s     Waiting 5.0s for "event.Chor" Any to exist
    t =    44.10s         Checking `Expect predicate `existsNoRetry == 1` for object "event.Chor" Any`
    t =    44.10s             Checking existence of `"event.Chor" Any`
    t =    44.21s     Waiting 5.0s for "view.menu" Any to exist
    t =    45.24s         Checking `Expect predicate `existsNoRetry == 1` for object "view.menu" Any`
    t =    45.24s             Checking existence of `"view.menu" Any`
    t =    45.33s     Tap "view.menu" Any
    t =    45.33s         Wait for de.barg.familienplaner to idle
    t =    45.34s         Find the "view.menu" Any
    t =    45.44s         Check for interrupting elements affecting "view.menu" Button
    t =    45.53s         Synthesize event
    t =    45.83s         Wait for de.barg.familienplaner to idle
    t =    47.08s     Waiting 5.0s for "Woche" Button to exist
    t =    48.10s         Checking `Expect predicate `existsNoRetry == 1` for object "Woche" Button`
    t =    48.11s             Checking existence of `"Woche" Button`
    t =    48.17s     Tap "Woche" Button
    t =    48.17s         Wait for de.barg.familienplaner to idle
    t =    48.17s         Find the "Woche" Button
    t =    48.24s         Check for interrupting elements affecting "rectangle.split.3x1" Button
    t =    48.31s         Synthesize event
    t =    48.61s         Wait for de.barg.familienplaner to idle
    t =    50.24s     Waiting 5.0s for "nav.next" Any to exist
    t =    51.28s         Checking `Expect predicate `existsNoRetry == 1` for object "nav.next" Any`
    t =    51.28s             Checking existence of `"nav.next" Any`
    t =    51.32s     Tap "nav.next" Any
    t =    51.32s         Wait for de.barg.familienplaner to idle
    t =    51.33s         Find the "nav.next" Any
    t =    51.37s         Check for interrupting elements affecting "nav.next" Other
    t =    51.44s         Synthesize event
    t =    51.75s         Wait for de.barg.familienplaner to idle
    t =    52.65s     Waiting 5.0s for "week.event.Chor" Any to exist
    t =    53.71s         Checking `Expect predicate `existsNoRetry == 1` for object "week.event.Chor" Any`
    t =    53.71s             Checking existence of `"week.event.Chor" Any`
    t =    53.85s     Tap "week.event.Chor" Any
    t =    53.85s         Wait for de.barg.familienplaner to idle
    t =    53.85s         Find the "week.event.Chor" Any
    t =    53.99s         Check for interrupting elements affecting "week.event.Chor" Button
    t =    54.06s         Synthesize event
    t =    54.37s         Wait for de.barg.familienplaner to idle
    t =    54.88s     Waiting 5.0s for "detail.edit" Any to exist
    t =    55.91s         Checking `Expect predicate `existsNoRetry == 1` for object "detail.edit" Any`
    t =    55.91s             Checking existence of `"detail.edit" Any`
    t =    56.21s     Tap "detail.edit" Any
    t =    56.21s         Wait for de.barg.familienplaner to idle
    t =    56.21s         Find the "detail.edit" Any
    t =    56.34s         Check for interrupting elements affecting "detail.edit" Other
    t =    56.46s         Synthesize event
    t =    56.79s         Wait for de.barg.familienplaner to idle
    t =    57.66s     Waiting 5.0s for "editor.title" Any to exist
    t =    58.68s         Checking `Expect predicate `existsNoRetry == 1` for object "editor.title" Any`
    t =    58.68s             Checking existence of `"editor.title" Any`
    t =    59.33s     Checking existence of `"editor.delete" Button`
    t =    59.45s     Swipe up Target Application 'de.barg.familienplaner'
    t =    59.45s         Wait for de.barg.familienplaner to idle
    t =    59.45s         Find the Target Application 'de.barg.familienplaner'
    t =    59.54s         Check for interrupting elements affecting "Family Planner" Application
    t =    59.64s         Synthesize event
    t =    60.07s         Wait for de.barg.familienplaner to idle
    t =    62.24s     Checking existence of `"editor.delete" Button`
    t =    62.44s     Waiting 5.0s for "editor.delete" Any to exist
    t =    63.45s         Checking `Expect predicate `existsNoRetry == 1` for object "editor.delete" Any`
    t =    63.45s             Checking existence of `"editor.delete" Any`
    t =    64.01s     Tap "editor.delete" Any
    t =    64.01s         Wait for de.barg.familienplaner to idle
    t =    64.01s         Find the "editor.delete" Any
    t =    64.50s         Check for interrupting elements affecting "editor.delete" Button
    t =    64.63s         Synthesize event
    t =    64.93s         Wait for de.barg.familienplaner to idle
    t =    65.77s     Waiting 5.0s for "scope.delete.following" Any to exist
    t =    66.82s         Checking `Expect predicate `existsNoRetry == 1` for object "scope.delete.following" Any`
    t =    66.82s             Checking existence of `"scope.delete.following" Any`
    t =    67.10s     Tap "scope.delete.following" Any
    t =    67.10s         Wait for de.barg.familienplaner to idle
    t =    67.10s         Find the "scope.delete.following" Any
    t =    67.33s         Check for interrupting elements affecting "scope.delete.following" Button
    t =    67.47s         Synthesize event
    t =    67.77s         Wait for de.barg.familienplaner to idle
    t =    68.18s     Waiting 5.0s for "week.event.Chor" Button to not exist
    t =    69.18s         Checking `Expect predicate `existsNoRetry == 0` for object "week.event.Chor" Button`
    t =    69.18s             Checking existence of `"week.event.Chor" Button`
    t =    69.41s     Waiting 5.0s for "nav.next" Any to exist
    t =    70.48s         Checking `Expect predicate `existsNoRetry == 1` for object "nav.next" Any`
    t =    70.48s             Checking existence of `"nav.next" Any`
    t =    70.54s     Tap "nav.next" Any
    t =    70.54s         Wait for de.barg.familienplaner to idle
    t =    70.54s         Find the "nav.next" Any
    t =    70.59s         Check for interrupting elements affecting "nav.next" Other
    t =    70.65s         Synthesize event
    t =    70.95s         Wait for de.barg.familienplaner to idle
    t =    71.71s     Waiting 2.0s for "week.event.Chor" Any to exist
    t =    72.74s         Checking `Expect predicate `existsNoRetry == 1` for object "week.event.Chor" Any`
    t =    72.74s             Checking existence of `"week.event.Chor" Any`
    t =    72.97s             Capturing element debug description
    t =    73.72s         Checking `Expect predicate `existsNoRetry == 1` for object "week.event.Chor" Any`
    t =    73.72s             Checking existence of `"week.event.Chor" Any`
    t =    73.94s             Capturing element debug description
    t =    73.95s         Checking existence of `"week.event.Chor" Any`
    t =    74.23s     Collecting debug information to assist test failure triage
    t =    74.23s         Requesting snapshot of accessibility hierarchy for app with pid 39847
    t =    74.35s     Waiting 5.0s for "nav.previous" Any to exist
    t =    75.37s         Checking `Expect predicate `existsNoRetry == 1` for object "nav.previous" Any`
    t =    75.37s             Checking existence of `"nav.previous" Any`
    t =    75.44s     Tap "nav.previous" Any
    t =    75.44s         Wait for de.barg.familienplaner to idle
    t =    75.44s         Find the "nav.previous" Any
    t =    75.49s         Check for interrupting elements affecting "nav.previous" Other
    t =    75.58s         Synthesize event
    t =    75.92s         Wait for de.barg.familienplaner to idle
    t =    76.76s     Waiting 5.0s for "nav.previous" Any to exist
    t =    77.80s         Checking `Expect predicate `existsNoRetry == 1` for object "nav.previous" Any`
    t =    77.80s             Checking existence of `"nav.previous" Any`
    t =    77.84s     Tap "nav.previous" Any
    t =    77.84s         Wait for de.barg.familienplaner to idle
    t =    77.85s         Find the "nav.previous" Any
    t =    77.90s         Check for interrupting elements affecting "nav.previous" Other
    t =    78.01s         Synthesize event
    t =    78.35s         Wait for de.barg.familienplaner to idle
    t =    79.23s     Waiting 5.0s for "week.event.Chor" Any to exist
    t =    80.27s         Checking `Expect predicate `existsNoRetry == 1` for object "week.event.Chor" Any`
    t =    80.27s             Checking existence of `"week.event.Chor" Any`
    t =    80.40s Tear Down
Test Case '-[FamilienplanerUITests.EndToEndTests testWeeklySeries]' passed (80.694 seconds).
Test Suite 'EndToEndTests' failed at 2026-10-10 01:04:09.505.
	 Executed 15 tests, with 1 failure (0 unexpected) in 986.278 (986.294) seconds
Test Suite 'ScreenshotTests' started at 2026-10-10 01:04:09.507.
Test Case '-[FamilienplanerUITests.ScreenshotTests testAppStoreScreenshots]' started.
    t =     0.00s Start Test at 2026-10-10 01:04:09.508
    t =     0.03s Set Up
/Users/runner/work/familienplaner/familienplaner/Tests/FamilienplanerUITests/ScreenshotTests.swift:11: -[FamilienplanerUITests.ScreenshotTests testAppStoreScreenshots] : Test skipped - Nur im Screenshot-Workflow
    t =     0.12s Tear Down
Test Case '-[FamilienplanerUITests.ScreenshotTests testAppStoreScreenshots]' skipped (0.126 seconds).
Test Suite 'ScreenshotTests' passed at 2026-10-10 01:04:09.633.
	 Executed 1 test, with 1 test skipped and 0 failures (0 unexpected) in 0.126 (0.127) seconds
Test Suite 'SmokeTests' started at 2026-10-10 01:04:09.634.
Test Case '-[FamilienplanerUITests.SmokeTests testAccessibilityAudit]' started.
    t =     0.00s Start Test at 2026-10-10 01:04:09.635
    t =     0.03s Set Up
    t =     0.03s     Open de.barg.familienplaner
    t =     0.03s         Launch de.barg.familienplaner
    t =     0.03s             Terminate de.barg.familienplaner:39847
2026-10-10 01:04:10.681 xcodebuild[1574:8279] [MT] IDELaunchParametersSnapshot: The operation couldn’t be completed. (DebuggerLLDB.DebuggerVersionStore.StoreError error 0.)
2026-10-10 01:04:10.681 xcodebuild[1574:8279] [MT] IDELaunchParametersSnapshot: no debugger version
    t =     1.90s             Setting up automation session
    t =     3.98s             Wait for de.barg.familienplaner to idle
    t =     5.85s     Waiting 15.0s for "Einrichten" NavigationBar to exist
    t =     6.88s         Checking `Expect predicate `existsNoRetry == 1` for object "Einrichten" NavigationBar`
    t =     6.88s             Checking existence of `"Einrichten" NavigationBar`
    t =     6.99s     Waiting 5.0s for "setup.household" Any to exist
    t =     8.00s         Checking `Expect predicate `existsNoRetry == 1` for object "setup.household" Any`
    t =     8.00s             Checking existence of `"setup.household" Any`
    t =     8.13s     Tap "setup.household" Any
    t =     8.13s         Wait for de.barg.familienplaner to idle
    t =     8.13s         Find the "setup.household" Any
    t =     8.25s         Check for interrupting elements affecting "setup.household" TextField
    t =     8.32s         Synthesize event
    t =     8.62s         Wait for de.barg.familienplaner to idle
    t =     9.08s     Type 'Testfamilie' into "setup.household" TextField
    t =     9.08s         Wait for de.barg.familienplaner to idle
    t =     9.40s         Find the "setup.household" TextField
    t =     9.76s         Check for interrupting elements affecting "setup.household" TextField
    t =     9.85s         Synthesize event
    t =    10.23s         Wait for de.barg.familienplaner to idle
    t =    10.24s     Waiting 5.0s for "setup.name" Any to exist
    t =    11.29s         Checking `Expect predicate `existsNoRetry == 1` for object "setup.name" Any`
    t =    11.29s             Checking existence of `"setup.name" Any`
    t =    11.60s     Tap "setup.name" Any
    t =    11.60s         Wait for de.barg.familienplaner to idle
    t =    11.60s         Find the "setup.name" Any
    t =    11.90s         Check for interrupting elements affecting "setup.name" TextField
    t =    11.99s         Synthesize event
    t =    12.30s         Wait for de.barg.familienplaner to idle
    t =    12.34s     Type 'Anna' into "setup.name" TextField
    t =    12.34s         Wait for de.barg.familienplaner to idle
    t =    12.35s         Find the "setup.name" TextField
    t =    12.68s         Check for interrupting elements affecting "setup.name" TextField
    t =    12.76s         Synthesize event
    t =    13.03s         Wait for de.barg.familienplaner to idle
    t =    13.04s     Waiting 5.0s for "setup.create" Any to exist
    t =    14.08s         Checking `Expect predicate `existsNoRetry == 1` for object "setup.create" Any`
    t =    14.08s             Checking existence of `"setup.create" Any`
    t =    14.16s     Tap "setup.create" Any
    t =    14.16s         Wait for de.barg.familienplaner to idle
    t =    14.16s         Find the "setup.create" Any
    t =    14.22s         Check for interrupting elements affecting "setup.create" Other
    t =    14.28s         Synthesize event
    t =    14.58s         Wait for de.barg.familienplaner to idle
    t =    16.05s     Waiting 10.0s for "toolbar.family" Any to exist
    t =    17.09s         Checking `Expect predicate `existsNoRetry == 1` for object "toolbar.family" Any`
    t =    17.09s             Checking existence of `"toolbar.family" Any`
    t =    17.28s     Waiting 5.0s for "nav.next" Any to exist
    t =    18.33s         Checking `Expect predicate `existsNoRetry == 1` for object "nav.next" Any`
    t =    18.33s             Checking existence of `"nav.next" Any`
    t =    18.41s     Tap "nav.next" Any
    t =    18.41s         Wait for de.barg.familienplaner to idle
    t =    18.41s         Find the "nav.next" Any
    t =    18.45s         Check for interrupting elements affecting "nav.next" Other
    t =    18.53s         Synthesize event
    t =    18.83s         Wait for de.barg.familienplaner to idle
    t =    19.69s     Waiting 5.0s for "toolbar.new" Any to exist
    t =    20.73s         Checking `Expect predicate `existsNoRetry == 1` for object "toolbar.new" Any`
    t =    20.73s             Checking existence of `"toolbar.new" Any`
    t =    20.92s     Tap "toolbar.new" Any
    t =    20.92s         Wait for de.barg.familienplaner to idle
    t =    20.93s         Find the "toolbar.new" Any
    t =    21.11s         Check for interrupting elements affecting "toolbar.new" Button
    t =    21.18s         Synthesize event
    t =    21.48s         Wait for de.barg.familienplaner to idle
    t =    22.41s     Waiting 5.0s for "editor.title" Any to exist
    t =    23.45s         Checking `Expect predicate `existsNoRetry == 1` for object "editor.title" Any`
    t =    23.45s             Checking existence of `"editor.title" Any`
    t =    23.90s     Tap "editor.title" Any
    t =    23.90s         Wait for de.barg.familienplaner to idle
    t =    23.92s         Find the "editor.title" Any
    t =    24.33s         Check for interrupting elements affecting "editor.title" TextField
    t =    24.47s         Synthesize event
    t =    24.80s         Wait for de.barg.familienplaner to idle
    t =    25.12s     Type 'Schwimmen' into "editor.title" TextField
    t =    25.12s         Wait for de.barg.familienplaner to idle
    t =    25.14s         Find the "editor.title" TextField
    t =    25.82s         Check for interrupting elements affecting "editor.title" TextField
    t =    25.97s         Synthesize event
    t =    26.32s         Wait for de.barg.familienplaner to idle
    t =    26.32s     Waiting 1.0s for "editor.role.driveFrom" Switch to exist
    t =    27.33s         Checking `Expect predicate `existsNoRetry == 1` for object "editor.role.driveFrom" Switch`
    t =    27.33s             Checking existence of `"editor.role.driveFrom" Switch`
    t =    27.61s         Checking existence of `"editor.role.driveFrom" Switch`
    t =    27.91s     Checking existence of `"editor.role.driveFrom" Switch`
    t =    28.20s     Find the "editor.role.driveFrom" Switch
    t =    28.48s     Swipe up Target Application 'de.barg.familienplaner'
    t =    28.48s         Wait for de.barg.familienplaner to idle
    t =    28.49s         Find the Target Application 'de.barg.familienplaner'
    t =    28.58s         Check for interrupting elements affecting "Family Planner" Application
    t =    28.67s         Synthesize event
    t =    29.17s         Wait for de.barg.familienplaner to idle
    t =    31.29s     Find the "editor.role.driveFrom" Switch
    t =    31.94s     Find the "editor.role.driveFrom" Switch
    t =    32.34s     Tap "editor.role.driveFrom" Switch[0.93, 0.50]
    t =    32.34s         Wait for de.barg.familienplaner to idle
    t =    32.58s         Find the "editor.role.driveFrom" Switch
    t =    32.97s         Check for interrupting elements affecting "editor.role.driveFrom" Switch
    t =    33.12s         Synthesize event
    t =    33.12s             Find the "editor.role.driveFrom" Switch
    t =    33.44s             Find the "editor.role.driveFrom" Switch
    t =    33.78s             Find the "editor.role.driveFrom" Switch
    t =    34.36s         Wait for de.barg.familienplaner to idle
    t =    35.67s     Find the "editor.role.driveFrom" Switch
    t =    36.01s     Waiting 5.0s for "editor.save" Any to exist
    t =    37.05s         Checking `Expect predicate `existsNoRetry == 1` for object "editor.save" Any`
    t =    37.05s             Checking existence of `"editor.save" Any`
    t =    37.29s     Tap "editor.save" Any
    t =    37.29s         Wait for de.barg.familienplaner to idle
    t =    37.29s         Find the "editor.save" Any
    t =    37.53s         Check for interrupting elements affecting "editor.save" Other
    t =    37.65s         Synthesize event
    t =    37.96s         Wait for de.barg.familienplaner to idle
    t =    38.74s     Waiting 5.0s for "event.Schwimmen" Any to exist
    t =    39.78s         Checking `Expect predicate `existsNoRetry == 1` for object "event.Schwimmen" Any`
    t =    39.78s             Checking existence of `"event.Schwimmen" Any`
    t =    43.81s     Find the Any (Descendant with identity binding to AX element pid: 44053, elementOrHash.elementID: 4316558176.340)
    t =    43.89s     Checking existence of `"16" StaticText`
    t =    43.95s     Find the "16" StaticText
<unknown>:0: error: -[FamilienplanerUITests.SmokeTests testAccessibilityAudit] : Contrast failed
    t =    44.05s Tear Down
Test Case '-[FamilienplanerUITests.SmokeTests testAccessibilityAudit]' failed (44.332 seconds).
Test Case '-[FamilienplanerUITests.SmokeTests testLaunchSetupAndMainScreen]' started.
    t =     0.00s Start Test at 2026-10-10 01:04:53.968
    t =     0.03s Set Up
    t =     0.03s     Open de.barg.familienplaner
    t =     0.03s         Launch de.barg.familienplaner
    t =     0.04s             Terminate de.barg.familienplaner:44053
2026-10-10 01:04:55.010 xcodebuild[1574:8279] [MT] IDELaunchParametersSnapshot: The operation couldn’t be completed. (DebuggerLLDB.DebuggerVersionStore.StoreError error 0.)
2026-10-10 01:04:55.010 xcodebuild[1574:8279] [MT] IDELaunchParametersSnapshot: no debugger version
    t =     1.27s             Setting up automation session
    t =     3.20s             Wait for de.barg.familienplaner to idle
    t =     4.92s     Waiting 15.0s for "Einrichten" NavigationBar to exist
    t =     5.98s         Checking `Expect predicate `existsNoRetry == 1` for object "Einrichten" NavigationBar`
    t =     5.98s             Checking existence of `"Einrichten" NavigationBar`
    t =     6.14s     Find the "setup.create" Button
    t =     6.18s     Waiting 15.0s for "Einrichten" NavigationBar to exist
    t =     7.19s         Checking `Expect predicate `existsNoRetry == 1` for object "Einrichten" NavigationBar`
    t =     7.19s             Checking existence of `"Einrichten" NavigationBar`
    t =     7.23s     Waiting 5.0s for "setup.household" Any to exist
    t =     8.29s         Checking `Expect predicate `existsNoRetry == 1` for object "setup.household" Any`
    t =     8.29s             Checking existence of `"setup.household" Any`
    t =     8.45s     Tap "setup.household" Any
    t =     8.45s         Wait for de.barg.familienplaner to idle
    t =     8.46s         Find the "setup.household" Any
    t =     8.58s         Check for interrupting elements affecting "setup.household" TextField
    t =     8.65s         Synthesize event
    t =     8.94s         Wait for de.barg.familienplaner to idle
    t =     9.30s     Type 'Testfamilie' into "setup.household" TextField
    t =     9.30s         Wait for de.barg.familienplaner to idle
    t =     9.56s         Find the "setup.household" TextField
    t =     9.89s         Check for interrupting elements affecting "setup.household" TextField
    t =     9.97s         Synthesize event
    t =    10.35s         Wait for de.barg.familienplaner to idle
    t =    10.35s     Waiting 5.0s for "setup.name" Any to exist
    t =    11.39s         Checking `Expect predicate `existsNoRetry == 1` for object "setup.name" Any`
    t =    11.39s             Checking existence of `"setup.name" Any`
    t =    11.68s     Tap "setup.name" Any
    t =    11.68s         Wait for de.barg.familienplaner to idle
    t =    11.69s         Find the "setup.name" Any
    t =    11.99s         Check for interrupting elements affecting "setup.name" TextField
    t =    12.06s         Synthesize event
    t =    12.38s         Wait for de.barg.familienplaner to idle
    t =    12.40s     Type 'Anna' into "setup.name" TextField
    t =    12.40s         Wait for de.barg.familienplaner to idle
    t =    12.41s         Find the "setup.name" TextField
    t =    12.72s         Check for interrupting elements affecting "setup.name" TextField
    t =    12.80s         Synthesize event
    t =    13.07s         Wait for de.barg.familienplaner to idle
    t =    13.07s     Waiting 5.0s for "setup.create" Any to exist
    t =    14.13s         Checking `Expect predicate `existsNoRetry == 1` for object "setup.create" Any`
    t =    14.13s             Checking existence of `"setup.create" Any`
    t =    14.20s     Tap "setup.create" Any
    t =    14.20s         Wait for de.barg.familienplaner to idle
    t =    14.20s         Find the "setup.create" Any
    t =    14.26s         Check for interrupting elements affecting "setup.create" Other
    t =    14.32s         Synthesize event
    t =    14.62s         Wait for de.barg.familienplaner to idle
    t =    15.89s     Waiting 10.0s for "toolbar.family" Any to exist
    t =    16.90s         Checking `Expect predicate `existsNoRetry == 1` for object "toolbar.family" Any`
    t =    16.91s             Checking existence of `"toolbar.family" Any`
    t =    17.22s     Checking existence of `"toolbar.family" Any`
    t =    17.44s     Checking existence of `"toolbar.search" Any`
    t =    17.65s     Checking existence of `"toolbar.photo" Any`
    t =    17.88s     Checking existence of `"toolbar.new" Any`
    t =    18.09s     Checking existence of `"view.menu" Any`
    t =    18.17s     Checking existence of `"nav.previous" Any`
    t =    18.20s     Checking existence of `"nav.next" Any`
    t =    18.24s     Checking existence of `"nav.title" Any`
    t =    18.30s     Checking existence of `"banner.open" Any`
    t =    18.51s     Checking existence of `"nav.today" Any`
    t =    18.72s Tear Down
Test Case '-[FamilienplanerUITests.SmokeTests testLaunchSetupAndMainScreen]' passed (18.938 seconds).
Test Case '-[FamilienplanerUITests.SmokeTests testOnboardingAppearsOnceAndCanBeClosed]' started.
    t =     0.00s Start Test at 2026-10-10 01:05:12.906
    t =     0.02s Set Up
    t =     0.03s     Open de.barg.familienplaner
    t =     0.03s         Launch de.barg.familienplaner
    t =     0.03s             Terminate de.barg.familienplaner:46226
2026-10-10 01:05:14.009 xcodebuild[1574:8279] [MT] IDELaunchParametersSnapshot: The operation couldn’t be completed. (DebuggerLLDB.DebuggerVersionStore.StoreError error 0.)
2026-10-10 01:05:14.010 xcodebuild[1574:8279] [MT] IDELaunchParametersSnapshot: no debugger version
    t =     1.32s             Setting up automation session
    t =     2.94s             Wait for de.barg.familienplaner to idle
    t =     4.75s     Waiting 15.0s for "Einrichten" NavigationBar to exist
    t =     5.78s         Checking `Expect predicate `existsNoRetry == 1` for object "Einrichten" NavigationBar`
    t =     5.78s             Checking existence of `"Einrichten" NavigationBar`
    t =     5.91s     Waiting 5.0s for "setup.household" Any to exist
    t =     6.95s         Checking `Expect predicate `existsNoRetry == 1` for object "setup.household" Any`
    t =     6.95s             Checking existence of `"setup.household" Any`
    t =     7.08s     Tap "setup.household" Any
    t =     7.08s         Wait for de.barg.familienplaner to idle
    t =     7.08s         Find the "setup.household" Any
    t =     7.20s         Check for interrupting elements affecting "setup.household" TextField
    t =     7.27s         Synthesize event
    t =     7.57s         Wait for de.barg.familienplaner to idle
    t =     7.79s     Type 'Testfamilie' into "setup.household" TextField
    t =     7.79s         Wait for de.barg.familienplaner to idle
    t =     8.12s         Find the "setup.household" TextField
    t =     8.46s         Check for interrupting elements affecting "setup.household" TextField
    t =     8.54s         Synthesize event
    t =     8.93s         Wait for de.barg.familienplaner to idle
    t =     8.93s     Waiting 5.0s for "setup.name" Any to exist
    t =     9.96s         Checking `Expect predicate `existsNoRetry == 1` for object "setup.name" Any`
    t =     9.96s             Checking existence of `"setup.name" Any`
    t =    10.23s     Tap "setup.name" Any
    t =    10.23s         Wait for de.barg.familienplaner to idle
    t =    10.24s         Find the "setup.name" Any
    t =    10.49s         Check for interrupting elements affecting "setup.name" TextField
    t =    10.56s         Synthesize event
    t =    10.87s         Wait for de.barg.familienplaner to idle
    t =    10.88s     Type 'Anna' into "setup.name" TextField
    t =    10.88s         Wait for de.barg.familienplaner to idle
    t =    10.89s         Find the "setup.name" TextField
    t =    11.17s         Check for interrupting elements affecting "setup.name" TextField
    t =    11.27s         Synthesize event
    t =    11.54s         Wait for de.barg.familienplaner to idle
    t =    11.54s     Waiting 5.0s for "setup.create" Any to exist
    t =    12.55s         Checking `Expect predicate `existsNoRetry == 1` for object "setup.create" Any`
    t =    12.55s             Checking existence of `"setup.create" Any`
    t =    12.64s     Tap "setup.create" Any
    t =    12.64s         Wait for de.barg.familienplaner to idle
    t =    12.64s         Find the "setup.create" Any
    t =    12.71s         Check for interrupting elements affecting "setup.create" Other
    t =    12.77s         Synthesize event
    t =    13.09s         Wait for de.barg.familienplaner to idle
    t =    14.83s     Waiting 10.0s for "toolbar.family" Any to exist
    t =    15.89s         Checking `Expect predicate `existsNoRetry == 1` for object "toolbar.family" Any`
    t =    15.89s             Checking existence of `"toolbar.family" Any`
    t =    16.26s     Waiting 5.0s for "Erste Schritte" NavigationBar to exist
    t =    17.27s         Checking `Expect predicate `existsNoRetry == 1` for object "Erste Schritte" NavigationBar`
    t =    17.27s             Checking existence of `"Erste Schritte" NavigationBar`
    t =    17.36s     Checking existence of `"onboarding.calendars" Any`
    t =    17.68s     Checking existence of `"onboarding.remindEvents" Switch`
    t =    17.75s     Waiting 5.0s for "onboarding.done" Any to exist
    t =    18.79s         Checking `Expect predicate `existsNoRetry == 1` for object "onboarding.done" Any`
    t =    18.79s             Checking existence of `"onboarding.done" Any`
    t =    18.88s     Tap "onboarding.done" Any
    t =    18.88s         Wait for de.barg.familienplaner to idle
    t =    18.88s         Find the "onboarding.done" Any
    t =    18.96s         Check for interrupting elements affecting "onboarding.done" Other
    t =    19.04s         Synthesize event
    t =    19.34s         Wait for de.barg.familienplaner to idle
    t =    19.96s     Waiting 5.0s for "Erste Schritte" NavigationBar to not exist
    t =    21.00s         Checking `Expect predicate `existsNoRetry == 0` for object "Erste Schritte" NavigationBar`
    t =    21.00s             Checking existence of `"Erste Schritte" NavigationBar`
    t =    21.04s Tear Down
Test Case '-[FamilienplanerUITests.SmokeTests testOnboardingAppearsOnceAndCanBeClosed]' passed (21.259 seconds).
Test Suite 'SmokeTests' failed at 2026-10-10 01:05:34.165.
	 Executed 3 tests, with 1 failure (0 unexpected) in 84.529 (84.531) seconds
Test Suite 'FamilienplanerUITests.xctest' failed at 2026-10-10 01:05:34.166.
	 Executed 19 tests, with 1 test skipped and 2 failures (0 unexpected) in 1070.933 (1070.955) seconds
Test Suite 'All tests' failed at 2026-10-10 01:05:34.166.
	 Executed 19 tests, with 1 test skipped and 2 failures (0 unexpected) in 1070.933 (1070.958) seconds
2026-10-10 01:06:02.510 xcodebuild[1574:8279] [MT] IDETestOperationsObserverDebug: 1296.487 elapsed -- Testing started completed.
2026-10-10 01:06:02.510 xcodebuild[1574:8279] [MT] IDETestOperationsObserverDebug: 0.000 sec, +0.000 sec -- start
2026-10-10 01:06:02.510 xcodebuild[1574:8279] [MT] IDETestOperationsObserverDebug: 1296.487 sec, +1296.487 sec -- end

Test session results, code coverage, and logs:
	/Users/runner/work/familienplaner/familienplaner/TestResults.xcresult

Failing tests:
	EndToEndTests.testAllDayEventShowsInStrip()
	SmokeTests.testAccessibilityAudit()

** TEST FAILED **

Testing started
